[0.007s][info][gc] Using Parallel
[0.008s][info][gc,init] Version: 16.0.1+9 (release)
[0.008s][info][gc,init] CPUs: 8 total, 8 available
[0.008s][info][gc,init] Memory: 32117M
[0.008s][info][gc,init] Large Page Support: Disabled
[0.008s][info][gc,init] NUMA Support: Disabled
[0.008s][info][gc,init] Compressed Oops: Enabled (Zero based)
[0.008s][info][gc,init] Alignments: Space 512K, Generation 512K, Heap 2M
[0.008s][info][gc,init] Heap Min Capacity: 2054M
[0.008s][info][gc,init] Heap Initial Capacity: 2054M
[0.008s][info][gc,init] Heap Max Capacity: 3G
[0.008s][info][gc,init] Pre-touch: Disabled
[0.008s][info][gc,init] Parallel Workers: 4
[0.008s][info][gc,metaspace] CDS disabled.
[0.008s][info][gc,metaspace] Compressed class space mapped at: 0x0000000800000000-0x0000000840000000, reserved size: 1073741824
[0.008s][info][gc,metaspace] Narrow klass base: 0x0000000800000000, Narrow klass shift: 0, Narrow klass range: 0x40000000
[1.106s][info][safepoint   ] Safepoint "Cleanup", Time since last: 1033088547 ns, Reaching safepoint: 149201 ns, At safepoint: 1900 ns, Total: 151101 ns
[1.932s][info][gc,start    ] GC(0) Pause Young (Metadata GC Threshold)
[1.952s][debug][gc,phases   ] GC(0) Scavenge 11.568ms
[1.952s][debug][gc,ref      ] GC(0) Skipped phase 1 of Reference Processing: no references
[1.952s][debug][gc,ref      ] GC(0) Skipped phase 3 of Reference Processing: no references
[1.952s][debug][gc,phases   ] GC(0) Reference Processing 0.220ms
[1.953s][debug][gc,phases   ] GC(0) Weak Processing 0.565ms
[1.953s][debug][gc,age      ] GC(0) Desired survivor size 536870912 bytes, new threshold 7 (max threshold 15)
[1.953s][info ][gc,heap     ] GC(0) PSYoungGen: 167792K(1572864K)->7829K(1572864K) Eden: 167792K(1048576K)->0K(1048576K) From: 0K(524288K)->7829K(524288K)
[1.953s][info ][gc,heap     ] GC(0) ParOldGen: 0K(6144K)->88K(6144K)
[1.953s][info ][gc,metaspace] GC(0) Metaspace: 20979K(21248K)->20979K(21248K) NonClass: 18614K(18752K)->18614K(18752K) Class: 2365K(2496K)->2365K(2496K)
[1.953s][info ][gc          ] GC(0) Pause Young (Metadata GC Threshold) 163M->7M(1542M) 21.154ms
[1.953s][info ][gc,cpu      ] GC(0) User=0.02s Sys=0.00s Real=0.02s
[1.953s][debug][gc,phases   ] GC(1) Pre Compact 0.015ms
[1.953s][info ][gc,start    ] GC(1) Pause Full (Metadata GC Threshold)
[1.953s][info ][gc,phases,start] GC(1) Marking Phase
[1.959s][debug][gc,phases      ] GC(1) Par Mark 6.276ms
[1.959s][debug][gc,ref         ] GC(1) Skipped phase 1 of Reference Processing: no references
[1.959s][debug][gc,ref         ] GC(1) Skipped phase 3 of Reference Processing: no references
[1.959s][debug][gc,phases      ] GC(1) Reference Processing 0.049ms
[1.960s][debug][gc,phases      ] GC(1) Weak Processing 0.134ms
[1.960s][debug][gc,phases      ] GC(1) ClassLoaderData 0.015ms
[1.960s][debug][gc,phases      ] GC(1) Trigger cleanups 0.000ms
[1.962s][debug][gc,phases      ] GC(1) Class Unloading 2.174ms
[1.962s][info ][gc,phases      ] GC(1) Marking Phase 8.727ms
[1.962s][info ][gc,phases,start] GC(1) Summary Phase
[1.962s][info ][gc,phases      ] GC(1) Summary Phase 0.007ms
[1.962s][info ][gc,phases,start] GC(1) Adjust Roots
[1.965s][info ][gc,phases      ] GC(1) Adjust Roots 3.389ms
[1.965s][info ][gc,phases,start] GC(1) Compaction Phase
[1.981s][info ][gc,phases      ] GC(1) Compaction Phase 15.495ms
[1.981s][info ][gc,phases,start] GC(1) Post Compact
[1.981s][info ][gc,phases      ] GC(1) Post Compact 0.494ms
[1.981s][info ][gc,heap        ] GC(1) PSYoungGen: 7829K(1572864K)->2135K(1572864K) Eden: 0K(1048576K)->0K(1048576K) From: 7829K(524288K)->2135K(524288K)
[1.981s][info ][gc,heap        ] GC(1) ParOldGen: 88K(6144K)->5703K(6144K)
[1.981s][info ][gc,metaspace   ] GC(1) Metaspace: 20979K(21248K)->20979K(21248K) NonClass: 18614K(18752K)->18614K(18752K) Class: 2365K(2496K)->2365K(2496K)
[1.981s][info ][gc             ] GC(1) Pause Full (Metadata GC Threshold) 7M->7M(1542M) 28.241ms
[1.981s][info ][gc,cpu         ] GC(1) User=0.04s Sys=0.00s Real=0.03s
[1.981s][info ][safepoint      ] Safepoint "CollectForMetadataAllocation", Time since last: 825951231 ns, Reaching safepoint: 123901 ns, At safepoint: 49539209 ns, Total: 49663110 ns
[2.325s][info ][safepoint      ] Safepoint "ICBufferFull", Time since last: 340068311 ns, Reaching safepoint: 3075326 ns, At safepoint: 8900 ns, Total: 3084226 ns
[2.352s][info ][safepoint      ] Safepoint "ICBufferFull", Time since last: 27177825 ns, Reaching safepoint: 64700 ns, At safepoint: 2400 ns, Total: 67100 ns
[2.373s][info ][safepoint      ] Safepoint "ICBufferFull", Time since last: 20733671 ns, Reaching safepoint: 46501 ns, At safepoint: 3900 ns, Total: 50401 ns
[2.404s][info ][safepoint      ] Safepoint "ICBufferFull", Time since last: 31398859 ns, Reaching safepoint: 65501 ns, At safepoint: 2800 ns, Total: 68301 ns
[2.409s][info ][safepoint      ] Safepoint "ICBufferFull", Time since last: 5295044 ns, Reaching safepoint: 47300 ns, At safepoint: 1800 ns, Total: 49100 ns
[2.422s][info ][safepoint      ] Safepoint "ICBufferFull", Time since last: 10373086 ns, Reaching safepoint: 1842315 ns, At safepoint: 9600 ns, Total: 1851915 ns
[2.427s][info ][safepoint      ] Safepoint "ICBufferFull", Time since last: 5436145 ns, Reaching safepoint: 44501 ns, At safepoint: 7100 ns, Total: 51601 ns
[2.432s][info ][safepoint      ] Safepoint "ICBufferFull", Time since last: 4591538 ns, Reaching safepoint: 45100 ns, At safepoint: 2200 ns, Total: 47300 ns
[2.436s][info ][safepoint      ] Safepoint "ICBufferFull", Time since last: 3945833 ns, Reaching safepoint: 33100 ns, At safepoint: 1500 ns, Total: 34600 ns
[2.444s][info ][safepoint      ] Safepoint "ICBufferFull", Time since last: 8635371 ns, Reaching safepoint: 42801 ns, At safepoint: 2000 ns, Total: 44801 ns
[2.445s][info ][safepoint      ] Safepoint "ICBufferFull", Time since last: 712905 ns, Reaching safepoint: 23601 ns, At safepoint: 1400 ns, Total: 25001 ns
[2.456s][info ][safepoint      ] Safepoint "ICBufferFull", Time since last: 10932090 ns, Reaching safepoint: 93201 ns, At safepoint: 7700 ns, Total: 100901 ns
[2.593s][info ][safepoint      ] Safepoint "ICBufferFull", Time since last: 130103175 ns, Reaching safepoint: 6244852 ns, At safepoint: 21500 ns, Total: 6266352 ns
[2.598s][info ][safepoint      ] Safepoint "ICBufferFull", Time since last: 1786815 ns, Reaching safepoint: 3220527 ns, At safepoint: 7700 ns, Total: 3228227 ns
[2.600s][info ][safepoint      ] Safepoint "ICBufferFull", Time since last: 1936016 ns, Reaching safepoint: 30900 ns, At safepoint: 2100 ns, Total: 33000 ns
[2.604s][info ][safepoint      ] Safepoint "ICBufferFull", Time since last: 4362536 ns, Reaching safepoint: 22900 ns, At safepoint: 3300 ns, Total: 26200 ns
[2.608s][info ][safepoint      ] Safepoint "ICBufferFull", Time since last: 3643430 ns, Reaching safepoint: 46701 ns, At safepoint: 13500 ns, Total: 60201 ns
[2.618s][info ][safepoint      ] Safepoint "ICBufferFull", Time since last: 10557687 ns, Reaching safepoint: 39600 ns, At safepoint: 9000 ns, Total: 48600 ns
[2.620s][info ][safepoint      ] Safepoint "ICBufferFull", Time since last: 1940116 ns, Reaching safepoint: 135902 ns, At safepoint: 8800 ns, Total: 144702 ns
[2.622s][info ][safepoint      ] Safepoint "ICBufferFull", Time since last: 1304910 ns, Reaching safepoint: 105801 ns, At safepoint: 10600 ns, Total: 116401 ns
[2.624s][info ][safepoint      ] Safepoint "ICBufferFull", Time since last: 1723315 ns, Reaching safepoint: 130501 ns, At safepoint: 4200 ns, Total: 134701 ns
[2.628s][info ][safepoint      ] Safepoint "ICBufferFull", Time since last: 1238710 ns, Reaching safepoint: 3287827 ns, At safepoint: 7200 ns, Total: 3295027 ns
[2.641s][info ][safepoint      ] Safepoint "ICBufferFull", Time since last: 12439003 ns, Reaching safepoint: 53901 ns, At safepoint: 3000 ns, Total: 56901 ns
[2.643s][info ][safepoint      ] Safepoint "ICBufferFull", Time since last: 1875915 ns, Reaching safepoint: 32200 ns, At safepoint: 1500 ns, Total: 33700 ns
[2.644s][info ][safepoint      ] Safepoint "ICBufferFull", Time since last: 1027209 ns, Reaching safepoint: 25000 ns, At safepoint: 1400 ns, Total: 26400 ns
[2.645s][info ][safepoint      ] Safepoint "ICBufferFull", Time since last: 1719714 ns, Reaching safepoint: 19600 ns, At safepoint: 1300 ns, Total: 20900 ns
[2.648s][info ][safepoint      ] Safepoint "ICBufferFull", Time since last: 2674123 ns, Reaching safepoint: 46400 ns, At safepoint: 2500 ns, Total: 48900 ns
[2.657s][info ][safepoint      ] Safepoint "ICBufferFull", Time since last: 8943074 ns, Reaching safepoint: 71500 ns, At safepoint: 3800 ns, Total: 75300 ns
[2.669s][info ][safepoint      ] Safepoint "ICBufferFull", Time since last: 11491295 ns, Reaching safepoint: 68501 ns, At safepoint: 6600 ns, Total: 75101 ns
[2.713s][info ][safepoint      ] Safepoint "ICBufferFull", Time since last: 43902763 ns, Reaching safepoint: 63500 ns, At safepoint: 2201 ns, Total: 65701 ns
[2.715s][info ][safepoint      ] Safepoint "ICBufferFull", Time since last: 1817315 ns, Reaching safepoint: 121001 ns, At safepoint: 3100 ns, Total: 124101 ns
[2.797s][info ][safepoint      ] Safepoint "ICBufferFull", Time since last: 81188171 ns, Reaching safepoint: 789306 ns, At safepoint: 3300 ns, Total: 792606 ns
[2.805s][info ][safepoint      ] Safepoint "ICBufferFull", Time since last: 8026667 ns, Reaching safepoint: 56900 ns, At safepoint: 2400 ns, Total: 59300 ns
[2.807s][info ][safepoint      ] Safepoint "ICBufferFull", Time since last: 2248419 ns, Reaching safepoint: 33900 ns, At safepoint: 11000 ns, Total: 44900 ns
[2.879s][info ][safepoint      ] Safepoint "ICBufferFull", Time since last: 72012695 ns, Reaching safepoint: 43901 ns, At safepoint: 2300 ns, Total: 46201 ns
[2.884s][info ][safepoint      ] Safepoint "ICBufferFull", Time since last: 5179542 ns, Reaching safepoint: 43901 ns, At safepoint: 2200 ns, Total: 46101 ns
[2.887s][info ][safepoint      ] Safepoint "ICBufferFull", Time since last: 3102225 ns, Reaching safepoint: 48301 ns, At safepoint: 2500 ns, Total: 50801 ns
[2.890s][info ][safepoint      ] Safepoint "ICBufferFull", Time since last: 2655722 ns, Reaching safepoint: 44100 ns, At safepoint: 2600 ns, Total: 46700 ns
[2.893s][info ][safepoint      ] Safepoint "ICBufferFull", Time since last: 3235627 ns, Reaching safepoint: 46100 ns, At safepoint: 2500 ns, Total: 48600 ns
[2.896s][info ][safepoint      ] Safepoint "ICBufferFull", Time since last: 2267619 ns, Reaching safepoint: 31600 ns, At safepoint: 2000 ns, Total: 33600 ns
[2.899s][info ][safepoint      ] Safepoint "ICBufferFull", Time since last: 2894224 ns, Reaching safepoint: 36101 ns, At safepoint: 2300 ns, Total: 38401 ns
[2.899s][info ][safepoint      ] Safepoint "ICBufferFull", Time since last: 739506 ns, Reaching safepoint: 30600 ns, At safepoint: 2800 ns, Total: 33400 ns
[2.901s][info ][safepoint      ] Safepoint "ICBufferFull", Time since last: 1289711 ns, Reaching safepoint: 22100 ns, At safepoint: 1400 ns, Total: 23500 ns
[2.901s][info ][safepoint      ] Safepoint "ICBufferFull", Time since last: 696506 ns, Reaching safepoint: 20700 ns, At safepoint: 1100 ns, Total: 21800 ns
[2.905s][info ][safepoint      ] Safepoint "ICBufferFull", Time since last: 3404028 ns, Reaching safepoint: 30100 ns, At safepoint: 2100 ns, Total: 32200 ns
[2.906s][info ][safepoint      ] Safepoint "ICBufferFull", Time since last: 934308 ns, Reaching safepoint: 23800 ns, At safepoint: 1100 ns, Total: 24900 ns
[2.907s][info ][safepoint      ] Safepoint "ICBufferFull", Time since last: 908808 ns, Reaching safepoint: 14500 ns, At safepoint: 1300 ns, Total: 15800 ns
[2.908s][info ][safepoint      ] Safepoint "ICBufferFull", Time since last: 907807 ns, Reaching safepoint: 14300 ns, At safepoint: 1000 ns, Total: 15300 ns
[2.913s][info ][safepoint      ] Safepoint "ICBufferFull", Time since last: 4930241 ns, Reaching safepoint: 394103 ns, At safepoint: 2900 ns, Total: 397003 ns
[2.919s][info ][safepoint      ] Safepoint "ICBufferFull", Time since last: 6298653 ns, Reaching safepoint: 117101 ns, At safepoint: 2700 ns, Total: 119801 ns
[2.927s][info ][safepoint      ] Safepoint "ICBufferFull", Time since last: 7617263 ns, Reaching safepoint: 38900 ns, At safepoint: 2300 ns, Total: 41200 ns
[2.928s][info ][safepoint      ] Safepoint "ICBufferFull", Time since last: 1410712 ns, Reaching safepoint: 25100 ns, At safepoint: 2000 ns, Total: 27100 ns
[2.932s][info ][safepoint      ] Safepoint "ICBufferFull", Time since last: 3468528 ns, Reaching safepoint: 54901 ns, At safepoint: 2700 ns, Total: 57601 ns
[2.935s][info ][safepoint      ] Safepoint "ICBufferFull", Time since last: 3152526 ns, Reaching safepoint: 48400 ns, At safepoint: 2900 ns, Total: 51300 ns
[2.953s][info ][safepoint      ] Safepoint "ICBufferFull", Time since last: 17836048 ns, Reaching safepoint: 63100 ns, At safepoint: 2400 ns, Total: 65500 ns
[2.955s][info ][safepoint      ] Safepoint "ICBufferFull", Time since last: 2030417 ns, Reaching safepoint: 29600 ns, At safepoint: 2300 ns, Total: 31900 ns
[2.965s][info ][safepoint      ] Safepoint "ICBufferFull", Time since last: 9841482 ns, Reaching safepoint: 159001 ns, At safepoint: 6800 ns, Total: 165801 ns
[2.970s][info ][safepoint      ] Safepoint "ICBufferFull", Time since last: 2948724 ns, Reaching safepoint: 2175918 ns, At safepoint: 8701 ns, Total: 2184619 ns
[2.975s][info ][safepoint      ] Safepoint "ICBufferFull", Time since last: 4391536 ns, Reaching safepoint: 40300 ns, At safepoint: 2500 ns, Total: 42800 ns
[2.979s][info ][safepoint      ] Safepoint "ICBufferFull", Time since last: 4125634 ns, Reaching safepoint: 34901 ns, At safepoint: 1900 ns, Total: 36801 ns
[2.982s][info ][safepoint      ] Safepoint "ICBufferFull", Time since last: 3121225 ns, Reaching safepoint: 32401 ns, At safepoint: 2200 ns, Total: 34601 ns
[2.985s][info ][safepoint      ] Safepoint "ICBufferFull", Time since last: 3236026 ns, Reaching safepoint: 34601 ns, At safepoint: 2000 ns, Total: 36601 ns
[2.991s][info ][safepoint      ] Safepoint "ICBufferFull", Time since last: 5686947 ns, Reaching safepoint: 73800 ns, At safepoint: 2300 ns, Total: 76100 ns
[2.996s][info ][safepoint      ] Safepoint "ICBufferFull", Time since last: 5239244 ns, Reaching safepoint: 80500 ns, At safepoint: 2600 ns, Total: 83100 ns
[3.000s][info ][safepoint      ] Safepoint "ICBufferFull", Time since last: 4011134 ns, Reaching safepoint: 37600 ns, At safepoint: 2400 ns, Total: 40000 ns
[3.004s][info ][safepoint      ] Safepoint "ICBufferFull", Time since last: 3317727 ns, Reaching safepoint: 37001 ns, At safepoint: 1800 ns, Total: 38801 ns
[3.008s][info ][safepoint      ] Safepoint "ICBufferFull", Time since last: 3688230 ns, Reaching safepoint: 35300 ns, At safepoint: 1900 ns, Total: 37200 ns
[3.010s][info ][safepoint      ] Safepoint "ICBufferFull", Time since last: 2483421 ns, Reaching safepoint: 35600 ns, At safepoint: 1800 ns, Total: 37400 ns
[3.017s][info ][safepoint      ] Safepoint "ICBufferFull", Time since last: 7213760 ns, Reaching safepoint: 50400 ns, At safepoint: 2200 ns, Total: 52600 ns
[3.023s][info ][safepoint      ] Safepoint "ICBufferFull", Time since last: 5953049 ns, Reaching safepoint: 43801 ns, At safepoint: 1900 ns, Total: 45701 ns
[3.024s][info ][safepoint      ] Safepoint "ICBufferFull", Time since last: 724806 ns, Reaching safepoint: 22600 ns, At safepoint: 1300 ns, Total: 23900 ns
[3.046s][info ][safepoint      ] Safepoint "ICBufferFull", Time since last: 22219384 ns, Reaching safepoint: 91400 ns, At safepoint: 2800 ns, Total: 94200 ns
[3.048s][info ][safepoint      ] Safepoint "ICBufferFull", Time since last: 1775515 ns, Reaching safepoint: 39000 ns, At safepoint: 1600 ns, Total: 40600 ns
[3.051s][info ][safepoint      ] Safepoint "ICBufferFull", Time since last: 2383620 ns, Reaching safepoint: 30000 ns, At safepoint: 1400 ns, Total: 31400 ns
[3.053s][info ][safepoint      ] Safepoint "ICBufferFull", Time since last: 2766423 ns, Reaching safepoint: 33801 ns, At safepoint: 1800 ns, Total: 35601 ns
[3.063s][info ][safepoint      ] Safepoint "ICBufferFull", Time since last: 9539578 ns, Reaching safepoint: 51301 ns, At safepoint: 2300 ns, Total: 53601 ns
[3.064s][info ][safepoint      ] Safepoint "ICBufferFull", Time since last: 707106 ns, Reaching safepoint: 21500 ns, At safepoint: 1100 ns, Total: 22600 ns
[3.068s][info ][safepoint      ] Safepoint "ICBufferFull", Time since last: 4433536 ns, Reaching safepoint: 31301 ns, At safepoint: 2000 ns, Total: 33301 ns
[3.079s][info ][safepoint      ] Safepoint "ICBufferFull", Time since last: 10791789 ns, Reaching safepoint: 50700 ns, At safepoint: 5000 ns, Total: 55700 ns
[3.086s][info ][safepoint      ] Safepoint "ICBufferFull", Time since last: 1263311 ns, Reaching safepoint: 5319444 ns, At safepoint: 12300 ns, Total: 5331744 ns
[3.092s][info ][safepoint      ] Safepoint "ICBufferFull", Time since last: 6446053 ns, Reaching safepoint: 46400 ns, At safepoint: 2101 ns, Total: 48501 ns
[3.094s][info ][safepoint      ] Safepoint "ICBufferFull", Time since last: 1398611 ns, Reaching safepoint: 27100 ns, At safepoint: 1700 ns, Total: 28800 ns
[3.095s][info ][safepoint      ] Safepoint "ICBufferFull", Time since last: 1267211 ns, Reaching safepoint: 28100 ns, At safepoint: 1400 ns, Total: 29500 ns
[3.100s][info ][safepoint      ] Safepoint "ICBufferFull", Time since last: 4764339 ns, Reaching safepoint: 41501 ns, At safepoint: 2000 ns, Total: 43501 ns
[3.455s][info ][safepoint      ] Safepoint "ICBufferFull", Time since last: 354690330 ns, Reaching safepoint: 176402 ns, At safepoint: 4800 ns, Total: 181202 ns
[3.757s][info ][safepoint      ] Safepoint "ICBufferFull", Time since last: 302526099 ns, Reaching safepoint: 220102 ns, At safepoint: 3900 ns, Total: 224002 ns
[4.292s][info ][safepoint      ] Safepoint "ICBufferFull", Time since last: 534369415 ns, Reaching safepoint: 203701 ns, At safepoint: 3500 ns, Total: 207201 ns
[4.662s][info ][gc,start       ] GC(2) Pause Young (Metadata GC Threshold)
[4.785s][debug][gc,phases      ] GC(2) Scavenge 122.677ms
[4.785s][debug][gc,ref         ] GC(2) Skipped phase 1 of Reference Processing: no references
[4.785s][debug][gc,ref         ] GC(2) Skipped phase 3 of Reference Processing: no references
[4.785s][debug][gc,phases      ] GC(2) Reference Processing 0.325ms
[4.787s][debug][gc,phases      ] GC(2) Weak Processing 1.552ms
[4.787s][debug][gc,age         ] GC(2) Desired survivor size 536870912 bytes, new threshold 7 (max threshold 15)
[4.787s][info ][gc,heap        ] GC(2) PSYoungGen: 470787K(1572864K)->53981K(1572864K) Eden: 468652K(1048576K)->0K(1048576K) From: 2135K(524288K)->53981K(524288K)
[4.787s][info ][gc,heap        ] GC(2) ParOldGen: 5703K(6144K)->5711K(6144K)
[4.787s][info ][gc,metaspace   ] GC(2) Metaspace: 35148K(35456K)->35148K(35456K) NonClass: 30730K(30912K)->30730K(30912K) Class: 4417K(4544K)->4417K(4544K)
[4.787s][info ][gc             ] GC(2) Pause Young (Metadata GC Threshold) 465M->58M(1542M) 124.692ms
[4.787s][info ][gc,cpu         ] GC(2) User=0.20s Sys=0.02s Real=0.13s
[4.787s][debug][gc,phases      ] GC(3) Pre Compact 0.013ms
[4.787s][info ][gc,start       ] GC(3) Pause Full (Metadata GC Threshold)
[4.787s][info ][gc,phases,start] GC(3) Marking Phase
[4.849s][debug][gc,phases      ] GC(3) Par Mark 61.978ms
[4.849s][debug][gc,ref         ] GC(3) Skipped phase 1 of Reference Processing: no references
[4.849s][debug][gc,ref         ] GC(3) Skipped phase 3 of Reference Processing: no references
[4.849s][debug][gc,phases      ] GC(3) Reference Processing 0.259ms
[4.850s][debug][gc,phases      ] GC(3) Weak Processing 0.609ms
[4.850s][debug][gc,phases      ] GC(3) ClassLoaderData 0.038ms
[4.850s][debug][gc,phases      ] GC(3) Trigger cleanups 0.000ms
[4.856s][debug][gc,phases      ] GC(3) Class Unloading 6.352ms
[4.856s][info ][gc,phases      ] GC(3) Marking Phase 69.332ms
[4.856s][info ][gc,phases,start] GC(3) Summary Phase
[4.856s][info ][gc,phases      ] GC(3) Summary Phase 0.009ms
[4.856s][info ][gc,phases,start] GC(3) Adjust Roots
[4.876s][info ][gc,phases      ] GC(3) Adjust Roots 19.749ms
[4.876s][info ][gc,phases,start] GC(3) Compaction Phase
[5.397s][info ][gc,phases      ] GC(3) Compaction Phase 520.883ms
[5.397s][info ][gc,phases,start] GC(3) Post Compact
[5.397s][info ][gc,phases      ] GC(3) Post Compact 0.712ms
[5.397s][info ][gc,heap        ] GC(3) PSYoungGen: 53981K(1572864K)->53302K(1572864K) Eden: 0K(1048576K)->0K(1048576K) From: 53981K(524288K)->53302K(524288K)
[5.397s][info ][gc,heap        ] GC(3) ParOldGen: 5711K(6144K)->6116K(6144K)
[5.397s][info ][gc,metaspace   ] GC(3) Metaspace: 35148K(35456K)->35148K(35456K) NonClass: 30730K(30912K)->30730K(30912K) Class: 4417K(4544K)->4417K(4544K)
[5.397s][info ][gc             ] GC(3) Pause Full (Metadata GC Threshold) 58M->58M(1542M) 610.834ms
[5.397s][info ][gc,cpu         ] GC(3) User=0.86s Sys=0.02s Real=0.61s
[5.398s][info ][safepoint      ] Safepoint "CollectForMetadataAllocation", Time since last: 369813755 ns, Reaching safepoint: 174901 ns, At safepoint: 735681875 ns, Total: 735856776 ns
[5.833s][info ][safepoint      ] Safepoint "ICBufferFull", Time since last: 426981524 ns, Reaching safepoint: 8188068 ns, At safepoint: 17800 ns, Total: 8205868 ns
[6.061s][info ][safepoint      ] Safepoint "ICBufferFull", Time since last: 223824448 ns, Reaching safepoint: 4103234 ns, At safepoint: 28400 ns, Total: 4131634 ns
[6.073s][info ][safepoint      ] Safepoint "ICBufferFull", Time since last: 79301 ns, Reaching safepoint: 11805397 ns, At safepoint: 27800 ns, Total: 11833197 ns
[6.085s][info ][safepoint      ] Safepoint "ICBufferFull", Time since last: 7931566 ns, Reaching safepoint: 4016533 ns, At safepoint: 10800 ns, Total: 4027333 ns
[6.113s][info ][safepoint      ] Safepoint "ICBufferFull", Time since last: 22741688 ns, Reaching safepoint: 5390144 ns, At safepoint: 24400 ns, Total: 5414544 ns
[6.117s][info ][safepoint      ] Safepoint "ICBufferFull", Time since last: 62901 ns, Reaching safepoint: 3764631 ns, At safepoint: 16300 ns, Total: 3780931 ns
[6.145s][info ][safepoint      ] Safepoint "ICBufferFull", Time since last: 20174966 ns, Reaching safepoint: 7889866 ns, At safepoint: 36000 ns, Total: 7925866 ns
[6.149s][info ][safepoint      ] Safepoint "ICBufferFull", Time since last: 4012033 ns, Reaching safepoint: 133701 ns, At safepoint: 14400 ns, Total: 148101 ns
[6.177s][info ][safepoint      ] Safepoint "ICBufferFull", Time since last: 20370968 ns, Reaching safepoint: 7500662 ns, At safepoint: 26800 ns, Total: 7527462 ns
[6.859s][info ][safepoint      ] Safepoint "ICBufferFull", Time since last: 679852710 ns, Reaching safepoint: 2382320 ns, At safepoint: 7300 ns, Total: 2389620 ns
[6.878s][info ][safepoint      ] Safepoint "ICBufferFull", Time since last: 5362044 ns, Reaching safepoint: 13313410 ns, At safepoint: 25500 ns, Total: 13338910 ns
[6.897s][info ][safepoint      ] Safepoint "ICBufferFull", Time since last: 7591063 ns, Reaching safepoint: 11313693 ns, At safepoint: 25901 ns, Total: 11339594 ns
[6.929s][info ][safepoint      ] Safepoint "ICBufferFull", Time since last: 15949031 ns, Reaching safepoint: 16024633 ns, At safepoint: 22400 ns, Total: 16047033 ns
[6.937s][info ][safepoint      ] Safepoint "ICBufferFull", Time since last: 70700 ns, Reaching safepoint: 7893665 ns, At safepoint: 24201 ns, Total: 7917866 ns
[6.945s][info ][safepoint      ] Safepoint "ICBufferFull", Time since last: 7998366 ns, Reaching safepoint: 114201 ns, At safepoint: 8900 ns, Total: 123101 ns
[6.959s][info ][safepoint      ] Safepoint "ICBufferFull", Time since last: 6089250 ns, Reaching safepoint: 7899565 ns, At safepoint: 32000 ns, Total: 7931565 ns
[7.841s][info ][safepoint      ] Safepoint "ICBufferFull", Time since last: 871183286 ns, Reaching safepoint: 10623488 ns, At safepoint: 40200 ns, Total: 10663688 ns
[8.191s][info ][safepoint      ] Safepoint "ICBufferFull", Time since last: 350116888 ns, Reaching safepoint: 228501 ns, At safepoint: 14601 ns, Total: 243102 ns
[8.202s][info ][safepoint      ] Safepoint "ICBufferFull", Time since last: 6857456 ns, Reaching safepoint: 3715131 ns, At safepoint: 110301 ns, Total: 3825432 ns
[8.233s][info ][safepoint      ] Safepoint "ICBufferFull", Time since last: 23946197 ns, Reaching safepoint: 7488362 ns, At safepoint: 25900 ns, Total: 7514262 ns
[8.253s][info ][safepoint      ] Safepoint "ICBufferFull", Time since last: 16169233 ns, Reaching safepoint: 3400228 ns, At safepoint: 61501 ns, Total: 3461729 ns
[8.285s][info ][safepoint      ] Safepoint "ICBufferFull", Time since last: 24333501 ns, Reaching safepoint: 7577462 ns, At safepoint: 29600 ns, Total: 7607062 ns
[8.293s][info ][safepoint      ] Safepoint "ICBufferFull", Time since last: 294303 ns, Reaching safepoint: 7789664 ns, At safepoint: 60900 ns, Total: 7850564 ns
[8.297s][info ][safepoint      ] Safepoint "ICBufferFull", Time since last: 1980517 ns, Reaching safepoint: 2215718 ns, At safepoint: 22100 ns, Total: 2237818 ns
[8.301s][info ][safepoint      ] Safepoint "ICBufferFull", Time since last: 1728914 ns, Reaching safepoint: 2122518 ns, At safepoint: 22700 ns, Total: 2145218 ns
[8.305s][info ][safepoint      ] Safepoint "ICBufferFull", Time since last: 1754315 ns, Reaching safepoint: 2276218 ns, At safepoint: 25901 ns, Total: 2302119 ns
[8.315s][info ][safepoint      ] Safepoint "ICBufferFull", Time since last: 9927481 ns, Reaching safepoint: 186002 ns, At safepoint: 15000 ns, Total: 201002 ns
[8.329s][info ][safepoint      ] Safepoint "ICBufferFull", Time since last: 5505145 ns, Reaching safepoint: 8045067 ns, At safepoint: 65100 ns, Total: 8110167 ns
[8.365s][info ][safepoint      ] Safepoint "ICBufferFull", Time since last: 36206599 ns, Reaching safepoint: 182801 ns, At safepoint: 14300 ns, Total: 197101 ns
[8.375s][info ][safepoint      ] Safepoint "ICBufferFull", Time since last: 2655722 ns, Reaching safepoint: 7426462 ns, At safepoint: 31000 ns, Total: 7457462 ns
[8.474s][info ][safepoint      ] Safepoint "ICBufferFull", Time since last: 90953450 ns, Reaching safepoint: 7554962 ns, At safepoint: 29200 ns, Total: 7584162 ns
[8.908s][info ][safepoint      ] Safepoint "ICBufferFull", Time since last: 421577676 ns, Reaching safepoint: 12388302 ns, At safepoint: 25500 ns, Total: 12413802 ns
[8.933s][info ][safepoint      ] Safepoint "ICBufferFull", Time since last: 21375277 ns, Reaching safepoint: 3733230 ns, At safepoint: 17901 ns, Total: 3751131 ns
[8.961s][debug][gc,phases      ] GC(4) Pre Compact 0.036ms
[8.961s][info ][gc,start       ] GC(4) Pause Full (Ergonomics)
[8.961s][info ][gc,phases,start] GC(4) Marking Phase
[9.177s][debug][gc,phases      ] GC(4) Par Mark 215.285ms
[9.177s][debug][gc,ref         ] GC(4) Skipped phase 1 of Reference Processing: no references
[9.177s][debug][gc,ref         ] GC(4) Skipped phase 3 of Reference Processing: no references
[9.177s][debug][gc,phases      ] GC(4) Reference Processing 0.339ms
[9.178s][debug][gc,phases      ] GC(4) Weak Processing 0.578ms
[9.178s][debug][gc,phases      ] GC(4) ClassLoaderData 0.040ms
[9.178s][debug][gc,phases      ] GC(4) Trigger cleanups 0.000ms
[9.185s][debug][gc,phases      ] GC(4) Class Unloading 7.174ms
[9.185s][info ][gc,phases      ] GC(4) Marking Phase 223.489ms
[9.185s][info ][gc,phases,start] GC(4) Summary Phase
[9.185s][info ][gc,phases      ] GC(4) Summary Phase 0.036ms
[9.185s][info ][gc,phases,start] GC(4) Adjust Roots
[9.202s][info ][gc,phases      ] GC(4) Adjust Roots 17.144ms
[9.202s][info ][gc,phases,start] GC(4) Compaction Phase
[9.560s][info ][gc,phases      ] GC(4) Compaction Phase 358.452ms
[9.560s][info ][gc,phases,start] GC(4) Post Compact
[9.565s][info ][gc,phases      ] GC(4) Post Compact 4.385ms
[9.565s][info ][gc,heap        ] GC(4) PSYoungGen: 1101878K(1572864K)->142197K(1572864K) Eden: 1048576K(1048576K)->142197K(1048576K) From: 53302K(524288K)->0K(524288K)
[9.565s][info ][gc,heap        ] GC(4) ParOldGen: 6116K(6144K)->6139K(18432K)
[9.565s][info ][gc,metaspace   ] GC(4) Metaspace: 47232K(47680K)->47232K(47680K) NonClass: 40386K(40640K)->40386K(40640K) Class: 6845K(7040K)->6845K(7040K)
[9.565s][info ][gc             ] GC(4) Pause Full (Ergonomics) 1082M->144M(1554M) 603.735ms
[9.565s][info ][gc,cpu         ] GC(4) User=1.51s Sys=0.02s Real=0.61s
[9.586s][info ][safepoint      ] Safepoint "ParallelGCFailedAllocation", Time since last: 14283317 ns, Reaching safepoint: 14033816 ns, At safepoint: 625049451 ns, Total: 639083267 ns
[9.633s][info ][safepoint      ] Safepoint "ICBufferFull", Time since last: 22352885 ns, Reaching safepoint: 24399001 ns, At safepoint: 21600 ns, Total: 24420601 ns
[9.653s][info ][safepoint      ] Safepoint "ICBufferFull", Time since last: 11765397 ns, Reaching safepoint: 8467770 ns, At safepoint: 17100 ns, Total: 8484870 ns
[9.658s][info ][safepoint      ] Safepoint "ICBufferFull", Time since last: 95501 ns, Reaching safepoint: 4264335 ns, At safepoint: 18600 ns, Total: 4282935 ns
[9.666s][info ][safepoint      ] Safepoint "ICBufferFull", Time since last: 8145267 ns, Reaching safepoint: 118801 ns, At safepoint: 10100 ns, Total: 128901 ns
[9.675s][info ][safepoint      ] Safepoint "ICBufferFull", Time since last: 8294468 ns, Reaching safepoint: 353003 ns, At safepoint: 15900 ns, Total: 368903 ns
[9.713s][info ][safepoint      ] Safepoint "ICBufferFull", Time since last: 35916896 ns, Reaching safepoint: 2805924 ns, At safepoint: 18500 ns, Total: 2824424 ns
[9.745s][info ][safepoint      ] Safepoint "ICBufferFull", Time since last: 20915672 ns, Reaching safepoint: 10365386 ns, At safepoint: 23900 ns, Total: 10389286 ns
[9.773s][info ][safepoint      ] Safepoint "ICBufferFull", Time since last: 17714246 ns, Reaching safepoint: 10807889 ns, At safepoint: 29600 ns, Total: 10837489 ns
[9.801s][info ][safepoint      ] Safepoint "ICBufferFull", Time since last: 18292551 ns, Reaching safepoint: 9068675 ns, At safepoint: 27200 ns, Total: 9095875 ns
[9.835s][info ][safepoint      ] Safepoint "ICBufferFull", Time since last: 22265283 ns, Reaching safepoint: 12053600 ns, At safepoint: 32100 ns, Total: 12085700 ns
[9.905s][info ][safepoint      ] Safepoint "ICBufferFull", Time since last: 61553207 ns, Reaching safepoint: 8138467 ns, At safepoint: 26600 ns, Total: 8165067 ns
[9.954s][info ][safepoint      ] Safepoint "ICBufferFull", Time since last: 38699319 ns, Reaching safepoint: 10353186 ns, At safepoint: 22200 ns, Total: 10375386 ns
[10.009s][info ][safepoint      ] Safepoint "ICBufferFull", Time since last: 47256689 ns, Reaching safepoint: 7717664 ns, At safepoint: 24200 ns, Total: 7741864 ns
[10.025s][info ][safepoint      ] Safepoint "ICBufferFull", Time since last: 11858298 ns, Reaching safepoint: 4296435 ns, At safepoint: 17500 ns, Total: 4313935 ns
[10.113s][info ][safepoint      ] Safepoint "ICBufferFull", Time since last: 85686806 ns, Reaching safepoint: 2254019 ns, At safepoint: 19500 ns, Total: 2273519 ns
[10.117s][info ][safepoint      ] Safepoint "ICBufferFull", Time since last: 63601 ns, Reaching safepoint: 3988832 ns, At safepoint: 24001 ns, Total: 4012833 ns
[10.169s][info ][safepoint      ] Safepoint "ICBufferFull", Time since last: 35632993 ns, Reaching safepoint: 16071332 ns, At safepoint: 27001 ns, Total: 16098333 ns
[10.176s][info ][gc,start       ] GC(5) Pause Young (Allocation Failure)
[10.440s][debug][gc,phases      ] GC(5) Scavenge 263.865ms
[10.440s][debug][gc,ref         ] GC(5) Skipped phase 1 of Reference Processing: no references
[10.440s][debug][gc,ref         ] GC(5) Skipped phase 3 of Reference Processing: no references
[10.440s][debug][gc,phases      ] GC(5) Reference Processing 0.428ms
[10.442s][debug][gc,phases      ] GC(5) Weak Processing 2.096ms
[10.442s][debug][gc,age         ] GC(5) Desired survivor size 536870912 bytes, new threshold 7 (max threshold 15)
[10.442s][info ][gc,heap        ] GC(5) PSYoungGen: 1048576K(1572864K)->144688K(1572864K) Eden: 1048576K(1048576K)->0K(1048576K) From: 0K(524288K)->144688K(524288K)
[10.443s][info ][gc,heap        ] GC(5) ParOldGen: 6139K(18432K)->6147K(18432K)
[10.443s][info ][gc,metaspace   ] GC(5) Metaspace: 47336K(47808K)->47336K(47808K) NonClass: 40468K(40704K)->40468K(40704K) Class: 6867K(7104K)->6867K(7104K)
[10.443s][info ][gc             ] GC(5) Pause Young (Allocation Failure) 1029M->147M(1554M) 266.527ms
[10.443s][info ][gc,cpu         ] GC(5) User=0.35s Sys=0.07s Real=0.27s
[10.443s][info ][safepoint      ] Safepoint "ParallelGCFailedAllocation", Time since last: 4952241 ns, Reaching safepoint: 2406019 ns, At safepoint: 266643397 ns, Total: 269049416 ns
[10.465s][info ][safepoint      ] Safepoint "ICBufferFull", Time since last: 9575679 ns, Reaching safepoint: 12615004 ns, At safepoint: 26300 ns, Total: 12641304 ns
[10.477s][info ][safepoint      ] Safepoint "ICBufferFull", Time since last: 8319668 ns, Reaching safepoint: 4307436 ns, At safepoint: 32200 ns, Total: 4339636 ns
[10.512s][info ][safepoint      ] Safepoint "ICBufferFull", Time since last: 20705671 ns, Reaching safepoint: 13945015 ns, At safepoint: 108401 ns, Total: 14053416 ns
[10.550s][info ][safepoint      ] Safepoint "ICBufferFull", Time since last: 33991580 ns, Reaching safepoint: 3480628 ns, At safepoint: 26700 ns, Total: 3507328 ns
[10.581s][info ][safepoint      ] Safepoint "ICBufferFull", Time since last: 20360768 ns, Reaching safepoint: 10403086 ns, At safepoint: 41300 ns, Total: 10444386 ns
[10.609s][info ][safepoint      ] Safepoint "ICBufferFull", Time since last: 16833639 ns, Reaching safepoint: 11180492 ns, At safepoint: 26400 ns, Total: 11206892 ns
[10.637s][info ][safepoint      ] Safepoint "ICBufferFull", Time since last: 15137925 ns, Reaching safepoint: 12782505 ns, At safepoint: 45501 ns, Total: 12828006 ns
[10.665s][info ][safepoint      ] Safepoint "ICBufferFull", Time since last: 17663545 ns, Reaching safepoint: 10280385 ns, At safepoint: 34600 ns, Total: 10314985 ns
[10.701s][info ][safepoint      ] Safepoint "ICBufferFull", Time since last: 25819213 ns, Reaching safepoint: 10151983 ns, At safepoint: 38501 ns, Total: 10190484 ns
[10.741s][info ][safepoint      ] Safepoint "ICBufferFull", Time since last: 31973263 ns, Reaching safepoint: 7980866 ns, At safepoint: 32100 ns, Total: 8012966 ns
[10.757s][info ][safepoint      ] Safepoint "ICBufferFull", Time since last: 5406345 ns, Reaching safepoint: 10562587 ns, At safepoint: 27100 ns, Total: 10589687 ns
[10.793s][info ][safepoint      ] Safepoint "ICBufferFull", Time since last: 19995365 ns, Reaching safepoint: 16020932 ns, At safepoint: 29100 ns, Total: 16050032 ns
[10.817s][info ][safepoint      ] Safepoint "ICBufferFull", Time since last: 19111457 ns, Reaching safepoint: 4880940 ns, At safepoint: 23601 ns, Total: 4904541 ns
[10.853s][info ][safepoint      ] Safepoint "ICBufferFull", Time since last: 19933864 ns, Reaching safepoint: 15983331 ns, At safepoint: 34101 ns, Total: 16017432 ns
[10.881s][info ][safepoint      ] Safepoint "ICBufferFull", Time since last: 20235366 ns, Reaching safepoint: 7729464 ns, At safepoint: 32000 ns, Total: 7761464 ns
[10.905s][info ][safepoint      ] Safepoint "ICBufferFull", Time since last: 17304743 ns, Reaching safepoint: 6710155 ns, At safepoint: 34001 ns, Total: 6744156 ns
[10.961s][info ][safepoint      ] Safepoint "ICBufferFull", Time since last: 39950229 ns, Reaching safepoint: 15960631 ns, At safepoint: 27900 ns, Total: 15988531 ns
[10.989s][info ][safepoint      ] Safepoint "ICBufferFull", Time since last: 11688297 ns, Reaching safepoint: 16298434 ns, At safepoint: 33700 ns, Total: 16332134 ns
[11.017s][info ][safepoint      ] Safepoint "ICBufferFull", Time since last: 23977098 ns, Reaching safepoint: 4027333 ns, At safepoint: 17000 ns, Total: 4044333 ns
[11.049s][info ][safepoint      ] Safepoint "ICBufferFull", Time since last: 19961464 ns, Reaching safepoint: 12736205 ns, At safepoint: 24100 ns, Total: 12760305 ns
[11.093s][info ][safepoint      ] Safepoint "ICBufferFull", Time since last: 28454835 ns, Reaching safepoint: 14854222 ns, At safepoint: 20000 ns, Total: 14874222 ns
[11.137s][info ][safepoint      ] Safepoint "ICBufferFull", Time since last: 36156898 ns, Reaching safepoint: 8493270 ns, At safepoint: 22200 ns, Total: 8515470 ns
[11.145s][info ][safepoint      ] Safepoint "ICBufferFull", Time since last: 2530321 ns, Reaching safepoint: 4724539 ns, At safepoint: 19100 ns, Total: 4743639 ns
[11.182s][info ][safepoint      ] Safepoint "ICBufferFull", Time since last: 19960864 ns, Reaching safepoint: 16990140 ns, At safepoint: 23200 ns, Total: 17013340 ns
[11.217s][info ][safepoint      ] Safepoint "ICBufferFull", Time since last: 28765537 ns, Reaching safepoint: 6375953 ns, At safepoint: 28900 ns, Total: 6404853 ns
[11.229s][info ][safepoint      ] Safepoint "ICBufferFull", Time since last: 6674955 ns, Reaching safepoint: 5198343 ns, At safepoint: 32400 ns, Total: 5230743 ns
[11.253s][info ][safepoint      ] Safepoint "ICBufferFull", Time since last: 15950531 ns, Reaching safepoint: 8515270 ns, At safepoint: 27501 ns, Total: 8542771 ns
[11.278s][info ][safepoint      ] Safepoint "ICBufferFull", Time since last: 19411060 ns, Reaching safepoint: 5099242 ns, At safepoint: 21400 ns, Total: 5120642 ns
[11.309s][info ][safepoint      ] Safepoint "ICBufferFull", Time since last: 20645070 ns, Reaching safepoint: 10223084 ns, At safepoint: 36500 ns, Total: 10259584 ns
[11.321s][info ][safepoint      ] Safepoint "ICBufferFull", Time since last: 2870224 ns, Reaching safepoint: 9102375 ns, At safepoint: 32800 ns, Total: 9135175 ns
[11.341s][info ][gc,start       ] GC(6) Pause Young (Allocation Failure)
[11.489s][debug][gc,phases      ] GC(6) Scavenge 148.016ms
[11.489s][debug][gc,ref         ] GC(6) Skipped phase 1 of Reference Processing: no references
[11.489s][debug][gc,ref         ] GC(6) Skipped phase 3 of Reference Processing: no references
[11.489s][debug][gc,phases      ] GC(6) Reference Processing 0.485ms
[11.492s][debug][gc,phases      ] GC(6) Weak Processing 2.843ms
[11.492s][debug][gc,age         ] GC(6) Desired survivor size 536870912 bytes, new threshold 7 (max threshold 15)
[11.492s][info ][gc,heap        ] GC(6) PSYoungGen: 1193264K(1572864K)->145584K(1572864K) Eden: 1048576K(1048576K)->0K(1048576K) From: 144688K(524288K)->145584K(524288K)
[11.492s][info ][gc,heap        ] GC(6) ParOldGen: 6147K(18432K)->6155K(18432K)
[11.492s][info ][gc,metaspace   ] GC(6) Metaspace: 47427K(47936K)->47427K(47936K) NonClass: 40559K(40832K)->40559K(40832K) Class: 6868K(7104K)->6868K(7104K)
[11.492s][info ][gc             ] GC(6) Pause Young (Allocation Failure) 1171M->148M(1554M) 151.527ms
[11.492s][info ][gc,cpu         ] GC(6) User=0.26s Sys=0.09s Real=0.15s
[11.492s][info ][safepoint      ] Safepoint "ParallelGCFailedAllocation", Time since last: 5885849 ns, Reaching safepoint: 14069615 ns, At safepoint: 151676549 ns, Total: 165746164 ns
[11.501s][info ][safepoint      ] Safepoint "ICBufferFull", Time since last: 7681364 ns, Reaching safepoint: 740106 ns, At safepoint: 13300 ns, Total: 753406 ns
[11.509s][info ][safepoint      ] Safepoint "ICBufferFull", Time since last: 2720922 ns, Reaching safepoint: 5485645 ns, At safepoint: 27801 ns, Total: 5513446 ns
[11.515s][info ][safepoint      ] Safepoint "ICBufferFull", Time since last: 4483536 ns, Reaching safepoint: 1252311 ns, At safepoint: 27500 ns, Total: 1279811 ns
[12.578s][info ][gc,start       ] GC(7) Pause Young (Allocation Failure)
[12.773s][debug][gc,phases      ] GC(7) Scavenge 194.829ms
[12.773s][debug][gc,ref         ] GC(7) Skipped phase 1 of Reference Processing: no references
[12.773s][debug][gc,ref         ] GC(7) Skipped phase 3 of Reference Processing: no references
[12.773s][debug][gc,phases      ] GC(7) Reference Processing 0.478ms
[12.775s][debug][gc,phases      ] GC(7) Weak Processing 2.039ms
[12.775s][debug][gc,age         ] GC(7) Desired survivor size 232259584 bytes, new threshold 8 (max threshold 15)
[12.775s][info ][gc,heap        ] GC(7) PSYoungGen: 1194160K(1572864K)->153950K(1870336K) Eden: 1048576K(1048576K)->0K(1346048K) From: 145584K(524288K)->153950K(524288K)
[12.775s][info ][gc,heap        ] GC(7) ParOldGen: 6155K(18432K)->6163K(18432K)
[12.775s][info ][gc,metaspace   ] GC(7) Metaspace: 49736K(50176K)->49736K(50176K) NonClass: 42534K(42752K)->42534K(42752K) Class: 7202K(7424K)->7202K(7424K)
[12.775s][info ][gc             ] GC(7) Pause Young (Allocation Failure) 1172M->156M(1844M) 197.485ms
[12.775s][info ][gc,cpu         ] GC(7) User=0.33s Sys=0.00s Real=0.19s
[12.775s][info ][safepoint      ] Safepoint "ParallelGCFailedAllocation", Time since last: 1051672358 ns, Reaching safepoint: 11461994 ns, At safepoint: 197613527 ns, Total: 209075521 ns
[13.537s][info ][safepoint      ] Safepoint "ICBufferFull", Time since last: 757154130 ns, Reaching safepoint: 4283835 ns, At safepoint: 42100 ns, Total: 4325935 ns
[13.545s][info ][safepoint      ] Safepoint "ICBufferFull", Time since last: 3719431 ns, Reaching safepoint: 3970233 ns, At safepoint: 25200 ns, Total: 3995433 ns
[13.553s][info ][safepoint      ] Safepoint "ICBufferFull", Time since last: 4624938 ns, Reaching safepoint: 3353128 ns, At safepoint: 28600 ns, Total: 3381728 ns
[13.577s][info ][safepoint      ] Safepoint "ICBufferFull", Time since last: 10091283 ns, Reaching safepoint: 13885914 ns, At safepoint: 37700 ns, Total: 13923614 ns
[13.585s][info ][safepoint      ] Safepoint "ICBufferFull", Time since last: 1762115 ns, Reaching safepoint: 6199851 ns, At safepoint: 36300 ns, Total: 6236151 ns
[13.589s][info ][safepoint      ] Safepoint "ICBufferFull", Time since last: 1557513 ns, Reaching safepoint: 2678022 ns, At safepoint: 29500 ns, Total: 2707522 ns
[13.629s][info ][safepoint      ] Safepoint "ICBufferFull", Time since last: 27765529 ns, Reaching safepoint: 11965398 ns, At safepoint: 30400 ns, Total: 11995798 ns
[13.653s][info ][safepoint      ] Safepoint "ICBufferFull", Time since last: 7947766 ns, Reaching safepoint: 15985131 ns, At safepoint: 33701 ns, Total: 16018832 ns
[13.661s][info ][safepoint      ] Safepoint "ICBufferFull", Time since last: 76400 ns, Reaching safepoint: 7880765 ns, At safepoint: 35400 ns, Total: 7916165 ns
[13.669s][info ][safepoint      ] Safepoint "ICBufferFull", Time since last: 2144718 ns, Reaching safepoint: 5831548 ns, At safepoint: 40300 ns, Total: 5871848 ns
[13.677s][info ][safepoint      ] Safepoint "ICBufferFull", Time since last: 4001133 ns, Reaching safepoint: 3981433 ns, At safepoint: 47200 ns, Total: 4028633 ns
[13.685s][info ][safepoint      ] Safepoint "ICBufferFull", Time since last: 3919233 ns, Reaching safepoint: 4012733 ns, At safepoint: 32100 ns, Total: 4044833 ns
[13.697s][info ][safepoint      ] Safepoint "ICBufferFull", Time since last: 6251551 ns, Reaching safepoint: 5737047 ns, At safepoint: 38901 ns, Total: 5775948 ns
[13.709s][info ][safepoint      ] Safepoint "ICBufferFull", Time since last: 5720647 ns, Reaching safepoint: 6212251 ns, At safepoint: 30900 ns, Total: 6243151 ns
[13.733s][info ][safepoint      ] Safepoint "ICBufferFull", Time since last: 9330777 ns, Reaching safepoint: 14657321 ns, At safepoint: 43900 ns, Total: 14701221 ns
[13.737s][info ][safepoint      ] Safepoint "ICBufferFull", Time since last: 69401 ns, Reaching safepoint: 4237134 ns, At safepoint: 32201 ns, Total: 4269335 ns
[13.778s][info ][safepoint      ] Safepoint "ICBufferFull", Time since last: 31592660 ns, Reaching safepoint: 9078874 ns, At safepoint: 32401 ns, Total: 9111275 ns
[13.797s][info ][safepoint      ] Safepoint "ICBufferFull", Time since last: 6900056 ns, Reaching safepoint: 12021699 ns, At safepoint: 62101 ns, Total: 12083800 ns
[13.825s][info ][safepoint      ] Safepoint "ICBufferFull", Time since last: 11914098 ns, Reaching safepoint: 16011431 ns, At safepoint: 40001 ns, Total: 16051432 ns
[13.841s][info ][safepoint      ] Safepoint "ICBufferFull", Time since last: 6442653 ns, Reaching safepoint: 9522078 ns, At safepoint: 40300 ns, Total: 9562378 ns
[13.849s][info ][safepoint      ] Safepoint "ICBufferFull", Time since last: 77001 ns, Reaching safepoint: 7861865 ns, At safepoint: 30600 ns, Total: 7892465 ns
[13.857s][info ][safepoint      ] Safepoint "ICBufferFull", Time since last: 71101 ns, Reaching safepoint: 7898465 ns, At safepoint: 37000 ns, Total: 7935465 ns
[13.873s][info ][safepoint      ] Safepoint "ICBufferFull", Time since last: 5944249 ns, Reaching safepoint: 9986382 ns, At safepoint: 40900 ns, Total: 10027282 ns
[13.889s][info ][safepoint      ] Safepoint "ICBufferFull", Time since last: 11781297 ns, Reaching safepoint: 4214035 ns, At safepoint: 22400 ns, Total: 4236435 ns
[13.905s][info ][safepoint      ] Safepoint "ICBufferFull", Time since last: 373303 ns, Reaching safepoint: 15570728 ns, At safepoint: 36501 ns, Total: 15607229 ns
[13.913s][info ][safepoint      ] Safepoint "ICBufferFull", Time since last: 3983332 ns, Reaching safepoint: 4005133 ns, At safepoint: 26401 ns, Total: 4031534 ns
[13.925s][info ][safepoint      ] Safepoint "ICBufferFull", Time since last: 4856239 ns, Reaching safepoint: 7092559 ns, At safepoint: 37100 ns, Total: 7129659 ns
[13.941s][info ][safepoint      ] Safepoint "ICBufferFull", Time since last: 7977066 ns, Reaching safepoint: 8028066 ns, At safepoint: 28600 ns, Total: 8056666 ns
[13.969s][info ][safepoint      ] Safepoint "ICBufferFull", Time since last: 15958731 ns, Reaching safepoint: 12011999 ns, At safepoint: 30400 ns, Total: 12042399 ns
[13.977s][info ][safepoint      ] Safepoint "ICBufferFull", Time since last: 3934733 ns, Reaching safepoint: 4032633 ns, At safepoint: 24100 ns, Total: 4056733 ns
[14.492s][info ][gc,start       ] GC(8) Pause Young (Allocation Failure)
[14.681s][debug][gc,phases      ] GC(8) Scavenge 189.075ms
[14.681s][debug][gc,ref         ] GC(8) Skipped phase 1 of Reference Processing: no references
[14.681s][debug][gc,ref         ] GC(8) Skipped phase 3 of Reference Processing: no references
[14.681s][debug][gc,phases      ] GC(8) Reference Processing 0.618ms
[14.684s][debug][gc,phases      ] GC(8) Weak Processing 2.377ms
[14.684s][debug][gc,age         ] GC(8) Desired survivor size 247988224 bytes, new threshold 9 (max threshold 15)
[14.684s][info ][gc,heap        ] GC(8) PSYoungGen: 1499998K(1870336K)->164018K(1572864K) Eden: 1346048K(1346048K)->0K(1346048K) From: 153950K(524288K)->164018K(226816K)
[14.684s][info ][gc,heap        ] GC(8) ParOldGen: 6163K(18432K)->6171K(18432K)
[14.684s][info ][gc,metaspace   ] GC(8) Metaspace: 52450K(52928K)->52450K(52928K) NonClass: 44747K(44992K)->44747K(44992K) Class: 7703K(7936K)->7703K(7936K)
[14.684s][info ][gc             ] GC(8) Pause Young (Allocation Failure) 1470M->166M(1554M) 192.242ms
[14.684s][info ][gc,cpu         ] GC(8) User=0.36s Sys=0.03s Real=0.19s
[14.684s][info ][safepoint      ] Safepoint "ParallelGCFailedAllocation", Time since last: 499948212 ns, Reaching safepoint: 14974023 ns, At safepoint: 192400882 ns, Total: 207374905 ns
[15.647s][info ][gc,start       ] GC(9) Pause Young (Allocation Failure)
[15.869s][debug][gc,phases      ] GC(9) Scavenge 221.367ms
[15.869s][debug][gc,ref         ] GC(9) Skipped phase 1 of Reference Processing: no references
[15.869s][debug][gc,ref         ] GC(9) Skipped phase 3 of Reference Processing: no references
[15.869s][debug][gc,phases      ] GC(9) Reference Processing 0.610ms
[15.872s][debug][gc,phases      ] GC(9) Weak Processing 2.550ms
[15.872s][debug][gc,age         ] GC(9) Desired survivor size 260571136 bytes, new threshold 10 (max threshold 15)
[15.872s][info ][gc,heap        ] GC(9) PSYoungGen: 1510066K(1572864K)->171987K(1830400K) Eden: 1346048K(1346048K)->0K(1588224K) From: 164018K(226816K)->171987K(242176K)
[15.872s][info ][gc,heap        ] GC(9) ParOldGen: 6171K(18432K)->6179K(18432K)
[15.872s][info ][gc,metaspace   ] GC(9) Metaspace: 52574K(53120K)->52574K(53120K) NonClass: 44870K(45184K)->44870K(45184K) Class: 7703K(7936K)->7703K(7936K)
[15.872s][info ][gc             ] GC(9) Pause Young (Allocation Failure) 1480M->173M(1805M) 224.703ms
[15.872s][info ][gc,cpu         ] GC(9) User=0.34s Sys=0.08s Real=0.22s
[15.872s][info ][safepoint      ] Safepoint "ParallelGCFailedAllocation", Time since last: 946177879 ns, Reaching safepoint: 17115341 ns, At safepoint: 224842148 ns, Total: 241957489 ns
[16.881s][info ][safepoint      ] Safepoint "Cleanup", Time since last: 1000095718 ns, Reaching safepoint: 8608571 ns, At safepoint: 31700 ns, Total: 8640271 ns
[17.329s][info ][gc,start       ] GC(10) Pause Young (Allocation Failure)
[17.549s][debug][gc,phases      ] GC(10) Scavenge 219.353ms
[17.549s][debug][gc,ref         ] GC(10) Skipped phase 1 of Reference Processing: no references
[17.549s][debug][gc,ref         ] GC(10) Skipped phase 3 of Reference Processing: no references
[17.549s][debug][gc,phases      ] GC(10) Reference Processing 0.324ms
[17.551s][debug][gc,phases      ] GC(10) Weak Processing 1.804ms
[17.551s][debug][gc,age         ] GC(10) Desired survivor size 268435456 bytes, new threshold 11 (max threshold 15)
[17.551s][info ][gc,heap        ] GC(10) PSYoungGen: 1760211K(1830400K)->173642K(1762304K) Eden: 1588224K(1588224K)->0K(1588224K) From: 171987K(242176K)->173642K(174080K)
[17.551s][info ][gc,heap        ] GC(10) ParOldGen: 6179K(18432K)->6200K(18432K)
[17.551s][info ][gc,metaspace   ] GC(10) Metaspace: 54163K(54656K)->54163K(54656K) NonClass: 46252K(46528K)->46252K(46528K) Class: 7910K(8128K)->7910K(8128K)
[17.551s][info ][gc             ] GC(10) Pause Young (Allocation Failure) 1724M->175M(1739M) 221.619ms
[17.551s][info ][gc,cpu         ] GC(10) User=0.33s Sys=0.02s Real=0.22s
[17.551s][info ][safepoint      ] Safepoint "ParallelGCFailedAllocation", Time since last: 438544703 ns, Reaching safepoint: 10032882 ns, At safepoint: 221723221 ns, Total: 231756103 ns
[18.445s][info ][gc,start       ] GC(11) Pause Young (Allocation Failure)
[18.649s][debug][gc,phases      ] GC(11) Scavenge 203.877ms
[18.649s][debug][gc,ref         ] GC(11) Skipped phase 1 of Reference Processing: no references
[18.649s][debug][gc,ref         ] GC(11) Skipped phase 3 of Reference Processing: no references
[18.649s][debug][gc,phases      ] GC(11) Reference Processing 0.549ms
[18.652s][debug][gc,phases      ] GC(11) Weak Processing 2.298ms
[18.652s][debug][gc,age         ] GC(11) Desired survivor size 271056896 bytes, new threshold 11 (max threshold 15)
[18.652s][info ][gc,heap        ] GC(11) PSYoungGen: 1761866K(1762304K)->170307K(1829888K) Eden: 1588224K(1588224K)->0K(1567744K) From: 173642K(174080K)->170307K(262144K)
[18.652s][info ][gc,heap        ] GC(11) ParOldGen: 6200K(18432K)->6208K(18432K)
[18.652s][info ][gc,metaspace   ] GC(11) Metaspace: 54614K(55104K)->54614K(55104K) NonClass: 46653K(46912K)->46653K(46912K) Class: 7960K(8192K)->7960K(8192K)
[18.652s][info ][gc             ] GC(11) Pause Young (Allocation Failure) 1726M->172M(1805M) 206.925ms
[18.652s][info ][gc,cpu         ] GC(11) User=0.42s Sys=0.01s Real=0.20s
[18.652s][info ][safepoint      ] Safepoint "ParallelGCFailedAllocation", Time since last: 888383995 ns, Reaching safepoint: 5222843 ns, At safepoint: 207073300 ns, Total: 212296143 ns
[19.484s][info ][gc,start       ] GC(12) Pause Young (Allocation Failure)
[19.613s][debug][gc,phases      ] GC(12) Scavenge 128.778ms
[19.613s][debug][gc,ref         ] GC(12) Skipped phase 1 of Reference Processing: no references
[19.613s][debug][gc,ref         ] GC(12) Skipped phase 3 of Reference Processing: no references
[19.613s][debug][gc,phases      ] GC(12) Reference Processing 0.342ms
[19.615s][debug][gc,phases      ] GC(12) Weak Processing 1.950ms
[19.615s][debug][gc,age         ] GC(12) Desired survivor size 272629760 bytes, new threshold 11 (max threshold 15)
[19.615s][info ][gc,heap        ] GC(12) PSYoungGen: 1738051K(1829888K)->170995K(1738752K) Eden: 1567744K(1567744K)->0K(1567744K) From: 170307K(262144K)->170995K(171008K)
[19.615s][info ][gc,heap        ] GC(12) ParOldGen: 6208K(18432K)->6216K(18432K)
[19.615s][info ][gc,metaspace   ] GC(12) Metaspace: 54923K(55424K)->54923K(55424K) NonClass: 46930K(47232K)->46930K(47232K) Class: 7992K(8192K)->7992K(8192K)
[19.615s][info ][gc             ] GC(12) Pause Young (Allocation Failure) 1703M->173M(1716M) 131.224ms
[19.615s][info ][gc,cpu         ] GC(12) User=0.34s Sys=0.00s Real=0.13s
[19.615s][info ][safepoint      ] Safepoint "ParallelGCFailedAllocation", Time since last: 830581918 ns, Reaching safepoint: 1665213 ns, At safepoint: 131333578 ns, Total: 132998791 ns
[20.505s][info ][gc,start       ] GC(13) Pause Young (Allocation Failure)
[20.713s][debug][gc,phases      ] GC(13) Scavenge 207.724ms
[20.713s][debug][gc,ref         ] GC(13) Skipped phase 1 of Reference Processing: no references
[20.713s][debug][gc,ref         ] GC(13) Skipped phase 3 of Reference Processing: no references
[20.713s][debug][gc,phases      ] GC(13) Reference Processing 0.520ms
[20.715s][debug][gc,phases      ] GC(13) Weak Processing 2.198ms
[20.715s][debug][gc,age         ] GC(13) Desired survivor size 273678336 bytes, new threshold 11 (max threshold 15)
[20.715s][info ][gc,heap        ] GC(13) PSYoungGen: 1738739K(1738752K)->172586K(1828864K) Eden: 1567744K(1567744K)->0K(1562624K) From: 170995K(171008K)->172586K(266240K)
[20.715s][info ][gc,heap        ] GC(13) ParOldGen: 6216K(18432K)->6224K(18432K)
[20.715s][info ][gc,metaspace   ] GC(13) Metaspace: 54943K(55424K)->54943K(55424K) NonClass: 46949K(47232K)->46949K(47232K) Class: 7994K(8192K)->7994K(8192K)
[20.715s][info ][gc             ] GC(13) Pause Young (Allocation Failure) 1704M->174M(1804M) 210.635ms
[20.715s][info ][gc,cpu         ] GC(13) User=0.36s Sys=0.00s Real=0.20s
[20.716s][info ][safepoint      ] Safepoint "ParallelGCFailedAllocation", Time since last: 872025155 ns, Reaching safepoint: 17456443 ns, At safepoint: 210757229 ns, Total: 228213672 ns
[21.498s][info ][safepoint      ] Safepoint "ICBufferFull", Time since last: 775308158 ns, Reaching safepoint: 6717855 ns, At safepoint: 23600 ns, Total: 6741455 ns
[21.829s][info ][gc,start       ] GC(14) Pause Young (Allocation Failure)
[22.077s][debug][gc,phases      ] GC(14) Scavenge 247.153ms
[22.077s][debug][gc,ref         ] GC(14) Skipped phase 1 of Reference Processing: no references
[22.077s][debug][gc,ref         ] GC(14) Skipped phase 3 of Reference Processing: no references
[22.077s][debug][gc,phases      ] GC(14) Reference Processing 0.605ms
[22.080s][debug][gc,phases      ] GC(14) Weak Processing 3.019ms
[22.080s][debug][gc,age         ] GC(14) Desired survivor size 273678336 bytes, new threshold 11 (max threshold 15)
[22.080s][info ][gc,heap        ] GC(14) PSYoungGen: 1735210K(1828864K)->173214K(1829888K) Eden: 1562624K(1562624K)->0K(1562624K) From: 172586K(266240K)->173214K(267264K)
[22.080s][info ][gc,heap        ] GC(14) ParOldGen: 6224K(18432K)->7987K(18432K)
[22.080s][info ][gc,metaspace   ] GC(14) Metaspace: 54953K(55424K)->54953K(55424K) NonClass: 46958K(47232K)->46958K(47232K) Class: 7994K(8192K)->7994K(8192K)
[22.080s][info ][gc             ] GC(14) Pause Young (Allocation Failure) 1700M->176M(1805M) 250.969ms
[22.080s][info ][gc,cpu         ] GC(14) User=0.35s Sys=0.00s Real=0.25s
[22.081s][info ][safepoint      ] Safepoint "ParallelGCFailedAllocation", Time since last: 320692630 ns, Reaching safepoint: 11074791 ns, At safepoint: 251137059 ns, Total: 262211850 ns
[23.065s][info ][gc,start       ] GC(15) Pause Young (Allocation Failure)
[23.329s][debug][gc,phases      ] GC(15) Scavenge 263.897ms
[23.329s][debug][gc,ref         ] GC(15) Skipped phase 1 of Reference Processing: no references
[23.329s][debug][gc,ref         ] GC(15) Skipped phase 3 of Reference Processing: no references
[23.329s][debug][gc,phases      ] GC(15) Reference Processing 0.410ms
[23.331s][debug][gc,phases      ] GC(15) Weak Processing 2.128ms
[23.331s][debug][gc,age         ] GC(15) Desired survivor size 263716864 bytes, new threshold 10 (max threshold 15)
[23.331s][info ][gc,heap        ] GC(15) PSYoungGen: 1735838K(1829888K)->124565K(1839616K) Eden: 1562624K(1562624K)->0K(1572352K) From: 173214K(267264K)->124565K(267264K)
[23.331s][info ][gc,heap        ] GC(15) ParOldGen: 7987K(18432K)->59516K(59904K)
[23.331s][info ][gc,metaspace   ] GC(15) Metaspace: 54962K(55424K)->54962K(55424K) NonClass: 46967K(47232K)->46967K(47232K) Class: 7995K(8192K)->7995K(8192K)
[23.331s][info ][gc             ] GC(15) Pause Young (Allocation Failure) 1702M->179M(1855M) 266.605ms
[23.331s][info ][gc,cpu         ] GC(15) User=0.38s Sys=0.02s Real=0.26s
[23.331s][debug][gc,phases      ] GC(16) Pre Compact 0.015ms
[23.331s][info ][gc,start       ] GC(16) Pause Full (Ergonomics)
[23.331s][info ][gc,phases,start] GC(16) Marking Phase
[23.541s][debug][gc,phases      ] GC(16) Par Mark 209.136ms
[23.541s][debug][gc,ref         ] GC(16) Skipped phase 1 of Reference Processing: no references
[23.541s][debug][gc,ref         ] GC(16) Skipped phase 3 of Reference Processing: no references
[23.541s][debug][gc,phases      ] GC(16) Reference Processing 0.503ms
[23.542s][debug][gc,phases      ] GC(16) Weak Processing 0.799ms
[23.542s][debug][gc,phases      ] GC(16) ClassLoaderData 0.064ms
[23.542s][debug][gc,phases      ] GC(16) Trigger cleanups 0.000ms
[23.558s][debug][gc,phases      ] GC(16) Class Unloading 15.743ms
[23.558s][info ][gc,phases      ] GC(16) Marking Phase 226.352ms
[23.558s][info ][gc,phases,start] GC(16) Summary Phase
[23.558s][info ][gc,phases      ] GC(16) Summary Phase 0.047ms
[23.558s][info ][gc,phases,start] GC(16) Adjust Roots
[23.594s][info ][gc,phases      ] GC(16) Adjust Roots 36.444ms
[23.594s][info ][gc,phases,start] GC(16) Compaction Phase
[24.680s][info ][gc,phases      ] GC(16) Compaction Phase 1086.129ms
[24.680s][info ][gc,phases,start] GC(16) Post Compact
[24.682s][info ][gc,phases      ] GC(16) Post Compact 1.150ms
[24.682s][info ][gc,heap        ] GC(16) PSYoungGen: 124565K(1839616K)->123727K(1839616K) Eden: 0K(1572352K)->0K(1572352K) From: 124565K(267264K)->123727K(267264K)
[24.682s][info ][gc,heap        ] GC(16) ParOldGen: 59516K(59904K)->59684K(96256K)
[24.682s][info ][gc,metaspace   ] GC(16) Metaspace: 54962K(55424K)->54962K(55424K) NonClass: 46967K(47232K)->46967K(47232K) Class: 7995K(8192K)->7995K(8192K)
[24.682s][info ][gc             ] GC(16) Pause Full (Ergonomics) 179M->179M(1890M) 1350.420ms
[24.682s][info ][gc,cpu         ] GC(16) User=2.11s Sys=0.00s Real=1.35s
[24.765s][info ][safepoint      ] Safepoint "ParallelGCFailedAllocation", Time since last: 965686314 ns, Reaching safepoint: 18417151 ns, At safepoint: 1699896925 ns, Total: 1718314076 ns
[25.745s][info ][gc,start       ] GC(17) Pause Young (Allocation Failure)
[25.997s][debug][gc,phases      ] GC(17) Scavenge 251.847ms
[25.997s][debug][gc,ref         ] GC(17) Skipped phase 1 of Reference Processing: no references
[25.997s][debug][gc,ref         ] GC(17) Skipped phase 3 of Reference Processing: no references
[25.997s][debug][gc,phases      ] GC(17) Reference Processing 0.201ms
[25.998s][debug][gc,phases      ] GC(17) Weak Processing 1.230ms
[25.998s][debug][gc,age         ] GC(17) Desired survivor size 269484032 bytes, new threshold 9 (max threshold 15)
[25.998s][info ][gc,heap        ] GC(17) PSYoungGen: 1696079K(1839616K)->39774K(1829888K) Eden: 1572352K(1572352K)->0K(1572352K) From: 123727K(267264K)->39774K(257536K)
[25.998s][info ][gc,heap        ] GC(17) ParOldGen: 59684K(96256K)->146763K(147456K)
[25.998s][info ][gc,metaspace   ] GC(17) Metaspace: 55696K(56192K)->55696K(56192K) NonClass: 47561K(47808K)->47561K(47808K) Class: 8135K(8384K)->8135K(8384K)
[25.998s][info ][gc             ] GC(17) Pause Young (Allocation Failure) 1714M->182M(1931M) 253.453ms
[25.998s][info ][gc,cpu         ] GC(17) User=0.33s Sys=0.02s Real=0.25s
[25.998s][debug][gc,phases      ] GC(18) Pre Compact 0.015ms
[25.998s][info ][gc,start       ] GC(18) Pause Full (Ergonomics)
[25.998s][info ][gc,phases,start] GC(18) Marking Phase
[26.253s][debug][gc,phases      ] GC(18) Par Mark 254.237ms
[26.253s][debug][gc,ref         ] GC(18) Skipped phase 1 of Reference Processing: no references
[26.253s][debug][gc,ref         ] GC(18) Skipped phase 3 of Reference Processing: no references
[26.253s][debug][gc,phases      ] GC(18) Reference Processing 0.419ms
[26.254s][debug][gc,phases      ] GC(18) Weak Processing 0.693ms
[26.254s][debug][gc,phases      ] GC(18) ClassLoaderData 0.053ms
[26.254s][debug][gc,phases      ] GC(18) Trigger cleanups 0.000ms
[26.264s][debug][gc,phases      ] GC(18) Class Unloading 10.019ms
[26.264s][info ][gc,phases      ] GC(18) Marking Phase 265.515ms
[26.264s][info ][gc,phases,start] GC(18) Summary Phase
[26.264s][info ][gc,phases      ] GC(18) Summary Phase 0.011ms
[26.264s][info ][gc,phases,start] GC(18) Adjust Roots
[26.283s][info ][gc,phases      ] GC(18) Adjust Roots 19.294ms
[26.283s][info ][gc,phases,start] GC(18) Compaction Phase
[26.760s][info ][gc,phases      ] GC(18) Compaction Phase 477.286ms
[26.760s][info ][gc,phases,start] GC(18) Post Compact
[26.761s][info ][gc,phases      ] GC(18) Post Compact 0.827ms
[26.761s][info ][gc,heap        ] GC(18) PSYoungGen: 39774K(1829888K)->39150K(1829888K) Eden: 0K(1572352K)->0K(1572352K) From: 39774K(257536K)->39150K(257536K)
[26.761s][info ][gc,heap        ] GC(18) ParOldGen: 146763K(147456K)->146954K(218624K)
[26.761s][info ][gc,metaspace   ] GC(18) Metaspace: 55696K(56192K)->55696K(56192K) NonClass: 47561K(47808K)->47561K(47808K) Class: 8135K(8384K)->8135K(8384K)
[26.761s][info ][gc             ] GC(18) Pause Full (Ergonomics) 182M->181M(2000M) 763.273ms
[26.761s][info ][gc,cpu         ] GC(18) User=1.25s Sys=0.00s Real=0.76s
[26.817s][info ][safepoint      ] Safepoint "ParallelGCFailedAllocation", Time since last: 972923565 ns, Reaching safepoint: 7213359 ns, At safepoint: 1071855971 ns, Total: 1079069330 ns
[27.005s][info ][safepoint      ] Safepoint "ICBufferFull", Time since last: 173208117 ns, Reaching safepoint: 14910122 ns, At safepoint: 31401 ns, Total: 14941523 ns
[27.029s][info ][safepoint      ] Safepoint "ICBufferFull", Time since last: 17404442 ns, Reaching safepoint: 6490253 ns, At safepoint: 25400 ns, Total: 6515653 ns
[27.041s][info ][safepoint      ] Safepoint "ICBufferFull", Time since last: 2599822 ns, Reaching safepoint: 9368476 ns, At safepoint: 21500 ns, Total: 9389976 ns
[27.057s][info ][safepoint      ] Safepoint "ICBufferFull", Time since last: 1181210 ns, Reaching safepoint: 15155824 ns, At safepoint: 27900 ns, Total: 15183724 ns
[27.065s][info ][safepoint      ] Safepoint "ICBufferFull", Time since last: 1141610 ns, Reaching safepoint: 6479353 ns, At safepoint: 26500 ns, Total: 6505853 ns
[27.510s][info ][safepoint      ] Safepoint "ICBufferFull", Time since last: 441693112 ns, Reaching safepoint: 3306527 ns, At safepoint: 20701 ns, Total: 3327228 ns
[27.971s][info ][gc,start       ] GC(19) Pause Young (Allocation Failure)
[28.097s][debug][gc,phases      ] GC(19) Scavenge 125.505ms
[28.097s][debug][gc,ref         ] GC(19) Skipped phase 1 of Reference Processing: no references
[28.097s][debug][gc,ref         ] GC(19) Skipped phase 3 of Reference Processing: no references
[28.097s][debug][gc,phases      ] GC(19) Reference Processing 0.101ms
[28.098s][debug][gc,phases      ] GC(19) Weak Processing 0.880ms
[28.098s][debug][gc,age         ] GC(19) Desired survivor size 275251200 bytes, new threshold 10 (max threshold 15)
[28.098s][info ][gc,heap        ] GC(19) PSYoungGen: 1611502K(1829888K)->18304K(1822720K) Eden: 1572352K(1572352K)->0K(1559552K) From: 39150K(257536K)->18304K(263168K)
[28.098s][info ][gc,heap        ] GC(19) ParOldGen: 146954K(218624K)->168406K(218624K)
[28.098s][info ][gc,metaspace   ] GC(19) Metaspace: 56576K(57152K)->56576K(57152K) NonClass: 48321K(48640K)->48321K(48640K) Class: 8255K(8512K)->8255K(8512K)
[28.098s][info ][gc             ] GC(19) Pause Young (Allocation Failure) 1717M->182M(1993M) 126.644ms
[28.098s][info ][gc,cpu         ] GC(19) User=0.18s Sys=0.01s Real=0.13s
[28.098s][info ][safepoint      ] Safepoint "ParallelGCFailedAllocation", Time since last: 451051489 ns, Reaching safepoint: 10355285 ns, At safepoint: 126756436 ns, Total: 137111721 ns
[28.789s][info ][safepoint      ] Safepoint "ICBufferFull", Time since last: 686685714 ns, Reaching safepoint: 4413236 ns, At safepoint: 31500 ns, Total: 4444736 ns
[28.812s][info ][safepoint      ] Safepoint "ICBufferFull", Time since last: 19671261 ns, Reaching safepoint: 3199826 ns, At safepoint: 20101 ns, Total: 3219927 ns
[28.818s][info ][safepoint      ] Safepoint "ICBufferFull", Time since last: 5887548 ns, Reaching safepoint: 136301 ns, At safepoint: 14400 ns, Total: 150701 ns
[28.828s][info ][safepoint      ] Safepoint "ICBufferFull", Time since last: 7589062 ns, Reaching safepoint: 2269919 ns, At safepoint: 25600 ns, Total: 2295519 ns
[28.830s][info ][safepoint      ] Safepoint "ICBufferFull", Time since last: 1567113 ns, Reaching safepoint: 884707 ns, At safepoint: 13700 ns, Total: 898407 ns
[28.901s][info ][safepoint      ] Safepoint "ICBufferFull", Time since last: 55808456 ns, Reaching safepoint: 14531819 ns, At safepoint: 39700 ns, Total: 14571519 ns
[28.905s][info ][safepoint      ] Safepoint "ICBufferFull", Time since last: 1039409 ns, Reaching safepoint: 3644330 ns, At safepoint: 26200 ns, Total: 3670530 ns
[28.911s][info ][safepoint      ] Safepoint "ICBufferFull", Time since last: 1475312 ns, Reaching safepoint: 4111334 ns, At safepoint: 39800 ns, Total: 4151134 ns
[28.934s][info ][safepoint      ] Safepoint "ICBufferFull", Time since last: 7444661 ns, Reaching safepoint: 15921030 ns, At safepoint: 30500 ns, Total: 15951530 ns
[28.943s][info ][safepoint      ] Safepoint "ICBufferFull", Time since last: 3709430 ns, Reaching safepoint: 4876640 ns, At safepoint: 31101 ns, Total: 4907741 ns
[28.966s][info ][safepoint      ] Safepoint "ICBufferFull", Time since last: 10500985 ns, Reaching safepoint: 12594903 ns, At safepoint: 34801 ns, Total: 12629704 ns
[28.981s][info ][safepoint      ] Safepoint "ICBufferFull", Time since last: 934107 ns, Reaching safepoint: 13710112 ns, At safepoint: 31901 ns, Total: 13742013 ns
[28.987s][info ][safepoint      ] Safepoint "ICBufferFull", Time since last: 4724738 ns, Reaching safepoint: 1133510 ns, At safepoint: 18000 ns, Total: 1151510 ns
[28.996s][info ][safepoint      ] Safepoint "ICBufferFull", Time since last: 814506 ns, Reaching safepoint: 8542270 ns, At safepoint: 36301 ns, Total: 8578571 ns
[29.013s][info ][safepoint      ] Safepoint "ICBufferFull", Time since last: 9537778 ns, Reaching safepoint: 7789963 ns, At safepoint: 19700 ns, Total: 7809663 ns
[29.017s][info ][safepoint      ] Safepoint "ICBufferFull", Time since last: 887308 ns, Reaching safepoint: 3232326 ns, At safepoint: 15300 ns, Total: 3247626 ns
[29.025s][info ][safepoint      ] Safepoint "ICBufferFull", Time since last: 883607 ns, Reaching safepoint: 6206251 ns, At safepoint: 17500 ns, Total: 6223751 ns
[29.033s][info ][safepoint      ] Safepoint "ICBufferFull", Time since last: 914908 ns, Reaching safepoint: 7059757 ns, At safepoint: 24701 ns, Total: 7084458 ns
[29.037s][info ][safepoint      ] Safepoint "ICBufferFull", Time since last: 1442011 ns, Reaching safepoint: 3000725 ns, At safepoint: 14100 ns, Total: 3014825 ns
[29.045s][info ][safepoint      ] Safepoint "ICBufferFull", Time since last: 2037417 ns, Reaching safepoint: 5481045 ns, At safepoint: 16900 ns, Total: 5497945 ns
[29.057s][info ][safepoint      ] Safepoint "ICBufferFull", Time since last: 2013816 ns, Reaching safepoint: 9934981 ns, At safepoint: 32701 ns, Total: 9967682 ns
[29.061s][info ][safepoint      ] Safepoint "ICBufferFull", Time since last: 1456211 ns, Reaching safepoint: 3181526 ns, At safepoint: 15501 ns, Total: 3197027 ns
[29.081s][info ][safepoint      ] Safepoint "ICBufferFull", Time since last: 11326692 ns, Reaching safepoint: 8489470 ns, At safepoint: 19100 ns, Total: 8508570 ns
[29.085s][info ][safepoint      ] Safepoint "ICBufferFull", Time since last: 795506 ns, Reaching safepoint: 3180926 ns, At safepoint: 14500 ns, Total: 3195426 ns
[29.090s][info ][safepoint      ] Safepoint "ICBufferFull", Time since last: 737606 ns, Reaching safepoint: 4562038 ns, At safepoint: 23400 ns, Total: 4585438 ns
[29.094s][info ][safepoint      ] Safepoint "ICBufferFull", Time since last: 3585129 ns, Reaching safepoint: 121101 ns, At safepoint: 10800 ns, Total: 131901 ns
[29.101s][info ][safepoint      ] Safepoint "ICBufferFull", Time since last: 1681114 ns, Reaching safepoint: 5112242 ns, At safepoint: 16300 ns, Total: 5128542 ns
[29.106s][info ][safepoint      ] Safepoint "ICBufferFull", Time since last: 2526920 ns, Reaching safepoint: 2112018 ns, At safepoint: 10500 ns, Total: 2122518 ns
[29.113s][info ][safepoint      ] Safepoint "ICBufferFull", Time since last: 718506 ns, Reaching safepoint: 6373352 ns, At safepoint: 14200 ns, Total: 6387552 ns
[29.117s][info ][safepoint      ] Safepoint "ICBufferFull", Time since last: 849607 ns, Reaching safepoint: 3188126 ns, At safepoint: 13900 ns, Total: 3202026 ns
[29.129s][info ][safepoint      ] Safepoint "ICBufferFull", Time since last: 1146509 ns, Reaching safepoint: 10680788 ns, At safepoint: 22500 ns, Total: 10703288 ns
[29.145s][info ][safepoint      ] Safepoint "ICBufferFull", Time since last: 9890681 ns, Reaching safepoint: 6444952 ns, At safepoint: 22601 ns, Total: 6467553 ns
[29.157s][info ][safepoint      ] Safepoint "ICBufferFull", Time since last: 3731130 ns, Reaching safepoint: 7934565 ns, At safepoint: 26400 ns, Total: 7960965 ns
[29.165s][info ][safepoint      ] Safepoint "ICBufferFull", Time since last: 855507 ns, Reaching safepoint: 7125858 ns, At safepoint: 27001 ns, Total: 7152859 ns
[29.173s][info ][safepoint      ] Safepoint "ICBufferFull", Time since last: 945407 ns, Reaching safepoint: 6986157 ns, At safepoint: 22801 ns, Total: 7008958 ns
[29.178s][info ][safepoint      ] Safepoint "ICBufferFull", Time since last: 830006 ns, Reaching safepoint: 5075042 ns, At safepoint: 26100 ns, Total: 5101142 ns
[29.194s][info ][safepoint      ] Safepoint "ICBufferFull", Time since last: 6801856 ns, Reaching safepoint: 8324568 ns, At safepoint: 26000 ns, Total: 8350568 ns
[29.201s][info ][safepoint      ] Safepoint "ICBufferFull", Time since last: 766206 ns, Reaching safepoint: 6324252 ns, At safepoint: 27800 ns, Total: 6352052 ns
[29.217s][info ][safepoint      ] Safepoint "ICBufferFull", Time since last: 10718188 ns, Reaching safepoint: 5106141 ns, At safepoint: 22501 ns, Total: 5128642 ns
[29.225s][info ][safepoint      ] Safepoint "ICBufferFull", Time since last: 741106 ns, Reaching safepoint: 7673462 ns, At safepoint: 34401 ns, Total: 7707863 ns
[29.233s][info ][safepoint      ] Safepoint "ICBufferFull", Time since last: 793206 ns, Reaching safepoint: 6756755 ns, At safepoint: 24000 ns, Total: 6780755 ns
[29.238s][info ][safepoint      ] Safepoint "ICBufferFull", Time since last: 747007 ns, Reaching safepoint: 4246334 ns, At safepoint: 20400 ns, Total: 4266734 ns
[29.245s][info ][safepoint      ] Safepoint "ICBufferFull", Time since last: 1229910 ns, Reaching safepoint: 6257152 ns, At safepoint: 23200 ns, Total: 6280352 ns
[29.249s][info ][safepoint      ] Safepoint "ICBufferFull", Time since last: 3369327 ns, Reaching safepoint: 98601 ns, At safepoint: 15500 ns, Total: 114101 ns
[29.253s][info ][safepoint      ] Safepoint "ICBufferFull", Time since last: 4390336 ns, Reaching safepoint: 103101 ns, At safepoint: 10700 ns, Total: 113801 ns
[29.259s][info ][safepoint      ] Safepoint "ICBufferFull", Time since last: 697006 ns, Reaching safepoint: 5297943 ns, At safepoint: 29900 ns, Total: 5327843 ns
[29.265s][info ][safepoint      ] Safepoint "ICBufferFull", Time since last: 1841515 ns, Reaching safepoint: 3544829 ns, At safepoint: 19201 ns, Total: 3564030 ns
[29.270s][info ][safepoint      ] Safepoint "ICBufferFull", Time since last: 765906 ns, Reaching safepoint: 4307335 ns, At safepoint: 30400 ns, Total: 4337735 ns
[29.337s][info ][gc,start       ] GC(20) Pause Young (Allocation Failure)
[29.409s][debug][gc,phases      ] GC(20) Scavenge 71.056ms
[29.409s][debug][gc,ref         ] GC(20) Skipped phase 1 of Reference Processing: no references
[29.409s][debug][gc,ref         ] GC(20) Skipped phase 3 of Reference Processing: no references
[29.409s][debug][gc,phases      ] GC(20) Reference Processing 0.104ms
[29.410s][debug][gc,phases      ] GC(20) Weak Processing 0.978ms
[29.410s][debug][gc,age         ] GC(20) Desired survivor size 276824064 bytes, new threshold 11 (max threshold 15)
[29.410s][info ][gc,heap        ] GC(20) PSYoungGen: 1577856K(1822720K)->21248K(1581056K) Eden: 1559552K(1559552K)->0K(1559552K) From: 18304K(263168K)->21248K(21504K)
[29.410s][info ][gc,heap        ] GC(20) ParOldGen: 168406K(218624K)->168414K(218624K)
[29.410s][info ][gc,metaspace   ] GC(20) Metaspace: 60625K(61184K)->60625K(61184K) NonClass: 51855K(52160K)->51855K(52160K) Class: 8770K(9024K)->8770K(9024K)
[29.410s][info ][gc             ] GC(20) Pause Young (Allocation Failure) 1705M->185M(1757M) 72.426ms
[29.410s][info ][gc,cpu         ] GC(20) User=0.06s Sys=0.00s Real=0.07s
[29.410s][info ][safepoint      ] Safepoint "ParallelGCFailedAllocation", Time since last: 56678863 ns, Reaching safepoint: 11056791 ns, At safepoint: 72553293 ns, Total: 83610084 ns
[29.461s][info ][safepoint      ] Safepoint "ICBufferFull", Time since last: 31171554 ns, Reaching safepoint: 19699861 ns, At safepoint: 36301 ns, Total: 19736162 ns
[29.465s][info ][safepoint      ] Safepoint "ICBufferFull", Time since last: 3677730 ns, Reaching safepoint: 375003 ns, At safepoint: 13200 ns, Total: 388203 ns
[29.475s][info ][safepoint      ] Safepoint "ICBufferFull", Time since last: 9555278 ns, Reaching safepoint: 722006 ns, At safepoint: 13900 ns, Total: 735906 ns
[29.485s][info ][safepoint      ] Safepoint "ICBufferFull", Time since last: 6321352 ns, Reaching safepoint: 3237926 ns, At safepoint: 23300 ns, Total: 3261226 ns
[29.493s][info ][safepoint      ] Safepoint "ICBufferFull", Time since last: 4508537 ns, Reaching safepoint: 3892532 ns, At safepoint: 26500 ns, Total: 3919032 ns
[29.501s][info ][safepoint      ] Safepoint "ICBufferFull", Time since last: 786307 ns, Reaching safepoint: 6646354 ns, At safepoint: 26400 ns, Total: 6672754 ns
[29.507s][info ][safepoint      ] Safepoint "ICBufferFull", Time since last: 826807 ns, Reaching safepoint: 5172342 ns, At safepoint: 28700 ns, Total: 5201042 ns
[29.513s][info ][safepoint      ] Safepoint "ICBufferFull", Time since last: 864408 ns, Reaching safepoint: 5377943 ns, At safepoint: 37401 ns, Total: 5415344 ns
[29.517s][info ][safepoint      ] Safepoint "ICBufferFull", Time since last: 4247235 ns, Reaching safepoint: 113800 ns, At safepoint: 11101 ns, Total: 124901 ns
[29.521s][info ][safepoint      ] Safepoint "ICBufferFull", Time since last: 697505 ns, Reaching safepoint: 2718022 ns, At safepoint: 17601 ns, Total: 2735623 ns
[29.527s][info ][safepoint      ] Safepoint "ICBufferFull", Time since last: 712505 ns, Reaching safepoint: 5257843 ns, At safepoint: 26301 ns, Total: 5284144 ns
[29.532s][info ][safepoint      ] Safepoint "ICBufferFull", Time since last: 775106 ns, Reaching safepoint: 4516837 ns, At safepoint: 21200 ns, Total: 4538037 ns
[29.618s][info ][safepoint      ] Safepoint "ICBufferFull", Time since last: 75269715 ns, Reaching safepoint: 10361885 ns, At safepoint: 34100 ns, Total: 10395985 ns
[29.645s][info ][safepoint      ] Safepoint "ICBufferFull", Time since last: 15716729 ns, Reaching safepoint: 11080790 ns, At safepoint: 37900 ns, Total: 11118690 ns
[29.649s][info ][safepoint      ] Safepoint "ICBufferFull", Time since last: 989908 ns, Reaching safepoint: 3462229 ns, At safepoint: 24400 ns, Total: 3486629 ns
[29.654s][info ][safepoint      ] Safepoint "ICBufferFull", Time since last: 1560313 ns, Reaching safepoint: 3311927 ns, At safepoint: 42900 ns, Total: 3354827 ns
[29.661s][info ][safepoint      ] Safepoint "ICBufferFull", Time since last: 835707 ns, Reaching safepoint: 5768247 ns, At safepoint: 41300 ns, Total: 5809547 ns
[29.684s][info ][safepoint      ] Safepoint "ICBufferFull", Time since last: 7886865 ns, Reaching safepoint: 15052823 ns, At safepoint: 35600 ns, Total: 15088423 ns
[29.689s][info ][safepoint      ] Safepoint "ICBufferFull", Time since last: 1018709 ns, Reaching safepoint: 4572437 ns, At safepoint: 28000 ns, Total: 4600437 ns
[29.695s][info ][safepoint      ] Safepoint "ICBufferFull", Time since last: 887307 ns, Reaching safepoint: 4389836 ns, At safepoint: 43401 ns, Total: 4433237 ns
[29.701s][info ][safepoint      ] Safepoint "ICBufferFull", Time since last: 773606 ns, Reaching safepoint: 5236643 ns, At safepoint: 33400 ns, Total: 5270043 ns
[30.706s][info ][gc,start       ] GC(21) Pause Young (Allocation Failure)
[30.905s][debug][gc,phases      ] GC(21) Scavenge 198.942ms
[30.905s][debug][gc,ref         ] GC(21) Skipped phase 1 of Reference Processing: no references
[30.905s][debug][gc,ref         ] GC(21) Skipped phase 3 of Reference Processing: no references
[30.905s][debug][gc,phases      ] GC(21) Reference Processing 0.193ms
[30.906s][debug][gc,phases      ] GC(21) Weak Processing 1.303ms
[30.906s][debug][gc,age         ] GC(21) Desired survivor size 266862592 bytes, new threshold 12 (max threshold 15)
[30.906s][info ][gc,heap        ] GC(21) PSYoungGen: 1580800K(1581056K)->71936K(1836544K) Eden: 1559552K(1559552K)->0K(1566208K) From: 21248K(21504K)->71936K(270336K)
[30.906s][info ][gc,heap        ] GC(21) ParOldGen: 168414K(218624K)->168422K(218624K)
[30.906s][info ][gc,metaspace   ] GC(21) Metaspace: 61187K(61696K)->61187K(61696K) NonClass: 52333K(52608K)->52333K(52608K) Class: 8854K(9088K)->8854K(9088K)
[30.906s][info ][gc             ] GC(21) Pause Young (Allocation Failure) 1708M->234M(2007M) 200.641ms
[30.906s][info ][gc,cpu         ] GC(21) User=0.29s Sys=0.00s Real=0.20s
[30.906s][info ][safepoint      ] Safepoint "ParallelGCFailedAllocation", Time since last: 980353310 ns, Reaching safepoint: 24579300 ns, At safepoint: 200793741 ns, Total: 225373041 ns
[31.277s][info ][safepoint      ] Safepoint "ICBufferFull", Time since last: 358203625 ns, Reaching safepoint: 12063598 ns, At safepoint: 23201 ns, Total: 12086799 ns
[31.285s][info ][safepoint      ] Safepoint "ICBufferFull", Time since last: 970008 ns, Reaching safepoint: 6991557 ns, At safepoint: 27000 ns, Total: 7018557 ns
[31.297s][info ][safepoint      ] Safepoint "ICBufferFull", Time since last: 2822223 ns, Reaching safepoint: 9117474 ns, At safepoint: 25501 ns, Total: 9142975 ns
[31.305s][info ][safepoint      ] Safepoint "ICBufferFull", Time since last: 914507 ns, Reaching safepoint: 7085258 ns, At safepoint: 23900 ns, Total: 7109158 ns
[31.309s][info ][safepoint      ] Safepoint "ICBufferFull", Time since last: 1476412 ns, Reaching safepoint: 3331827 ns, At safepoint: 15100 ns, Total: 3346927 ns
[31.589s][info ][safepoint      ] Safepoint "ICBufferFull", Time since last: 253044467 ns, Reaching safepoint: 26188614 ns, At safepoint: 66900 ns, Total: 26255514 ns
[31.592s][info ][safepoint      ] Safepoint "ICBufferFull", Time since last: 1818115 ns, Reaching safepoint: 1058409 ns, At safepoint: 14300 ns, Total: 1072709 ns
[31.601s][info ][safepoint      ] Safepoint "ICBufferFull", Time since last: 801606 ns, Reaching safepoint: 8188567 ns, At safepoint: 37600 ns, Total: 8226167 ns
[31.609s][info ][safepoint      ] Safepoint "ICBufferFull", Time since last: 928208 ns, Reaching safepoint: 7018757 ns, At safepoint: 46501 ns, Total: 7065258 ns
[31.613s][info ][safepoint      ] Safepoint "ICBufferFull", Time since last: 926107 ns, Reaching safepoint: 3191226 ns, At safepoint: 41901 ns, Total: 3233127 ns
[31.625s][info ][safepoint      ] Safepoint "ICBufferFull", Time since last: 3752530 ns, Reaching safepoint: 8510470 ns, At safepoint: 29400 ns, Total: 8539870 ns
[31.631s][info ][safepoint      ] Safepoint "ICBufferFull", Time since last: 1183910 ns, Reaching safepoint: 3410028 ns, At safepoint: 355502 ns, Total: 3765530 ns
[31.632s][info ][safepoint      ] Safepoint "ICBufferFull", Time since last: 2111118 ns, Reaching safepoint: 108401 ns, At safepoint: 10900 ns, Total: 119301 ns
[31.637s][info ][safepoint      ] Safepoint "ICBufferFull", Time since last: 4797639 ns, Reaching safepoint: 105301 ns, At safepoint: 10600 ns, Total: 115901 ns
[31.650s][info ][safepoint      ] Safepoint "ICBufferFull", Time since last: 747006 ns, Reaching safepoint: 11707495 ns, At safepoint: 43401 ns, Total: 11750896 ns
[31.661s][info ][safepoint      ] Safepoint "ICBufferFull", Time since last: 4216834 ns, Reaching safepoint: 6686455 ns, At safepoint: 40600 ns, Total: 6727055 ns
[31.665s][info ][safepoint      ] Safepoint "ICBufferFull", Time since last: 980108 ns, Reaching safepoint: 3195926 ns, At safepoint: 31201 ns, Total: 3227127 ns
[31.669s][info ][safepoint      ] Safepoint "ICBufferFull", Time since last: 910707 ns, Reaching safepoint: 3178326 ns, At safepoint: 21500 ns, Total: 3199826 ns
[31.674s][info ][safepoint      ] Safepoint "ICBufferFull", Time since last: 1507412 ns, Reaching safepoint: 3184726 ns, At safepoint: 31401 ns, Total: 3216127 ns
[31.678s][info ][safepoint      ] Safepoint "ICBufferFull", Time since last: 798006 ns, Reaching safepoint: 3144726 ns, At safepoint: 33300 ns, Total: 3178026 ns
[31.684s][info ][safepoint      ] Safepoint "ICBufferFull", Time since last: 4178734 ns, Reaching safepoint: 1927316 ns, At safepoint: 41800 ns, Total: 1969116 ns
[31.690s][info ][safepoint      ] Safepoint "ICBufferFull", Time since last: 2046917 ns, Reaching safepoint: 4233835 ns, At safepoint: 37300 ns, Total: 4271135 ns
[31.694s][info ][safepoint      ] Safepoint "ICBufferFull", Time since last: 2907324 ns, Reaching safepoint: 820706 ns, At safepoint: 13700 ns, Total: 834406 ns
[31.714s][info ][safepoint      ] Safepoint "ICBufferFull", Time since last: 16337934 ns, Reaching safepoint: 3869031 ns, At safepoint: 37901 ns, Total: 3906932 ns
[31.715s][info ][safepoint      ] Safepoint "ICBufferFull", Time since last: 877107 ns, Reaching safepoint: 149701 ns, At safepoint: 12100 ns, Total: 161801 ns
[31.729s][info ][safepoint      ] Safepoint "ICBufferFull", Time since last: 8103866 ns, Reaching safepoint: 5310844 ns, At safepoint: 22900 ns, Total: 5333744 ns
[31.735s][info ][safepoint      ] Safepoint "ICBufferFull", Time since last: 797507 ns, Reaching safepoint: 5440844 ns, At safepoint: 32400 ns, Total: 5473244 ns
[31.741s][info ][safepoint      ] Safepoint "ICBufferFull", Time since last: 826207 ns, Reaching safepoint: 4891140 ns, At safepoint: 22000 ns, Total: 4913140 ns
[31.753s][info ][safepoint      ] Safepoint "ICBufferFull", Time since last: 851807 ns, Reaching safepoint: 11200291 ns, At safepoint: 32801 ns, Total: 11233092 ns
[31.761s][info ][safepoint      ] Safepoint "ICBufferFull", Time since last: 825206 ns, Reaching safepoint: 7050458 ns, At safepoint: 25400 ns, Total: 7075858 ns
[31.773s][info ][safepoint      ] Safepoint "ICBufferFull", Time since last: 5382244 ns, Reaching safepoint: 6597954 ns, At safepoint: 22900 ns, Total: 6620854 ns
[31.781s][info ][safepoint      ] Safepoint "ICBufferFull", Time since last: 899608 ns, Reaching safepoint: 7086357 ns, At safepoint: 28801 ns, Total: 7115158 ns
[31.789s][info ][safepoint      ] Safepoint "ICBufferFull", Time since last: 834107 ns, Reaching safepoint: 7133558 ns, At safepoint: 30900 ns, Total: 7164458 ns
[31.796s][info ][safepoint      ] Safepoint "ICBufferFull", Time since last: 835207 ns, Reaching safepoint: 6640054 ns, At safepoint: 29900 ns, Total: 6669954 ns
[31.801s][info ][safepoint      ] Safepoint "ICBufferFull", Time since last: 815007 ns, Reaching safepoint: 3636930 ns, At safepoint: 28000 ns, Total: 3664930 ns
[31.817s][info ][safepoint      ] Safepoint "ICBufferFull", Time since last: 8868472 ns, Reaching safepoint: 7773464 ns, At safepoint: 29800 ns, Total: 7803264 ns
[31.825s][info ][safepoint      ] Safepoint "ICBufferFull", Time since last: 1504112 ns, Reaching safepoint: 5802548 ns, At safepoint: 29600 ns, Total: 5832148 ns
[31.836s][info ][safepoint      ] Safepoint "ICBufferFull", Time since last: 1321911 ns, Reaching safepoint: 10110082 ns, At safepoint: 35801 ns, Total: 10145883 ns
[31.841s][info ][safepoint      ] Safepoint "ICBufferFull", Time since last: 1052108 ns, Reaching safepoint: 3445828 ns, At safepoint: 25701 ns, Total: 3471529 ns
[31.846s][info ][safepoint      ] Safepoint "ICBufferFull", Time since last: 715705 ns, Reaching safepoint: 5130942 ns, At safepoint: 29301 ns, Total: 5160243 ns
[31.867s][info ][safepoint      ] Safepoint "ICBufferFull", Time since last: 10134382 ns, Reaching safepoint: 10102683 ns, At safepoint: 38400 ns, Total: 10141083 ns
[31.869s][info ][safepoint      ] Safepoint "ICBufferFull", Time since last: 872807 ns, Reaching safepoint: 1770415 ns, At safepoint: 23800 ns, Total: 1794215 ns
[31.874s][info ][safepoint      ] Safepoint "ICBufferFull", Time since last: 778906 ns, Reaching safepoint: 3442328 ns, At safepoint: 36201 ns, Total: 3478529 ns
[31.877s][info ][safepoint      ] Safepoint "ICBufferFull", Time since last: 965007 ns, Reaching safepoint: 2173118 ns, At safepoint: 24600 ns, Total: 2197718 ns
[31.881s][info ][safepoint      ] Safepoint "ICBufferFull", Time since last: 4068934 ns, Reaching safepoint: 112201 ns, At safepoint: 12500 ns, Total: 124701 ns
[31.887s][info ][safepoint      ] Safepoint "ICBufferFull", Time since last: 849907 ns, Reaching safepoint: 4962040 ns, At safepoint: 31500 ns, Total: 4993540 ns
[31.893s][info ][safepoint      ] Safepoint "ICBufferFull", Time since last: 804807 ns, Reaching safepoint: 4902240 ns, At safepoint: 26600 ns, Total: 4928840 ns
[31.901s][info ][safepoint      ] Safepoint "ICBufferFull", Time since last: 4667738 ns, Reaching safepoint: 3303427 ns, At safepoint: 17600 ns, Total: 3321027 ns
[31.906s][info ][safepoint      ] Safepoint "ICBufferFull", Time since last: 767207 ns, Reaching safepoint: 4274235 ns, At safepoint: 29900 ns, Total: 4304135 ns
[31.941s][info ][safepoint      ] Safepoint "ICBufferFull", Time since last: 21203573 ns, Reaching safepoint: 13723912 ns, At safepoint: 32600 ns, Total: 13756512 ns
[31.945s][info ][safepoint      ] Safepoint "ICBufferFull", Time since last: 961808 ns, Reaching safepoint: 3407528 ns, At safepoint: 25100 ns, Total: 3432628 ns
[31.950s][info ][safepoint      ] Safepoint "ICBufferFull", Time since last: 805907 ns, Reaching safepoint: 3823231 ns, At safepoint: 24100 ns, Total: 3847331 ns
[31.957s][info ][safepoint      ] Safepoint "ICBufferFull", Time since last: 804607 ns, Reaching safepoint: 6095850 ns, At safepoint: 24800 ns, Total: 6120650 ns
[31.965s][info ][safepoint      ] Safepoint "ICBufferFull", Time since last: 775306 ns, Reaching safepoint: 7215159 ns, At safepoint: 38300 ns, Total: 7253459 ns
[31.973s][info ][safepoint      ] Safepoint "ICBufferFull", Time since last: 4057433 ns, Reaching safepoint: 3885032 ns, At safepoint: 27800 ns, Total: 3912832 ns
[31.981s][info ][safepoint      ] Safepoint "ICBufferFull", Time since last: 818107 ns, Reaching safepoint: 7156059 ns, At safepoint: 27700 ns, Total: 7183759 ns
[31.986s][info ][safepoint      ] Safepoint "ICBufferFull", Time since last: 821306 ns, Reaching safepoint: 4206235 ns, At safepoint: 23100 ns, Total: 4229335 ns
[31.993s][info ][safepoint      ] Safepoint "ICBufferFull", Time since last: 868507 ns, Reaching safepoint: 6072350 ns, At safepoint: 36900 ns, Total: 6109250 ns
[31.994s][info ][safepoint      ] Safepoint "ICBufferFull", Time since last: 841107 ns, Reaching safepoint: 86401 ns, At safepoint: 15000 ns, Total: 101401 ns
[31.998s][info ][safepoint      ] Safepoint "ICBufferFull", Time since last: 4718538 ns, Reaching safepoint: 116501 ns, At safepoint: 22100 ns, Total: 138601 ns
[32.019s][info ][safepoint      ] Safepoint "ICBufferFull", Time since last: 8115867 ns, Reaching safepoint: 11984197 ns, At safepoint: 41301 ns, Total: 12025498 ns
[32.025s][info ][safepoint      ] Safepoint "ICBufferFull", Time since last: 889207 ns, Reaching safepoint: 5122242 ns, At safepoint: 26600 ns, Total: 5148842 ns
[32.029s][info ][safepoint      ] Safepoint "ICBufferFull", Time since last: 798107 ns, Reaching safepoint: 3295826 ns, At safepoint: 23601 ns, Total: 3319427 ns
[32.037s][info ][safepoint      ] Safepoint "ICBufferFull", Time since last: 755006 ns, Reaching safepoint: 7102258 ns, At safepoint: 28000 ns, Total: 7130258 ns
[32.040s][info ][safepoint      ] Safepoint "ICBufferFull", Time since last: 3524129 ns, Reaching safepoint: 115001 ns, At safepoint: 13200 ns, Total: 128201 ns
[32.048s][info ][safepoint      ] Safepoint "ICBufferFull", Time since last: 803806 ns, Reaching safepoint: 6722455 ns, At safepoint: 38201 ns, Total: 6760656 ns
[32.053s][info ][safepoint      ] Safepoint "ICBufferFull", Time since last: 835906 ns, Reaching safepoint: 3905232 ns, At safepoint: 28901 ns, Total: 3934133 ns
[32.069s][info ][safepoint      ] Safepoint "ICBufferFull", Time since last: 8015465 ns, Reaching safepoint: 8402969 ns, At safepoint: 36600 ns, Total: 8439569 ns
[32.074s][info ][safepoint      ] Safepoint "ICBufferFull", Time since last: 2250218 ns, Reaching safepoint: 2706122 ns, At safepoint: 29901 ns, Total: 2736023 ns
[32.101s][info ][safepoint      ] Safepoint "ICBufferFull", Time since last: 14279316 ns, Reaching safepoint: 12278200 ns, At safepoint: 35001 ns, Total: 12313201 ns
[32.108s][info ][safepoint      ] Safepoint "ICBufferFull", Time since last: 7586561 ns, Reaching safepoint: 135102 ns, At safepoint: 13600 ns, Total: 148702 ns
[32.121s][info ][safepoint      ] Safepoint "ICBufferFull", Time since last: 928007 ns, Reaching safepoint: 11304393 ns, At safepoint: 30500 ns, Total: 11334893 ns
[32.125s][info ][safepoint      ] Safepoint "ICBufferFull", Time since last: 841207 ns, Reaching safepoint: 3123625 ns, At safepoint: 21900 ns, Total: 3145525 ns
[32.129s][info ][safepoint      ] Safepoint "ICBufferFull", Time since last: 1200810 ns, Reaching safepoint: 3624230 ns, At safepoint: 14700 ns, Total: 3638930 ns
[32.133s][info ][safepoint      ] Safepoint "ICBufferFull", Time since last: 3367427 ns, Reaching safepoint: 153102 ns, At safepoint: 17300 ns, Total: 170402 ns
[32.138s][info ][safepoint      ] Safepoint "ICBufferFull", Time since last: 856107 ns, Reaching safepoint: 4112133 ns, At safepoint: 22400 ns, Total: 4134533 ns
[32.145s][info ][safepoint      ] Safepoint "ICBufferFull", Time since last: 816807 ns, Reaching safepoint: 5769247 ns, At safepoint: 19000 ns, Total: 5788247 ns
[32.149s][info ][safepoint      ] Safepoint "ICBufferFull", Time since last: 753207 ns, Reaching safepoint: 3201826 ns, At safepoint: 24700 ns, Total: 3226526 ns
[32.163s][info ][safepoint      ] Safepoint "ICBufferFull", Time since last: 11999498 ns, Reaching safepoint: 2131917 ns, At safepoint: 21700 ns, Total: 2153617 ns
[32.170s][info ][safepoint      ] Safepoint "ICBufferFull", Time since last: 5065842 ns, Reaching safepoint: 2128417 ns, At safepoint: 32200 ns, Total: 2160617 ns
[32.186s][info ][safepoint      ] Safepoint "ICBufferFull", Time since last: 832307 ns, Reaching safepoint: 14868222 ns, At safepoint: 28500 ns, Total: 14896722 ns
[32.189s][info ][safepoint      ] Safepoint "ICBufferFull", Time since last: 867607 ns, Reaching safepoint: 2208618 ns, At safepoint: 26600 ns, Total: 2235218 ns
[32.193s][info ][safepoint      ] Safepoint "ICBufferFull", Time since last: 799407 ns, Reaching safepoint: 3187126 ns, At safepoint: 30100 ns, Total: 3217226 ns
[32.201s][info ][safepoint      ] Safepoint "ICBufferFull", Time since last: 823107 ns, Reaching safepoint: 6992157 ns, At safepoint: 36400 ns, Total: 7028557 ns
[32.205s][info ][safepoint      ] Safepoint "ICBufferFull", Time since last: 4387836 ns, Reaching safepoint: 118101 ns, At safepoint: 13500 ns, Total: 131601 ns
[32.213s][info ][safepoint      ] Safepoint "ICBufferFull", Time since last: 882607 ns, Reaching safepoint: 6664454 ns, At safepoint: 31601 ns, Total: 6696055 ns
[32.217s][info ][safepoint      ] Safepoint "ICBufferFull", Time since last: 828106 ns, Reaching safepoint: 3186026 ns, At safepoint: 18301 ns, Total: 3204327 ns
[32.225s][info ][safepoint      ] Safepoint "ICBufferFull", Time since last: 846507 ns, Reaching safepoint: 7029557 ns, At safepoint: 37500 ns, Total: 7067057 ns
[32.229s][info ][safepoint      ] Safepoint "ICBufferFull", Time since last: 859707 ns, Reaching safepoint: 3178526 ns, At safepoint: 21400 ns, Total: 3199926 ns
[32.234s][info ][safepoint      ] Safepoint "ICBufferFull", Time since last: 5108742 ns, Reaching safepoint: 125501 ns, At safepoint: 12600 ns, Total: 138101 ns
[32.242s][info ][safepoint      ] Safepoint "ICBufferFull", Time since last: 1355211 ns, Reaching safepoint: 6298552 ns, At safepoint: 30700 ns, Total: 6329252 ns
[32.245s][info ][safepoint      ] Safepoint "ICBufferFull", Time since last: 1850615 ns, Reaching safepoint: 1688514 ns, At safepoint: 27800 ns, Total: 1716314 ns
[32.249s][info ][safepoint      ] Safepoint "ICBufferFull", Time since last: 755706 ns, Reaching safepoint: 3168326 ns, At safepoint: 25400 ns, Total: 3193726 ns
[32.257s][info ][safepoint      ] Safepoint "ICBufferFull", Time since last: 784507 ns, Reaching safepoint: 6718854 ns, At safepoint: 39501 ns, Total: 6758355 ns
[32.265s][info ][safepoint      ] Safepoint "ICBufferFull", Time since last: 3245526 ns, Reaching safepoint: 4699439 ns, At safepoint: 37500 ns, Total: 4736939 ns
[32.273s][info ][safepoint      ] Safepoint "ICBufferFull", Time since last: 1259910 ns, Reaching safepoint: 6624154 ns, At safepoint: 36001 ns, Total: 6660155 ns
[32.279s][info ][safepoint      ] Safepoint "ICBufferFull", Time since last: 885007 ns, Reaching safepoint: 4676838 ns, At safepoint: 51700 ns, Total: 4728538 ns
[32.282s][info ][safepoint      ] Safepoint "ICBufferFull", Time since last: 3754831 ns, Reaching safepoint: 114901 ns, At safepoint: 12700 ns, Total: 127601 ns
[32.293s][info ][safepoint      ] Safepoint "ICBufferFull", Time since last: 714906 ns, Reaching safepoint: 9745379 ns, At safepoint: 37001 ns, Total: 9782380 ns
[32.301s][info ][safepoint      ] Safepoint "ICBufferFull", Time since last: 3017924 ns, Reaching safepoint: 5097742 ns, At safepoint: 16800 ns, Total: 5114542 ns
[32.307s][info ][safepoint      ] Safepoint "ICBufferFull", Time since last: 845907 ns, Reaching safepoint: 5789847 ns, At safepoint: 22401 ns, Total: 5812248 ns
[32.317s][info ][safepoint      ] Safepoint "ICBufferFull", Time since last: 835006 ns, Reaching safepoint: 8338268 ns, At safepoint: 36101 ns, Total: 8374369 ns
[32.322s][info ][safepoint      ] Safepoint "ICBufferFull", Time since last: 857307 ns, Reaching safepoint: 4342335 ns, At safepoint: 39800 ns, Total: 4382135 ns
[32.327s][info ][safepoint      ] Safepoint "ICBufferFull", Time since last: 892708 ns, Reaching safepoint: 4726338 ns, At safepoint: 22900 ns, Total: 4749238 ns
[32.338s][info ][safepoint      ] Safepoint "ICBufferFull", Time since last: 3167826 ns, Reaching safepoint: 7664663 ns, At safepoint: 95101 ns, Total: 7759764 ns
[32.342s][info ][safepoint      ] Safepoint "ICBufferFull", Time since last: 2979024 ns, Reaching safepoint: 530404 ns, At safepoint: 21401 ns, Total: 551805 ns
[32.345s][info ][safepoint      ] Safepoint "ICBufferFull", Time since last: 776106 ns, Reaching safepoint: 2175918 ns, At safepoint: 15000 ns, Total: 2190918 ns
[32.357s][info ][safepoint      ] Safepoint "ICBufferFull", Time since last: 739006 ns, Reaching safepoint: 10923889 ns, At safepoint: 42300 ns, Total: 10966189 ns
[32.362s][info ][safepoint      ] Safepoint "ICBufferFull", Time since last: 838107 ns, Reaching safepoint: 4600438 ns, At safepoint: 29500 ns, Total: 4629938 ns
[32.386s][info ][safepoint      ] Safepoint "ICBufferFull", Time since last: 13675112 ns, Reaching safepoint: 9918380 ns, At safepoint: 33201 ns, Total: 9951581 ns
[32.393s][info ][safepoint      ] Safepoint "ICBufferFull", Time since last: 840307 ns, Reaching safepoint: 5999549 ns, At safepoint: 26600 ns, Total: 6026149 ns
[32.399s][info ][safepoint      ] Safepoint "ICBufferFull", Time since last: 803006 ns, Reaching safepoint: 5209143 ns, At safepoint: 28600 ns, Total: 5237743 ns
[32.405s][info ][safepoint      ] Safepoint "ICBufferFull", Time since last: 809407 ns, Reaching safepoint: 5113441 ns, At safepoint: 24201 ns, Total: 5137642 ns
[32.409s][info ][safepoint      ] Safepoint "ICBufferFull", Time since last: 746806 ns, Reaching safepoint: 3349227 ns, At safepoint: 21700 ns, Total: 3370927 ns
[32.426s][info ][safepoint      ] Safepoint "ICBufferFull", Time since last: 5591746 ns, Reaching safepoint: 11701695 ns, At safepoint: 36601 ns, Total: 11738296 ns
[32.433s][info ][safepoint      ] Safepoint "ICBufferFull", Time since last: 859507 ns, Reaching safepoint: 5679546 ns, At safepoint: 33200 ns, Total: 5712746 ns
[32.441s][info ][safepoint      ] Safepoint "ICBufferFull", Time since last: 803207 ns, Reaching safepoint: 7483161 ns, At safepoint: 36800 ns, Total: 7519961 ns
[32.446s][info ][safepoint      ] Safepoint "ICBufferFull", Time since last: 5183543 ns, Reaching safepoint: 123901 ns, At safepoint: 13300 ns, Total: 137201 ns
[32.458s][info ][safepoint      ] Safepoint "ICBufferFull", Time since last: 842807 ns, Reaching safepoint: 10539186 ns, At safepoint: 31800 ns, Total: 10570986 ns
[32.465s][info ][safepoint      ] Safepoint "ICBufferFull", Time since last: 3241626 ns, Reaching safepoint: 3713931 ns, At safepoint: 34400 ns, Total: 3748331 ns
[32.474s][info ][safepoint      ] Safepoint "ICBufferFull", Time since last: 830607 ns, Reaching safepoint: 8318168 ns, At safepoint: 38500 ns, Total: 8356668 ns
[32.481s][info ][safepoint      ] Safepoint "ICBufferFull", Time since last: 839907 ns, Reaching safepoint: 5916348 ns, At safepoint: 48300 ns, Total: 5964648 ns
[32.487s][info ][safepoint      ] Safepoint "ICBufferFull", Time since last: 5974049 ns, Reaching safepoint: 126301 ns, At safepoint: 13400 ns, Total: 139701 ns
[32.493s][info ][safepoint      ] Safepoint "ICBufferFull", Time since last: 6184551 ns, Reaching safepoint: 133601 ns, At safepoint: 17600 ns, Total: 151201 ns
[32.505s][info ][safepoint      ] Safepoint "ICBufferFull", Time since last: 6719855 ns, Reaching safepoint: 4772239 ns, At safepoint: 30900 ns, Total: 4803139 ns
[32.513s][info ][safepoint      ] Safepoint "ICBufferFull", Time since last: 860707 ns, Reaching safepoint: 7091658 ns, At safepoint: 25200 ns, Total: 7116858 ns
[32.521s][info ][safepoint      ] Safepoint "ICBufferFull", Time since last: 1696414 ns, Reaching safepoint: 6261851 ns, At safepoint: 23600 ns, Total: 6285451 ns
[32.529s][info ][safepoint      ] Safepoint "ICBufferFull", Time since last: 790707 ns, Reaching safepoint: 7207759 ns, At safepoint: 44900 ns, Total: 7252659 ns
[32.534s][info ][safepoint      ] Safepoint "ICBufferFull", Time since last: 928508 ns, Reaching safepoint: 4603337 ns, At safepoint: 22200 ns, Total: 4625537 ns
[32.546s][info ][safepoint      ] Safepoint "ICBufferFull", Time since last: 3108526 ns, Reaching safepoint: 8636870 ns, At safepoint: 39001 ns, Total: 8675871 ns
[32.553s][info ][safepoint      ] Safepoint "ICBufferFull", Time since last: 986108 ns, Reaching safepoint: 5639646 ns, At safepoint: 33400 ns, Total: 5673046 ns
[32.596s][info ][safepoint      ] Safepoint "ICBufferFull", Time since last: 36387997 ns, Reaching safepoint: 6695855 ns, At safepoint: 44500 ns, Total: 6740355 ns
[32.598s][info ][safepoint      ] Safepoint "ICBufferFull", Time since last: 1006508 ns, Reaching safepoint: 1422612 ns, At safepoint: 25900 ns, Total: 1448512 ns
[32.617s][info ][safepoint      ] Safepoint "ICBufferFull", Time since last: 8300768 ns, Reaching safepoint: 10613486 ns, At safepoint: 29501 ns, Total: 10642987 ns
[32.625s][info ][safepoint      ] Safepoint "ICBufferFull", Time since last: 3134125 ns, Reaching safepoint: 4306535 ns, At safepoint: 31801 ns, Total: 4338336 ns
[32.637s][info ][safepoint      ] Safepoint "ICBufferFull", Time since last: 992408 ns, Reaching safepoint: 10913789 ns, At safepoint: 35600 ns, Total: 10949389 ns
[32.659s][info ][safepoint      ] Safepoint "ICBufferFull", Time since last: 9594178 ns, Reaching safepoint: 12971706 ns, At safepoint: 48801 ns, Total: 13020507 ns
[32.663s][info ][safepoint      ] Safepoint "ICBufferFull", Time since last: 1736614 ns, Reaching safepoint: 1603113 ns, At safepoint: 19400 ns, Total: 1622513 ns
[32.689s][info ][safepoint      ] Safepoint "ICBufferFull", Time since last: 11037990 ns, Reaching safepoint: 15675928 ns, At safepoint: 31700 ns, Total: 15707628 ns
[32.699s][info ][safepoint      ] Safepoint "ICBufferFull", Time since last: 4617938 ns, Reaching safepoint: 5521845 ns, At safepoint: 32400 ns, Total: 5554245 ns
[32.701s][info ][safepoint      ] Safepoint "ICBufferFull", Time since last: 973208 ns, Reaching safepoint: 112501 ns, At safepoint: 15500 ns, Total: 128001 ns
[32.705s][info ][safepoint      ] Safepoint "ICBufferFull", Time since last: 3864032 ns, Reaching safepoint: 178901 ns, At safepoint: 12200 ns, Total: 191101 ns
[32.713s][info ][safepoint      ] Safepoint "ICBufferFull", Time since last: 861508 ns, Reaching safepoint: 7098157 ns, At safepoint: 28701 ns, Total: 7126858 ns
[32.733s][info ][safepoint      ] Safepoint "ICBufferFull", Time since last: 9110974 ns, Reaching safepoint: 10901689 ns, At safepoint: 37800 ns, Total: 10939489 ns
[32.740s][info ][safepoint      ] Safepoint "ICBufferFull", Time since last: 989808 ns, Reaching safepoint: 6070650 ns, At safepoint: 32900 ns, Total: 6103550 ns
[32.765s][info ][gc,start       ] GC(22) Pause Young (Allocation Failure)
[32.925s][debug][gc,phases      ] GC(22) Scavenge 159.942ms
[32.925s][debug][gc,ref         ] GC(22) Skipped phase 1 of Reference Processing: no references
[32.925s][debug][gc,ref         ] GC(22) Skipped phase 3 of Reference Processing: no references
[32.925s][debug][gc,phases      ] GC(22) Reference Processing 0.203ms
[32.929s][debug][gc,phases      ] GC(22) Weak Processing 4.634ms
[32.929s][debug][gc,age         ] GC(22) Desired survivor size 255328256 bytes, new threshold 13 (max threshold 15)
[32.930s][info ][gc,heap        ] GC(22) PSYoungGen: 1638144K(1836544K)->82544K(1826816K) Eden: 1566208K(1566208K)->0K(1566208K) From: 71936K(270336K)->82544K(260608K)
[32.930s][info ][gc,heap        ] GC(22) ParOldGen: 168422K(218624K)->168430K(218624K)
[32.930s][info ][gc,metaspace   ] GC(22) Metaspace: 61692K(62208K)->61692K(62208K) NonClass: 52786K(53056K)->52786K(53056K) Class: 8905K(9152K)->8905K(9152K)
[32.930s][info ][gc             ] GC(22) Pause Young (Allocation Failure) 1764M->245M(1997M) 164.997ms
[32.930s][info ][gc,cpu         ] GC(22) User=0.21s Sys=0.00s Real=0.16s
[32.930s][info ][safepoint      ] Safepoint "ParallelGCFailedAllocation", Time since last: 9137875 ns, Reaching safepoint: 15648628 ns, At safepoint: 165136547 ns, Total: 180785175 ns
[32.954s][info ][safepoint      ] Safepoint "ICBufferFull", Time since last: 6899957 ns, Reaching safepoint: 17166840 ns, At safepoint: 33500 ns, Total: 17200340 ns
[32.981s][info ][safepoint      ] Safepoint "ICBufferFull", Time since last: 9430877 ns, Reaching safepoint: 17332242 ns, At safepoint: 42300 ns, Total: 17374542 ns
[32.990s][info ][safepoint      ] Safepoint "ICBufferFull", Time since last: 1034308 ns, Reaching safepoint: 7911865 ns, At safepoint: 31400 ns, Total: 7943265 ns
[32.997s][info ][safepoint      ] Safepoint "ICBufferFull", Time since last: 2893724 ns, Reaching safepoint: 4165134 ns, At safepoint: 45700 ns, Total: 4210834 ns
[33.002s][info ][safepoint      ] Safepoint "ICBufferFull", Time since last: 2946724 ns, Reaching safepoint: 2612322 ns, At safepoint: 28800 ns, Total: 2641122 ns
[33.009s][info ][safepoint      ] Safepoint "ICBufferFull", Time since last: 904207 ns, Reaching safepoint: 5445145 ns, At safepoint: 30900 ns, Total: 5476045 ns
[33.013s][info ][safepoint      ] Safepoint "ICBufferFull", Time since last: 2838723 ns, Reaching safepoint: 1134709 ns, At safepoint: 19000 ns, Total: 1153709 ns
[33.017s][info ][safepoint      ] Safepoint "ICBufferFull", Time since last: 879608 ns, Reaching safepoint: 3333127 ns, At safepoint: 28800 ns, Total: 3361927 ns
[33.053s][info ][safepoint      ] Safepoint "ICBufferFull", Time since last: 22457483 ns, Reaching safepoint: 13266009 ns, At safepoint: 38600 ns, Total: 13304609 ns
[33.069s][info ][safepoint      ] Safepoint "ICBufferFull", Time since last: 3092925 ns, Reaching safepoint: 12819205 ns, At safepoint: 39600 ns, Total: 12858805 ns
[33.077s][info ][safepoint      ] Safepoint "ICBufferFull", Time since last: 1014308 ns, Reaching safepoint: 7875665 ns, At safepoint: 49600 ns, Total: 7925265 ns
[33.113s][info ][safepoint      ] Safepoint "ICBufferFull", Time since last: 20555868 ns, Reaching safepoint: 14508618 ns, At safepoint: 36400 ns, Total: 14545018 ns
[33.118s][info ][safepoint      ] Safepoint "ICBufferFull", Time since last: 1005709 ns, Reaching safepoint: 4186534 ns, At safepoint: 26900 ns, Total: 4213434 ns
[33.126s][info ][safepoint      ] Safepoint "ICBufferFull", Time since last: 2622021 ns, Reaching safepoint: 5178643 ns, At safepoint: 29300 ns, Total: 5207943 ns
[33.132s][info ][safepoint      ] Safepoint "ICBufferFull", Time since last: 1083709 ns, Reaching safepoint: 4812039 ns, At safepoint: 36200 ns, Total: 4848239 ns
[33.138s][info ][safepoint      ] Safepoint "ICBufferFull", Time since last: 2686922 ns, Reaching safepoint: 3654530 ns, At safepoint: 27000 ns, Total: 3681530 ns
[33.173s][info ][safepoint      ] Safepoint "ICBufferFull", Time since last: 18593152 ns, Reaching safepoint: 15985730 ns, At safepoint: 37701 ns, Total: 16023431 ns
[33.181s][info ][safepoint      ] Safepoint "ICBufferFull", Time since last: 1103009 ns, Reaching safepoint: 6912356 ns, At safepoint: 39000 ns, Total: 6951356 ns
[33.186s][info ][safepoint      ] Safepoint "ICBufferFull", Time since last: 2858624 ns, Reaching safepoint: 2463320 ns, At safepoint: 27700 ns, Total: 2491020 ns
[33.202s][info ][safepoint      ] Safepoint "ICBufferFull", Time since last: 7318460 ns, Reaching safepoint: 8446869 ns, At safepoint: 48600 ns, Total: 8495469 ns
[33.209s][info ][safepoint      ] Safepoint "ICBufferFull", Time since last: 2576721 ns, Reaching safepoint: 4241635 ns, At safepoint: 39400 ns, Total: 4281035 ns
[33.225s][info ][safepoint      ] Safepoint "ICBufferFull", Time since last: 8793872 ns, Reaching safepoint: 7284759 ns, At safepoint: 45200 ns, Total: 7329959 ns
[33.245s][info ][safepoint      ] Safepoint "ICBufferFull", Time since last: 11426194 ns, Reaching safepoint: 8397768 ns, At safepoint: 47901 ns, Total: 8445669 ns
[33.269s][info ][safepoint      ] Safepoint "ICBufferFull", Time since last: 7975465 ns, Reaching safepoint: 16029730 ns, At safepoint: 28501 ns, Total: 16058231 ns
[33.285s][info ][safepoint      ] Safepoint "ICBufferFull", Time since last: 5381844 ns, Reaching safepoint: 10471585 ns, At safepoint: 41500 ns, Total: 10513085 ns
[33.289s][info ][safepoint      ] Safepoint "ICBufferFull", Time since last: 3559329 ns, Reaching safepoint: 690406 ns, At safepoint: 25100 ns, Total: 715506 ns
[33.305s][info ][safepoint      ] Safepoint "ICBufferFull", Time since last: 10221784 ns, Reaching safepoint: 5544645 ns, At safepoint: 38000 ns, Total: 5582645 ns
[33.317s][info ][safepoint      ] Safepoint "ICBufferFull", Time since last: 6912057 ns, Reaching safepoint: 5027541 ns, At safepoint: 32700 ns, Total: 5060241 ns
[33.345s][info ][safepoint      ] Safepoint "ICBufferFull", Time since last: 5258743 ns, Reaching safepoint: 22644985 ns, At safepoint: 31500 ns, Total: 22676485 ns
[33.361s][info ][safepoint      ] Safepoint "ICBufferFull", Time since last: 5432244 ns, Reaching safepoint: 10531786 ns, At safepoint: 31200 ns, Total: 10562986 ns
[33.373s][info ][safepoint      ] Safepoint "ICBufferFull", Time since last: 6197251 ns, Reaching safepoint: 5829047 ns, At safepoint: 30101 ns, Total: 5859148 ns
[33.385s][info ][safepoint      ] Safepoint "ICBufferFull", Time since last: 5412544 ns, Reaching safepoint: 6533353 ns, At safepoint: 34200 ns, Total: 6567553 ns
[33.391s][info ][safepoint      ] Safepoint "ICBufferFull", Time since last: 2288119 ns, Reaching safepoint: 3999733 ns, At safepoint: 38300 ns, Total: 4038033 ns
[33.415s][info ][safepoint      ] Safepoint "ICBufferFull", Time since last: 8886673 ns, Reaching safepoint: 14729420 ns, At safepoint: 42100 ns, Total: 14771520 ns
[33.429s][info ][safepoint      ] Safepoint "ICBufferFull", Time since last: 4492637 ns, Reaching safepoint: 9508177 ns, At safepoint: 38101 ns, Total: 9546278 ns
[33.449s][info ][safepoint      ] Safepoint "ICBufferFull", Time since last: 9516977 ns, Reaching safepoint: 10458786 ns, At safepoint: 53300 ns, Total: 10512086 ns
[33.457s][info ][safepoint      ] Safepoint "ICBufferFull", Time since last: 3136326 ns, Reaching safepoint: 4796439 ns, At safepoint: 30100 ns, Total: 4826539 ns
[33.473s][info ][safepoint      ] Safepoint "ICBufferFull", Time since last: 5614646 ns, Reaching safepoint: 10349084 ns, At safepoint: 39501 ns, Total: 10388585 ns
[33.481s][info ][safepoint      ] Safepoint "ICBufferFull", Time since last: 3469728 ns, Reaching safepoint: 4495937 ns, At safepoint: 38400 ns, Total: 4534337 ns
[33.501s][info ][safepoint      ] Safepoint "ICBufferFull", Time since last: 9112674 ns, Reaching safepoint: 10885189 ns, At safepoint: 34600 ns, Total: 10919789 ns
[33.509s][info ][safepoint      ] Safepoint "ICBufferFull", Time since last: 4730339 ns, Reaching safepoint: 3193026 ns, At safepoint: 26300 ns, Total: 3219326 ns
[33.521s][info ][safepoint      ] Safepoint "ICBufferFull", Time since last: 4344536 ns, Reaching safepoint: 7612062 ns, At safepoint: 31700 ns, Total: 7643762 ns
[33.549s][info ][safepoint      ] Safepoint "ICBufferFull", Time since last: 17051039 ns, Reaching safepoint: 10942589 ns, At safepoint: 31301 ns, Total: 10973890 ns
[33.585s][info ][safepoint      ] Safepoint "ICBufferFull", Time since last: 15126823 ns, Reaching safepoint: 20842870 ns, At safepoint: 36400 ns, Total: 20879270 ns
[33.605s][info ][safepoint      ] Safepoint "ICBufferFull", Time since last: 4548337 ns, Reaching safepoint: 15357526 ns, At safepoint: 34900 ns, Total: 15392426 ns
[33.617s][info ][safepoint      ] Safepoint "ICBufferFull", Time since last: 6787455 ns, Reaching safepoint: 5237443 ns, At safepoint: 35800 ns, Total: 5273243 ns
[33.653s][info ][safepoint      ] Safepoint "ICBufferFull", Time since last: 20904571 ns, Reaching safepoint: 15047423 ns, At safepoint: 35400 ns, Total: 15082823 ns
[33.658s][info ][safepoint      ] Safepoint "ICBufferFull", Time since last: 3274627 ns, Reaching safepoint: 1716214 ns, At safepoint: 24000 ns, Total: 1740214 ns
[33.685s][info ][safepoint      ] Safepoint "ICBufferFull", Time since last: 11143891 ns, Reaching safepoint: 15827529 ns, At safepoint: 32800 ns, Total: 15860329 ns
[33.713s][info ][safepoint      ] Safepoint "ICBufferFull", Time since last: 17612144 ns, Reaching safepoint: 10342884 ns, At safepoint: 31701 ns, Total: 10374585 ns
[33.725s][info ][safepoint      ] Safepoint "ICBufferFull", Time since last: 3231726 ns, Reaching safepoint: 8799172 ns, At safepoint: 30200 ns, Total: 8829372 ns
[33.733s][info ][safepoint      ] Safepoint "ICBufferFull", Time since last: 2288719 ns, Reaching safepoint: 5614146 ns, At safepoint: 27300 ns, Total: 5641446 ns
[34.293s][info ][safepoint      ] Safepoint "ICBufferFull", Time since last: 548783276 ns, Reaching safepoint: 11290592 ns, At safepoint: 30301 ns, Total: 11320893 ns
[34.401s][info ][gc,start       ] GC(23) Pause Young (Allocation Failure)
[34.585s][debug][gc,phases      ] GC(23) Scavenge 183.867ms
[34.585s][debug][gc,ref         ] GC(23) Skipped phase 1 of Reference Processing: no references
[34.585s][debug][gc,ref         ] GC(23) Skipped phase 3 of Reference Processing: no references
[34.585s][debug][gc,phases      ] GC(23) Reference Processing 0.135ms
[34.586s][debug][gc,phases      ] GC(23) Weak Processing 0.891ms
[34.586s][debug][gc,age         ] GC(23) Desired survivor size 243269632 bytes, new threshold 14 (max threshold 15)
[34.586s][info ][gc,heap        ] GC(23) PSYoungGen: 1648752K(1826816K)->85248K(1859584K) Eden: 1566208K(1566208K)->0K(1610240K) From: 82544K(260608K)->85248K(249344K)
[34.586s][info ][gc,heap        ] GC(23) ParOldGen: 168430K(218624K)->168438K(218624K)
[34.586s][info ][gc,metaspace   ] GC(23) Metaspace: 62131K(62592K)->62131K(62592K) NonClass: 53195K(53440K)->53195K(53440K) Class: 8936K(9152K)->8936K(9152K)
[34.586s][info ][gc             ] GC(23) Pause Young (Allocation Failure) 1774M->247M(2029M) 185.091ms
[34.586s][info ][gc,cpu         ] GC(23) User=0.22s Sys=0.00s Real=0.19s
[34.586s][info ][safepoint      ] Safepoint "ParallelGCFailedAllocation", Time since last: 83835383 ns, Reaching safepoint: 24042496 ns, At safepoint: 185270211 ns, Total: 209312707 ns
[35.373s][info ][safepoint      ] Safepoint "ICBufferFull", Time since last: 778778751 ns, Reaching safepoint: 8116566 ns, At safepoint: 29600 ns, Total: 8146166 ns
[35.629s][info ][safepoint      ] Safepoint "ICBufferFull", Time since last: 243891788 ns, Reaching safepoint: 12086899 ns, At safepoint: 40000 ns, Total: 12126899 ns
[35.957s][info ][gc,start       ] GC(24) Pause Young (Allocation Failure)
[36.125s][debug][gc,phases      ] GC(24) Scavenge 167.900ms
[36.125s][debug][gc,ref         ] GC(24) Skipped phase 1 of Reference Processing: no references
[36.125s][debug][gc,ref         ] GC(24) Skipped phase 3 of Reference Processing: no references
[36.125s][debug][gc,phases      ] GC(24) Reference Processing 0.280ms
[36.126s][debug][gc,phases      ] GC(24) Weak Processing 1.165ms
[36.126s][debug][gc,age         ] GC(24) Desired survivor size 231735296 bytes, new threshold 15 (max threshold 15)
[36.126s][info ][gc,heap        ] GC(24) PSYoungGen: 1695488K(1859584K)->89792K(1847808K) Eden: 1610240K(1610240K)->0K(1610240K) From: 85248K(249344K)->89792K(237568K)
[36.126s][info ][gc,heap        ] GC(24) ParOldGen: 168438K(218624K)->168446K(218624K)
[36.126s][info ][gc,metaspace   ] GC(24) Metaspace: 62361K(62912K)->62361K(62912K) NonClass: 53404K(53696K)->53404K(53696K) Class: 8957K(9216K)->8957K(9216K)
[36.126s][info ][gc             ] GC(24) Pause Young (Allocation Failure) 1820M->252M(2018M) 169.567ms
[36.126s][info ][gc,cpu         ] GC(24) User=0.24s Sys=0.01s Real=0.17s
[36.126s][info ][safepoint      ] Safepoint "ParallelGCFailedAllocation", Time since last: 314566965 ns, Reaching safepoint: 13242307 ns, At safepoint: 169733384 ns, Total: 182975691 ns
[37.149s][info ][safepoint      ] Safepoint "Cleanup", Time since last: 1002334467 ns, Reaching safepoint: 20029263 ns, At safepoint: 37901 ns, Total: 20067164 ns
[37.282s][info ][gc,start       ] GC(25) Pause Young (Allocation Failure)
[37.465s][debug][gc,phases      ] GC(25) Scavenge 182.836ms
[37.465s][debug][gc,ref         ] GC(25) Skipped phase 1 of Reference Processing: no references
[37.465s][debug][gc,ref         ] GC(25) Skipped phase 3 of Reference Processing: no references
[37.465s][debug][gc,phases      ] GC(25) Reference Processing 0.207ms
[37.466s][debug][gc,phases      ] GC(25) Weak Processing 1.280ms
[37.466s][debug][gc,age         ] GC(25) Desired survivor size 219152384 bytes, new threshold 15 (max threshold 15)
[37.466s][info ][gc,heap        ] GC(25) PSYoungGen: 1700032K(1847808K)->96784K(1883136K) Eden: 1610240K(1610240K)->0K(1656832K) From: 89792K(237568K)->96784K(226304K)
[37.466s][info ][gc,heap        ] GC(25) ParOldGen: 168446K(218624K)->168454K(218624K)
[37.466s][info ][gc,metaspace   ] GC(25) Metaspace: 62433K(62976K)->62433K(62976K) NonClass: 53471K(53760K)->53471K(53760K) Class: 8962K(9216K)->8962K(9216K)
[37.466s][info ][gc             ] GC(25) Pause Young (Allocation Failure) 1824M->259M(2052M) 184.582ms
[37.466s][info ][gc,cpu         ] GC(25) User=0.28s Sys=0.00s Real=0.19s
[37.466s][info ][safepoint      ] Safepoint "ParallelGCFailedAllocation", Time since last: 124259512 ns, Reaching safepoint: 8552170 ns, At safepoint: 184755604 ns, Total: 193307774 ns
[38.477s][info ][safepoint      ] Safepoint "Cleanup", Time since last: 1000105145 ns, Reaching safepoint: 10316484 ns, At safepoint: 39701 ns, Total: 10356185 ns
[38.593s][info ][gc,start       ] GC(26) Pause Young (Allocation Failure)
[38.793s][debug][gc,phases      ] GC(26) Scavenge 199.880ms
[38.793s][debug][gc,ref         ] GC(26) Skipped phase 1 of Reference Processing: no references
[38.793s][debug][gc,ref         ] GC(26) Skipped phase 3 of Reference Processing: no references
[38.793s][debug][gc,phases      ] GC(26) Reference Processing 0.187ms
[38.794s][debug][gc,phases      ] GC(26) Weak Processing 0.803ms
[38.794s][debug][gc,age         ] GC(26) Desired survivor size 208142336 bytes, new threshold 15 (max threshold 15)
[38.794s][info ][gc,heap        ] GC(26) PSYoungGen: 1753616K(1883136K)->97984K(1870848K) Eden: 1656832K(1656832K)->0K(1656832K) From: 96784K(226304K)->97984K(214016K)
[38.794s][info ][gc,heap        ] GC(26) ParOldGen: 168454K(218624K)->171206K(218624K)
[38.794s][info ][gc,metaspace   ] GC(26) Metaspace: 62631K(63168K)->62631K(63168K) NonClass: 53635K(53952K)->53635K(53952K) Class: 8996K(9216K)->8996K(9216K)
[38.794s][info ][gc             ] GC(26) Pause Young (Allocation Failure) 1877M->262M(2040M) 201.054ms
[38.794s][info ][gc,cpu         ] GC(26) User=0.27s Sys=0.00s Real=0.20s
[38.794s][info ][safepoint      ] Safepoint "ParallelGCFailedAllocation", Time since last: 108606384 ns, Reaching safepoint: 7217959 ns, At safepoint: 201192338 ns, Total: 208410297 ns
[39.821s][info ][safepoint      ] Safepoint "Cleanup", Time since last: 1006755194 ns, Reaching safepoint: 20058664 ns, At safepoint: 29400 ns, Total: 20088064 ns
[40.281s][info ][gc,start       ] GC(27) Pause Young (Allocation Failure)
[40.465s][debug][gc,phases      ] GC(27) Scavenge 183.915ms
[40.465s][debug][gc,ref         ] GC(27) Skipped phase 1 of Reference Processing: no references
[40.465s][debug][gc,ref         ] GC(27) Skipped phase 3 of Reference Processing: no references
[40.465s][debug][gc,phases      ] GC(27) Reference Processing 0.254ms
[40.466s][debug][gc,phases      ] GC(27) Weak Processing 1.156ms
[40.466s][debug][gc,age         ] GC(27) Desired survivor size 198705152 bytes, new threshold 15 (max threshold 15)
[40.466s][info ][gc,heap        ] GC(27) PSYoungGen: 1754816K(1870848K)->102624K(1903104K) Eden: 1656832K(1656832K)->0K(1699840K) From: 97984K(214016K)->102624K(203264K)
[40.466s][info ][gc,heap        ] GC(27) ParOldGen: 171206K(218624K)->175027K(218624K)
[40.466s][info ][gc,metaspace   ] GC(27) Metaspace: 62689K(63168K)->62689K(63168K) NonClass: 53690K(53952K)->53690K(53952K) Class: 8998K(9216K)->8998K(9216K)
[40.466s][info ][gc             ] GC(27) Pause Young (Allocation Failure) 1880M->271M(2072M) 185.573ms
[40.466s][info ][gc,cpu         ] GC(27) User=0.28s Sys=0.00s Real=0.19s
[40.466s][info ][safepoint      ] Safepoint "ParallelGCFailedAllocation", Time since last: 438502168 ns, Reaching safepoint: 21402174 ns, At safepoint: 185745011 ns, Total: 207147185 ns
[41.479s][info ][safepoint      ] Safepoint "Cleanup", Time since last: 1000101735 ns, Reaching safepoint: 12639603 ns, At safepoint: 29900 ns, Total: 12669503 ns
[41.605s][info ][gc,start       ] GC(28) Pause Young (Allocation Failure)
[41.801s][debug][gc,phases      ] GC(28) Scavenge 196.126ms
[41.801s][debug][gc,ref         ] GC(28) Skipped phase 1 of Reference Processing: no references
[41.801s][debug][gc,ref         ] GC(28) Skipped phase 3 of Reference Processing: no references
[41.801s][debug][gc,phases      ] GC(28) Reference Processing 0.187ms
[41.802s][debug][gc,phases      ] GC(28) Weak Processing 0.903ms
[41.802s][debug][gc,age         ] GC(28) Desired survivor size 190316544 bytes, new threshold 15 (max threshold 15)
[41.802s][info ][gc,heap        ] GC(28) PSYoungGen: 1802464K(1903104K)->103888K(1893888K) Eden: 1699840K(1699840K)->0K(1699840K) From: 102624K(203264K)->103888K(194048K)
[41.802s][info ][gc,heap        ] GC(28) ParOldGen: 175027K(218624K)->176267K(218624K)
[41.802s][info ][gc,metaspace   ] GC(28) Metaspace: 62781K(63296K)->62781K(63296K) NonClass: 53783K(54080K)->53783K(54080K) Class: 8998K(9216K)->8998K(9216K)
[41.802s][info ][gc             ] GC(28) Pause Young (Allocation Failure) 1931M->273M(2063M) 197.383ms
[41.802s][info ][gc,cpu         ] GC(28) User=0.23s Sys=0.03s Real=0.19s
[41.802s][info ][safepoint      ] Safepoint "ParallelGCFailedAllocation", Time since last: 110764401 ns, Reaching safepoint: 14843121 ns, At safepoint: 197511306 ns, Total: 212354427 ns
[42.803s][info ][safepoint      ] Safepoint "Cleanup", Time since last: 1000145731 ns, Reaching safepoint: 745606 ns, At safepoint: 21100 ns, Total: 766706 ns
[42.993s][info ][gc,start       ] GC(29) Pause Young (Allocation Failure)
[43.137s][debug][gc,phases      ] GC(29) Scavenge 143.873ms
[43.137s][debug][gc,ref         ] GC(29) Skipped phase 1 of Reference Processing: no references
[43.137s][debug][gc,ref         ] GC(29) Skipped phase 3 of Reference Processing: no references
[43.137s][debug][gc,phases      ] GC(29) Reference Processing 0.210ms
[43.138s][debug][gc,phases      ] GC(29) Weak Processing 0.926ms
[43.138s][debug][gc,age         ] GC(29) Desired survivor size 183500800 bytes, new threshold 15 (max threshold 15)
[43.138s][info ][gc,heap        ] GC(29) PSYoungGen: 1803728K(1893888K)->91344K(1917952K) Eden: 1699840K(1699840K)->0K(1732096K) From: 103888K(194048K)->91344K(185856K)
[43.138s][info ][gc,heap        ] GC(29) ParOldGen: 176267K(218624K)->176859K(218624K)
[43.138s][info ][gc,metaspace   ] GC(29) Metaspace: 62935K(63552K)->62935K(63552K) NonClass: 53922K(54272K)->53922K(54272K) Class: 9012K(9280K)->9012K(9280K)
[43.138s][info ][gc             ] GC(29) Pause Young (Allocation Failure) 1933M->261M(2086M) 145.209ms
[43.138s][info ][gc,cpu         ] GC(29) User=0.20s Sys=0.00s Real=0.15s
[43.138s][info ][safepoint      ] Safepoint "ParallelGCFailedAllocation", Time since last: 165474945 ns, Reaching safepoint: 24066596 ns, At safepoint: 145359681 ns, Total: 169426277 ns
[44.197s][info ][safepoint      ] Safepoint "Cleanup", Time since last: 1035372212 ns, Reaching safepoint: 23413991 ns, At safepoint: 36400 ns, Total: 23450391 ns
[44.497s][info ][gc,start       ] GC(30) Pause Young (Allocation Failure)
[44.601s][debug][gc,phases      ] GC(30) Scavenge 103.873ms
[44.601s][debug][gc,ref         ] GC(30) Skipped phase 1 of Reference Processing: no references
[44.601s][debug][gc,ref         ] GC(30) Skipped phase 3 of Reference Processing: no references
[44.601s][debug][gc,phases      ] GC(30) Reference Processing 0.237ms
[44.602s][debug][gc,phases      ] GC(30) Weak Processing 0.905ms
[44.602s][debug][gc,age         ] GC(30) Desired survivor size 180879360 bytes, new threshold 15 (max threshold 15)
[44.602s][info ][gc,heap        ] GC(30) PSYoungGen: 1823440K(1917952K)->67776K(1911296K) Eden: 1732096K(1732096K)->0K(1732096K) From: 91344K(185856K)->67776K(179200K)
[44.602s][info ][gc,heap        ] GC(30) ParOldGen: 176859K(218624K)->178531K(218624K)
[44.602s][info ][gc,metaspace   ] GC(30) Metaspace: 63468K(64000K)->63468K(64000K) NonClass: 54377K(54656K)->54377K(54656K) Class: 9090K(9344K)->9090K(9344K)
[44.602s][info ][gc             ] GC(30) Pause Young (Allocation Failure) 1953M->240M(2080M) 105.219ms
[44.602s][info ][gc,cpu         ] GC(30) User=0.10s Sys=0.00s Real=0.10s
[44.602s][info ][safepoint      ] Safepoint "ParallelGCFailedAllocation", Time since last: 284923714 ns, Reaching safepoint: 14897021 ns, At safepoint: 105373156 ns, Total: 120270177 ns
[45.621s][info ][safepoint      ] Safepoint "Cleanup", Time since last: 1002533541 ns, Reaching safepoint: 16158331 ns, At safepoint: 48201 ns, Total: 16206532 ns
[46.029s][info ][gc,start       ] GC(31) Pause Young (Allocation Failure)
[46.125s][debug][gc,phases      ] GC(31) Scavenge 95.888ms
[46.125s][debug][gc,ref         ] GC(31) Skipped phase 1 of Reference Processing: no references
[46.125s][debug][gc,ref         ] GC(31) Skipped phase 3 of Reference Processing: no references
[46.125s][debug][gc,phases      ] GC(31) Reference Processing 0.217ms
[46.126s][debug][gc,phases      ] GC(31) Weak Processing 0.927ms
[46.126s][debug][gc,age         ] GC(31) Desired survivor size 178782208 bytes, new threshold 15 (max threshold 15)
[46.126s][info ][gc,heap        ] GC(31) PSYoungGen: 1799872K(1911296K)->60832K(1922560K) Eden: 1732096K(1732096K)->0K(1745920K) From: 67776K(179200K)->60832K(176640K)
[46.126s][info ][gc,heap        ] GC(31) ParOldGen: 178531K(218624K)->180899K(218624K)
[46.126s][info ][gc,metaspace   ] GC(31) Metaspace: 64028K(64640K)->64028K(64640K) NonClass: 54865K(55168K)->54865K(55168K) Class: 9163K(9472K)->9163K(9472K)
[46.126s][info ][gc             ] GC(31) Pause Young (Allocation Failure) 1932M->236M(2091M) 97.207ms
[46.126s][info ][gc,cpu         ] GC(31) User=0.14s Sys=0.00s Real=0.10s
[46.126s][info ][safepoint      ] Safepoint "ParallelGCFailedAllocation", Time since last: 391143875 ns, Reaching safepoint: 16696136 ns, At safepoint: 97355090 ns, Total: 114051226 ns
[47.173s][info ][safepoint      ] Safepoint "Cleanup", Time since last: 1018603866 ns, Reaching safepoint: 28091628 ns, At safepoint: 37000 ns, Total: 28128628 ns
[47.517s][info ][gc,start       ] GC(32) Pause Young (Allocation Failure)
[47.605s][debug][gc,phases      ] GC(32) Scavenge 87.850ms
[47.605s][debug][gc,ref         ] GC(32) Skipped phase 1 of Reference Processing: no references
[47.605s][debug][gc,ref         ] GC(32) Skipped phase 3 of Reference Processing: no references
[47.605s][debug][gc,phases      ] GC(32) Reference Processing 0.241ms
[47.606s][debug][gc,phases      ] GC(32) Weak Processing 0.854ms
[47.606s][debug][gc,age         ] GC(32) Desired survivor size 176160768 bytes, new threshold 15 (max threshold 15)
[47.606s][info ][gc,heap        ] GC(32) PSYoungGen: 1806752K(1922560K)->58944K(1920512K) Eden: 1745920K(1745920K)->0K(1745920K) From: 60832K(176640K)->58944K(174592K)
[47.606s][info ][gc,heap        ] GC(32) ParOldGen: 180899K(218624K)->183595K(218624K)
[47.606s][info ][gc,metaspace   ] GC(32) Metaspace: 66167K(66752K)->66167K(66752K) NonClass: 56648K(56960K)->56648K(56960K) Class: 9518K(9792K)->9518K(9792K)
[47.606s][info ][gc             ] GC(32) Pause Young (Allocation Failure) 1941M->236M(2089M) 89.123ms
[47.606s][info ][gc,cpu         ] GC(32) User=0.11s Sys=0.01s Real=0.09s
[47.606s][info ][safepoint      ] Safepoint "ParallelGCFailedAllocation", Time since last: 324191531 ns, Reaching safepoint: 19742760 ns, At safepoint: 89267124 ns, Total: 109009884 ns
[48.701s][info ][safepoint      ] Safepoint "Cleanup", Time since last: 1078660648 ns, Reaching safepoint: 16113331 ns, At safepoint: 43200 ns, Total: 16156531 ns
[49.229s][info ][gc,start       ] GC(33) Pause Young (Allocation Failure)
[49.297s][debug][gc,phases      ] GC(33) Scavenge 68.490ms
[49.297s][debug][gc,ref         ] GC(33) Skipped phase 1 of Reference Processing: no references
[49.297s][debug][gc,ref         ] GC(33) Skipped phase 3 of Reference Processing: no references
[49.297s][debug][gc,phases      ] GC(33) Reference Processing 0.224ms
[49.298s][debug][gc,phases      ] GC(33) Weak Processing 0.967ms
[49.298s][debug][gc,age         ] GC(33) Desired survivor size 173015040 bytes, new threshold 15 (max threshold 15)
[49.298s][info ][gc,heap        ] GC(33) PSYoungGen: 1804864K(1920512K)->58551K(1928192K) Eden: 1745920K(1745920K)->0K(1756160K) From: 58944K(174592K)->58551K(172032K)
[49.299s][info ][gc,heap        ] GC(33) ParOldGen: 183595K(218624K)->186291K(218624K)
[49.299s][info ][gc,metaspace   ] GC(33) Metaspace: 71217K(71808K)->71217K(71808K) NonClass: 61098K(61376K)->61098K(61376K) Class: 10119K(10432K)->10119K(10432K)
[49.299s][info ][gc             ] GC(33) Pause Young (Allocation Failure) 1941M->239M(2096M) 69.832ms
[49.299s][info ][gc,cpu         ] GC(33) User=0.09s Sys=0.00s Real=0.07s
[49.299s][info ][safepoint      ] Safepoint "ParallelGCFailedAllocation", Time since last: 511873251 ns, Reaching safepoint: 16116130 ns, At safepoint: 69939567 ns, Total: 86055697 ns
[50.389s][info ][safepoint      ] Safepoint "ICBufferFull", Time since last: 1075492917 ns, Reaching safepoint: 14645319 ns, At safepoint: 38200 ns, Total: 14683519 ns
[50.550s][info ][gc,start       ] GC(34) Pause Young (Allocation Failure)
[50.614s][debug][gc,phases      ] GC(34) Scavenge 64.114ms
[50.614s][debug][gc,ref         ] GC(34) Skipped phase 1 of Reference Processing: no references
[50.614s][debug][gc,ref         ] GC(34) Skipped phase 3 of Reference Processing: no references
[50.614s][debug][gc,phases      ] GC(34) Reference Processing 0.238ms
[50.615s][debug][gc,phases      ] GC(34) Weak Processing 1.130ms
[50.615s][debug][gc,age         ] GC(34) Desired survivor size 169345024 bytes, new threshold 15 (max threshold 15)
[50.615s][info ][gc,heap        ] GC(34) PSYoungGen: 1814711K(1928192K)->60128K(1925120K) Eden: 1756160K(1756160K)->0K(1756160K) From: 58551K(172032K)->60128K(168960K)
[50.615s][info ][gc,heap        ] GC(34) ParOldGen: 186291K(218624K)->186719K(218624K)
[50.615s][info ][gc,metaspace   ] GC(34) Metaspace: 72098K(72704K)->72098K(72704K) NonClass: 61875K(62208K)->61875K(62208K) Class: 10222K(10496K)->10222K(10496K)
[50.616s][info ][gc             ] GC(34) Pause Young (Allocation Failure) 1954M->241M(2093M) 65.696ms
[50.616s][info ][gc,cpu         ] GC(34) User=0.10s Sys=0.02s Real=0.06s
[50.616s][info ][safepoint      ] Safepoint "ParallelGCFailedAllocation", Time since last: 149461711 ns, Reaching safepoint: 11515293 ns, At safepoint: 65873334 ns, Total: 77388627 ns
[51.549s][info ][safepoint      ] Safepoint "ICBufferFull", Time since last: 913762302 ns, Reaching safepoint: 19357957 ns, At safepoint: 28600 ns, Total: 19386557 ns
[52.557s][info ][safepoint      ] Safepoint "Cleanup", Time since last: 1000142399 ns, Reaching safepoint: 7675263 ns, At safepoint: 27600 ns, Total: 7702863 ns
[52.603s][info ][gc,start       ] GC(35) Pause Young (Allocation Failure)
[52.681s][debug][gc,phases      ] GC(35) Scavenge 77.300ms
[52.681s][debug][gc,ref         ] GC(35) Skipped phase 1 of Reference Processing: no references
[52.681s][debug][gc,ref         ] GC(35) Skipped phase 3 of Reference Processing: no references
[52.681s][debug][gc,phases      ] GC(35) Reference Processing 0.295ms
[52.683s][debug][gc,phases      ] GC(35) Weak Processing 1.663ms
[52.683s][debug][gc,age         ] GC(35) Desired survivor size 160956416 bytes, new threshold 15 (max threshold 15)
[52.683s][info ][gc,heap        ] GC(35) PSYoungGen: 1816288K(1925120K)->84220K(1939968K) Eden: 1756160K(1756160K)->0K(1774592K) From: 60128K(168960K)->84220K(165376K)
[52.683s][info ][gc,heap        ] GC(35) ParOldGen: 186719K(218624K)->189090K(218624K)
[52.683s][info ][gc,metaspace   ] GC(35) Metaspace: 72306K(72832K)->72306K(72832K) NonClass: 62064K(62336K)->62064K(62336K) Class: 10241K(10496K)->10241K(10496K)
[52.683s][info ][gc             ] GC(35) Pause Young (Allocation Failure) 1956M->266M(2108M) 79.572ms
[52.683s][info ][gc,cpu         ] GC(35) User=0.12s Sys=0.00s Real=0.08s
[52.683s][info ][safepoint      ] Safepoint "ParallelGCFailedAllocation", Time since last: 31923858 ns, Reaching safepoint: 14631219 ns, At safepoint: 79826546 ns, Total: 94457765 ns
[53.168s][info ][safepoint      ] Safepoint "ICBufferFull", Time since last: 461520236 ns, Reaching safepoint: 23884094 ns, At safepoint: 45800 ns, Total: 23929894 ns
[53.193s][info ][safepoint      ] Safepoint "ICBufferFull", Time since last: 4091733 ns, Reaching safepoint: 20025162 ns, At safepoint: 44100 ns, Total: 20069262 ns
[53.856s][info ][safepoint      ] Safepoint "ICBufferFull", Time since last: 651904676 ns, Reaching safepoint: 11930997 ns, At safepoint: 25700 ns, Total: 11956697 ns
[54.205s][info ][gc,start       ] GC(36) Pause Young (Allocation Failure)
[54.269s][debug][gc,phases      ] GC(36) Scavenge 63.869ms
[54.269s][debug][gc,ref         ] GC(36) Skipped phase 1 of Reference Processing: no references
[54.269s][debug][gc,ref         ] GC(36) Skipped phase 3 of Reference Processing: no references
[54.269s][debug][gc,phases      ] GC(36) Reference Processing 0.187ms
[54.270s][debug][gc,phases      ] GC(36) Weak Processing 0.848ms
[54.270s][debug][gc,age         ] GC(36) Desired survivor size 154140672 bytes, new threshold 15 (max threshold 15)
[54.270s][info ][gc,heap        ] GC(36) PSYoungGen: 1858812K(1939968K)->81616K(1931776K) Eden: 1774592K(1774592K)->0K(1774592K) From: 84220K(165376K)->81616K(157184K)
[54.270s][info ][gc,heap        ] GC(36) ParOldGen: 189090K(218624K)->191668K(218624K)
[54.270s][info ][gc,metaspace   ] GC(36) Metaspace: 72731K(73344K)->72731K(73344K) NonClass: 62435K(62784K)->62435K(62784K) Class: 10295K(10560K)->10295K(10560K)
[54.270s][info ][gc             ] GC(36) Pause Young (Allocation Failure) 1999M->266M(2100M) 65.071ms
[54.270s][info ][gc,cpu         ] GC(36) User=0.12s Sys=0.00s Real=0.06s
[54.270s][info ][safepoint      ] Safepoint "ParallelGCFailedAllocation", Time since last: 329766668 ns, Reaching safepoint: 18351649 ns, At safepoint: 65214327 ns, Total: 83565976 ns
[54.989s][info ][safepoint      ] Safepoint "ICBufferFull", Time since last: 703026588 ns, Reaching safepoint: 15791728 ns, At safepoint: 30300 ns, Total: 15822028 ns
[55.693s][info ][safepoint      ] Safepoint "ICBufferFull", Time since last: 685189441 ns, Reaching safepoint: 18769952 ns, At safepoint: 29700 ns, Total: 18799652 ns
[55.789s][info ][gc,start       ] GC(37) Pause Young (Allocation Failure)
[55.881s][debug][gc,phases      ] GC(37) Scavenge 91.910ms
[55.881s][debug][gc,ref         ] GC(37) Skipped phase 1 of Reference Processing: no references
[55.881s][debug][gc,ref         ] GC(37) Skipped phase 3 of Reference Processing: no references
[55.881s][debug][gc,phases      ] GC(37) Reference Processing 0.164ms
[55.882s][debug][gc,phases      ] GC(37) Weak Processing 0.936ms
[55.882s][debug][gc,age         ] GC(37) Desired survivor size 147849216 bytes, new threshold 15 (max threshold 15)
[55.882s][info ][gc,heap        ] GC(37) PSYoungGen: 1856208K(1931776K)->80981K(1952768K) Eden: 1774592K(1774592K)->0K(1802240K) From: 81616K(157184K)->80981K(150528K)
[55.882s][info ][gc,heap        ] GC(37) ParOldGen: 191668K(218624K)->192645K(218624K)
[55.882s][info ][gc,metaspace   ] GC(37) Metaspace: 72938K(73536K)->72938K(73536K) NonClass: 62640K(62976K)->62640K(62976K) Class: 10298K(10560K)->10298K(10560K)
[55.882s][info ][gc             ] GC(37) Pause Young (Allocation Failure) 1999M->267M(2120M) 93.160ms
[55.882s][info ][gc,cpu         ] GC(37) User=0.09s Sys=0.00s Real=0.09s
[55.882s][info ][safepoint      ] Safepoint "ParallelGCFailedAllocation", Time since last: 76879421 ns, Reaching safepoint: 19038354 ns, At safepoint: 93301755 ns, Total: 112340109 ns
[56.465s][info ][safepoint      ] Safepoint "ICBufferFull", Time since last: 554696084 ns, Reaching safepoint: 28167628 ns, At safepoint: 32900 ns, Total: 28200528 ns
[57.360s][info ][safepoint      ] Safepoint "ICBufferFull", Time since last: 881495425 ns, Reaching safepoint: 14043313 ns, At safepoint: 53500 ns, Total: 14096813 ns
[57.613s][info ][gc,start       ] GC(38) Pause Young (Allocation Failure)
[57.684s][debug][gc,phases      ] GC(38) Scavenge 71.474ms
[57.684s][debug][gc,ref         ] GC(38) Skipped phase 1 of Reference Processing: no references
[57.684s][debug][gc,ref         ] GC(38) Skipped phase 3 of Reference Processing: no references
[57.684s][debug][gc,phases      ] GC(38) Reference Processing 0.159ms
[57.685s][debug][gc,phases      ] GC(38) Weak Processing 0.954ms
[57.685s][debug][gc,age         ] GC(38) Desired survivor size 142606336 bytes, new threshold 15 (max threshold 15)
[57.685s][info ][gc,heap        ] GC(38) PSYoungGen: 1883221K(1952768K)->77913K(1946624K) Eden: 1802240K(1802240K)->0K(1802240K) From: 80981K(150528K)->77913K(144384K)
[57.685s][info ][gc,heap        ] GC(38) ParOldGen: 192645K(218624K)->195111K(218624K)
[57.685s][info ][gc,metaspace   ] GC(38) Metaspace: 73140K(73728K)->73140K(73728K) NonClass: 62841K(63168K)->62841K(63168K) Class: 10298K(10560K)->10298K(10560K)
[57.685s][info ][gc             ] GC(38) Pause Young (Allocation Failure) 2027M->266M(2114M) 72.761ms
[57.685s][info ][gc,cpu         ] GC(38) User=0.09s Sys=0.00s Real=0.08s
[57.686s][info ][safepoint      ] Safepoint "ParallelGCFailedAllocation", Time since last: 244314775 ns, Reaching safepoint: 7952264 ns, At safepoint: 72908289 ns, Total: 80860553 ns
[59.049s][info ][gc,start       ] GC(39) Pause Young (Allocation Failure)
[59.153s][debug][gc,phases      ] GC(39) Scavenge 103.722ms
[59.153s][debug][gc,ref         ] GC(39) Skipped phase 1 of Reference Processing: no references
[59.153s][debug][gc,ref         ] GC(39) Skipped phase 3 of Reference Processing: no references
[59.153s][debug][gc,phases      ] GC(39) Reference Processing 0.200ms
[59.154s][debug][gc,phases      ] GC(39) Weak Processing 1.183ms
[59.154s][debug][gc,age         ] GC(39) Desired survivor size 138412032 bytes, new threshold 15 (max threshold 15)
[59.154s][info ][gc,heap        ] GC(39) PSYoungGen: 1880153K(1946624K)->71609K(1961984K) Eden: 1802240K(1802240K)->0K(1822720K) From: 77913K(144384K)->71609K(139264K)
[59.154s][info ][gc,heap        ] GC(39) ParOldGen: 195111K(218624K)->201208K(218624K)
[59.154s][info ][gc,metaspace   ] GC(39) Metaspace: 73226K(73792K)->73226K(73792K) NonClass: 62925K(63232K)->62925K(63232K) Class: 10300K(10560K)->10300K(10560K)
[59.154s][info ][gc             ] GC(39) Pause Young (Allocation Failure) 2026M->266M(2129M) 105.295ms
[59.154s][info ][gc,cpu         ] GC(39) User=0.09s Sys=0.01s Real=0.10s
[59.154s][info ][safepoint      ] Safepoint "ParallelGCFailedAllocation", Time since last: 1347376884 ns, Reaching safepoint: 15844528 ns, At safepoint: 105483751 ns, Total: 121328279 ns
[60.165s][info ][safepoint      ] Safepoint "Cleanup", Time since last: 1000090074 ns, Reaching safepoint: 10273483 ns, At safepoint: 34801 ns, Total: 10308284 ns
[60.457s][info ][gc,start       ] GC(40) Pause Young (Allocation Failure)
[60.577s][debug][gc,phases      ] GC(40) Scavenge 119.887ms
[60.577s][debug][gc,ref         ] GC(40) Skipped phase 1 of Reference Processing: no references
[60.577s][debug][gc,phases      ] GC(40) Reference Processing 0.203ms
[60.578s][debug][gc,phases      ] GC(40) Weak Processing 0.997ms
[60.578s][debug][gc,age         ] GC(40) Desired survivor size 136314880 bytes, new threshold 15 (max threshold 15)
[60.578s][info ][gc,heap        ] GC(40) PSYoungGen: 1894329K(1961984K)->64129K(1957888K) Eden: 1822720K(1822720K)->0K(1822720K) From: 71609K(139264K)->64129K(135168K)
[60.578s][info ][gc,heap        ] GC(40) ParOldGen: 201208K(218624K)->208844K(218624K)
[60.578s][info ][gc,metaspace   ] GC(40) Metaspace: 73308K(73920K)->73308K(73920K) NonClass: 63005K(63360K)->63005K(63360K) Class: 10303K(10560K)->10303K(10560K)
[60.578s][info ][gc             ] GC(40) Pause Young (Allocation Failure) 2046M->266M(2125M) 121.259ms
[60.578s][info ][gc,cpu         ] GC(40) User=0.11s Sys=0.00s Real=0.12s
[60.578s][debug][gc,phases      ] GC(41) Pre Compact 0.016ms
[60.578s][info ][gc,start       ] GC(41) Pause Full (Ergonomics)
[60.578s][info ][gc,phases,start] GC(41) Marking Phase
[60.937s][debug][gc,phases      ] GC(41) Par Mark 358.661ms
[60.937s][debug][gc,ref         ] GC(41) Skipped phase 1 of Reference Processing: no references
[60.937s][debug][gc,ref         ] GC(41) Skipped phase 3 of Reference Processing: no references
[60.937s][debug][gc,phases      ] GC(41) Reference Processing 0.446ms
[60.938s][debug][gc,phases      ] GC(41) Weak Processing 1.197ms
[60.939s][debug][gc,phases      ] GC(41) ClassLoaderData 0.083ms
[60.939s][debug][gc,phases      ] GC(41) Trigger cleanups 0.000ms
[60.960s][debug][gc,phases      ] GC(41) Class Unloading 21.235ms
[60.960s][info ][gc,phases      ] GC(41) Marking Phase 381.744ms
[60.960s][info ][gc,phases,start] GC(41) Summary Phase
[60.960s][info ][gc,phases      ] GC(41) Summary Phase 0.043ms
[60.960s][info ][gc,phases,start] GC(41) Adjust Roots
[60.989s][info ][gc,phases      ] GC(41) Adjust Roots 29.186ms
[60.989s][info ][gc,phases,start] GC(41) Compaction Phase
[61.683s][info ][gc,phases      ] GC(41) Compaction Phase 693.838ms
[61.683s][info ][gc,phases,start] GC(41) Post Compact
[61.685s][info ][gc,phases      ] GC(41) Post Compact 1.591ms
[61.685s][info ][gc,heap        ] GC(41) PSYoungGen: 64129K(1957888K)->62631K(1957888K) Eden: 0K(1822720K)->0K(1822720K) From: 64129K(135168K)->62631K(135168K)
[61.685s][info ][gc,heap        ] GC(41) ParOldGen: 208844K(218624K)->208102K(258560K)
[61.685s][info ][gc,metaspace   ] GC(41) Metaspace: 73308K(73920K)->73308K(73920K) NonClass: 63005K(63360K)->63005K(63360K) Class: 10303K(10560K)->10303K(10560K)
[61.685s][info ][gc             ] GC(41) Pause Full (Ergonomics) 266M->264M(2164M) 1106.774ms
[61.685s][info ][gc,cpu         ] GC(41) User=1.69s Sys=0.01s Real=1.11s
[61.685s][info ][safepoint      ] Safepoint "ParallelGCFailedAllocation", Time since last: 271897194 ns, Reaching safepoint: 20051362 ns, At safepoint: 1228689214 ns, Total: 1248740576 ns
[62.701s][info ][safepoint      ] Safepoint "Cleanup", Time since last: 1003252892 ns, Reaching safepoint: 12071897 ns, At safepoint: 34200 ns, Total: 12106097 ns
[63.173s][info ][gc,start       ] GC(42) Pause Young (Allocation Failure)
[63.353s][debug][gc,phases      ] GC(42) Scavenge 179.965ms
[63.353s][debug][gc,ref         ] GC(42) Skipped phase 1 of Reference Processing: no references
[63.353s][debug][gc,ref         ] GC(42) Skipped phase 3 of Reference Processing: no references
[63.353s][debug][gc,phases      ] GC(42) Reference Processing 0.063ms
[63.354s][debug][gc,phases      ] GC(42) Weak Processing 1.038ms
[63.354s][debug][gc,age         ] GC(42) Desired survivor size 133693440 bytes, new threshold 15 (max threshold 15)
[63.354s][info ][gc,heap        ] GC(42) PSYoungGen: 1885351K(1957888K)->61539K(1966592K) Eden: 1822720K(1822720K)->0K(1833472K) From: 62631K(135168K)->61539K(133120K)
[63.354s][info ][gc,heap        ] GC(42) ParOldGen: 208102K(258560K)->211910K(258560K)
[63.354s][info ][gc,metaspace   ] GC(42) Metaspace: 73393K(73984K)->73393K(73984K) NonClass: 63090K(63424K)->63090K(63424K) Class: 10303K(10560K)->10303K(10560K)
[63.354s][info ][gc             ] GC(42) Pause Young (Allocation Failure) 2044M->267M(2173M) 181.227ms
[63.354s][info ][gc,cpu         ] GC(42) User=0.21s Sys=0.00s Real=0.18s
[63.354s][info ][safepoint      ] Safepoint "ParallelGCFailedAllocation", Time since last: 459889008 ns, Reaching safepoint: 12094998 ns, At safepoint: 181346062 ns, Total: 193441060 ns
[64.369s][info ][safepoint      ] Safepoint "Cleanup", Time since last: 1006567813 ns, Reaching safepoint: 8213166 ns, At safepoint: 56300 ns, Total: 8269466 ns
[64.693s][info ][gc,start       ] GC(43) Pause Young (Allocation Failure)
[64.785s][debug][gc,phases      ] GC(43) Scavenge 91.909ms
[64.785s][debug][gc,ref         ] GC(43) Skipped phase 1 of Reference Processing: no references
[64.785s][debug][gc,ref         ] GC(43) Skipped phase 3 of Reference Processing: no references
[64.785s][debug][gc,phases      ] GC(43) Reference Processing 0.080ms
[64.786s][debug][gc,phases      ] GC(43) Weak Processing 0.975ms
[64.786s][debug][gc,age         ] GC(43) Desired survivor size 132120576 bytes, new threshold 15 (max threshold 15)
[64.786s][info ][gc,heap        ] GC(43) PSYoungGen: 1895011K(1966592K)->56057K(1964032K) Eden: 1833472K(1833472K)->0K(1833472K) From: 61539K(133120K)->56057K(130560K)
[64.786s][info ][gc,heap        ] GC(43) ParOldGen: 211910K(258560K)->220086K(258560K)
[64.786s][info ][gc,metaspace   ] GC(43) Metaspace: 73425K(73984K)->73425K(73984K) NonClass: 63121K(63424K)->63121K(63424K) Class: 10303K(10560K)->10303K(10560K)
[64.786s][info ][gc             ] GC(43) Pause Young (Allocation Failure) 2057M->269M(2170M) 93.134ms
[64.786s][info ][gc,cpu         ] GC(43) User=0.07s Sys=0.01s Real=0.10s
[64.786s][info ][safepoint      ] Safepoint "ParallelGCFailedAllocation", Time since last: 303721648 ns, Reaching safepoint: 20077962 ns, At safepoint: 93269651 ns, Total: 113347613 ns
[65.809s][info ][safepoint      ] Safepoint "Cleanup", Time since last: 1000092256 ns, Reaching safepoint: 22634083 ns, At safepoint: 34200 ns, Total: 22668283 ns
[66.154s][info ][gc,start       ] GC(44) Pause Young (Allocation Failure)
[66.257s][debug][gc,phases      ] GC(44) Scavenge 102.483ms
[66.257s][debug][gc,ref         ] GC(44) Skipped phase 1 of Reference Processing: no references
[66.257s][debug][gc,ref         ] GC(44) Skipped phase 3 of Reference Processing: no references
[66.257s][debug][gc,phases      ] GC(44) Reference Processing 0.058ms
[66.258s][debug][gc,phases      ] GC(44) Weak Processing 0.956ms
[66.258s][debug][gc,age         ] GC(44) Desired survivor size 130023424 bytes, new threshold 15 (max threshold 15)
[66.258s][info ][gc,heap        ] GC(44) PSYoungGen: 1889529K(1964032K)->58504K(1970176K) Eden: 1833472K(1833472K)->0K(1841152K) From: 56057K(130560K)->58504K(129024K)
[66.258s][info ][gc,heap        ] GC(44) ParOldGen: 220086K(258560K)->222832K(258560K)
[66.258s][info ][gc,metaspace   ] GC(44) Metaspace: 73475K(74048K)->73475K(74048K) NonClass: 63171K(63488K)->63171K(63488K) Class: 10303K(10560K)->10303K(10560K)
[66.258s][info ][gc             ] GC(44) Pause Young (Allocation Failure) 2060M->274M(2176M) 103.686ms
[66.258s][info ][gc,cpu         ] GC(44) User=0.06s Sys=0.00s Real=0.11s
[66.258s][info ][safepoint      ] Safepoint "ParallelGCFailedAllocation", Time since last: 338488426 ns, Reaching safepoint: 6869755 ns, At safepoint: 103828336 ns, Total: 110698091 ns
[67.273s][info ][safepoint      ] Safepoint "Cleanup", Time since last: 1002717873 ns, Reaching safepoint: 12793803 ns, At safepoint: 39300 ns, Total: 12833103 ns
[67.533s][info ][gc,start       ] GC(45) Pause Young (Allocation Failure)
[67.593s][debug][gc,phases      ] GC(45) Scavenge 60.119ms
[67.593s][debug][gc,ref         ] GC(45) Skipped phase 1 of Reference Processing: no references
[67.593s][debug][gc,ref         ] GC(45) Skipped phase 3 of Reference Processing: no references
[67.593s][debug][gc,phases      ] GC(45) Reference Processing 0.056ms
[67.594s][debug][gc,phases      ] GC(45) Weak Processing 1.121ms
[67.594s][debug][gc,age         ] GC(45) Desired survivor size 128450560 bytes, new threshold 15 (max threshold 15)
[67.594s][info ][gc,heap        ] GC(45) PSYoungGen: 1899656K(1970176K)->51745K(1968128K) Eden: 1841152K(1841152K)->0K(1841152K) From: 58504K(129024K)->51745K(126976K)
[67.594s][info ][gc,heap        ] GC(45) ParOldGen: 222832K(258560K)->232342K(258560K)
[67.594s][info ][gc,metaspace   ] GC(45) Metaspace: 73599K(74176K)->73599K(74176K) NonClass: 63295K(63616K)->63295K(63616K) Class: 10303K(10560K)->10303K(10560K)
[67.594s][info ][gc             ] GC(45) Pause Young (Allocation Failure) 2072M->277M(2174M) 61.484ms
[67.594s][info ][gc,cpu         ] GC(45) User=0.09s Sys=0.01s Real=0.06s
[67.594s][info ][safepoint      ] Safepoint "ParallelGCFailedAllocation", Time since last: 255638258 ns, Reaching safepoint: 3645029 ns, At safepoint: 61634496 ns, Total: 65279525 ns
[68.607s][info ][safepoint      ] Safepoint "Cleanup", Time since last: 1002239165 ns, Reaching safepoint: 10248583 ns, At safepoint: 43300 ns, Total: 10291883 ns
[68.829s][info ][gc,start       ] GC(46) Pause Young (Allocation Failure)
[68.922s][debug][gc,phases      ] GC(46) Scavenge 93.493ms
[68.922s][debug][gc,ref         ] GC(46) Skipped phase 1 of Reference Processing: no references
[68.922s][debug][gc,ref         ] GC(46) Skipped phase 3 of Reference Processing: no references
[68.922s][debug][gc,phases      ] GC(46) Reference Processing 0.049ms
[68.923s][debug][gc,phases      ] GC(46) Weak Processing 0.911ms
[68.923s][debug][gc,age         ] GC(46) Desired survivor size 127401984 bytes, new threshold 15 (max threshold 15)
[68.923s][info ][gc,heap        ] GC(46) PSYoungGen: 1892897K(1968128K)->48044K(1972736K) Eden: 1841152K(1841152K)->0K(1847296K) From: 51745K(126976K)->48044K(125440K)
[68.923s][info ][gc,heap        ] GC(46) ParOldGen: 232342K(258560K)->240181K(258560K)
[68.923s][info ][gc,metaspace   ] GC(46) Metaspace: 73629K(74176K)->73629K(74176K) NonClass: 63325K(63616K)->63325K(63616K) Class: 10303K(10560K)->10303K(10560K)
[68.923s][info ][gc             ] GC(46) Pause Young (Allocation Failure) 2075M->281M(2179M) 94.613ms
[68.923s][info ][gc,cpu         ] GC(46) User=0.06s Sys=0.00s Real=0.09s
[68.923s][info ][safepoint      ] Safepoint "ParallelGCFailedAllocation", Time since last: 212049606 ns, Reaching safepoint: 9662078 ns, At safepoint: 94803462 ns, Total: 104465540 ns
[69.769s][info ][safepoint      ] Safepoint "ICBufferFull", Time since last: 825190637 ns, Reaching safepoint: 20164162 ns, At safepoint: 21300 ns, Total: 20185462 ns
[70.433s][info ][gc,start       ] GC(47) Pause Young (Allocation Failure)
[70.493s][debug][gc,phases      ] GC(47) Scavenge 60.563ms
[70.493s][debug][gc,ref         ] GC(47) Skipped phase 1 of Reference Processing: no references
[70.493s][debug][gc,ref         ] GC(47) Skipped phase 3 of Reference Processing: no references
[70.493s][debug][gc,phases      ] GC(47) Reference Processing 0.043ms
[70.494s][debug][gc,phases      ] GC(47) Weak Processing 0.903ms
[70.494s][debug][gc,age         ] GC(47) Desired survivor size 125304832 bytes, new threshold 15 (max threshold 15)
[70.494s][info ][gc,heap        ] GC(47) PSYoungGen: 1895340K(1972736K)->48149K(1971712K) Eden: 1847296K(1847296K)->0K(1847296K) From: 48044K(125440K)->48149K(124416K)
[70.494s][info ][gc,heap        ] GC(47) ParOldGen: 240181K(258560K)->240509K(258560K)
[70.494s][info ][gc,metaspace   ] GC(47) Metaspace: 73701K(74240K)->73701K(74240K) NonClass: 63397K(63680K)->63397K(63680K) Class: 10303K(10560K)->10303K(10560K)
[70.494s][info ][gc             ] GC(47) Pause Young (Allocation Failure) 2085M->281M(2178M) 61.673ms
[70.494s][info ][gc,cpu         ] GC(47) User=0.04s Sys=0.00s Real=0.06s
[70.494s][info ][safepoint      ] Safepoint "ParallelGCFailedAllocation", Time since last: 647063703 ns, Reaching safepoint: 16918536 ns, At safepoint: 61788697 ns, Total: 78707233 ns
[71.513s][info ][safepoint      ] Safepoint "Cleanup", Time since last: 1002043554 ns, Reaching safepoint: 16175930 ns, At safepoint: 29100 ns, Total: 16205030 ns
[71.812s][info ][gc,start       ] GC(48) Pause Young (Allocation Failure)
[71.857s][debug][gc,phases      ] GC(48) Scavenge 44.674ms
[71.857s][debug][gc,ref         ] GC(48) Skipped phase 1 of Reference Processing: no references
[71.857s][debug][gc,ref         ] GC(48) Skipped phase 3 of Reference Processing: no references
[71.857s][debug][gc,phases      ] GC(48) Reference Processing 0.041ms
[71.858s][debug][gc,phases      ] GC(48) Weak Processing 1.075ms
[71.858s][debug][gc,age         ] GC(48) Desired survivor size 123207680 bytes, new threshold 15 (max threshold 15)
[71.858s][info ][gc,heap        ] GC(48) PSYoungGen: 1895445K(1971712K)->47802K(1976832K) Eden: 1847296K(1847296K)->0K(1854464K) From: 48149K(124416K)->47802K(122368K)
[71.858s][info ][gc,heap        ] GC(48) ParOldGen: 240509K(258560K)->241181K(258560K)
[71.858s][info ][gc,metaspace   ] GC(48) Metaspace: 73705K(74240K)->73705K(74240K) NonClass: 63400K(63680K)->63400K(63680K) Class: 10305K(10560K)->10305K(10560K)
[71.858s][info ][gc             ] GC(48) Pause Young (Allocation Failure) 2085M->282M(2183M) 46.036ms
[71.858s][info ][gc,cpu         ] GC(48) User=0.06s Sys=0.00s Real=0.05s
[71.858s][info ][safepoint      ] Safepoint "ParallelGCFailedAllocation", Time since last: 292820953 ns, Reaching safepoint: 6196350 ns, At safepoint: 46203471 ns, Total: 52399821 ns
[72.881s][info ][safepoint      ] Safepoint "Cleanup", Time since last: 1006589587 ns, Reaching safepoint: 16057929 ns, At safepoint: 27700 ns, Total: 16085629 ns
[73.015s][info ][gc,start       ] GC(49) Pause Young (Allocation Failure)
[73.075s][debug][gc,phases      ] GC(49) Scavenge 59.897ms
[73.075s][debug][gc,ref         ] GC(49) Skipped phase 1 of Reference Processing: no references
[73.075s][debug][gc,ref         ] GC(49) Skipped phase 3 of Reference Processing: no references
[73.075s][debug][gc,phases      ] GC(49) Reference Processing 0.038ms
[73.076s][debug][gc,phases      ] GC(49) Weak Processing 0.814ms
[73.076s][debug][gc,age         ] GC(49) Desired survivor size 121110528 bytes, new threshold 15 (max threshold 15)
[73.076s][info ][gc,heap        ] GC(49) PSYoungGen: 1902266K(1976832K)->45781K(1974784K) Eden: 1854464K(1854464K)->0K(1854464K) From: 47802K(122368K)->45781K(120320K)
[73.076s][info ][gc,heap        ] GC(49) ParOldGen: 241181K(258560K)->243391K(258560K)
[73.076s][info ][gc,metaspace   ] GC(49) Metaspace: 73712K(74240K)->73712K(74240K) NonClass: 63407K(63680K)->63407K(63680K) Class: 10305K(10560K)->10305K(10560K)
[73.076s][info ][gc             ] GC(49) Pause Young (Allocation Failure) 2093M->282M(2181M) 60.908ms
[73.076s][info ][gc,cpu         ] GC(49) User=0.05s Sys=0.00s Real=0.06s
[73.076s][info ][safepoint      ] Safepoint "ParallelGCFailedAllocation", Time since last: 122741686 ns, Reaching safepoint: 11838395 ns, At safepoint: 61041990 ns, Total: 72880385 ns
[74.113s][info ][safepoint      ] Safepoint "Cleanup", Time since last: 1004349765 ns, Reaching safepoint: 32014356 ns, At safepoint: 28301 ns, Total: 32042657 ns
[74.413s][info ][gc,start       ] GC(50) Pause Young (Allocation Failure)
[74.461s][debug][gc,phases      ] GC(50) Scavenge 47.889ms
[74.461s][debug][gc,ref         ] GC(50) Skipped phase 1 of Reference Processing: no references
[74.461s][debug][gc,ref         ] GC(50) Skipped phase 3 of Reference Processing: no references
[74.461s][debug][gc,phases      ] GC(50) Reference Processing 0.037ms
[74.462s][debug][gc,phases      ] GC(50) Weak Processing 0.883ms
[74.462s][debug][gc,age         ] GC(50) Desired survivor size 118489088 bytes, new threshold 15 (max threshold 15)
[74.462s][info ][gc,heap        ] GC(50) PSYoungGen: 1900245K(1974784K)->44867K(1981440K) Eden: 1854464K(1854464K)->0K(1863168K) From: 45781K(120320K)->44867K(118272K)
[74.462s][info ][gc,heap        ] GC(50) ParOldGen: 243391K(258560K)->244835K(258560K)
[74.462s][info ][gc,metaspace   ] GC(50) Metaspace: 73723K(74304K)->73723K(74304K) NonClass: 63418K(63744K)->63418K(63744K) Class: 10305K(10560K)->10305K(10560K)
[74.462s][info ][gc             ] GC(50) Pause Young (Allocation Failure) 2093M->282M(2187M) 48.985ms
[74.462s][info ][gc,cpu         ] GC(50) User=0.05s Sys=0.00s Real=0.05s
[74.462s][debug][gc,phases      ] GC(51) Pre Compact 0.018ms
[74.462s][info ][gc,start       ] GC(51) Pause Full (Ergonomics)
[74.462s][info ][gc,phases,start] GC(51) Marking Phase
[74.801s][debug][gc,phases      ] GC(51) Par Mark 338.783ms
[74.801s][debug][gc,ref         ] GC(51) Skipped phase 1 of Reference Processing: no references
[74.801s][debug][gc,ref         ] GC(51) Skipped phase 3 of Reference Processing: no references
[74.801s][debug][gc,phases      ] GC(51) Reference Processing 0.341ms
[74.802s][debug][gc,phases      ] GC(51) Weak Processing 0.715ms
[74.802s][debug][gc,phases      ] GC(51) ClassLoaderData 0.062ms
[74.802s][debug][gc,phases      ] GC(51) Trigger cleanups 0.000ms
[74.826s][debug][gc,phases      ] GC(51) Class Unloading 24.461ms
[74.826s][info ][gc,phases      ] GC(51) Marking Phase 364.504ms
[74.826s][info ][gc,phases,start] GC(51) Summary Phase
[74.826s][info ][gc,phases      ] GC(51) Summary Phase 0.023ms
[74.826s][info ][gc,phases,start] GC(51) Adjust Roots
[74.855s][info ][gc,phases      ] GC(51) Adjust Roots 29.243ms
[74.856s][info ][gc,phases,start] GC(51) Compaction Phase
[75.153s][info ][gc,phases      ] GC(51) Compaction Phase 297.524ms
[75.153s][info ][gc,phases,start] GC(51) Post Compact
[75.155s][info ][gc,phases      ] GC(51) Post Compact 2.177ms
[75.156s][info ][gc,heap        ] GC(51) PSYoungGen: 44867K(1981440K)->41558K(1981440K) Eden: 0K(1863168K)->0K(1863168K) From: 44867K(118272K)->41558K(118272K)
[75.156s][info ][gc,heap        ] GC(51) ParOldGen: 244835K(258560K)->246500K(304128K)
[75.156s][info ][gc,metaspace   ] GC(51) Metaspace: 73723K(74304K)->73723K(74304K) NonClass: 63418K(63744K)->63418K(63744K) Class: 10305K(10560K)->10305K(10560K)
[75.156s][info ][gc             ] GC(51) Pause Full (Ergonomics) 282M->281M(2232M) 693.946ms
[75.156s][info ][gc,cpu         ] GC(51) User=1.07s Sys=0.00s Real=0.69s
[75.213s][info ][safepoint      ] Safepoint "ParallelGCFailedAllocation", Time since last: 280886454 ns, Reaching safepoint: 19049153 ns, At safepoint: 799949521 ns, Total: 818998674 ns
[76.237s][info ][safepoint      ] Safepoint "Cleanup", Time since last: 1000154924 ns, Reaching safepoint: 24121693 ns, At safepoint: 29401 ns, Total: 24151094 ns
[76.307s][info ][gc,start       ] GC(52) Pause Young (Allocation Failure)
[76.429s][debug][gc,phases      ] GC(52) Scavenge 121.142ms
[76.429s][debug][gc,ref         ] GC(52) Skipped phase 1 of Reference Processing: no references
[76.429s][debug][gc,ref         ] GC(52) Skipped phase 3 of Reference Processing: no references
[76.429s][debug][gc,phases      ] GC(52) Reference Processing 0.032ms
[76.429s][debug][gc,phases      ] GC(52) Weak Processing 0.717ms
[76.429s][debug][gc,age         ] GC(52) Desired survivor size 119537664 bytes, new threshold 15 (max threshold 15)
[76.429s][info ][gc,heap        ] GC(52) PSYoungGen: 1904726K(1981440K)->23072K(1978880K) Eden: 1863168K(1863168K)->0K(1863168K) From: 41558K(118272K)->23072K(115712K)
[76.429s][info ][gc,heap        ] GC(52) ParOldGen: 246500K(304128K)->267166K(304128K)
[76.429s][info ][gc,metaspace   ] GC(52) Metaspace: 73723K(74304K)->73723K(74304K) NonClass: 63418K(63744K)->63418K(63744K) Class: 10305K(10560K)->10305K(10560K)
[76.429s][info ][gc             ] GC(52) Pause Young (Allocation Failure) 2100M->283M(2229M) 122.063ms
[76.429s][info ][gc,cpu         ] GC(52) User=0.16s Sys=0.00s Real=0.12s
[76.430s][info ][safepoint      ] Safepoint "ParallelGCFailedAllocation", Time since last: 60698786 ns, Reaching safepoint: 9832279 ns, At safepoint: 122207480 ns, Total: 132039759 ns
[77.445s][info ][safepoint      ] Safepoint "Cleanup", Time since last: 1000075220 ns, Reaching safepoint: 14978520 ns, At safepoint: 30301 ns, Total: 15008821 ns
[77.722s][info ][gc,start       ] GC(53) Pause Young (Allocation Failure)
[77.768s][debug][gc,phases      ] GC(53) Scavenge 46.229ms
[77.768s][debug][gc,ref         ] GC(53) Skipped phase 1 of Reference Processing: no references
[77.768s][debug][gc,ref         ] GC(53) Skipped phase 3 of Reference Processing: no references
[77.768s][debug][gc,phases      ] GC(53) Reference Processing 0.032ms
[77.769s][debug][gc,phases      ] GC(53) Weak Processing 0.788ms
[77.769s][debug][gc,age         ] GC(53) Desired survivor size 120061952 bytes, new threshold 15 (max threshold 15)
[77.769s][info ][gc,heap        ] GC(53) PSYoungGen: 1886240K(1978880K)->22704K(1979392K) Eden: 1863168K(1863168K)->0K(1862656K) From: 23072K(115712K)->22704K(116736K)
[77.769s][info ][gc,heap        ] GC(53) ParOldGen: 267166K(304128K)->267726K(304128K)
[77.769s][info ][gc,metaspace   ] GC(53) Metaspace: 73735K(74304K)->73735K(74304K) NonClass: 63430K(63744K)->63430K(63744K) Class: 10305K(10560K)->10305K(10560K)
[77.769s][info ][gc             ] GC(53) Pause Young (Allocation Failure) 2102M->283M(2230M) 47.244ms
[77.769s][info ][gc,cpu         ] GC(53) User=0.04s Sys=0.00s Real=0.05s
[77.769s][info ][safepoint      ] Safepoint "ParallelGCFailedAllocation", Time since last: 271398975 ns, Reaching safepoint: 5468044 ns, At safepoint: 47401580 ns, Total: 52869624 ns
[78.791s][info ][safepoint      ] Safepoint "Cleanup", Time since last: 1000086016 ns, Reaching safepoint: 22393980 ns, At safepoint: 34500 ns, Total: 22428480 ns
[78.945s][info ][gc,start       ] GC(54) Pause Young (Allocation Failure)
[78.990s][debug][gc,phases      ] GC(54) Scavenge 45.480ms
[78.990s][debug][gc,ref         ] GC(54) Skipped phase 1 of Reference Processing: no references
[78.990s][debug][gc,ref         ] GC(54) Skipped phase 3 of Reference Processing: no references
[78.991s][debug][gc,phases      ] GC(54) Reference Processing 0.046ms
[78.991s][debug][gc,phases      ] GC(54) Weak Processing 0.785ms
[78.991s][debug][gc,age         ] GC(54) Desired survivor size 119013376 bytes, new threshold 15 (max threshold 15)
[78.991s][info ][gc,heap        ] GC(54) PSYoungGen: 1885360K(1979392K)->22704K(1979904K) Eden: 1862656K(1862656K)->0K(1862656K) From: 22704K(116736K)->22704K(117248K)
[78.991s][info ][gc,heap        ] GC(54) ParOldGen: 267726K(304128K)->267894K(304128K)
[78.991s][info ][gc,metaspace   ] GC(54) Metaspace: 73744K(74304K)->73744K(74304K) NonClass: 63439K(63744K)->63439K(63744K) Class: 10305K(10560K)->10305K(10560K)
[78.991s][info ][gc             ] GC(54) Pause Young (Allocation Failure) 2102M->283M(2230M) 46.538ms
[78.991s][info ][gc,cpu         ] GC(54) User=0.03s Sys=0.00s Real=0.04s
[78.991s][info ][safepoint      ] Safepoint "ParallelGCFailedAllocation", Time since last: 148041586 ns, Reaching safepoint: 5327743 ns, At safepoint: 46666274 ns, Total: 51994017 ns
[80.001s][info ][safepoint      ] Safepoint "Cleanup", Time since last: 1000097312 ns, Reaching safepoint: 9040373 ns, At safepoint: 38200 ns, Total: 9078573 ns
[80.273s][info ][gc,start       ] GC(55) Pause Young (Allocation Failure)
[80.301s][debug][gc,phases      ] GC(55) Scavenge 27.895ms
[80.301s][debug][gc,ref         ] GC(55) Skipped phase 1 of Reference Processing: no references
[80.301s][debug][gc,ref         ] GC(55) Skipped phase 3 of Reference Processing: no references
[80.301s][debug][gc,phases      ] GC(55) Reference Processing 0.038ms
[80.301s][debug][gc,phases      ] GC(55) Weak Processing 0.703ms
[80.301s][debug][gc,age         ] GC(55) Desired survivor size 117440512 bytes, new threshold 15 (max threshold 15)
[80.301s][info ][gc,heap        ] GC(55) PSYoungGen: 1885360K(1979904K)->22576K(1982464K) Eden: 1862656K(1862656K)->0K(1866240K) From: 22704K(117248K)->22576K(116224K)
[80.301s][info ][gc,heap        ] GC(55) ParOldGen: 267894K(304128K)->268282K(304128K)
[80.301s][info ][gc,metaspace   ] GC(55) Metaspace: 73752K(74304K)->73752K(74304K) NonClass: 63447K(63744K)->63447K(63744K) Class: 10305K(10560K)->10305K(10560K)
[80.301s][info ][gc             ] GC(55) Pause Young (Allocation Failure) 2102M->284M(2233M) 28.809ms
[80.301s][info ][gc,cpu         ] GC(55) User=0.03s Sys=0.00s Real=0.03s
[80.301s][info ][safepoint      ] Safepoint "ParallelGCFailedAllocation", Time since last: 257929566 ns, Reaching safepoint: 13980212 ns, At safepoint: 28950031 ns, Total: 42930243 ns
[81.313s][info ][safepoint      ] Safepoint "Cleanup", Time since last: 1000084308 ns, Reaching safepoint: 11088489 ns, At safepoint: 36900 ns, Total: 11125389 ns
[81.437s][info ][gc,start       ] GC(56) Pause Young (Allocation Failure)
[81.473s][debug][gc,phases      ] GC(56) Scavenge 35.828ms
[81.473s][debug][gc,ref         ] GC(56) Skipped phase 1 of Reference Processing: no references
[81.473s][debug][gc,ref         ] GC(56) Skipped phase 3 of Reference Processing: no references
[81.473s][debug][gc,phases      ] GC(56) Reference Processing 0.032ms
[81.473s][debug][gc,phases      ] GC(56) Weak Processing 0.832ms
[81.473s][debug][gc,age         ] GC(56) Desired survivor size 114819072 bytes, new threshold 15 (max threshold 15)
[81.473s][info ][gc,heap        ] GC(56) PSYoungGen: 1888816K(1982464K)->22608K(1980928K) Eden: 1866240K(1866240K)->0K(1866240K) From: 22576K(116224K)->22608K(114688K)
[81.474s][info ][gc,heap        ] GC(56) ParOldGen: 268282K(304128K)->268498K(304128K)
[81.474s][info ][gc,metaspace   ] GC(56) Metaspace: 73752K(74304K)->73752K(74304K) NonClass: 63447K(63744K)->63447K(63744K) Class: 10305K(10560K)->10305K(10560K)
[81.474s][info ][gc             ] GC(56) Pause Young (Allocation Failure) 2106M->284M(2231M) 36.918ms
[81.474s][info ][gc,cpu         ] GC(56) User=0.04s Sys=0.00s Real=0.03s
[81.474s][info ][safepoint      ] Safepoint "ParallelGCFailedAllocation", Time since last: 115826028 ns, Reaching safepoint: 8022764 ns, At safepoint: 37058797 ns, Total: 45081561 ns
[82.497s][info ][safepoint      ] Safepoint "Cleanup", Time since last: 1002903627 ns, Reaching safepoint: 20089860 ns, At safepoint: 34601 ns, Total: 20124461 ns
[82.902s][info ][gc,start       ] GC(57) Pause Young (Allocation Failure)
[82.949s][debug][gc,phases      ] GC(57) Scavenge 46.925ms
[82.949s][debug][gc,ref         ] GC(57) Skipped phase 1 of Reference Processing: no references
[82.949s][debug][gc,ref         ] GC(57) Skipped phase 3 of Reference Processing: no references
[82.949s][debug][gc,phases      ] GC(57) Reference Processing 0.030ms
[82.949s][debug][gc,phases      ] GC(57) Weak Processing 0.676ms
[82.949s][debug][gc,age         ] GC(57) Desired survivor size 112197632 bytes, new threshold 15 (max threshold 15)
[82.949s][info ][gc,heap        ] GC(57) PSYoungGen: 1888848K(1980928K)->22912K(1987584K) Eden: 1866240K(1866240K)->0K(1875456K) From: 22608K(114688K)->22912K(112128K)
[82.949s][info ][gc,heap        ] GC(57) ParOldGen: 268498K(304128K)->268699K(304128K)
[82.949s][info ][gc,metaspace   ] GC(57) Metaspace: 73752K(74304K)->73752K(74304K) NonClass: 63447K(63744K)->63447K(63744K) Class: 10305K(10560K)->10305K(10560K)
[82.949s][info ][gc             ] GC(57) Pause Young (Allocation Failure) 2106M->284M(2238M) 47.794ms
[82.949s][info ][gc,cpu         ] GC(57) User=0.03s Sys=0.00s Real=0.05s
[82.949s][info ][safepoint      ] Safepoint "ParallelGCFailedAllocation", Time since last: 404775339 ns, Reaching safepoint: 120001 ns, At safepoint: 47903883 ns, Total: 48023884 ns
[83.961s][info ][safepoint      ] Safepoint "Cleanup", Time since last: 1000036100 ns, Reaching safepoint: 11689493 ns, At safepoint: 26200 ns, Total: 11715693 ns
[84.189s][info ][gc,start       ] GC(58) Pause Young (Allocation Failure)
[84.233s][debug][gc,phases      ] GC(58) Scavenge 43.757ms
[84.233s][debug][gc,ref         ] GC(58) Skipped phase 1 of Reference Processing: no references
[84.233s][debug][gc,ref         ] GC(58) Skipped phase 2 of Reference Processing: no references
[84.233s][debug][gc,ref         ] GC(58) Skipped phase 3 of Reference Processing: no references
[84.233s][debug][gc,ref         ] GC(58) Skipped phase 4 of Reference Processing: no references
[84.233s][debug][gc,phases      ] GC(58) Reference Processing 0.030ms
[84.233s][debug][gc,phases      ] GC(58) Weak Processing 0.711ms
[84.233s][debug][gc,age         ] GC(58) Desired survivor size 109051904 bytes, new threshold 15 (max threshold 15)
[84.233s][info ][gc,heap        ] GC(58) PSYoungGen: 1898368K(1987584K)->21440K(1985024K) Eden: 1875456K(1875456K)->0K(1875456K) From: 22912K(112128K)->21440K(109568K)
[84.233s][info ][gc,heap        ] GC(58) ParOldGen: 268699K(304128K)->270913K(304128K)
[84.233s][info ][gc,metaspace   ] GC(58) Metaspace: 73754K(74304K)->73754K(74304K) NonClass: 63449K(63744K)->63449K(63744K) Class: 10305K(10560K)->10305K(10560K)
[84.233s][info ][gc             ] GC(58) Pause Young (Allocation Failure) 2116M->285M(2235M) 44.675ms
[84.233s][info ][gc,cpu         ] GC(58) User=0.04s Sys=0.00s Real=0.04s
[84.233s][info ][safepoint      ] Safepoint "ParallelGCFailedAllocation", Time since last: 218474947 ns, Reaching safepoint: 8990172 ns, At safepoint: 44813759 ns, Total: 53803931 ns
[85.249s][info ][safepoint      ] Safepoint "Cleanup", Time since last: 1000664300 ns, Reaching safepoint: 14508816 ns, At safepoint: 42201 ns, Total: 14551017 ns
[85.486s][info ][gc,start       ] GC(59) Pause Young (Allocation Failure)
[85.527s][debug][gc,phases      ] GC(59) Scavenge 40.616ms
[85.527s][debug][gc,ref         ] GC(59) Skipped phase 1 of Reference Processing: no references
[85.527s][debug][gc,ref         ] GC(59) Skipped phase 2 of Reference Processing: no references
[85.527s][debug][gc,ref         ] GC(59) Skipped phase 3 of Reference Processing: no references
[85.527s][debug][gc,phases      ] GC(59) Reference Processing 0.030ms
[85.528s][debug][gc,phases      ] GC(59) Weak Processing 0.800ms
[85.528s][debug][gc,age         ] GC(59) Desired survivor size 106430464 bytes, new threshold 15 (max threshold 15)
[85.528s][info ][gc,heap        ] GC(59) PSYoungGen: 1896896K(1985024K)->18960K(1993216K) Eden: 1875456K(1875456K)->0K(1886720K) From: 21440K(109568K)->18960K(106496K)
[85.528s][info ][gc,heap        ] GC(59) ParOldGen: 270913K(304128K)->274333K(304128K)
[85.528s][info ][gc,metaspace   ] GC(59) Metaspace: 73755K(74304K)->73755K(74304K) NonClass: 63450K(63744K)->63450K(63744K) Class: 10305K(10560K)->10305K(10560K)
[85.528s][info ][gc             ] GC(59) Pause Young (Allocation Failure) 2117M->286M(2243M) 41.639ms
[85.528s][info ][gc,cpu         ] GC(59) User=0.04s Sys=0.00s Real=0.04s
[85.528s][info ][safepoint      ] Safepoint "ParallelGCFailedAllocation", Time since last: 224776896 ns, Reaching safepoint: 12807903 ns, At safepoint: 41785334 ns, Total: 54593237 ns
[86.533s][info ][safepoint      ] Safepoint "Cleanup", Time since last: 1002699013 ns, Reaching safepoint: 2183617 ns, At safepoint: 17300 ns, Total: 2200917 ns
[86.905s][info ][gc,start       ] GC(60) Pause Young (Allocation Failure)
[86.937s][debug][gc,phases      ] GC(60) Scavenge 32.070ms
[86.937s][debug][gc,ref         ] GC(60) Skipped phase 1 of Reference Processing: no references
[86.937s][debug][gc,ref         ] GC(60) Skipped phase 2 of Reference Processing: no references
[86.937s][debug][gc,ref         ] GC(60) Skipped phase 3 of Reference Processing: no references
[86.937s][debug][gc,ref         ] GC(60) Skipped phase 4 of Reference Processing: no references
[86.937s][debug][gc,phases      ] GC(60) Reference Processing 0.030ms
[86.938s][debug][gc,phases      ] GC(60) Weak Processing 0.702ms
[86.938s][debug][gc,age         ] GC(60) Desired survivor size 103809024 bytes, new threshold 15 (max threshold 15)
[86.938s][info ][gc,heap        ] GC(60) PSYoungGen: 1905680K(1993216K)->15936K(1990656K) Eden: 1886720K(1886720K)->0K(1886720K) From: 18960K(106496K)->15936K(103936K)
[86.938s][info ][gc,heap        ] GC(60) ParOldGen: 274333K(304128K)->278717K(304128K)
[86.938s][info ][gc,metaspace   ] GC(60) Metaspace: 73755K(74304K)->73755K(74304K) NonClass: 63450K(63744K)->63450K(63744K) Class: 10305K(10560K)->10305K(10560K)
[86.938s][info ][gc             ] GC(60) Pause Young (Allocation Failure) 2128M->287M(2241M) 32.984ms
[86.938s][info ][gc,cpu         ] GC(60) User=0.04s Sys=0.00s Real=0.03s
[86.938s][info ][safepoint      ] Safepoint "ParallelGCFailedAllocation", Time since last: 362579097 ns, Reaching safepoint: 9041872 ns, At safepoint: 33115365 ns, Total: 42157237 ns
[87.950s][info ][safepoint      ] Safepoint "Cleanup", Time since last: 1000093088 ns, Reaching safepoint: 11904095 ns, At safepoint: 54801 ns, Total: 11958896 ns
[88.181s][info ][gc,start       ] GC(61) Pause Young (Allocation Failure)
[88.209s][debug][gc,phases      ] GC(61) Scavenge 27.960ms
[88.209s][debug][gc,ref         ] GC(61) Skipped phase 1 of Reference Processing: no references
[88.209s][debug][gc,ref         ] GC(61) Skipped phase 2 of Reference Processing: no references
[88.209s][debug][gc,ref         ] GC(61) Skipped phase 3 of Reference Processing: no references
[88.209s][debug][gc,phases      ] GC(61) Reference Processing 0.030ms
[88.210s][debug][gc,phases      ] GC(61) Weak Processing 0.898ms
[88.210s][debug][gc,age         ] GC(61) Desired survivor size 101187584 bytes, new threshold 15 (max threshold 15)
[88.210s][info ][gc,heap        ] GC(61) PSYoungGen: 1902656K(1990656K)->13248K(1998336K) Eden: 1886720K(1886720K)->0K(1896960K) From: 15936K(103936K)->13248K(101376K)
[88.210s][info ][gc,heap        ] GC(61) ParOldGen: 278717K(304128K)->281631K(304128K)
[88.210s][info ][gc,metaspace   ] GC(61) Metaspace: 73756K(74304K)->73756K(74304K) NonClass: 63450K(63744K)->63450K(63744K) Class: 10305K(10560K)->10305K(10560K)
[88.210s][info ][gc             ] GC(61) Pause Young (Allocation Failure) 2130M->287M(2248M) 29.121ms
[88.210s][info ][gc,cpu         ] GC(61) User=0.04s Sys=0.00s Real=0.03s
[88.210s][info ][safepoint      ] Safepoint "ParallelGCFailedAllocation", Time since last: 217931540 ns, Reaching safepoint: 12904803 ns, At safepoint: 29281433 ns, Total: 42186236 ns
[89.433s][info ][safepoint      ] Safepoint "ICBufferFull", Time since last: 1212380279 ns, Reaching safepoint: 10504284 ns, At safepoint: 36800 ns, Total: 10541084 ns
[89.681s][info ][gc,start       ] GC(62) Pause Young (Allocation Failure)
[89.729s][debug][gc,phases      ] GC(62) Scavenge 47.869ms
[89.729s][debug][gc,ref         ] GC(62) Skipped phase 1 of Reference Processing: no references
[89.729s][debug][gc,ref         ] GC(62) Skipped phase 2 of Reference Processing: no references
[89.729s][debug][gc,ref         ] GC(62) Skipped phase 3 of Reference Processing: no references
[89.729s][debug][gc,ref         ] GC(62) Skipped phase 4 of Reference Processing: no references
[89.729s][debug][gc,phases      ] GC(62) Reference Processing 0.030ms
[89.729s][debug][gc,phases      ] GC(62) Weak Processing 0.750ms
[89.729s][debug][gc,age         ] GC(62) Desired survivor size 98041856 bytes, new threshold 15 (max threshold 15)
[89.729s][info ][gc,heap        ] GC(62) PSYoungGen: 1910208K(1998336K)->16480K(1995776K) Eden: 1896960K(1896960K)->0K(1896960K) From: 13248K(101376K)->16480K(98816K)
[89.729s][info ][gc,heap        ] GC(62) ParOldGen: 281631K(304128K)->286491K(304128K)
[89.729s][info ][gc,metaspace   ] GC(62) Metaspace: 73757K(74304K)->73757K(74304K) NonClass: 63452K(63744K)->63452K(63744K) Class: 10305K(10560K)->10305K(10560K)
[89.729s][info ][gc             ] GC(62) Pause Young (Allocation Failure) 2140M->295M(2246M) 48.816ms
[89.729s][info ][gc,cpu         ] GC(62) User=0.06s Sys=0.00s Real=0.05s
[89.730s][info ][safepoint      ] Safepoint "ParallelGCFailedAllocation", Time since last: 232264854 ns, Reaching safepoint: 15520424 ns, At safepoint: 48944290 ns, Total: 64464714 ns
[90.745s][info ][safepoint      ] Safepoint "Cleanup", Time since last: 1000149180 ns, Reaching safepoint: 14967220 ns, At safepoint: 33600 ns, Total: 15000820 ns
[91.345s][info ][gc,start       ] GC(63) Pause Young (Allocation Failure)
[91.397s][debug][gc,phases      ] GC(63) Scavenge 51.877ms
[91.397s][debug][gc,ref         ] GC(63) Skipped phase 1 of Reference Processing: no references
[91.397s][debug][gc,ref         ] GC(63) Skipped phase 2 of Reference Processing: no references
[91.397s][debug][gc,ref         ] GC(63) Skipped phase 3 of Reference Processing: no references
[91.397s][debug][gc,ref         ] GC(63) Skipped phase 4 of Reference Processing: no references
[91.397s][debug][gc,phases      ] GC(63) Reference Processing 0.031ms
[91.397s][debug][gc,phases      ] GC(63) Weak Processing 0.839ms
[91.397s][debug][gc,age         ] GC(63) Desired survivor size 93847552 bytes, new threshold 15 (max threshold 15)
[91.397s][info ][gc,heap        ] GC(63) PSYoungGen: 1913440K(1995776K)->17184K(2005504K) Eden: 1896960K(1896960K)->0K(1909760K) From: 16480K(98816K)->17184K(95744K)
[91.398s][info ][gc,heap        ] GC(63) ParOldGen: 286491K(304128K)->288192K(304128K)
[91.398s][info ][gc,metaspace   ] GC(63) Metaspace: 73757K(74304K)->73757K(74304K) NonClass: 63452K(63744K)->63452K(63744K) Class: 10305K(10560K)->10305K(10560K)
[91.398s][info ][gc             ] GC(63) Pause Young (Allocation Failure) 2148M->298M(2255M) 52.928ms
[91.398s][info ][gc,cpu         ] GC(63) User=0.06s Sys=0.00s Real=0.05s
[91.398s][info ][safepoint      ] Safepoint "ParallelGCFailedAllocation", Time since last: 590190307 ns, Reaching safepoint: 9709278 ns, At safepoint: 53072723 ns, Total: 62782001 ns
[92.405s][info ][safepoint      ] Safepoint "Cleanup", Time since last: 1000088575 ns, Reaching safepoint: 6907755 ns, At safepoint: 42300 ns, Total: 6950055 ns
[92.736s][info ][gc,start       ] GC(64) Pause Young (Allocation Failure)
[92.782s][debug][gc,phases      ] GC(64) Scavenge 46.756ms
[92.782s][debug][gc,ref         ] GC(64) Skipped phase 1 of Reference Processing: no references
[92.782s][debug][gc,ref         ] GC(64) Skipped phase 3 of Reference Processing: no references
[92.782s][debug][gc,ref         ] GC(64) Skipped phase 4 of Reference Processing: no references
[92.782s][debug][gc,phases      ] GC(64) Reference Processing 0.042ms
[92.783s][debug][gc,phases      ] GC(64) Weak Processing 0.979ms
[92.783s][debug][gc,age         ] GC(64) Desired survivor size 90177536 bytes, new threshold 15 (max threshold 15)
[92.783s][info ][gc,heap        ] GC(64) PSYoungGen: 1926944K(2005504K)->17312K(2001408K) Eden: 1909760K(1909760K)->0K(1909760K) From: 17184K(95744K)->17312K(91648K)
[92.783s][info ][gc,heap        ] GC(64) ParOldGen: 288192K(304128K)->288312K(304128K)
[92.784s][info ][gc,metaspace   ] GC(64) Metaspace: 73771K(74304K)->73771K(74304K) NonClass: 63465K(63744K)->63465K(63744K) Class: 10305K(10560K)->10305K(10560K)
[92.784s][info ][gc             ] GC(64) Pause Young (Allocation Failure) 2163M->298M(2251M) 47.982ms
[92.784s][info ][gc,cpu         ] GC(64) User=0.05s Sys=0.00s Real=0.05s
[92.784s][info ][safepoint      ] Safepoint "ParallelGCFailedAllocation", Time since last: 319550447 ns, Reaching safepoint: 11261590 ns, At safepoint: 48139984 ns, Total: 59401574 ns
[93.797s][info ][safepoint      ] Safepoint "Cleanup", Time since last: 1000091970 ns, Reaching safepoint: 12883503 ns, At safepoint: 33400 ns, Total: 12916903 ns
[94.110s][info ][gc,start       ] GC(65) Pause Young (Allocation Failure)
[94.161s][debug][gc,phases      ] GC(65) Scavenge 51.334ms
[94.161s][debug][gc,ref         ] GC(65) Skipped phase 1 of Reference Processing: no references
[94.161s][debug][gc,ref         ] GC(65) Skipped phase 3 of Reference Processing: no references
[94.161s][debug][gc,ref         ] GC(65) Skipped phase 4 of Reference Processing: no references
[94.161s][debug][gc,phases      ] GC(65) Reference Processing 0.037ms
[94.162s][debug][gc,phases      ] GC(65) Weak Processing 0.886ms
[94.162s][debug][gc,age         ] GC(65) Desired survivor size 86507520 bytes, new threshold 15 (max threshold 15)
[94.162s][info ][gc,heap        ] GC(65) PSYoungGen: 1927072K(2001408K)->17472K(2012672K) Eden: 1909760K(1909760K)->0K(1924608K) From: 17312K(91648K)->17472K(88064K)
[94.162s][info ][gc,heap        ] GC(65) ParOldGen: 288312K(304128K)->288424K(304128K)
[94.162s][info ][gc,metaspace   ] GC(65) Metaspace: 73772K(74304K)->73772K(74304K) NonClass: 63466K(63744K)->63466K(63744K) Class: 10305K(10560K)->10305K(10560K)
[94.162s][info ][gc             ] GC(65) Pause Young (Allocation Failure) 2163M->298M(2262M) 52.433ms
[94.162s][info ][gc,cpu         ] GC(65) User=0.06s Sys=0.00s Real=0.05s
[94.162s][info ][safepoint      ] Safepoint "ParallelGCFailedAllocation", Time since last: 306870145 ns, Reaching safepoint: 6028348 ns, At safepoint: 52560719 ns, Total: 58589067 ns
[95.177s][info ][safepoint      ] Safepoint "Cleanup", Time since last: 1000092066 ns, Reaching safepoint: 14416415 ns, At safepoint: 30000 ns, Total: 14446415 ns
[95.662s][info ][gc,start       ] GC(66) Pause Young (Allocation Failure)
[95.709s][debug][gc,phases      ] GC(66) Scavenge 46.035ms
[95.709s][debug][gc,ref         ] GC(66) Skipped phase 1 of Reference Processing: no references
[95.709s][debug][gc,ref         ] GC(66) Skipped phase 3 of Reference Processing: no references
[95.709s][debug][gc,ref         ] GC(66) Skipped phase 4 of Reference Processing: no references
[95.709s][debug][gc,phases      ] GC(66) Reference Processing 0.033ms
[95.709s][debug][gc,phases      ] GC(66) Weak Processing 0.783ms
[95.709s][debug][gc,age         ] GC(66) Desired survivor size 82313216 bytes, new threshold 15 (max threshold 15)
[95.709s][info ][gc,heap        ] GC(66) PSYoungGen: 1942080K(2012672K)->17504K(2009088K) Eden: 1924608K(1924608K)->0K(1924608K) From: 17472K(88064K)->17504K(84480K)
[95.710s][info ][gc,heap        ] GC(66) ParOldGen: 288424K(304128K)->288688K(304128K)
[95.710s][info ][gc,metaspace   ] GC(66) Metaspace: 73772K(74304K)->73772K(74304K) NonClass: 63467K(63744K)->63467K(63744K) Class: 10305K(10560K)->10305K(10560K)
[95.710s][info ][gc             ] GC(66) Pause Young (Allocation Failure) 2178M->299M(2259M) 47.063ms
[95.710s][info ][gc,cpu         ] GC(66) User=0.06s Sys=0.00s Real=0.05s
[95.710s][info ][safepoint      ] Safepoint "ParallelGCFailedAllocation", Time since last: 479481019 ns, Reaching safepoint: 6310250 ns, At safepoint: 47188276 ns, Total: 53498526 ns
[96.729s][info ][safepoint      ] Safepoint "Cleanup", Time since last: 1002900384 ns, Reaching safepoint: 16095128 ns, At safepoint: 33300 ns, Total: 16128428 ns
[97.058s][info ][gc,start       ] GC(67) Pause Young (Allocation Failure)
[97.129s][debug][gc,phases      ] GC(67) Scavenge 70.854ms
[97.129s][debug][gc,ref         ] GC(67) Skipped phase 1 of Reference Processing: no references
[97.129s][debug][gc,ref         ] GC(67) Skipped phase 3 of Reference Processing: no references
[97.129s][debug][gc,ref         ] GC(67) Skipped phase 4 of Reference Processing: no references
[97.129s][debug][gc,phases      ] GC(67) Reference Processing 0.029ms
[97.129s][debug][gc,phases      ] GC(67) Weak Processing 0.663ms
[97.129s][debug][gc,age         ] GC(67) Desired survivor size 79167488 bytes, new threshold 15 (max threshold 15)
[97.129s][info ][gc,heap        ] GC(67) PSYoungGen: 1942112K(2009088K)->16384K(2019840K) Eden: 1924608K(1924608K)->0K(1939456K) From: 17504K(84480K)->16384K(80384K)
[97.129s][info ][gc,heap        ] GC(67) ParOldGen: 288688K(304128K)->290064K(304128K)
[97.129s][info ][gc,metaspace   ] GC(67) Metaspace: 73772K(74304K)->73772K(74304K) NonClass: 63467K(63744K)->63467K(63744K) Class: 10305K(10560K)->10305K(10560K)
[97.129s][info ][gc             ] GC(67) Pause Young (Allocation Failure) 2178M->299M(2269M) 71.705ms
[97.129s][info ][gc,cpu         ] GC(67) User=0.07s Sys=0.00s Real=0.07s
[97.129s][info ][safepoint      ] Safepoint "ParallelGCFailedAllocation", Time since last: 313855298 ns, Reaching safepoint: 15131521 ns, At safepoint: 71820071 ns, Total: 86951592 ns
[98.145s][info ][safepoint      ] Safepoint "Cleanup", Time since last: 1000062957 ns, Reaching safepoint: 15053420 ns, At safepoint: 36300 ns, Total: 15089720 ns
[98.445s][info ][gc,start       ] GC(68) Pause Young (Allocation Failure)
[98.505s][debug][gc,phases      ] GC(68) Scavenge 60.635ms
[98.505s][debug][gc,ref         ] GC(68) Skipped phase 1 of Reference Processing: no references
[98.505s][debug][gc,ref         ] GC(68) Skipped phase 3 of Reference Processing: no references
[98.505s][debug][gc,ref         ] GC(68) Skipped phase 4 of Reference Processing: no references
[98.505s][debug][gc,phases      ] GC(68) Reference Processing 0.034ms
[98.506s][debug][gc,phases      ] GC(68) Weak Processing 0.805ms
[98.506s][debug][gc,age         ] GC(68) Desired survivor size 75497472 bytes, new threshold 15 (max threshold 15)
[98.506s][info ][gc,heap        ] GC(68) PSYoungGen: 1955840K(2019840K)->16448K(2016768K) Eden: 1939456K(1939456K)->0K(1939456K) From: 16384K(80384K)->16448K(77312K)
[98.506s][info ][gc,heap        ] GC(68) ParOldGen: 290064K(304128K)->290288K(304128K)
[98.506s][info ][gc,metaspace   ] GC(68) Metaspace: 73773K(74304K)->73773K(74304K) NonClass: 63467K(63744K)->63467K(63744K) Class: 10305K(10560K)->10305K(10560K)
[98.506s][info ][gc             ] GC(68) Pause Young (Allocation Failure) 2193M->299M(2266M) 61.652ms
[98.506s][info ][gc,cpu         ] GC(68) User=0.05s Sys=0.00s Real=0.06s
[98.506s][info ][safepoint      ] Safepoint "ParallelGCFailedAllocation", Time since last: 298270873 ns, Reaching safepoint: 1683213 ns, At safepoint: 61775692 ns, Total: 63458905 ns
[99.521s][info ][safepoint      ] Safepoint "Cleanup", Time since last: 1000098053 ns, Reaching safepoint: 14125812 ns, At safepoint: 38001 ns, Total: 14163813 ns
[99.865s][info ][gc,start       ] GC(69) Pause Young (Allocation Failure)
[99.909s][debug][gc,phases      ] GC(69) Scavenge 43.834ms
[99.909s][debug][gc,ref         ] GC(69) Skipped phase 1 of Reference Processing: no references
[99.909s][debug][gc,ref         ] GC(69) Skipped phase 3 of Reference Processing: no references
[99.909s][debug][gc,ref         ] GC(69) Skipped phase 4 of Reference Processing: no references
[99.909s][debug][gc,phases      ] GC(69) Reference Processing 0.033ms
[99.909s][debug][gc,phases      ] GC(69) Weak Processing 0.810ms
[99.909s][debug][gc,age         ] GC(69) Desired survivor size 72351744 bytes, new threshold 15 (max threshold 15)
[99.909s][info ][gc,heap        ] GC(69) PSYoungGen: 1955904K(2016768K)->16576K(2026496K) Eden: 1939456K(1939456K)->0K(1952768K) From: 16448K(77312K)->16576K(73728K)
[99.909s][info ][gc,heap        ] GC(69) ParOldGen: 290288K(304128K)->290504K(304128K)
[99.910s][info ][gc,metaspace   ] GC(69) Metaspace: 73773K(74304K)->73773K(74304K) NonClass: 63467K(63744K)->63467K(63744K) Class: 10305K(10560K)->10305K(10560K)
[99.910s][info ][gc             ] GC(69) Pause Young (Allocation Failure) 2193M->299M(2276M) 44.883ms
[99.910s][info ][gc,cpu         ] GC(69) User=0.05s Sys=0.00s Real=0.04s
[99.910s][info ][safepoint      ] Safepoint "ParallelGCFailedAllocation", Time since last: 330158125 ns, Reaching safepoint: 13827210 ns, At safepoint: 45045158 ns, Total: 58872368 ns
[100.917s][info ][safepoint      ] Safepoint "Cleanup", Time since last: 1000086949 ns, Reaching safepoint: 6858355 ns, At safepoint: 23100 ns, Total: 6881455 ns
[101.249s][info ][gc,start       ] GC(70) Pause Young (Allocation Failure)
[101.289s][debug][gc,phases      ] GC(70) Scavenge 39.896ms
[101.289s][debug][gc,ref         ] GC(70) Skipped phase 1 of Reference Processing: no references
[101.289s][debug][gc,ref         ] GC(70) Skipped phase 3 of Reference Processing: no references
[101.289s][debug][gc,ref         ] GC(70) Skipped phase 4 of Reference Processing: no references
[101.289s][debug][gc,phases      ] GC(70) Reference Processing 0.033ms
[101.289s][debug][gc,phases      ] GC(70) Weak Processing 0.811ms
[101.289s][debug][gc,age         ] GC(70) Desired survivor size 68681728 bytes, new threshold 15 (max threshold 15)
[101.289s][info ][gc,heap        ] GC(70) PSYoungGen: 1969344K(2026496K)->16704K(2023424K) Eden: 1952768K(1952768K)->0K(1952768K) From: 16576K(73728K)->16704K(70656K)
[101.289s][info ][gc,heap        ] GC(70) ParOldGen: 290504K(304128K)->290728K(304128K)
[101.289s][info ][gc,metaspace   ] GC(70) Metaspace: 73774K(74304K)->73774K(74304K) NonClass: 63468K(63744K)->63468K(63744K) Class: 10305K(10560K)->10305K(10560K)
[101.289s][info ][gc             ] GC(70) Pause Young (Allocation Failure) 2206M->300M(2273M) 40.921ms
[101.290s][info ][gc,cpu         ] GC(70) User=0.06s Sys=0.00s Real=0.04s
[101.290s][info ][safepoint      ] Safepoint "ParallelGCFailedAllocation", Time since last: 325807289 ns, Reaching safepoint: 6131048 ns, At safepoint: 41071427 ns, Total: 47202475 ns
[102.313s][info ][safepoint      ] Safepoint "Cleanup", Time since last: 1002966868 ns, Reaching safepoint: 19968158 ns, At safepoint: 41701 ns, Total: 20009859 ns
[102.669s][info ][gc,start       ] GC(71) Pause Young (Allocation Failure)
[102.717s][debug][gc,phases      ] GC(71) Scavenge 47.893ms
[102.717s][debug][gc,ref         ] GC(71) Skipped phase 1 of Reference Processing: no references
[102.717s][debug][gc,ref         ] GC(71) Skipped phase 3 of Reference Processing: no references
[102.717s][debug][gc,ref         ] GC(71) Skipped phase 4 of Reference Processing: no references
[102.717s][debug][gc,phases      ] GC(71) Reference Processing 0.032ms
[102.717s][debug][gc,phases      ] GC(71) Weak Processing 0.779ms
[102.717s][debug][gc,age         ] GC(71) Desired survivor size 65536000 bytes, new threshold 15 (max threshold 15)
[102.717s][info ][gc,heap        ] GC(71) PSYoungGen: 1969472K(2023424K)->16928K(2033152K) Eden: 1952768K(1952768K)->0K(1966080K) From: 16704K(70656K)->16928K(67072K)
[102.717s][info ][gc,heap        ] GC(71) ParOldGen: 290728K(304128K)->290944K(304128K)
[102.717s][info ][gc,metaspace   ] GC(71) Metaspace: 73775K(74368K)->73775K(74368K) NonClass: 63469K(63808K)->63469K(63808K) Class: 10305K(10560K)->10305K(10560K)
[102.717s][info ][gc             ] GC(71) Pause Young (Allocation Failure) 2207M->300M(2282M) 48.889ms
[102.717s][info ][gc,cpu         ] GC(71) User=0.06s Sys=0.00s Real=0.05s
[102.718s][info ][safepoint      ] Safepoint "ParallelGCFailedAllocation", Time since last: 347936263 ns, Reaching safepoint: 8027264 ns, At safepoint: 49015289 ns, Total: 57042553 ns
[103.730s][info ][safepoint      ] Safepoint "Cleanup", Time since last: 1002961864 ns, Reaching safepoint: 9204573 ns, At safepoint: 22200 ns, Total: 9226773 ns
[104.093s][info ][gc,start       ] GC(72) Pause Young (Allocation Failure)
[104.141s][debug][gc,phases      ] GC(72) Scavenge 47.896ms
[104.141s][debug][gc,ref         ] GC(72) Skipped phase 1 of Reference Processing: no references
[104.141s][debug][gc,ref         ] GC(72) Skipped phase 3 of Reference Processing: no references
[104.141s][debug][gc,ref         ] GC(72) Skipped phase 4 of Reference Processing: no references
[104.141s][debug][gc,phases      ] GC(72) Reference Processing 0.033ms
[104.141s][debug][gc,phases      ] GC(72) Weak Processing 0.707ms
[104.141s][debug][gc,age         ] GC(72) Desired survivor size 62390272 bytes, new threshold 15 (max threshold 15)
[104.141s][info ][gc,heap        ] GC(72) PSYoungGen: 1983008K(2033152K)->16640K(2030080K) Eden: 1966080K(1966080K)->0K(1966080K) From: 16928K(67072K)->16640K(64000K)
[104.141s][info ][gc,heap        ] GC(72) ParOldGen: 290944K(304128K)->291536K(304128K)
[104.141s][info ][gc,metaspace   ] GC(72) Metaspace: 73775K(74368K)->73775K(74368K) NonClass: 63469K(63808K)->63469K(63808K) Class: 10305K(10560K)->10305K(10560K)
[104.141s][info ][gc             ] GC(72) Pause Young (Allocation Failure) 2220M->300M(2279M) 48.793ms
[104.141s][info ][gc,cpu         ] GC(72) User=0.05s Sys=0.00s Real=0.05s
[104.141s][info ][safepoint      ] Safepoint "ParallelGCFailedAllocation", Time since last: 355688124 ns, Reaching safepoint: 7107256 ns, At safepoint: 48923889 ns, Total: 56031145 ns
[105.157s][info ][safepoint      ] Safepoint "Cleanup", Time since last: 1000087237 ns, Reaching safepoint: 15018519 ns, At safepoint: 30800 ns, Total: 15049319 ns
[105.689s][info ][gc,start       ] GC(73) Pause Young (Allocation Failure)
[105.733s][debug][gc,phases      ] GC(73) Scavenge 43.828ms
[105.733s][debug][gc,ref         ] GC(73) Skipped phase 1 of Reference Processing: no references
[105.733s][debug][gc,ref         ] GC(73) Skipped phase 3 of Reference Processing: no references
[105.733s][debug][gc,phases      ] GC(73) Reference Processing 0.048ms
[105.733s][debug][gc,phases      ] GC(73) Weak Processing 0.838ms
[105.734s][debug][gc,age         ] GC(73) Desired survivor size 59768832 bytes, new threshold 15 (max threshold 15)
[105.734s][info ][gc,heap        ] GC(73) PSYoungGen: 1982720K(2030080K)->16416K(2038784K) Eden: 1966080K(1966080K)->0K(1977856K) From: 16640K(64000K)->16416K(60928K)
[105.734s][info ][gc,heap        ] GC(73) ParOldGen: 291536K(304128K)->292296K(304128K)
[105.734s][info ][gc,metaspace   ] GC(73) Metaspace: 73981K(74496K)->73981K(74496K) NonClass: 63651K(63936K)->63651K(63936K) Class: 10329K(10560K)->10329K(10560K)
[105.734s][info ][gc             ] GC(73) Pause Young (Allocation Failure) 2220M->301M(2288M) 44.893ms
[105.734s][info ][gc,cpu         ] GC(73) User=0.05s Sys=0.00s Real=0.04s
[105.734s][info ][safepoint      ] Safepoint "ParallelGCFailedAllocation", Time since last: 507922830 ns, Reaching safepoint: 24085791 ns, At safepoint: 45031357 ns, Total: 69117148 ns
[106.753s][info ][safepoint      ] Safepoint "Cleanup", Time since last: 1002875854 ns, Reaching safepoint: 16160928 ns, At safepoint: 33901 ns, Total: 16194829 ns
[107.753s][info ][safepoint      ] Safepoint "Cleanup", Time since last: 1000120929 ns, Reaching safepoint: 259202 ns, At safepoint: 12700 ns, Total: 271902 ns
[108.309s][info ][gc,start       ] GC(74) Pause Young (Allocation Failure)
[108.355s][debug][gc,phases      ] GC(74) Scavenge 46.300ms
[108.355s][debug][gc,ref         ] GC(74) Skipped phase 1 of Reference Processing: no references
[108.355s][debug][gc,ref         ] GC(74) Skipped phase 3 of Reference Processing: no references
[108.355s][debug][gc,phases      ] GC(74) Reference Processing 0.033ms
[108.356s][debug][gc,phases      ] GC(74) Weak Processing 0.716ms
[108.356s][debug][gc,age         ] GC(74) Desired survivor size 56623104 bytes, new threshold 15 (max threshold 15)
[108.356s][info ][gc,heap        ] GC(74) PSYoungGen: 1994272K(2038784K)->15840K(2036224K) Eden: 1977856K(1977856K)->0K(1977856K) From: 16416K(60928K)->15840K(58368K)
[108.356s][info ][gc,heap        ] GC(74) ParOldGen: 292296K(304128K)->293304K(304128K)
[108.356s][info ][gc,metaspace   ] GC(74) Metaspace: 74143K(74752K)->74143K(74752K) NonClass: 63802K(64128K)->63802K(64128K) Class: 10341K(10624K)->10341K(10624K)
[108.356s][info ][gc             ] GC(74) Pause Young (Allocation Failure) 2232M->301M(2285M) 47.213ms
[108.356s][info ][gc,cpu         ] GC(74) User=0.06s Sys=0.00s Real=0.04s
[108.356s][info ][safepoint      ] Safepoint "ParallelGCFailedAllocation", Time since last: 554872998 ns, Reaching safepoint: 696506 ns, At safepoint: 47338775 ns, Total: 48035281 ns
[109.408s][info ][safepoint      ] Safepoint "Cleanup", Time since last: 1000087225 ns, Reaching safepoint: 52118013 ns, At safepoint: 43000 ns, Total: 52161013 ns
[110.421s][info ][safepoint      ] Safepoint "Cleanup", Time since last: 1000248223 ns, Reaching safepoint: 12051295 ns, At safepoint: 28000 ns, Total: 12079295 ns
[110.737s][info ][gc,start       ] GC(75) Pause Young (Allocation Failure)
[110.806s][debug][gc,phases      ] GC(75) Scavenge 69.307ms
[110.806s][debug][gc,ref         ] GC(75) Skipped phase 1 of Reference Processing: no references
[110.806s][debug][gc,ref         ] GC(75) Skipped phase 3 of Reference Processing: no references
[110.806s][debug][gc,phases      ] GC(75) Reference Processing 0.032ms
[110.807s][debug][gc,phases      ] GC(75) Weak Processing 0.813ms
[110.807s][debug][gc,age         ] GC(75) Desired survivor size 54525952 bytes, new threshold 15 (max threshold 15)
[110.807s][info ][gc,heap        ] GC(75) PSYoungGen: 1993696K(2036224K)->14880K(2043904K) Eden: 1977856K(1977856K)->0K(1988608K) From: 15840K(58368K)->14880K(55296K)
[110.807s][info ][gc,heap        ] GC(75) ParOldGen: 293304K(304128K)->294728K(304128K)
[110.807s][info ][gc,metaspace   ] GC(75) Metaspace: 74144K(74752K)->74144K(74752K) NonClass: 63803K(64128K)->63803K(64128K) Class: 10341K(10624K)->10341K(10624K)
[110.807s][info ][gc             ] GC(75) Pause Young (Allocation Failure) 2233M->302M(2293M) 70.339ms
[110.807s][info ][gc,cpu         ] GC(75) User=0.05s Sys=0.00s Real=0.07s
[110.807s][info ][safepoint      ] Safepoint "ParallelGCFailedAllocation", Time since last: 303286302 ns, Reaching safepoint: 12679201 ns, At safepoint: 70490858 ns, Total: 83170059 ns
[111.832s][info ][safepoint      ] Safepoint "Cleanup", Time since last: 1001468028 ns, Reaching safepoint: 23147083 ns, At safepoint: 44501 ns, Total: 23191584 ns
[112.865s][info ][gc,start       ] GC(76) Pause Young (Allocation Failure)
[112.940s][debug][gc,phases      ] GC(76) Scavenge 74.761ms
[112.940s][debug][gc,ref         ] GC(76) Skipped phase 1 of Reference Processing: no references
[112.940s][debug][gc,ref         ] GC(76) Skipped phase 3 of Reference Processing: no references
[112.940s][debug][gc,phases      ] GC(76) Reference Processing 0.084ms
[112.940s][debug][gc,phases      ] GC(76) Weak Processing 0.726ms
[112.940s][debug][gc,age         ] GC(76) Desired survivor size 51904512 bytes, new threshold 15 (max threshold 15)
[112.940s][info ][gc,heap        ] GC(76) PSYoungGen: 2003488K(2043904K)->15136K(2041856K) Eden: 1988608K(1988608K)->0K(1988608K) From: 14880K(55296K)->15136K(53248K)
[112.940s][info ][gc,heap        ] GC(76) ParOldGen: 294728K(304128K)->295008K(304128K)
[112.940s][info ][gc,metaspace   ] GC(76) Metaspace: 74186K(74752K)->74186K(74752K) NonClass: 63840K(64128K)->63840K(64128K) Class: 10345K(10624K)->10345K(10624K)
[112.940s][info ][gc             ] GC(76) Pause Young (Allocation Failure) 2244M->302M(2291M) 75.735ms
[112.940s][info ][gc,cpu         ] GC(76) User=0.04s Sys=0.00s Real=0.07s
[112.941s][info ][safepoint      ] Safepoint "ParallelGCFailedAllocation", Time since last: 998044298 ns, Reaching safepoint: 34904676 ns, At safepoint: 75881501 ns, Total: 110786177 ns
[113.963s][info ][safepoint      ] Safepoint "Cleanup", Time since last: 1006825364 ns, Reaching safepoint: 15352022 ns, At safepoint: 36000 ns, Total: 15388022 ns
[114.987s][info ][safepoint      ] Safepoint "Cleanup", Time since last: 1005759053 ns, Reaching safepoint: 18923950 ns, At safepoint: 45600 ns, Total: 18969550 ns
[115.017s][info ][gc,start       ] GC(77) Pause Young (Allocation Failure)
[115.076s][debug][gc,phases      ] GC(77) Scavenge 59.347ms
[115.076s][debug][gc,ref         ] GC(77) Skipped phase 1 of Reference Processing: no references
[115.076s][debug][gc,ref         ] GC(77) Skipped phase 3 of Reference Processing: no references
[115.076s][debug][gc,phases      ] GC(77) Reference Processing 0.043ms
[115.077s][debug][gc,phases      ] GC(77) Weak Processing 0.947ms
[115.077s][debug][gc,age         ] GC(77) Desired survivor size 50855936 bytes, new threshold 15 (max threshold 15)
[115.077s][info ][gc,heap        ] GC(77) PSYoungGen: 2003744K(2041856K)->7872K(2047488K) Eden: 1988608K(1988608K)->0K(1996800K) From: 15136K(53248K)->7872K(50688K)
[115.077s][info ][gc,heap        ] GC(77) ParOldGen: 295008K(304128K)->303112K(304128K)
[115.077s][info ][gc,metaspace   ] GC(77) Metaspace: 74232K(74816K)->74232K(74816K) NonClass: 63876K(64192K)->63876K(64192K) Class: 10356K(10624K)->10356K(10624K)
[115.077s][info ][gc             ] GC(77) Pause Young (Allocation Failure) 2244M->303M(2296M) 60.509ms
[115.077s][info ][gc,cpu         ] GC(77) User=0.05s Sys=0.00s Real=0.06s
[115.077s][debug][gc,phases      ] GC(78) Pre Compact 0.018ms
[115.077s][info ][gc,start       ] GC(78) Pause Full (Ergonomics)
[115.077s][info ][gc,phases,start] GC(78) Marking Phase
[115.805s][debug][gc,phases      ] GC(78) Par Mark 727.270ms
[115.805s][debug][gc,ref         ] GC(78) Skipped phase 1 of Reference Processing: no references
[115.805s][debug][gc,ref         ] GC(78) Skipped phase 3 of Reference Processing: no references
[115.805s][debug][gc,phases      ] GC(78) Reference Processing 0.448ms
[115.806s][debug][gc,phases      ] GC(78) Weak Processing 0.940ms
[115.806s][debug][gc,phases      ] GC(78) ClassLoaderData 0.072ms
[115.806s][debug][gc,phases      ] GC(78) Trigger cleanups 0.000ms
[115.877s][debug][gc,phases      ] GC(78) Class Unloading 70.941ms
[115.877s][info ][gc,phases      ] GC(78) Marking Phase 799.812ms
[115.877s][info ][gc,phases,start] GC(78) Summary Phase
[115.877s][info ][gc,phases      ] GC(78) Summary Phase 0.013ms
[115.877s][info ][gc,phases,start] GC(78) Adjust Roots
[115.927s][info ][gc,phases      ] GC(78) Adjust Roots 49.613ms
[115.927s][info ][gc,phases,start] GC(78) Compaction Phase
[116.297s][info ][gc,phases      ] GC(78) Compaction Phase 370.187ms
[116.297s][info ][gc,phases,start] GC(78) Post Compact
[116.298s][info ][gc,phases      ] GC(78) Post Compact 0.979ms
[116.298s][info ][gc,heap        ] GC(78) PSYoungGen: 7872K(2047488K)->5243K(2047488K) Eden: 0K(1996800K)->0K(1996800K) From: 7872K(50688K)->5243K(50688K)
[116.298s][info ][gc,heap        ] GC(78) ParOldGen: 303112K(304128K)->304062K(369664K)
[116.298s][info ][gc,metaspace   ] GC(78) Metaspace: 74232K(74816K)->74232K(74816K) NonClass: 63876K(64192K)->63876K(64192K) Class: 10356K(10624K)->10356K(10624K)
[116.298s][info ][gc             ] GC(78) Pause Full (Ergonomics) 303M->302M(2360M) 1220.937ms
[116.298s][info ][gc,cpu         ] GC(78) User=1.20s Sys=0.03s Real=1.22s
[116.356s][info ][safepoint      ] Safepoint "ParallelGCFailedAllocation", Time since last: 20968866 ns, Reaching safepoint: 8100864 ns, At safepoint: 1339955591 ns, Total: 1348056455 ns
[117.057s][info ][safepoint      ] Safepoint "ICBufferFull", Time since last: 692008368 ns, Reaching safepoint: 8228765 ns, At safepoint: 32601 ns, Total: 8261366 ns
[117.557s][info ][safepoint      ] Safepoint "ICBufferFull", Time since last: 487756352 ns, Reaching safepoint: 12700101 ns, At safepoint: 40300 ns, Total: 12740401 ns
[117.704s][info ][gc,start       ] GC(79) Pause Young (Allocation Failure)
[117.825s][debug][gc,phases      ] GC(79) Scavenge 120.948ms
[117.825s][debug][gc,ref         ] GC(79) Skipped phase 1 of Reference Processing: no references
[117.825s][debug][gc,ref         ] GC(79) Skipped phase 3 of Reference Processing: no references
[117.825s][debug][gc,phases      ] GC(79) Reference Processing 0.049ms
[117.826s][debug][gc,phases      ] GC(79) Weak Processing 0.836ms
[117.826s][debug][gc,age         ] GC(79) Desired survivor size 50331648 bytes, new threshold 15 (max threshold 15)
[117.826s][info ][gc,heap        ] GC(79) PSYoungGen: 2002043K(2047488K)->5888K(2046464K) Eden: 1996800K(1996800K)->0K(1996800K) From: 5243K(50688K)->5888K(49664K)
[117.826s][info ][gc,heap        ] GC(79) ParOldGen: 304062K(369664K)->305014K(369664K)
[117.826s][info ][gc,metaspace   ] GC(79) Metaspace: 74364K(74944K)->74364K(74944K) NonClass: 63992K(64320K)->63992K(64320K) Class: 10372K(10624K)->10372K(10624K)
[117.826s][info ][gc             ] GC(79) Pause Young (Allocation Failure) 2252M->303M(2359M) 122.004ms
[117.826s][info ][gc,cpu         ] GC(79) User=0.18s Sys=0.00s Real=0.13s
[117.826s][info ][safepoint      ] Safepoint "ParallelGCFailedAllocation", Time since last: 145885352 ns, Reaching safepoint: 432004 ns, At safepoint: 122146365 ns, Total: 122578369 ns
[118.841s][info ][safepoint      ] Safepoint "Cleanup", Time since last: 1000096697 ns, Reaching safepoint: 15102919 ns, At safepoint: 307203 ns, Total: 15410122 ns
[119.133s][info ][gc,start       ] GC(80) Pause Young (Allocation Failure)
[119.150s][debug][gc,phases      ] GC(80) Scavenge 17.394ms
[119.150s][debug][gc,ref         ] GC(80) Skipped phase 1 of Reference Processing: no references
[119.150s][debug][gc,ref         ] GC(80) Skipped phase 3 of Reference Processing: no references
[119.150s][debug][gc,phases      ] GC(80) Reference Processing 0.030ms
[119.151s][debug][gc,phases      ] GC(80) Weak Processing 0.718ms
[119.151s][debug][gc,age         ] GC(80) Desired survivor size 48758784 bytes, new threshold 15 (max threshold 15)
[119.151s][info ][gc,heap        ] GC(80) PSYoungGen: 2002688K(2046464K)->6000K(2049536K) Eden: 1996800K(1996800K)->0K(2000384K) From: 5888K(49664K)->6000K(49152K)
[119.151s][info ][gc,heap        ] GC(80) ParOldGen: 305014K(369664K)->305158K(369664K)
[119.151s][info ][gc,metaspace   ] GC(80) Metaspace: 74390K(74944K)->74390K(74944K) NonClass: 64017K(64320K)->64017K(64320K) Class: 10372K(10624K)->10372K(10624K)
[119.151s][info ][gc             ] GC(80) Pause Young (Allocation Failure) 2253M->303M(2362M) 18.290ms
[119.151s][info ][gc,cpu         ] GC(80) User=0.03s Sys=0.00s Real=0.02s
[119.151s][info ][safepoint      ] Safepoint "ParallelGCFailedAllocation", Time since last: 246738348 ns, Reaching safepoint: 44862054 ns, At safepoint: 18423446 ns, Total: 63285500 ns
[120.161s][info ][safepoint      ] Safepoint "Cleanup", Time since last: 1004337127 ns, Reaching safepoint: 5622444 ns, At safepoint: 24500 ns, Total: 5646944 ns
[121.161s][info ][safepoint      ] Safepoint "Cleanup", Time since last: 1000103391 ns, Reaching safepoint: 127601 ns, At safepoint: 8800 ns, Total: 136401 ns
[122.162s][info ][safepoint      ] Safepoint "Cleanup", Time since last: 1000076288 ns, Reaching safepoint: 116101 ns, At safepoint: 5700 ns, Total: 121801 ns
[123.162s][info ][safepoint      ] Safepoint "Cleanup", Time since last: 1000097585 ns, Reaching safepoint: 78201 ns, At safepoint: 8700 ns, Total: 86901 ns
[124.162s][info ][safepoint      ] Safepoint "Cleanup", Time since last: 1000206183 ns, Reaching safepoint: 117601 ns, At safepoint: 10000 ns, Total: 127601 ns
[125.162s][info ][safepoint      ] Safepoint "Cleanup", Time since last: 1000118480 ns, Reaching safepoint: 85801 ns, At safepoint: 10000 ns, Total: 95801 ns
[126.163s][info ][safepoint      ] Safepoint "Cleanup", Time since last: 1000122977 ns, Reaching safepoint: 103101 ns, At safepoint: 8000 ns, Total: 111101 ns
[126.702s][info ][gc,start       ] GC(81) Pause Young (Allocation Failure)
[126.722s][debug][gc,phases      ] GC(81) Scavenge 20.733ms
[126.722s][debug][gc,ref         ] GC(81) Skipped phase 1 of Reference Processing: no references
[126.723s][debug][gc,ref         ] GC(81) Skipped phase 3 of Reference Processing: no references
[126.723s][debug][gc,phases      ] GC(81) Reference Processing 0.069ms
[126.723s][debug][gc,phases      ] GC(81) Weak Processing 0.890ms
[126.723s][debug][gc,age         ] GC(81) Desired survivor size 46661632 bytes, new threshold 15 (max threshold 15)
[126.723s][info ][gc,heap        ] GC(81) PSYoungGen: 2006384K(2049536K)->19008K(2048000K) Eden: 2000384K(2000384K)->0K(2000384K) From: 6000K(49152K)->19008K(47616K)
[126.723s][info ][gc,heap        ] GC(81) ParOldGen: 305158K(369664K)->305406K(369664K)
[126.723s][info ][gc,metaspace   ] GC(81) Metaspace: 74613K(75200K)->74613K(75200K) NonClass: 64221K(64512K)->64221K(64512K) Class: 10391K(10688K)->10391K(10688K)
[126.724s][info ][gc             ] GC(81) Pause Young (Allocation Failure) 2257M->316M(2361M) 21.901ms
[126.724s][info ][gc,cpu         ] GC(81) User=0.05s Sys=0.00s Real=0.02s
[126.724s][info ][safepoint      ] Safepoint "ParallelGCFailedAllocation", Time since last: 538767442 ns, Reaching safepoint: 158701 ns, At safepoint: 22006973 ns, Total: 22165674 ns
[127.733s][info ][safepoint      ] Safepoint "Cleanup", Time since last: 1000932079 ns, Reaching safepoint: 7991863 ns, At safepoint: 15800 ns, Total: 8007663 ns
[128.877s][info ][safepoint      ] Safepoint "Cleanup", Time since last: 1143088195 ns, Reaching safepoint: 896107 ns, At safepoint: 14600 ns, Total: 910707 ns
[129.877s][info ][safepoint      ] Safepoint "Cleanup", Time since last: 1000109167 ns, Reaching safepoint: 285402 ns, At safepoint: 9200 ns, Total: 294602 ns
[130.877s][info ][safepoint      ] Safepoint "Cleanup", Time since last: 1000117764 ns, Reaching safepoint: 89700 ns, At safepoint: 11601 ns, Total: 101301 ns
[131.877s][info ][safepoint      ] Safepoint "Cleanup", Time since last: 1000115361 ns, Reaching safepoint: 64300 ns, At safepoint: 8900 ns, Total: 73200 ns
[132.877s][info ][safepoint      ] Safepoint "Cleanup", Time since last: 1000105858 ns, Reaching safepoint: 51401 ns, At safepoint: 8600 ns, Total: 60001 ns
[133.878s][info ][safepoint      ] Safepoint "Cleanup", Time since last: 1000119255 ns, Reaching safepoint: 63101 ns, At safepoint: 5100 ns, Total: 68201 ns
[134.878s][info ][safepoint      ] Safepoint "Cleanup", Time since last: 1000089552 ns, Reaching safepoint: 63701 ns, At safepoint: 7200 ns, Total: 70901 ns
[135.878s][info ][safepoint      ] Safepoint "Cleanup", Time since last: 1000083050 ns, Reaching safepoint: 84200 ns, At safepoint: 5200 ns, Total: 89400 ns
[136.878s][info ][safepoint      ] Safepoint "Cleanup", Time since last: 1000116347 ns, Reaching safepoint: 45401 ns, At safepoint: 2900 ns, Total: 48301 ns
[137.878s][info ][safepoint      ] Safepoint "Cleanup", Time since last: 1000111644 ns, Reaching safepoint: 89301 ns, At safepoint: 6500 ns, Total: 95801 ns
[138.879s][info ][safepoint      ] Safepoint "Cleanup", Time since last: 1000104742 ns, Reaching safepoint: 121501 ns, At safepoint: 8700 ns, Total: 130201 ns
[139.879s][info ][safepoint      ] Safepoint "Cleanup", Time since last: 1000108039 ns, Reaching safepoint: 61400 ns, At safepoint: 6400 ns, Total: 67800 ns
[140.879s][info ][safepoint      ] Safepoint "Cleanup", Time since last: 1000063736 ns, Reaching safepoint: 46401 ns, At safepoint: 2400 ns, Total: 48801 ns
[141.821s][info ][safepoint      ] Safepoint "ICBufferFull", Time since last: 941335473 ns, Reaching safepoint: 218201 ns, At safepoint: 45501 ns, Total: 263702 ns
[142.821s][info ][safepoint      ] Safepoint "Cleanup", Time since last: 1000109831 ns, Reaching safepoint: 166501 ns, At safepoint: 10400 ns, Total: 176901 ns
[144.821s][info ][safepoint      ] Safepoint "Cleanup", Time since last: 2000179154 ns, Reaching safepoint: 51500 ns, At safepoint: 10300 ns, Total: 61800 ns
[145.821s][info ][safepoint      ] Safepoint "Cleanup", Time since last: 1000105323 ns, Reaching safepoint: 52800 ns, At safepoint: 9400 ns, Total: 62200 ns
[146.821s][info ][safepoint      ] Safepoint "Cleanup", Time since last: 1000105421 ns, Reaching safepoint: 124301 ns, At safepoint: 9900 ns, Total: 134201 ns
[147.822s][info ][safepoint      ] Safepoint "Cleanup", Time since last: 1000102217 ns, Reaching safepoint: 56700 ns, At safepoint: 7501 ns, Total: 64201 ns
[148.822s][info ][safepoint      ] Safepoint "Cleanup", Time since last: 1000099414 ns, Reaching safepoint: 120801 ns, At safepoint: 8000 ns, Total: 128801 ns
[149.822s][info ][safepoint      ] Safepoint "Cleanup", Time since last: 1000106812 ns, Reaching safepoint: 145301 ns, At safepoint: 8201 ns, Total: 153502 ns
[150.822s][info ][safepoint      ] Safepoint "Cleanup", Time since last: 1000099009 ns, Reaching safepoint: 49700 ns, At safepoint: 12500 ns, Total: 62200 ns
[151.823s][info ][safepoint      ] Safepoint "Cleanup", Time since last: 1000096107 ns, Reaching safepoint: 147601 ns, At safepoint: 8800 ns, Total: 156401 ns
[153.823s][info ][safepoint      ] Safepoint "Cleanup", Time since last: 2000165705 ns, Reaching safepoint: 95601 ns, At safepoint: 7200 ns, Total: 102801 ns
[154.244s][info ][safepoint      ] Safepoint "ICBufferFull", Time since last: 418350463 ns, Reaching safepoint: 3319526 ns, At safepoint: 15500 ns, Total: 3335026 ns
[154.246s][info ][safepoint      ] Safepoint "ICBufferFull", Time since last: 1095408 ns, Reaching safepoint: 102001 ns, At safepoint: 8200 ns, Total: 110201 ns
[154.246s][info ][safepoint      ] Safepoint "ICBufferFull", Time since last: 36100 ns, Reaching safepoint: 93701 ns, At safepoint: 8400 ns, Total: 102101 ns
[154.982s][info ][safepoint      ] Safepoint "ICBufferFull", Time since last: 736157440 ns, Reaching safepoint: 226502 ns, At safepoint: 3000 ns, Total: 229502 ns
[155.982s][info ][safepoint      ] Safepoint "Cleanup", Time since last: 1000112196 ns, Reaching safepoint: 84601 ns, At safepoint: 6600 ns, Total: 91201 ns
[158.983s][info ][safepoint      ] Safepoint "Cleanup", Time since last: 3000263870 ns, Reaching safepoint: 90001 ns, At safepoint: 2900 ns, Total: 92901 ns
[159.983s][info ][safepoint      ] Safepoint "Cleanup", Time since last: 1000119093 ns, Reaching safepoint: 133501 ns, At safepoint: 11600 ns, Total: 145101 ns
[160.983s][info ][safepoint      ] Safepoint "Cleanup", Time since last: 1000135599 ns, Reaching safepoint: 97401 ns, At safepoint: 7501 ns, Total: 104902 ns
[161.983s][info ][safepoint      ] Safepoint "Cleanup", Time since last: 1000113498 ns, Reaching safepoint: 57601 ns, At safepoint: 7000 ns, Total: 64601 ns
[162.984s][info ][safepoint      ] Safepoint "Cleanup", Time since last: 1000084387 ns, Reaching safepoint: 48201 ns, At safepoint: 5700 ns, Total: 53901 ns
[163.984s][info ][safepoint      ] Safepoint "Cleanup", Time since last: 1000099969 ns, Reaching safepoint: 138702 ns, At safepoint: 16400 ns, Total: 155102 ns
[164.984s][info ][safepoint      ] Safepoint "Cleanup", Time since last: 1000103752 ns, Reaching safepoint: 50401 ns, At safepoint: 2800 ns, Total: 53201 ns
[165.984s][info ][safepoint      ] Safepoint "Cleanup", Time since last: 1000110833 ns, Reaching safepoint: 51301 ns, At safepoint: 12100 ns, Total: 63401 ns
[167.984s][info ][safepoint      ] Safepoint "Cleanup", Time since last: 2000170114 ns, Reaching safepoint: 41300 ns, At safepoint: 2300 ns, Total: 43600 ns
[168.985s][info ][safepoint      ] Safepoint "Cleanup", Time since last: 1000114281 ns, Reaching safepoint: 43001 ns, At safepoint: 3500 ns, Total: 46501 ns
[169.985s][info ][safepoint      ] Safepoint "Cleanup", Time since last: 1000117563 ns, Reaching safepoint: 61101 ns, At safepoint: 9200 ns, Total: 70301 ns
[170.985s][info ][safepoint      ] Safepoint "Cleanup", Time since last: 1000118845 ns, Reaching safepoint: 51801 ns, At safepoint: 12400 ns, Total: 64201 ns
[171.985s][info ][safepoint      ] Safepoint "Cleanup", Time since last: 1000101428 ns, Reaching safepoint: 51501 ns, At safepoint: 4300 ns, Total: 55801 ns
[172.985s][info ][safepoint      ] Safepoint "Cleanup", Time since last: 1000115510 ns, Reaching safepoint: 179903 ns, At safepoint: 85201 ns, Total: 265104 ns
[173.986s][info ][safepoint      ] Safepoint "Cleanup", Time since last: 1000117493 ns, Reaching safepoint: 73501 ns, At safepoint: 10400 ns, Total: 83901 ns
[174.992s][info ][safepoint      ] Safepoint "Cleanup", Time since last: 1002851819 ns, Reaching safepoint: 3070848 ns, At safepoint: 21600 ns, Total: 3092448 ns
[175.017s][info ][gc,start       ] GC(82) Pause Young (Allocation Failure)
[175.037s][debug][gc,phases      ] GC(82) Scavenge 19.960ms
[175.037s][debug][gc,ref         ] GC(82) Skipped phase 1 of Reference Processing: no references
[175.037s][debug][gc,phases      ] GC(82) Reference Processing 0.086ms
[175.038s][debug][gc,phases      ] GC(82) Weak Processing 0.795ms
[175.038s][debug][gc,age         ] GC(82) Desired survivor size 51904512 bytes, new threshold 15 (max threshold 15)
[175.038s][info ][gc,heap        ] GC(82) PSYoungGen: 2019392K(2048000K)->37749K(2041344K) Eden: 2000384K(2000384K)->0K(1995776K) From: 19008K(47616K)->37749K(45568K)
[175.038s][info ][gc,heap        ] GC(82) ParOldGen: 305406K(369664K)->305598K(369664K)
[175.038s][info ][gc,metaspace   ] GC(82) Metaspace: 74893K(75456K)->74893K(75456K) NonClass: 64493K(64768K)->64493K(64768K) Class: 10399K(10688K)->10399K(10688K)
[175.038s][info ][gc             ] GC(82) Pause Young (Allocation Failure) 2270M->335M(2354M) 21.010ms
[175.038s][info ][gc,cpu         ] GC(82) User=0.05s Sys=0.00s Real=0.02s
[175.038s][info ][safepoint      ] Safepoint "ParallelGCFailedAllocation", Time since last: 21804442 ns, Reaching safepoint: 3138549 ns, At safepoint: 21121230 ns, Total: 24259779 ns
[176.038s][info ][safepoint      ] Safepoint "Cleanup", Time since last: 1000099057 ns, Reaching safepoint: 592709 ns, At safepoint: 6901 ns, Total: 599610 ns
[177.041s][info ][safepoint      ] Safepoint "Cleanup", Time since last: 1002147671 ns, Reaching safepoint: 71601 ns, At safepoint: 5400 ns, Total: 77001 ns
[178.045s][info ][safepoint      ] Safepoint "Cleanup", Time since last: 1003920982 ns, Reaching safepoint: 53100 ns, At safepoint: 2800 ns, Total: 55900 ns
[179.053s][info ][safepoint      ] Safepoint "Cleanup", Time since last: 1002380340 ns, Reaching safepoint: 5709189 ns, At safepoint: 18501 ns, Total: 5727690 ns
[180.099s][info ][safepoint      ] Safepoint "Cleanup", Time since last: 1045056487 ns, Reaching safepoint: 1720326 ns, At safepoint: 8401 ns, Total: 1728727 ns
[181.100s][info ][safepoint      ] Safepoint "Cleanup", Time since last: 1000136169 ns, Reaching safepoint: 118802 ns, At safepoint: 14900 ns, Total: 133702 ns
[183.100s][info ][safepoint      ] Safepoint "Cleanup", Time since last: 2000195286 ns, Reaching safepoint: 103302 ns, At safepoint: 11500 ns, Total: 114802 ns
[196.101s][info ][safepoint      ] Safepoint "Cleanup", Time since last: 13000902994 ns, Reaching safepoint: 93201 ns, At safepoint: 12101 ns, Total: 105302 ns
[202.102s][info ][safepoint      ] Safepoint "Cleanup", Time since last: 6000441931 ns, Reaching safepoint: 63501 ns, At safepoint: 10400 ns, Total: 73901 ns
[234.104s][info ][safepoint      ] Safepoint "Cleanup", Time since last: 32002080980 ns, Reaching safepoint: 70601 ns, At safepoint: 5500 ns, Total: 76101 ns
[236.104s][info ][safepoint      ] Safepoint "Cleanup", Time since last: 2000161155 ns, Reaching safepoint: 51900 ns, At safepoint: 3700 ns, Total: 55600 ns
[276.107s][info ][safepoint      ] Safepoint "Cleanup", Time since last: 40002547100 ns, Reaching safepoint: 67701 ns, At safepoint: 5400 ns, Total: 73101 ns
[297.108s][info ][safepoint      ] Safepoint "Cleanup", Time since last: 21001429180 ns, Reaching safepoint: 60101 ns, At safepoint: 7100 ns, Total: 67201 ns
[301.108s][info ][safepoint      ] Safepoint "Cleanup", Time since last: 4000266378 ns, Reaching safepoint: 34601 ns, At safepoint: 2300 ns, Total: 36901 ns
[305.109s][info ][safepoint      ] Safepoint "Cleanup", Time since last: 4000213059 ns, Reaching safepoint: 41301 ns, At safepoint: 2200 ns, Total: 43501 ns
[342.111s][info ][safepoint      ] Safepoint "Cleanup", Time since last: 37002270391 ns, Reaching safepoint: 69401 ns, At safepoint: 6900 ns, Total: 76301 ns
[349.112s][info ][safepoint      ] Safepoint "Cleanup", Time since last: 7000491556 ns, Reaching safepoint: 93401 ns, At safepoint: 10900 ns, Total: 104301 ns
[357.112s][info ][safepoint      ] Safepoint "Cleanup", Time since last: 8000574350 ns, Reaching safepoint: 46400 ns, At safepoint: 2600 ns, Total: 49000 ns
[396.115s][info ][safepoint      ] Safepoint "Cleanup", Time since last: 39002769832 ns, Reaching safepoint: 92001 ns, At safepoint: 5900 ns, Total: 97901 ns
[412.116s][info ][safepoint      ] Safepoint "Cleanup", Time since last: 16001109642 ns, Reaching safepoint: 46201 ns, At safepoint: 3400 ns, Total: 49601 ns
[425.118s][info ][safepoint      ] Safepoint "Cleanup", Time since last: 13001409918 ns, Reaching safepoint: 68302 ns, At safepoint: 10500 ns, Total: 78802 ns
[429.118s][info ][safepoint      ] Safepoint "Cleanup", Time since last: 4000310488 ns, Reaching safepoint: 54501 ns, At safepoint: 5000 ns, Total: 59501 ns
[439.119s][info ][safepoint      ] Safepoint "Cleanup", Time since last: 10000652817 ns, Reaching safepoint: 42201 ns, At safepoint: 5900 ns, Total: 48101 ns
[445.119s][info ][safepoint      ] Safepoint "Cleanup", Time since last: 6000417372 ns, Reaching safepoint: 49401 ns, At safepoint: 6201 ns, Total: 55602 ns
[476.122s][info ][safepoint      ] Safepoint "Cleanup", Time since last: 31002248661 ns, Reaching safepoint: 131502 ns, At safepoint: 6901 ns, Total: 138403 ns
[488.125s][info ][safepoint      ] Safepoint "Cleanup", Time since last: 12002928779 ns, Reaching safepoint: 78101 ns, At safepoint: 5301 ns, Total: 83402 ns
[510.126s][info ][safepoint      ] Safepoint "Cleanup", Time since last: 22001396366 ns, Reaching safepoint: 52301 ns, At safepoint: 5000 ns, Total: 57301 ns
[525.127s][info ][safepoint      ] Safepoint "Cleanup", Time since last: 15001002459 ns, Reaching safepoint: 49101 ns, At safepoint: 6500 ns, Total: 55601 ns
[525.186s][info ][gc,heap,exit   ] Heap
[525.186s][info ][gc,heap,exit   ]  PSYoungGen      total 2041344K, used 1014683K [0x0000000780000000, 0x0000000800000000, 0x0000000800000000)
[525.186s][info ][gc,heap,exit   ]   eden space 1995776K, 48% used [0x0000000780000000,0x00000007bba09870,0x00000007f9d00000)
[525.186s][info ][gc,heap,exit   ]   from space 45568K, 82% used [0x00000007fd380000,0x00000007ff85d648,0x0000000800000000)
[525.186s][info ][gc,heap,exit   ]   to   space 50688K, 0% used [0x00000007f9d00000,0x00000007f9d00000,0x00000007fce80000)
[525.186s][info ][gc,heap,exit   ]  ParOldGen       total 369664K, used 305598K [0x0000000740000000, 0x0000000756900000, 0x0000000780000000)
[525.186s][info ][gc,heap,exit   ]   object space 369664K, 82% used [0x0000000740000000,0x0000000752a6fb58,0x0000000756900000)
[525.186s][info ][gc,heap,exit   ]  Metaspace       used 74980K, committed 75584K, reserved 1114112K
[525.186s][info ][gc,heap,exit   ]   class space    used 10407K, committed 10688K, reserved 1048576K
