[0.009s][info][gc] Using Parallel
[0.010s][info][gc,init] Version: 16.0.1+9 (release)
[0.010s][info][gc,init] CPUs: 8 total, 8 available
[0.010s][info][gc,init] Memory: 32117M
[0.010s][info][gc,init] Large Page Support: Disabled
[0.010s][info][gc,init] NUMA Support: Disabled
[0.010s][info][gc,init] Compressed Oops: Enabled (Zero based)
[0.010s][info][gc,init] Alignments: Space 512K, Generation 512K, Heap 2M
[0.010s][info][gc,init] Heap Min Capacity: 2054M
[0.010s][info][gc,init] Heap Initial Capacity: 2054M
[0.010s][info][gc,init] Heap Max Capacity: 3G
[0.010s][info][gc,init] Pre-touch: Disabled
[0.010s][info][gc,init] Parallel Workers: 4
[0.010s][info][gc,metaspace] CDS disabled.
[0.010s][info][gc,metaspace] Compressed class space mapped at: 0x0000000800000000-0x0000000840000000, reserved size: 1073741824
[0.010s][info][gc,metaspace] Narrow klass base: 0x0000000800000000, Narrow klass shift: 0, Narrow klass range: 0x40000000
[1.077s][info][safepoint   ] Safepoint "ICBufferFull", Time since last: 1017490186 ns, Reaching safepoint: 1667716 ns, At safepoint: 10900 ns, Total: 1678616 ns
[1.505s][info][gc,start    ] GC(0) Pause Young (Metadata GC Threshold)
[1.515s][debug][gc,phases   ] GC(0) Scavenge 7.145ms
[1.515s][debug][gc,ref      ] GC(0) Skipped phase 1 of Reference Processing: no references
[1.515s][debug][gc,ref      ] GC(0) Skipped phase 3 of Reference Processing: no references
[1.515s][debug][gc,phases   ] GC(0) Reference Processing 0.205ms
[1.515s][debug][gc,phases   ] GC(0) Weak Processing 0.435ms
[1.515s][debug][gc,age      ] GC(0) Desired survivor size 536870912 bytes, new threshold 7 (max threshold 15)
[1.515s][info ][gc,heap     ] GC(0) PSYoungGen: 167792K(1572864K)->7844K(1572864K) Eden: 167792K(1048576K)->0K(1048576K) From: 0K(524288K)->7844K(524288K)
[1.515s][info ][gc,heap     ] GC(0) ParOldGen: 0K(6144K)->80K(6144K)
[1.515s][info ][gc,metaspace] GC(0) Metaspace: 21007K(21248K)->21007K(21248K) NonClass: 18637K(18752K)->18637K(18752K) Class: 2369K(2496K)->2369K(2496K)
[1.515s][info ][gc          ] GC(0) Pause Young (Metadata GC Threshold) 163M->7M(1542M) 10.578ms
[1.515s][info ][gc,cpu      ] GC(0) User=0.02s Sys=0.01s Real=0.01s
[1.516s][debug][gc,phases   ] GC(1) Pre Compact 0.051ms
[1.516s][info ][gc,start    ] GC(1) Pause Full (Metadata GC Threshold)
[1.516s][info ][gc,phases,start] GC(1) Marking Phase
[1.523s][debug][gc,phases      ] GC(1) Par Mark 7.419ms
[1.523s][debug][gc,ref         ] GC(1) Skipped phase 1 of Reference Processing: no references
[1.523s][debug][gc,ref         ] GC(1) Skipped phase 3 of Reference Processing: no references
[1.523s][debug][gc,phases      ] GC(1) Reference Processing 0.048ms
[1.523s][debug][gc,phases      ] GC(1) Weak Processing 0.146ms
[1.523s][debug][gc,phases      ] GC(1) ClassLoaderData 0.016ms
[1.523s][debug][gc,phases      ] GC(1) Trigger cleanups 0.000ms
[1.525s][debug][gc,phases      ] GC(1) Class Unloading 2.127ms
[1.525s][info ][gc,phases      ] GC(1) Marking Phase 9.854ms
[1.525s][info ][gc,phases,start] GC(1) Summary Phase
[1.525s][info ][gc,phases      ] GC(1) Summary Phase 0.005ms
[1.525s][info ][gc,phases,start] GC(1) Adjust Roots
[1.528s][info ][gc,phases      ] GC(1) Adjust Roots 2.591ms
[1.528s][info ][gc,phases,start] GC(1) Compaction Phase
[1.541s][info ][gc,phases      ] GC(1) Compaction Phase 12.834ms
[1.541s][info ][gc,phases,start] GC(1) Post Compact
[1.541s][info ][gc,phases      ] GC(1) Post Compact 0.556ms
[1.541s][info ][gc,heap        ] GC(1) PSYoungGen: 7844K(1572864K)->2168K(1572864K) Eden: 0K(1048576K)->0K(1048576K) From: 7844K(524288K)->2168K(524288K)
[1.541s][info ][gc,heap        ] GC(1) ParOldGen: 80K(6144K)->5686K(6144K)
[1.541s][info ][gc,metaspace   ] GC(1) Metaspace: 21007K(21248K)->21007K(21248K) NonClass: 18637K(18752K)->18637K(18752K) Class: 2369K(2496K)->2369K(2496K)
[1.542s][info ][gc             ] GC(1) Pause Full (Metadata GC Threshold) 7M->7M(1542M) 25.974ms
[1.542s][info ][gc,cpu         ] GC(1) User=0.06s Sys=0.00s Real=0.03s
[1.542s][info ][safepoint      ] Safepoint "CollectForMetadataAllocation", Time since last: 424281135 ns, Reaching safepoint: 3902637 ns, At safepoint: 36765150 ns, Total: 40667787 ns
[1.802s][info ][safepoint      ] Safepoint "ICBufferFull", Time since last: 260059874 ns, Reaching safepoint: 71700 ns, At safepoint: 3000 ns, Total: 74700 ns
[1.833s][info ][safepoint      ] Safepoint "ICBufferFull", Time since last: 29308779 ns, Reaching safepoint: 1551015 ns, At safepoint: 6000 ns, Total: 1557015 ns
[1.844s][info ][safepoint      ] Safepoint "ICBufferFull", Time since last: 11185706 ns, Reaching safepoint: 49701 ns, At safepoint: 2600 ns, Total: 52301 ns
[1.869s][info ][safepoint      ] Safepoint "ICBufferFull", Time since last: 25090338 ns, Reaching safepoint: 146802 ns, At safepoint: 8000 ns, Total: 154802 ns
[1.875s][info ][safepoint      ] Safepoint "ICBufferFull", Time since last: 5510452 ns, Reaching safepoint: 95901 ns, At safepoint: 2400 ns, Total: 98301 ns
[1.886s][info ][safepoint      ] Safepoint "ICBufferFull", Time since last: 11180407 ns, Reaching safepoint: 114901 ns, At safepoint: 6300 ns, Total: 121201 ns
[1.890s][info ][safepoint      ] Safepoint "ICBufferFull", Time since last: 4213740 ns, Reaching safepoint: 64400 ns, At safepoint: 2201 ns, Total: 66601 ns
[1.897s][info ][safepoint      ] Safepoint "ICBufferFull", Time since last: 6622763 ns, Reaching safepoint: 44800 ns, At safepoint: 7400 ns, Total: 52200 ns
[1.913s][info ][safepoint      ] Safepoint "ICBufferFull", Time since last: 15958352 ns, Reaching safepoint: 73500 ns, At safepoint: 2301 ns, Total: 75801 ns
[1.919s][info ][safepoint      ] Safepoint "ICBufferFull", Time since last: 6439161 ns, Reaching safepoint: 47100 ns, At safepoint: 7000 ns, Total: 54100 ns
[1.920s][info ][safepoint      ] Safepoint "ICBufferFull", Time since last: 556906 ns, Reaching safepoint: 28800 ns, At safepoint: 6300 ns, Total: 35100 ns
[1.965s][info ][safepoint      ] Safepoint "ICBufferFull", Time since last: 40985190 ns, Reaching safepoint: 3850536 ns, At safepoint: 11000 ns, Total: 3861536 ns
[2.059s][info ][safepoint      ] Safepoint "ICBufferFull", Time since last: 93965294 ns, Reaching safepoint: 110601 ns, At safepoint: 5200 ns, Total: 115801 ns
[2.062s][info ][safepoint      ] Safepoint "ICBufferFull", Time since last: 2870627 ns, Reaching safepoint: 43501 ns, At safepoint: 5300 ns, Total: 48801 ns
[2.063s][info ][safepoint      ] Safepoint "ICBufferFull", Time since last: 1422313 ns, Reaching safepoint: 22301 ns, At safepoint: 2300 ns, Total: 24601 ns
[2.069s][info ][safepoint      ] Safepoint "ICBufferFull", Time since last: 5333750 ns, Reaching safepoint: 47701 ns, At safepoint: 2700 ns, Total: 50401 ns
[2.070s][info ][safepoint      ] Safepoint "ICBufferFull", Time since last: 1533314 ns, Reaching safepoint: 29301 ns, At safepoint: 2000 ns, Total: 31301 ns
[2.076s][info ][safepoint      ] Safepoint "ICBufferFull", Time since last: 5317550 ns, Reaching safepoint: 273903 ns, At safepoint: 4400 ns, Total: 278303 ns
[2.077s][info ][safepoint      ] Safepoint "ICBufferFull", Time since last: 1181211 ns, Reaching safepoint: 30600 ns, At safepoint: 1700 ns, Total: 32300 ns
[2.078s][info ][safepoint      ] Safepoint "ICBufferFull", Time since last: 1346713 ns, Reaching safepoint: 36000 ns, At safepoint: 5700 ns, Total: 41700 ns
[2.079s][info ][safepoint      ] Safepoint "ICBufferFull", Time since last: 863009 ns, Reaching safepoint: 28200 ns, At safepoint: 1400 ns, Total: 29600 ns
[2.081s][info ][safepoint      ] Safepoint "ICBufferFull", Time since last: 1246712 ns, Reaching safepoint: 37100 ns, At safepoint: 6100 ns, Total: 43200 ns
[2.082s][info ][safepoint      ] Safepoint "ICBufferFull", Time since last: 1039510 ns, Reaching safepoint: 41501 ns, At safepoint: 1800 ns, Total: 43301 ns
[2.084s][info ][safepoint      ] Safepoint "ICBufferFull", Time since last: 1757316 ns, Reaching safepoint: 43301 ns, At safepoint: 2600 ns, Total: 45901 ns
[2.086s][info ][safepoint      ] Safepoint "ICBufferFull", Time since last: 2326522 ns, Reaching safepoint: 49000 ns, At safepoint: 2200 ns, Total: 51200 ns
[2.087s][info ][safepoint      ] Safepoint "ICBufferFull", Time since last: 698207 ns, Reaching safepoint: 100801 ns, At safepoint: 3100 ns, Total: 103901 ns
[2.094s][info ][safepoint      ] Safepoint "ICBufferFull", Time since last: 7248069 ns, Reaching safepoint: 59100 ns, At safepoint: 2400 ns, Total: 61500 ns
[2.110s][info ][safepoint      ] Safepoint "ICBufferFull", Time since last: 15898751 ns, Reaching safepoint: 107601 ns, At safepoint: 5601 ns, Total: 113202 ns
[2.114s][info ][safepoint      ] Safepoint "ICBufferFull", Time since last: 4174639 ns, Reaching safepoint: 98201 ns, At safepoint: 15600 ns, Total: 113801 ns
[2.166s][info ][safepoint      ] Safepoint "ICBufferFull", Time since last: 51547590 ns, Reaching safepoint: 72001 ns, At safepoint: 1700 ns, Total: 73701 ns
[2.186s][info ][safepoint      ] Safepoint "ICBufferFull", Time since last: 17599567 ns, Reaching safepoint: 1995119 ns, At safepoint: 5800 ns, Total: 2000919 ns
[2.258s][info ][safepoint      ] Safepoint "ICBufferFull", Time since last: 72024285 ns, Reaching safepoint: 92700 ns, At safepoint: 5101 ns, Total: 97801 ns
[2.263s][info ][safepoint      ] Safepoint "ICBufferFull", Time since last: 5673953 ns, Reaching safepoint: 51901 ns, At safepoint: 3700 ns, Total: 55601 ns
[2.267s][info ][safepoint      ] Safepoint "ICBufferFull", Time since last: 3318532 ns, Reaching safepoint: 54100 ns, At safepoint: 6600 ns, Total: 60700 ns
[2.349s][info ][safepoint      ] Safepoint "ICBufferFull", Time since last: 78878550 ns, Reaching safepoint: 3194330 ns, At safepoint: 10700 ns, Total: 3205030 ns
[2.357s][info ][safepoint      ] Safepoint "ICBufferFull", Time since last: 5958857 ns, Reaching safepoint: 2104420 ns, At safepoint: 7400 ns, Total: 2111820 ns
[2.360s][info ][safepoint      ] Safepoint "ICBufferFull", Time since last: 2623425 ns, Reaching safepoint: 93601 ns, At safepoint: 2400 ns, Total: 96001 ns
[2.367s][info ][safepoint      ] Safepoint "ICBufferFull", Time since last: 7151268 ns, Reaching safepoint: 290702 ns, At safepoint: 4400 ns, Total: 295102 ns
[2.370s][info ][safepoint      ] Safepoint "ICBufferFull", Time since last: 2807027 ns, Reaching safepoint: 39001 ns, At safepoint: 2400 ns, Total: 41401 ns
[2.372s][info ][safepoint      ] Safepoint "ICBufferFull", Time since last: 2053619 ns, Reaching safepoint: 35300 ns, At safepoint: 1900 ns, Total: 37200 ns
[2.380s][info ][safepoint      ] Safepoint "ICBufferFull", Time since last: 7912676 ns, Reaching safepoint: 81600 ns, At safepoint: 2900 ns, Total: 84500 ns
[2.381s][info ][safepoint      ] Safepoint "ICBufferFull", Time since last: 723707 ns, Reaching safepoint: 23701 ns, At safepoint: 1500 ns, Total: 25201 ns
[2.382s][info ][safepoint      ] Safepoint "ICBufferFull", Time since last: 1201411 ns, Reaching safepoint: 22200 ns, At safepoint: 1100 ns, Total: 23300 ns
[2.383s][info ][safepoint      ] Safepoint "ICBufferFull", Time since last: 668107 ns, Reaching safepoint: 20300 ns, At safepoint: 900 ns, Total: 21200 ns
[2.386s][info ][safepoint      ] Safepoint "ICBufferFull", Time since last: 2962728 ns, Reaching safepoint: 37800 ns, At safepoint: 2400 ns, Total: 40200 ns
[2.390s][info ][safepoint      ] Safepoint "ICBufferFull", Time since last: 4549344 ns, Reaching safepoint: 38600 ns, At safepoint: 2600 ns, Total: 41200 ns
[2.391s][info ][safepoint      ] Safepoint "ICBufferFull", Time since last: 1074410 ns, Reaching safepoint: 28200 ns, At safepoint: 1400 ns, Total: 29600 ns
[2.393s][info ][safepoint      ] Safepoint "ICBufferFull", Time since last: 1149111 ns, Reaching safepoint: 26401 ns, At safepoint: 1300 ns, Total: 27701 ns
[2.395s][info ][safepoint      ] Safepoint "ICBufferFull", Time since last: 2397122 ns, Reaching safepoint: 34901 ns, At safepoint: 2000 ns, Total: 36901 ns
[2.398s][info ][safepoint      ] Safepoint "ICBufferFull", Time since last: 2881027 ns, Reaching safepoint: 35200 ns, At safepoint: 1800 ns, Total: 37000 ns
[2.400s][info ][safepoint      ] Safepoint "ICBufferFull", Time since last: 2211221 ns, Reaching safepoint: 32701 ns, At safepoint: 1900 ns, Total: 34601 ns
[2.401s][info ][safepoint      ] Safepoint "ICBufferFull", Time since last: 1138811 ns, Reaching safepoint: 28400 ns, At safepoint: 1400 ns, Total: 29800 ns
[2.406s][info ][safepoint      ] Safepoint "ICBufferFull", Time since last: 4156339 ns, Reaching safepoint: 39401 ns, At safepoint: 2600 ns, Total: 42001 ns
[2.407s][info ][safepoint      ] Safepoint "ICBufferFull", Time since last: 1844017 ns, Reaching safepoint: 36001 ns, At safepoint: 2100 ns, Total: 38101 ns
[2.431s][info ][safepoint      ] Safepoint "ICBufferFull", Time since last: 23656824 ns, Reaching safepoint: 70801 ns, At safepoint: 6700 ns, Total: 77501 ns
[2.434s][info ][safepoint      ] Safepoint "ICBufferFull", Time since last: 2749826 ns, Reaching safepoint: 38601 ns, At safepoint: 2200 ns, Total: 40801 ns
[2.451s][info ][safepoint      ] Safepoint "ICBufferFull", Time since last: 17008961 ns, Reaching safepoint: 41201 ns, At safepoint: 2400 ns, Total: 43601 ns
[2.454s][info ][safepoint      ] Safepoint "ICBufferFull", Time since last: 2758626 ns, Reaching safepoint: 36500 ns, At safepoint: 2400 ns, Total: 38900 ns
[2.457s][info ][safepoint      ] Safepoint "ICBufferFull", Time since last: 2827527 ns, Reaching safepoint: 34701 ns, At safepoint: 2400 ns, Total: 37101 ns
[2.460s][info ][safepoint      ] Safepoint "ICBufferFull", Time since last: 3137229 ns, Reaching safepoint: 39901 ns, At safepoint: 2200 ns, Total: 42101 ns
[2.464s][info ][safepoint      ] Safepoint "ICBufferFull", Time since last: 3988338 ns, Reaching safepoint: 54500 ns, At safepoint: 3100 ns, Total: 57600 ns
[2.467s][info ][safepoint      ] Safepoint "ICBufferFull", Time since last: 3423533 ns, Reaching safepoint: 81901 ns, At safepoint: 3300 ns, Total: 85201 ns
[2.471s][info ][safepoint      ] Safepoint "ICBufferFull", Time since last: 3613634 ns, Reaching safepoint: 45500 ns, At safepoint: 6300 ns, Total: 51800 ns
[2.475s][info ][safepoint      ] Safepoint "ICBufferFull", Time since last: 3540234 ns, Reaching safepoint: 44701 ns, At safepoint: 2600 ns, Total: 47301 ns
[2.477s][info ][safepoint      ] Safepoint "ICBufferFull", Time since last: 2100120 ns, Reaching safepoint: 33700 ns, At safepoint: 2100 ns, Total: 35800 ns
[2.479s][info ][safepoint      ] Safepoint "ICBufferFull", Time since last: 2243021 ns, Reaching safepoint: 35801 ns, At safepoint: 2000 ns, Total: 37801 ns
[2.482s][info ][safepoint      ] Safepoint "ICBufferFull", Time since last: 2443323 ns, Reaching safepoint: 83501 ns, At safepoint: 2500 ns, Total: 86001 ns
[2.483s][info ][safepoint      ] Safepoint "ICBufferFull", Time since last: 1768916 ns, Reaching safepoint: 29101 ns, At safepoint: 1900 ns, Total: 31001 ns
[2.488s][info ][safepoint      ] Safepoint "ICBufferFull", Time since last: 4154139 ns, Reaching safepoint: 57501 ns, At safepoint: 2700 ns, Total: 60201 ns
[2.492s][info ][safepoint      ] Safepoint "ICBufferFull", Time since last: 4301641 ns, Reaching safepoint: 40000 ns, At safepoint: 2000 ns, Total: 42000 ns
[2.493s][info ][safepoint      ] Safepoint "ICBufferFull", Time since last: 698307 ns, Reaching safepoint: 20500 ns, At safepoint: 1200 ns, Total: 21700 ns
[2.507s][info ][safepoint      ] Safepoint "ICBufferFull", Time since last: 13979133 ns, Reaching safepoint: 82900 ns, At safepoint: 2901 ns, Total: 85801 ns
[2.507s][info ][safepoint      ] Safepoint "ICBufferFull", Time since last: 582205 ns, Reaching safepoint: 21600 ns, At safepoint: 1100 ns, Total: 22700 ns
[2.509s][info ][safepoint      ] Safepoint "ICBufferFull", Time since last: 2087020 ns, Reaching safepoint: 24700 ns, At safepoint: 2100 ns, Total: 26800 ns
[2.512s][info ][safepoint      ] Safepoint "ICBufferFull", Time since last: 2962128 ns, Reaching safepoint: 23001 ns, At safepoint: 2100 ns, Total: 25101 ns
[2.524s][info ][safepoint      ] Safepoint "ICBufferFull", Time since last: 11757611 ns, Reaching safepoint: 68901 ns, At safepoint: 3000 ns, Total: 71901 ns
[2.525s][info ][safepoint      ] Safepoint "ICBufferFull", Time since last: 598106 ns, Reaching safepoint: 49800 ns, At safepoint: 1400 ns, Total: 51200 ns
[2.532s][info ][safepoint      ] Safepoint "ICBufferFull", Time since last: 6550663 ns, Reaching safepoint: 38900 ns, At safepoint: 2400 ns, Total: 41300 ns
[2.542s][info ][safepoint      ] Safepoint "ICBufferFull", Time since last: 10912204 ns, Reaching safepoint: 50500 ns, At safepoint: 2300 ns, Total: 52800 ns
[2.544s][info ][safepoint      ] Safepoint "ICBufferFull", Time since last: 1029710 ns, Reaching safepoint: 30900 ns, At safepoint: 1900 ns, Total: 32800 ns
[2.550s][info ][safepoint      ] Safepoint "ICBufferFull", Time since last: 6911266 ns, Reaching safepoint: 38000 ns, At safepoint: 3700 ns, Total: 41700 ns
[2.553s][info ][safepoint      ] Safepoint "ICBufferFull", Time since last: 2170921 ns, Reaching safepoint: 36200 ns, At safepoint: 2300 ns, Total: 38500 ns
[2.555s][info ][safepoint      ] Safepoint "ICBufferFull", Time since last: 2196521 ns, Reaching safepoint: 74701 ns, At safepoint: 2800 ns, Total: 77501 ns
[2.560s][info ][safepoint      ] Safepoint "ICBufferFull", Time since last: 5388051 ns, Reaching safepoint: 48701 ns, At safepoint: 2900 ns, Total: 51601 ns
[2.563s][info ][safepoint      ] Safepoint "ICBufferFull", Time since last: 2310422 ns, Reaching safepoint: 33400 ns, At safepoint: 2400 ns, Total: 35800 ns
[2.563s][info ][safepoint      ] Safepoint "ICBufferFull", Time since last: 670706 ns, Reaching safepoint: 23801 ns, At safepoint: 1000 ns, Total: 24801 ns
[2.566s][info ][safepoint      ] Safepoint "ICBufferFull", Time since last: 2453423 ns, Reaching safepoint: 33600 ns, At safepoint: 1900 ns, Total: 35500 ns
[2.569s][info ][safepoint      ] Safepoint "ICBufferFull", Time since last: 3383032 ns, Reaching safepoint: 38901 ns, At safepoint: 2400 ns, Total: 41301 ns
[2.572s][info ][safepoint      ] Safepoint "ICBufferFull", Time since last: 2500124 ns, Reaching safepoint: 39500 ns, At safepoint: 2400 ns, Total: 41900 ns
[2.600s][info ][safepoint      ] Safepoint "ICBufferFull", Time since last: 27970266 ns, Reaching safepoint: 57700 ns, At safepoint: 2800 ns, Total: 60500 ns
[2.630s][info ][safepoint      ] Safepoint "ICBufferFull", Time since last: 29616182 ns, Reaching safepoint: 37000 ns, At safepoint: 2300 ns, Total: 39300 ns
[2.631s][info ][safepoint      ] Safepoint "ICBufferFull", Time since last: 1578515 ns, Reaching safepoint: 38601 ns, At safepoint: 2000 ns, Total: 40601 ns
[2.633s][info ][safepoint      ] Safepoint "ICBufferFull", Time since last: 1492814 ns, Reaching safepoint: 29000 ns, At safepoint: 1600 ns, Total: 30600 ns
[2.634s][info ][safepoint      ] Safepoint "ICBufferFull", Time since last: 1597715 ns, Reaching safepoint: 34701 ns, At safepoint: 2000 ns, Total: 36701 ns
[2.636s][info ][safepoint      ] Safepoint "ICBufferFull", Time since last: 1215911 ns, Reaching safepoint: 32000 ns, At safepoint: 2300 ns, Total: 34300 ns
[2.639s][info ][safepoint      ] Safepoint "ICBufferFull", Time since last: 3756236 ns, Reaching safepoint: 36500 ns, At safepoint: 2400 ns, Total: 38900 ns
[2.641s][info ][safepoint      ] Safepoint "ICBufferFull", Time since last: 1881118 ns, Reaching safepoint: 36601 ns, At safepoint: 2500 ns, Total: 39101 ns
[2.643s][info ][safepoint      ] Safepoint "ICBufferFull", Time since last: 1385313 ns, Reaching safepoint: 35500 ns, At safepoint: 2400 ns, Total: 37900 ns
[2.644s][info ][safepoint      ] Safepoint "ICBufferFull", Time since last: 1546415 ns, Reaching safepoint: 37700 ns, At safepoint: 2500 ns, Total: 40200 ns
[2.648s][info ][safepoint      ] Safepoint "ICBufferFull", Time since last: 3760136 ns, Reaching safepoint: 37000 ns, At safepoint: 2500 ns, Total: 39500 ns
[2.650s][info ][safepoint      ] Safepoint "ICBufferFull", Time since last: 1522315 ns, Reaching safepoint: 34400 ns, At safepoint: 2100 ns, Total: 36500 ns
[2.652s][info ][safepoint      ] Safepoint "ICBufferFull", Time since last: 2493324 ns, Reaching safepoint: 47200 ns, At safepoint: 3100 ns, Total: 50300 ns
[2.659s][info ][safepoint      ] Safepoint "ICBufferFull", Time since last: 6400561 ns, Reaching safepoint: 40601 ns, At safepoint: 2900 ns, Total: 43501 ns
[2.660s][info ][safepoint      ] Safepoint "ICBufferFull", Time since last: 1254612 ns, Reaching safepoint: 48300 ns, At safepoint: 3100 ns, Total: 51400 ns
[2.661s][info ][safepoint      ] Safepoint "ICBufferFull", Time since last: 612406 ns, Reaching safepoint: 22000 ns, At safepoint: 1200 ns, Total: 23200 ns
[2.663s][info ][safepoint      ] Safepoint "ICBufferFull", Time since last: 2132620 ns, Reaching safepoint: 31301 ns, At safepoint: 2200 ns, Total: 33501 ns
[2.664s][info ][safepoint      ] Safepoint "ICBufferFull", Time since last: 1626715 ns, Reaching safepoint: 32400 ns, At safepoint: 2300 ns, Total: 34700 ns
[2.666s][info ][safepoint      ] Safepoint "ICBufferFull", Time since last: 1754317 ns, Reaching safepoint: 36201 ns, At safepoint: 2100 ns, Total: 38301 ns
[2.670s][info ][safepoint      ] Safepoint "ICBufferFull", Time since last: 3711135 ns, Reaching safepoint: 46000 ns, At safepoint: 3100 ns, Total: 49100 ns
[2.672s][info ][safepoint      ] Safepoint "ICBufferFull", Time since last: 2176821 ns, Reaching safepoint: 39200 ns, At safepoint: 2400 ns, Total: 41600 ns
[2.679s][info ][safepoint      ] Safepoint "ICBufferFull", Time since last: 6708364 ns, Reaching safepoint: 45601 ns, At safepoint: 4000 ns, Total: 49601 ns
[2.681s][info ][safepoint      ] Safepoint "ICBufferFull", Time since last: 2430323 ns, Reaching safepoint: 40400 ns, At safepoint: 6000 ns, Total: 46400 ns
[2.686s][info ][safepoint      ] Safepoint "ICBufferFull", Time since last: 4323841 ns, Reaching safepoint: 37701 ns, At safepoint: 2400 ns, Total: 40101 ns
[2.689s][info ][safepoint      ] Safepoint "ICBufferFull", Time since last: 3043329 ns, Reaching safepoint: 47100 ns, At safepoint: 2300 ns, Total: 49400 ns
[2.693s][info ][safepoint      ] Safepoint "ICBufferFull", Time since last: 4286241 ns, Reaching safepoint: 34700 ns, At safepoint: 2100 ns, Total: 36800 ns
[2.695s][info ][safepoint      ] Safepoint "ICBufferFull", Time since last: 1498014 ns, Reaching safepoint: 26301 ns, At safepoint: 1600 ns, Total: 27901 ns
[2.696s][info ][safepoint      ] Safepoint "ICBufferFull", Time since last: 1397813 ns, Reaching safepoint: 23000 ns, At safepoint: 1700 ns, Total: 24700 ns
[2.699s][info ][safepoint      ] Safepoint "ICBufferFull", Time since last: 2310722 ns, Reaching safepoint: 38300 ns, At safepoint: 1800 ns, Total: 40100 ns
[2.701s][info ][safepoint      ] Safepoint "ICBufferFull", Time since last: 2152621 ns, Reaching safepoint: 30600 ns, At safepoint: 4600 ns, Total: 35200 ns
[2.703s][info ][safepoint      ] Safepoint "ICBufferFull", Time since last: 1965519 ns, Reaching safepoint: 18300 ns, At safepoint: 1700 ns, Total: 20000 ns
[2.705s][info ][safepoint      ] Safepoint "ICBufferFull", Time since last: 1819217 ns, Reaching safepoint: 24901 ns, At safepoint: 2400 ns, Total: 27301 ns
[2.707s][info ][safepoint      ] Safepoint "ICBufferFull", Time since last: 2520224 ns, Reaching safepoint: 33500 ns, At safepoint: 2500 ns, Total: 36000 ns
[2.708s][info ][safepoint      ] Safepoint "ICBufferFull", Time since last: 566805 ns, Reaching safepoint: 32301 ns, At safepoint: 1700 ns, Total: 34001 ns
[2.709s][info ][safepoint      ] Safepoint "ICBufferFull", Time since last: 1680516 ns, Reaching safepoint: 30300 ns, At safepoint: 2000 ns, Total: 32300 ns
[2.713s][info ][safepoint      ] Safepoint "ICBufferFull", Time since last: 3769136 ns, Reaching safepoint: 44800 ns, At safepoint: 3300 ns, Total: 48100 ns
[2.715s][info ][safepoint      ] Safepoint "ICBufferFull", Time since last: 1775817 ns, Reaching safepoint: 34900 ns, At safepoint: 6300 ns, Total: 41200 ns
[2.718s][info ][safepoint      ] Safepoint "ICBufferFull", Time since last: 2583225 ns, Reaching safepoint: 41300 ns, At safepoint: 1500 ns, Total: 42800 ns
[2.720s][info ][safepoint      ] Safepoint "ICBufferFull", Time since last: 2287222 ns, Reaching safepoint: 34500 ns, At safepoint: 1700 ns, Total: 36200 ns
[2.721s][info ][safepoint      ] Safepoint "ICBufferFull", Time since last: 669707 ns, Reaching safepoint: 26200 ns, At safepoint: 1100 ns, Total: 27300 ns
[2.723s][info ][safepoint      ] Safepoint "ICBufferFull", Time since last: 2159621 ns, Reaching safepoint: 50700 ns, At safepoint: 5600 ns, Total: 56300 ns
[2.725s][info ][safepoint      ] Safepoint "ICBufferFull", Time since last: 2095520 ns, Reaching safepoint: 32500 ns, At safepoint: 2200 ns, Total: 34700 ns
[2.726s][info ][safepoint      ] Safepoint "ICBufferFull", Time since last: 983110 ns, Reaching safepoint: 22600 ns, At safepoint: 1500 ns, Total: 24100 ns
[2.729s][info ][safepoint      ] Safepoint "ICBufferFull", Time since last: 2400223 ns, Reaching safepoint: 61200 ns, At safepoint: 2000 ns, Total: 63200 ns
[2.730s][info ][safepoint      ] Safepoint "ICBufferFull", Time since last: 1751917 ns, Reaching safepoint: 44300 ns, At safepoint: 1600 ns, Total: 45900 ns
[2.732s][info ][safepoint      ] Safepoint "ICBufferFull", Time since last: 1332413 ns, Reaching safepoint: 17800 ns, At safepoint: 1400 ns, Total: 19200 ns
[2.733s][info ][safepoint      ] Safepoint "ICBufferFull", Time since last: 930409 ns, Reaching safepoint: 15300 ns, At safepoint: 1400 ns, Total: 16700 ns
[2.734s][info ][safepoint      ] Safepoint "ICBufferFull", Time since last: 1359013 ns, Reaching safepoint: 30401 ns, At safepoint: 3200 ns, Total: 33601 ns
[2.736s][info ][safepoint      ] Safepoint "ICBufferFull", Time since last: 1468514 ns, Reaching safepoint: 26200 ns, At safepoint: 1400 ns, Total: 27600 ns
[2.741s][info ][safepoint      ] Safepoint "ICBufferFull", Time since last: 1210711 ns, Reaching safepoint: 4128440 ns, At safepoint: 8500 ns, Total: 4136940 ns
[2.744s][info ][safepoint      ] Safepoint "ICBufferFull", Time since last: 2602424 ns, Reaching safepoint: 35101 ns, At safepoint: 2100 ns, Total: 37201 ns
[2.745s][info ][safepoint      ] Safepoint "ICBufferFull", Time since last: 1664616 ns, Reaching safepoint: 25500 ns, At safepoint: 1400 ns, Total: 26900 ns
[2.746s][info ][safepoint      ] Safepoint "ICBufferFull", Time since last: 939209 ns, Reaching safepoint: 20000 ns, At safepoint: 1300 ns, Total: 21300 ns
[2.748s][info ][safepoint      ] Safepoint "ICBufferFull", Time since last: 1896618 ns, Reaching safepoint: 171502 ns, At safepoint: 3900 ns, Total: 175402 ns
[2.753s][info ][safepoint      ] Safepoint "ICBufferFull", Time since last: 4139239 ns, Reaching safepoint: 200502 ns, At safepoint: 4100 ns, Total: 204602 ns
[2.754s][info ][safepoint      ] Safepoint "ICBufferFull", Time since last: 929209 ns, Reaching safepoint: 32900 ns, At safepoint: 2200 ns, Total: 35100 ns
[2.756s][info ][safepoint      ] Safepoint "ICBufferFull", Time since last: 2257821 ns, Reaching safepoint: 126502 ns, At safepoint: 2700 ns, Total: 129202 ns
[2.762s][info ][safepoint      ] Safepoint "ICBufferFull", Time since last: 5979857 ns, Reaching safepoint: 102701 ns, At safepoint: 3100 ns, Total: 105801 ns
[2.763s][info ][safepoint      ] Safepoint "ICBufferFull", Time since last: 919508 ns, Reaching safepoint: 18900 ns, At safepoint: 1800 ns, Total: 20700 ns
[2.764s][info ][safepoint      ] Safepoint "ICBufferFull", Time since last: 872009 ns, Reaching safepoint: 18500 ns, At safepoint: 1600 ns, Total: 20100 ns
[2.765s][info ][safepoint      ] Safepoint "ICBufferFull", Time since last: 842208 ns, Reaching safepoint: 24700 ns, At safepoint: 1500 ns, Total: 26200 ns
[2.766s][info ][safepoint      ] Safepoint "ICBufferFull", Time since last: 1006010 ns, Reaching safepoint: 26100 ns, At safepoint: 1500 ns, Total: 27600 ns
[2.767s][info ][safepoint      ] Safepoint "ICBufferFull", Time since last: 883508 ns, Reaching safepoint: 20701 ns, At safepoint: 1400 ns, Total: 22101 ns
[2.768s][info ][safepoint      ] Safepoint "ICBufferFull", Time since last: 900808 ns, Reaching safepoint: 19300 ns, At safepoint: 1300 ns, Total: 20600 ns
[2.768s][info ][safepoint      ] Safepoint "ICBufferFull", Time since last: 901309 ns, Reaching safepoint: 18800 ns, At safepoint: 1400 ns, Total: 20200 ns
[2.774s][info ][safepoint      ] Safepoint "ICBufferFull", Time since last: 5197150 ns, Reaching safepoint: 42000 ns, At safepoint: 2300 ns, Total: 44300 ns
[2.775s][info ][safepoint      ] Safepoint "ICBufferFull", Time since last: 1453714 ns, Reaching safepoint: 23500 ns, At safepoint: 1700 ns, Total: 25200 ns
[2.776s][info ][safepoint      ] Safepoint "ICBufferFull", Time since last: 1189411 ns, Reaching safepoint: 22901 ns, At safepoint: 1400 ns, Total: 24301 ns
[2.778s][info ][safepoint      ] Safepoint "ICBufferFull", Time since last: 1199211 ns, Reaching safepoint: 19600 ns, At safepoint: 1500 ns, Total: 21100 ns
[2.779s][info ][safepoint      ] Safepoint "ICBufferFull", Time since last: 1125711 ns, Reaching safepoint: 18800 ns, At safepoint: 1500 ns, Total: 20300 ns
[2.780s][info ][safepoint      ] Safepoint "ICBufferFull", Time since last: 1139111 ns, Reaching safepoint: 18800 ns, At safepoint: 1400 ns, Total: 20200 ns
[2.787s][info ][safepoint      ] Safepoint "ICBufferFull", Time since last: 7078767 ns, Reaching safepoint: 36901 ns, At safepoint: 2600 ns, Total: 39501 ns
[2.806s][info ][safepoint      ] Safepoint "ICBufferFull", Time since last: 18474775 ns, Reaching safepoint: 39601 ns, At safepoint: 3100 ns, Total: 42701 ns
[2.816s][info ][safepoint      ] Safepoint "ICBufferFull", Time since last: 10838903 ns, Reaching safepoint: 35800 ns, At safepoint: 2600 ns, Total: 38400 ns
[2.823s][info ][safepoint      ] Safepoint "ICBufferFull", Time since last: 6633763 ns, Reaching safepoint: 33000 ns, At safepoint: 2600 ns, Total: 35600 ns
[2.825s][info ][safepoint      ] Safepoint "ICBufferFull", Time since last: 1801018 ns, Reaching safepoint: 26100 ns, At safepoint: 1800 ns, Total: 27900 ns
[2.827s][info ][safepoint      ] Safepoint "ICBufferFull", Time since last: 1988019 ns, Reaching safepoint: 27200 ns, At safepoint: 2300 ns, Total: 29500 ns
[2.829s][info ][safepoint      ] Safepoint "ICBufferFull", Time since last: 1789317 ns, Reaching safepoint: 115501 ns, At safepoint: 5000 ns, Total: 120501 ns
[2.835s][info ][safepoint      ] Safepoint "ICBufferFull", Time since last: 5573753 ns, Reaching safepoint: 102801 ns, At safepoint: 3800 ns, Total: 106601 ns
[2.838s][info ][safepoint      ] Safepoint "ICBufferFull", Time since last: 2984328 ns, Reaching safepoint: 102301 ns, At safepoint: 2800 ns, Total: 105101 ns
[2.840s][info ][safepoint      ] Safepoint "ICBufferFull", Time since last: 2292122 ns, Reaching safepoint: 39301 ns, At safepoint: 3800 ns, Total: 43101 ns
[2.846s][info ][safepoint      ] Safepoint "ICBufferFull", Time since last: 5567953 ns, Reaching safepoint: 110701 ns, At safepoint: 2900 ns, Total: 113601 ns
[2.854s][info ][safepoint      ] Safepoint "ICBufferFull", Time since last: 7454871 ns, Reaching safepoint: 643106 ns, At safepoint: 4000 ns, Total: 647106 ns
[2.858s][info ][safepoint      ] Safepoint "ICBufferFull", Time since last: 908008 ns, Reaching safepoint: 3405033 ns, At safepoint: 5600 ns, Total: 3410633 ns
[2.862s][info ][safepoint      ] Safepoint "ICBufferFull", Time since last: 3448132 ns, Reaching safepoint: 37101 ns, At safepoint: 3300 ns, Total: 40401 ns
[2.863s][info ][safepoint      ] Safepoint "ICBufferFull", Time since last: 955909 ns, Reaching safepoint: 17300 ns, At safepoint: 1400 ns, Total: 18700 ns
[2.864s][info ][safepoint      ] Safepoint "ICBufferFull", Time since last: 981009 ns, Reaching safepoint: 49601 ns, At safepoint: 1900 ns, Total: 51501 ns
[2.865s][info ][safepoint      ] Safepoint "ICBufferFull", Time since last: 955809 ns, Reaching safepoint: 192102 ns, At safepoint: 1900 ns, Total: 194002 ns
[2.866s][info ][safepoint      ] Safepoint "ICBufferFull", Time since last: 914709 ns, Reaching safepoint: 815807 ns, At safepoint: 1900 ns, Total: 817707 ns
[2.868s][info ][safepoint      ] Safepoint "ICBufferFull", Time since last: 1656216 ns, Reaching safepoint: 61101 ns, At safepoint: 1800 ns, Total: 62901 ns
[2.871s][info ][safepoint      ] Safepoint "ICBufferFull", Time since last: 2245421 ns, Reaching safepoint: 153301 ns, At safepoint: 2100 ns, Total: 155401 ns
[2.873s][info ][safepoint      ] Safepoint "ICBufferFull", Time since last: 2294822 ns, Reaching safepoint: 26101 ns, At safepoint: 3500 ns, Total: 29601 ns
[2.877s][info ][safepoint      ] Safepoint "ICBufferFull", Time since last: 2056919 ns, Reaching safepoint: 2149821 ns, At safepoint: 5100 ns, Total: 2154921 ns
[2.885s][info ][safepoint      ] Safepoint "ICBufferFull", Time since last: 972209 ns, Reaching safepoint: 6937566 ns, At safepoint: 8700 ns, Total: 6946266 ns
[2.893s][info ][safepoint      ] Safepoint "ICBufferFull", Time since last: 2412723 ns, Reaching safepoint: 5421951 ns, At safepoint: 7200 ns, Total: 5429151 ns
[2.897s][info ][safepoint      ] Safepoint "ICBufferFull", Time since last: 4256341 ns, Reaching safepoint: 30900 ns, At safepoint: 3100 ns, Total: 34000 ns
[2.906s][info ][safepoint      ] Safepoint "ICBufferFull", Time since last: 9021986 ns, Reaching safepoint: 33100 ns, At safepoint: 3900 ns, Total: 37000 ns
[2.913s][info ][safepoint      ] Safepoint "ICBufferFull", Time since last: 2214521 ns, Reaching safepoint: 4461843 ns, At safepoint: 7000 ns, Total: 4468843 ns
[2.918s][info ][safepoint      ] Safepoint "ICBufferFull", Time since last: 1378913 ns, Reaching safepoint: 3417532 ns, At safepoint: 7400 ns, Total: 3424932 ns
[2.921s][info ][safepoint      ] Safepoint "ICBufferFull", Time since last: 1108811 ns, Reaching safepoint: 2225021 ns, At safepoint: 4400 ns, Total: 2229421 ns
[2.926s][info ][safepoint      ] Safepoint "ICBufferFull", Time since last: 1048910 ns, Reaching safepoint: 3460633 ns, At safepoint: 6300 ns, Total: 3466933 ns
[2.929s][info ][safepoint      ] Safepoint "ICBufferFull", Time since last: 1314513 ns, Reaching safepoint: 2294721 ns, At safepoint: 5600 ns, Total: 2300321 ns
[2.938s][info ][safepoint      ] Safepoint "ICBufferFull", Time since last: 1004310 ns, Reaching safepoint: 7366870 ns, At safepoint: 8500 ns, Total: 7375370 ns
[2.944s][info ][safepoint      ] Safepoint "ICBufferFull", Time since last: 1177211 ns, Reaching safepoint: 4763446 ns, At safepoint: 7800 ns, Total: 4771246 ns
[2.946s][info ][safepoint      ] Safepoint "ICBufferFull", Time since last: 1246611 ns, Reaching safepoint: 1645716 ns, At safepoint: 5100 ns, Total: 1650816 ns
[2.949s][info ][safepoint      ] Safepoint "ICBufferFull", Time since last: 1020410 ns, Reaching safepoint: 1640315 ns, At safepoint: 4600 ns, Total: 1644915 ns
[2.954s][info ][safepoint      ] Safepoint "ICBufferFull", Time since last: 975710 ns, Reaching safepoint: 3970437 ns, At safepoint: 6701 ns, Total: 3977138 ns
[2.959s][info ][safepoint      ] Safepoint "ICBufferFull", Time since last: 2428923 ns, Reaching safepoint: 2333822 ns, At safepoint: 3600 ns, Total: 2337422 ns
[2.961s][info ][safepoint      ] Safepoint "ICBufferFull", Time since last: 1805917 ns, Reaching safepoint: 35800 ns, At safepoint: 3600 ns, Total: 39400 ns
[2.961s][info ][safepoint      ] Safepoint "ICBufferFull", Time since last: 712607 ns, Reaching safepoint: 24700 ns, At safepoint: 1700 ns, Total: 26400 ns
[2.963s][info ][safepoint      ] Safepoint "ICBufferFull", Time since last: 2031120 ns, Reaching safepoint: 51500 ns, At safepoint: 2500 ns, Total: 54000 ns
[2.966s][info ][safepoint      ] Safepoint "ICBufferFull", Time since last: 2332922 ns, Reaching safepoint: 41501 ns, At safepoint: 3400 ns, Total: 44901 ns
[2.968s][info ][safepoint      ] Safepoint "ICBufferFull", Time since last: 1933318 ns, Reaching safepoint: 23500 ns, At safepoint: 1500 ns, Total: 25000 ns
[2.968s][info ][safepoint      ] Safepoint "ICBufferFull", Time since last: 656807 ns, Reaching safepoint: 15500 ns, At safepoint: 1200 ns, Total: 16700 ns
[3.205s][info ][safepoint      ] Safepoint "ICBufferFull", Time since last: 236323844 ns, Reaching safepoint: 179202 ns, At safepoint: 52100 ns, Total: 231302 ns
[3.704s][info ][safepoint      ] Safepoint "ICBufferFull", Time since last: 498574435 ns, Reaching safepoint: 202202 ns, At safepoint: 9600 ns, Total: 211802 ns
[4.153s][info ][safepoint      ] Safepoint "ICBufferFull", Time since last: 443901814 ns, Reaching safepoint: 5124349 ns, At safepoint: 14300 ns, Total: 5138649 ns
[4.261s][info ][gc,start       ] GC(2) Pause Young (Metadata GC Threshold)
[4.349s][debug][gc,phases      ] GC(2) Scavenge 87.880ms
[4.349s][debug][gc,ref         ] GC(2) Skipped phase 1 of Reference Processing: no references
[4.349s][debug][gc,ref         ] GC(2) Skipped phase 3 of Reference Processing: no references
[4.349s][debug][gc,phases      ] GC(2) Reference Processing 0.393ms
[4.351s][debug][gc,phases      ] GC(2) Weak Processing 1.450ms
[4.351s][debug][gc,age         ] GC(2) Desired survivor size 536870912 bytes, new threshold 7 (max threshold 15)
[4.351s][info ][gc,heap        ] GC(2) PSYoungGen: 450951K(1572864K)->53861K(1572864K) Eden: 448783K(1048576K)->0K(1048576K) From: 2168K(524288K)->53861K(524288K)
[4.351s][info ][gc,heap        ] GC(2) ParOldGen: 5686K(6144K)->5694K(6144K)
[4.351s][info ][gc,metaspace   ] GC(2) Metaspace: 35171K(35456K)->35171K(35456K) NonClass: 30743K(30912K)->30743K(30912K) Class: 4427K(4544K)->4427K(4544K)
[4.351s][info ][gc             ] GC(2) Pause Young (Metadata GC Threshold) 445M->58M(1542M) 89.857ms
[4.351s][info ][gc,cpu         ] GC(2) User=0.14s Sys=0.01s Real=0.09s
[4.351s][debug][gc,phases      ] GC(3) Pre Compact 0.011ms
[4.351s][info ][gc,start       ] GC(3) Pause Full (Metadata GC Threshold)
[4.351s][info ][gc,phases,start] GC(3) Marking Phase
[4.426s][debug][gc,phases      ] GC(3) Par Mark 74.582ms
[4.426s][debug][gc,ref         ] GC(3) Skipped phase 1 of Reference Processing: no references
[4.426s][debug][gc,ref         ] GC(3) Skipped phase 3 of Reference Processing: no references
[4.426s][debug][gc,phases      ] GC(3) Reference Processing 0.158ms
[4.426s][debug][gc,phases      ] GC(3) Weak Processing 0.320ms
[4.426s][debug][gc,phases      ] GC(3) ClassLoaderData 0.136ms
[4.426s][debug][gc,phases      ] GC(3) Trigger cleanups 0.001ms
[4.435s][debug][gc,phases      ] GC(3) Class Unloading 8.584ms
[4.435s][info ][gc,phases      ] GC(3) Marking Phase 83.770ms
[4.435s][info ][gc,phases,start] GC(3) Summary Phase
[4.435s][info ][gc,phases      ] GC(3) Summary Phase 0.010ms
[4.435s][info ][gc,phases,start] GC(3) Adjust Roots
[4.449s][info ][gc,phases      ] GC(3) Adjust Roots 14.382ms
[4.449s][info ][gc,phases,start] GC(3) Compaction Phase
[4.825s][info ][gc,phases      ] GC(3) Compaction Phase 375.803ms
[4.825s][info ][gc,phases,start] GC(3) Post Compact
[4.826s][info ][gc,phases      ] GC(3) Post Compact 0.750ms
[4.826s][info ][gc,heap        ] GC(3) PSYoungGen: 53861K(1572864K)->53202K(1572864K) Eden: 0K(1048576K)->0K(1048576K) From: 53861K(524288K)->53202K(524288K)
[4.826s][info ][gc,heap        ] GC(3) ParOldGen: 5694K(6144K)->6106K(6144K)
[4.826s][info ][gc,metaspace   ] GC(3) Metaspace: 35171K(35456K)->35163K(35456K) NonClass: 30743K(30912K)->30738K(30912K) Class: 4427K(4544K)->4425K(4544K)
[4.826s][info ][gc             ] GC(3) Pause Full (Metadata GC Threshold) 58M->57M(1542M) 474.872ms
[4.826s][info ][gc,cpu         ] GC(3) User=0.66s Sys=0.00s Real=0.47s
[4.833s][info ][safepoint      ] Safepoint "CollectForMetadataAllocation", Time since last: 102911376 ns, Reaching safepoint: 5179549 ns, At safepoint: 572060028 ns, Total: 577239577 ns
[5.392s][info ][safepoint      ] Safepoint "ICBufferFull", Time since last: 555885871 ns, Reaching safepoint: 3048429 ns, At safepoint: 26300 ns, Total: 3074729 ns
[5.604s][info ][safepoint      ] Safepoint "ICBufferFull", Time since last: 202934524 ns, Reaching safepoint: 9028885 ns, At safepoint: 30301 ns, Total: 9059186 ns
[5.625s][info ][safepoint      ] Safepoint "ICBufferFull", Time since last: 12151115 ns, Reaching safepoint: 8822884 ns, At safepoint: 31100 ns, Total: 8853984 ns
[5.954s][info ][safepoint      ] Safepoint "ICBufferFull", Time since last: 324058072 ns, Reaching safepoint: 5069348 ns, At safepoint: 31800 ns, Total: 5101148 ns
[6.373s][info ][safepoint      ] Safepoint "ICBufferFull", Time since last: 407534461 ns, Reaching safepoint: 11366108 ns, At safepoint: 23600 ns, Total: 11389708 ns
[6.377s][info ][safepoint      ] Safepoint "ICBufferFull", Time since last: 84201 ns, Reaching safepoint: 4246440 ns, At safepoint: 31200 ns, Total: 4277640 ns
[6.812s][info ][safepoint      ] Safepoint "ICBufferFull", Time since last: 433202403 ns, Reaching safepoint: 1269612 ns, At safepoint: 17901 ns, Total: 1287513 ns
[6.818s][info ][safepoint      ] Safepoint "ICBufferFull", Time since last: 2681825 ns, Reaching safepoint: 3268831 ns, At safepoint: 31600 ns, Total: 3300431 ns
[6.821s][info ][safepoint      ] Safepoint "ICBufferFull", Time since last: 3078029 ns, Reaching safepoint: 319203 ns, At safepoint: 21101 ns, Total: 340304 ns
[6.827s][info ][safepoint      ] Safepoint "ICBufferFull", Time since last: 5528652 ns, Reaching safepoint: 112701 ns, At safepoint: 14100 ns, Total: 126801 ns
[7.187s][info ][safepoint      ] Safepoint "ICBufferFull", Time since last: 357889489 ns, Reaching safepoint: 1931218 ns, At safepoint: 7200 ns, Total: 1938418 ns
[7.197s][info ][safepoint      ] Safepoint "ICBufferFull", Time since last: 6093358 ns, Reaching safepoint: 3998838 ns, At safepoint: 9000 ns, Total: 4007838 ns
[7.203s][info ][safepoint      ] Safepoint "ICBufferFull", Time since last: 4329741 ns, Reaching safepoint: 1705516 ns, At safepoint: 25300 ns, Total: 1730816 ns
[7.219s][info ][safepoint      ] Safepoint "ICBufferFull", Time since last: 11986214 ns, Reaching safepoint: 4151539 ns, At safepoint: 27600 ns, Total: 4179139 ns
[7.250s][info ][safepoint      ] Safepoint "ICBufferFull", Time since last: 10763502 ns, Reaching safepoint: 20143991 ns, At safepoint: 35000 ns, Total: 20178991 ns
[7.257s][info ][safepoint      ] Safepoint "ICBufferFull", Time since last: 3072029 ns, Reaching safepoint: 3776236 ns, At safepoint: 20400 ns, Total: 3796636 ns
[7.273s][info ][safepoint      ] Safepoint "ICBufferFull", Time since last: 11965113 ns, Reaching safepoint: 4177840 ns, At safepoint: 19700 ns, Total: 4197540 ns
[7.277s][info ][safepoint      ] Safepoint "ICBufferFull", Time since last: 1981119 ns, Reaching safepoint: 2158020 ns, At safepoint: 16200 ns, Total: 2174220 ns
[7.283s][info ][safepoint      ] Safepoint "ICBufferFull", Time since last: 3620235 ns, Reaching safepoint: 2518623 ns, At safepoint: 20301 ns, Total: 2538924 ns
[7.309s][info ][safepoint      ] Safepoint "ICBufferFull", Time since last: 19736386 ns, Reaching safepoint: 5770155 ns, At safepoint: 28300 ns, Total: 5798455 ns
[7.325s][info ][safepoint      ] Safepoint "ICBufferFull", Time since last: 8752783 ns, Reaching safepoint: 7538071 ns, At safepoint: 26901 ns, Total: 7564972 ns
[7.346s][info ][safepoint      ] Safepoint "ICBufferFull", Time since last: 18556475 ns, Reaching safepoint: 2128820 ns, At safepoint: 11601 ns, Total: 2140421 ns
[7.358s][info ][safepoint      ] Safepoint "ICBufferFull", Time since last: 6657063 ns, Reaching safepoint: 4923846 ns, At safepoint: 18300 ns, Total: 4942146 ns
[7.365s][info ][safepoint      ] Safepoint "ICBufferFull", Time since last: 2251122 ns, Reaching safepoint: 5363950 ns, At safepoint: 27601 ns, Total: 5391551 ns
[7.373s][info ][safepoint      ] Safepoint "ICBufferFull", Time since last: 7720373 ns, Reaching safepoint: 57300 ns, At safepoint: 2500 ns, Total: 59800 ns
[7.397s][info ][safepoint      ] Safepoint "ICBufferFull", Time since last: 19896289 ns, Reaching safepoint: 4015438 ns, At safepoint: 10000 ns, Total: 4025438 ns
[7.405s][info ][safepoint      ] Safepoint "ICBufferFull", Time since last: 93901 ns, Reaching safepoint: 7849974 ns, At safepoint: 29500 ns, Total: 7879474 ns
[7.409s][info ][safepoint      ] Safepoint "ICBufferFull", Time since last: 3999038 ns, Reaching safepoint: 564905 ns, At safepoint: 8100 ns, Total: 573005 ns
[7.410s][info ][safepoint      ] Safepoint "ICBufferFull", Time since last: 57001 ns, Reaching safepoint: 102901 ns, At safepoint: 6500 ns, Total: 109401 ns
[7.417s][info ][safepoint      ] Safepoint "ICBufferFull", Time since last: 1672016 ns, Reaching safepoint: 5704154 ns, At safepoint: 24100 ns, Total: 5728254 ns
[7.427s][info ][safepoint      ] Safepoint "ICBufferFull", Time since last: 2031519 ns, Reaching safepoint: 8224678 ns, At safepoint: 39100 ns, Total: 8263778 ns
[7.429s][info ][safepoint      ] Safepoint "ICBufferFull", Time since last: 1844918 ns, Reaching safepoint: 119701 ns, At safepoint: 8000 ns, Total: 127701 ns
[7.441s][info ][safepoint      ] Safepoint "ICBufferFull", Time since last: 2564624 ns, Reaching safepoint: 9007186 ns, At safepoint: 31800 ns, Total: 9038986 ns
[7.453s][info ][safepoint      ] Safepoint "ICBufferFull", Time since last: 4525743 ns, Reaching safepoint: 7446770 ns, At safepoint: 31301 ns, Total: 7478071 ns
[7.461s][info ][safepoint      ] Safepoint "ICBufferFull", Time since last: 70300 ns, Reaching safepoint: 7888175 ns, At safepoint: 33300 ns, Total: 7921475 ns
[7.481s][info ][safepoint      ] Safepoint "ICBufferFull", Time since last: 19999989 ns, Reaching safepoint: 142302 ns, At safepoint: 15600 ns, Total: 157902 ns
[7.493s][info ][safepoint      ] Safepoint "ICBufferFull", Time since last: 1738416 ns, Reaching safepoint: 10077596 ns, At safepoint: 40100 ns, Total: 10117696 ns
[7.498s][info ][safepoint      ] Safepoint "ICBufferFull", Time since last: 1829117 ns, Reaching safepoint: 3204631 ns, At safepoint: 26700 ns, Total: 3231331 ns
[7.509s][info ][safepoint      ] Safepoint "ICBufferFull", Time since last: 1702116 ns, Reaching safepoint: 9192287 ns, At safepoint: 38301 ns, Total: 9230588 ns
[7.525s][info ][safepoint      ] Safepoint "ICBufferFull", Time since last: 15982651 ns, Reaching safepoint: 124401 ns, At safepoint: 4000 ns, Total: 128401 ns
[7.529s][info ][safepoint      ] Safepoint "ICBufferFull", Time since last: 3885937 ns, Reaching safepoint: 122601 ns, At safepoint: 10500 ns, Total: 133101 ns
[7.541s][info ][safepoint      ] Safepoint "ICBufferFull", Time since last: 3864637 ns, Reaching safepoint: 7970075 ns, At safepoint: 34300 ns, Total: 8004375 ns
[7.546s][info ][safepoint      ] Safepoint "ICBufferFull", Time since last: 3583834 ns, Reaching safepoint: 1512615 ns, At safepoint: 18100 ns, Total: 1530715 ns
[7.553s][info ][safepoint      ] Safepoint "ICBufferFull", Time since last: 6856965 ns, Reaching safepoint: 125001 ns, At safepoint: 8300 ns, Total: 133301 ns
[7.558s][info ][safepoint      ] Safepoint "ICBufferFull", Time since last: 3895937 ns, Reaching safepoint: 871308 ns, At safepoint: 12200 ns, Total: 883508 ns
[7.591s][info ][safepoint      ] Safepoint "ICBufferFull", Time since last: 23101019 ns, Reaching safepoint: 9744692 ns, At safepoint: 20500 ns, Total: 9765192 ns
[7.601s][info ][safepoint      ] Safepoint "ICBufferFull", Time since last: 6250659 ns, Reaching safepoint: 3965938 ns, At safepoint: 41200 ns, Total: 4007138 ns
[7.609s][info ][safepoint      ] Safepoint "ICBufferFull", Time since last: 6298660 ns, Reaching safepoint: 1714116 ns, At safepoint: 15900 ns, Total: 1730016 ns
[7.632s][info ][safepoint      ] Safepoint "ICBufferFull", Time since last: 19937289 ns, Reaching safepoint: 3561934 ns, At safepoint: 25800 ns, Total: 3587734 ns
[7.641s][info ][safepoint      ] Safepoint "ICBufferFull", Time since last: 105801 ns, Reaching safepoint: 8301178 ns, At safepoint: 40301 ns, Total: 8341479 ns
[7.657s][info ][safepoint      ] Safepoint "ICBufferFull", Time since last: 11993213 ns, Reaching safepoint: 4029538 ns, At safepoint: 22501 ns, Total: 4052039 ns
[7.664s][info ][safepoint      ] Safepoint "ICBufferFull", Time since last: 5543852 ns, Reaching safepoint: 1454814 ns, At safepoint: 15400 ns, Total: 1470214 ns
[7.673s][info ][safepoint      ] Safepoint "ICBufferFull", Time since last: 945109 ns, Reaching safepoint: 7992076 ns, At safepoint: 32100 ns, Total: 8024176 ns
[7.681s][info ][safepoint      ] Safepoint "ICBufferFull", Time since last: 1593415 ns, Reaching safepoint: 6327860 ns, At safepoint: 43900 ns, Total: 6371760 ns
[7.690s][info ][safepoint      ] Safepoint "ICBufferFull", Time since last: 2630225 ns, Reaching safepoint: 6451361 ns, At safepoint: 30001 ns, Total: 6481362 ns
[7.695s][info ][safepoint      ] Safepoint "ICBufferFull", Time since last: 4406741 ns, Reaching safepoint: 239903 ns, At safepoint: 15200 ns, Total: 255103 ns
[7.702s][info ][safepoint      ] Safepoint "ICBufferFull", Time since last: 3446232 ns, Reaching safepoint: 3364532 ns, At safepoint: 22200 ns, Total: 3386732 ns
[7.706s][info ][safepoint      ] Safepoint "ICBufferFull", Time since last: 3402533 ns, Reaching safepoint: 1533914 ns, At safepoint: 20700 ns, Total: 1554614 ns
[7.745s][info ][safepoint      ] Safepoint "ICBufferFull", Time since last: 30408988 ns, Reaching safepoint: 8095477 ns, At safepoint: 20100 ns, Total: 8115577 ns
[7.758s][info ][safepoint      ] Safepoint "ICBufferFull", Time since last: 94301 ns, Reaching safepoint: 13100024 ns, At safepoint: 35300 ns, Total: 13135324 ns
[7.785s][info ][safepoint      ] Safepoint "ICBufferFull", Time since last: 10627201 ns, Reaching safepoint: 16030751 ns, At safepoint: 41801 ns, Total: 16072552 ns
[7.797s][info ][safepoint      ] Safepoint "ICBufferFull", Time since last: 3336131 ns, Reaching safepoint: 8600882 ns, At safepoint: 40200 ns, Total: 8641082 ns
[7.819s][info ][safepoint      ] Safepoint "ICBufferFull", Time since last: 17065462 ns, Reaching safepoint: 5343950 ns, At safepoint: 23800 ns, Total: 5367750 ns
[8.129s][info ][safepoint      ] Safepoint "ICBufferFull", Time since last: 286050307 ns, Reaching safepoint: 23613023 ns, At safepoint: 34401 ns, Total: 23647424 ns
[8.161s][info ][safepoint      ] Safepoint "ICBufferFull", Time since last: 19301882 ns, Reaching safepoint: 12599019 ns, At safepoint: 34901 ns, Total: 12633920 ns
[8.253s][info ][safepoint      ] Safepoint "ICBufferFull", Time since last: 82457379 ns, Reaching safepoint: 9540191 ns, At safepoint: 26100 ns, Total: 9566291 ns
[8.289s][info ][safepoint      ] Safepoint "ICBufferFull", Time since last: 31899702 ns, Reaching safepoint: 4253840 ns, At safepoint: 18800 ns, Total: 4272640 ns
[8.309s][info ][safepoint      ] Safepoint "ICBufferFull", Time since last: 3758735 ns, Reaching safepoint: 15938251 ns, At safepoint: 32400 ns, Total: 15970651 ns
[8.321s][info ][safepoint      ] Safepoint "ICBufferFull", Time since last: 82201 ns, Reaching safepoint: 11917113 ns, At safepoint: 36300 ns, Total: 11953413 ns
[8.374s][info ][safepoint      ] Safepoint "ICBufferFull", Time since last: 51966992 ns, Reaching safepoint: 962309 ns, At safepoint: 18000 ns, Total: 980309 ns
[8.377s][info ][safepoint      ] Safepoint "ICBufferFull", Time since last: 98201 ns, Reaching safepoint: 2924728 ns, At safepoint: 20800 ns, Total: 2945528 ns
[8.397s][info ][safepoint      ] Safepoint "ICBufferFull", Time since last: 10905503 ns, Reaching safepoint: 9079586 ns, At safepoint: 17500 ns, Total: 9097086 ns
[8.417s][info ][safepoint      ] Safepoint "ICBufferFull", Time since last: 11327807 ns, Reaching safepoint: 8642482 ns, At safepoint: 18200 ns, Total: 8660682 ns
[8.430s][info ][safepoint      ] Safepoint "ICBufferFull", Time since last: 3984538 ns, Reaching safepoint: 8966884 ns, At safepoint: 24001 ns, Total: 8990885 ns
[8.451s][info ][safepoint      ] Safepoint "ICBufferFull", Time since last: 15322345 ns, Reaching safepoint: 5328650 ns, At safepoint: 19700 ns, Total: 5348350 ns
[8.451s][info ][safepoint      ] Safepoint "ICBufferFull", Time since last: 71901 ns, Reaching safepoint: 169101 ns, At safepoint: 11000 ns, Total: 180101 ns
[8.476s][info ][safepoint      ] Safepoint "ICBufferFull", Time since last: 22071309 ns, Reaching safepoint: 3191130 ns, At safepoint: 13700 ns, Total: 3204830 ns
[8.493s][info ][safepoint      ] Safepoint "ICBufferFull", Time since last: 12794021 ns, Reaching safepoint: 4204540 ns, At safepoint: 19600 ns, Total: 4224140 ns
[8.557s][info ][safepoint      ] Safepoint "ICBufferFull", Time since last: 56416134 ns, Reaching safepoint: 7394770 ns, At safepoint: 32900 ns, Total: 7427670 ns
[8.565s][info ][safepoint      ] Safepoint "ICBufferFull", Time since last: 3874937 ns, Reaching safepoint: 4070938 ns, At safepoint: 27001 ns, Total: 4097939 ns
[8.581s][info ][safepoint      ] Safepoint "ICBufferFull", Time since last: 9220587 ns, Reaching safepoint: 7009266 ns, At safepoint: 24400 ns, Total: 7033666 ns
[8.653s][info ][safepoint      ] Safepoint "ICBufferFull", Time since last: 61305280 ns, Reaching safepoint: 10418098 ns, At safepoint: 23301 ns, Total: 10441399 ns
[8.698s][info ][safepoint      ] Safepoint "ICBufferFull", Time since last: 35964140 ns, Reaching safepoint: 8951284 ns, At safepoint: 28301 ns, Total: 8979585 ns
[8.737s][info ][safepoint      ] Safepoint "ICBufferFull", Time since last: 31022593 ns, Reaching safepoint: 7967875 ns, At safepoint: 32401 ns, Total: 8000276 ns
[8.769s][info ][safepoint      ] Safepoint "ICBufferFull", Time since last: 24640433 ns, Reaching safepoint: 7371269 ns, At safepoint: 27701 ns, Total: 7398970 ns
[8.781s][debug][gc,phases      ] GC(4) Pre Compact 0.031ms
[8.781s][info ][gc,start       ] GC(4) Pause Full (Ergonomics)
[8.781s][info ][gc,phases,start] GC(4) Marking Phase
[9.089s][debug][gc,phases      ] GC(4) Par Mark 307.879ms
[9.089s][debug][gc,ref         ] GC(4) Skipped phase 1 of Reference Processing: no references
[9.090s][debug][gc,ref         ] GC(4) Skipped phase 3 of Reference Processing: no references
[9.090s][debug][gc,phases      ] GC(4) Reference Processing 0.804ms
[9.091s][debug][gc,phases      ] GC(4) Weak Processing 0.747ms
[9.091s][debug][gc,phases      ] GC(4) ClassLoaderData 0.076ms
[9.091s][debug][gc,phases      ] GC(4) Trigger cleanups 0.001ms
[9.113s][debug][gc,phases      ] GC(4) Class Unloading 22.785ms
[9.113s][info ][gc,phases      ] GC(4) Marking Phase 332.388ms
[9.113s][info ][gc,phases,start] GC(4) Summary Phase
[9.113s][info ][gc,phases      ] GC(4) Summary Phase 0.038ms
[9.113s][info ][gc,phases,start] GC(4) Adjust Roots
[9.165s][info ][gc,phases      ] GC(4) Adjust Roots 51.634ms
[9.165s][info ][gc,phases,start] GC(4) Compaction Phase
[9.731s][info ][gc,phases      ] GC(4) Compaction Phase 565.884ms
[9.731s][info ][gc,phases,start] GC(4) Post Compact
[9.748s][info ][gc,phases      ] GC(4) Post Compact 16.809ms
[9.748s][info ][gc,heap        ] GC(4) PSYoungGen: 1101778K(1572864K)->141501K(1572864K) Eden: 1048576K(1048576K)->141501K(1048576K) From: 53202K(524288K)->0K(524288K)
[9.748s][info ][gc,heap        ] GC(4) ParOldGen: 6106K(6144K)->6099K(18432K)
[9.748s][info ][gc,metaspace   ] GC(4) Metaspace: 47390K(47872K)->47390K(47872K) NonClass: 40514K(40768K)->40514K(40768K) Class: 6876K(7104K)->6876K(7104K)
[9.748s][info ][gc             ] GC(4) Pause Full (Ergonomics) 1081M->144M(1554M) 967.028ms
[9.748s][info ][gc,cpu         ] GC(4) User=1.53s Sys=0.00s Real=0.96s
[9.772s][info ][safepoint      ] Safepoint "ParallelGCFailedAllocation", Time since last: 7863774 ns, Reaching safepoint: 4106639 ns, At safepoint: 990935465 ns, Total: 995042104 ns
[9.789s][info ][safepoint      ] Safepoint "ICBufferFull", Time since last: 5058747 ns, Reaching safepoint: 12031414 ns, At safepoint: 23000 ns, Total: 12054414 ns
[9.817s][info ][safepoint      ] Safepoint "ICBufferFull", Time since last: 18034971 ns, Reaching safepoint: 9915593 ns, At safepoint: 24601 ns, Total: 9940194 ns
[9.829s][info ][safepoint      ] Safepoint "ICBufferFull", Time since last: 4631943 ns, Reaching safepoint: 7308969 ns, At safepoint: 438705 ns, Total: 7747674 ns
[9.901s][info ][safepoint      ] Safepoint "ICBufferFull", Time since last: 51576087 ns, Reaching safepoint: 19989189 ns, At safepoint: 40000 ns, Total: 20029189 ns
[9.933s][info ][safepoint      ] Safepoint "ICBufferFull", Time since last: 19960389 ns, Reaching safepoint: 11995713 ns, At safepoint: 38100 ns, Total: 12033813 ns
[9.965s][info ][safepoint      ] Safepoint "ICBufferFull", Time since last: 18192172 ns, Reaching safepoint: 13783231 ns, At safepoint: 40000 ns, Total: 13823231 ns
[10.016s][info ][safepoint      ] Safepoint "ICBufferFull", Time since last: 36043640 ns, Reaching safepoint: 14611739 ns, At safepoint: 26400 ns, Total: 14638139 ns
[10.041s][info ][safepoint      ] Safepoint "ICBufferFull", Time since last: 6360460 ns, Reaching safepoint: 18972079 ns, At safepoint: 36100 ns, Total: 19008179 ns
[10.073s][info ][safepoint      ] Safepoint "ICBufferFull", Time since last: 8095077 ns, Reaching safepoint: 23809725 ns, At safepoint: 39500 ns, Total: 23849225 ns
[10.117s][info ][safepoint      ] Safepoint "ICBufferFull", Time since last: 33286414 ns, Reaching safepoint: 10752802 ns, At safepoint: 25800 ns, Total: 10778602 ns
[10.180s][info ][safepoint      ] Safepoint "ICBufferFull", Time since last: 48514258 ns, Reaching safepoint: 14306435 ns, At safepoint: 32000 ns, Total: 14338435 ns
[10.218s][info ][safepoint      ] Safepoint "ICBufferFull", Time since last: 25080037 ns, Reaching safepoint: 12750820 ns, At safepoint: 32701 ns, Total: 12783521 ns
[10.242s][info ][safepoint      ] Safepoint "ICBufferFull", Time since last: 15846449 ns, Reaching safepoint: 8457880 ns, At safepoint: 40401 ns, Total: 8498281 ns
[10.253s][info ][safepoint      ] Safepoint "ICBufferFull", Time since last: 10908803 ns, Reaching safepoint: 185001 ns, At safepoint: 8900 ns, Total: 193901 ns
[10.269s][info ][safepoint      ] Safepoint "ICBufferFull", Time since last: 11761811 ns, Reaching safepoint: 4324541 ns, At safepoint: 21101 ns, Total: 4345642 ns
[10.281s][info ][safepoint      ] Safepoint "ICBufferFull", Time since last: 7057566 ns, Reaching safepoint: 4630244 ns, At safepoint: 24000 ns, Total: 4654244 ns
[10.284s][info ][safepoint      ] Safepoint "ICBufferFull", Time since last: 2560524 ns, Reaching safepoint: 107001 ns, At safepoint: 16200 ns, Total: 123201 ns
[10.293s][info ][safepoint      ] Safepoint "ICBufferFull", Time since last: 5244650 ns, Reaching safepoint: 4033738 ns, At safepoint: 32900 ns, Total: 4066638 ns
[10.297s][info ][safepoint      ] Safepoint "ICBufferFull", Time since last: 3629235 ns, Reaching safepoint: 185201 ns, At safepoint: 13800 ns, Total: 199001 ns
[10.321s][info ][safepoint      ] Safepoint "ICBufferFull", Time since last: 24110028 ns, Reaching safepoint: 127401 ns, At safepoint: 13500 ns, Total: 140901 ns
[10.357s][info ][safepoint      ] Safepoint "ICBufferFull", Time since last: 20366693 ns, Reaching safepoint: 15518746 ns, At safepoint: 28300 ns, Total: 15547046 ns
[10.390s][info ][safepoint      ] Safepoint "ICBufferFull", Time since last: 19937189 ns, Reaching safepoint: 12870621 ns, At safepoint: 34001 ns, Total: 12904622 ns
[10.416s][info ][safepoint      ] Safepoint "ICBufferFull", Time since last: 11093204 ns, Reaching safepoint: 15346045 ns, At safepoint: 26500 ns, Total: 15372545 ns
[10.419s][info ][safepoint      ] Safepoint "ICBufferFull", Time since last: 2823327 ns, Reaching safepoint: 107901 ns, At safepoint: 13100 ns, Total: 121001 ns
[10.461s][info ][safepoint      ] Safepoint "ICBufferFull", Time since last: 20633995 ns, Reaching safepoint: 21095699 ns, At safepoint: 24600 ns, Total: 21120299 ns
[10.490s][info ][safepoint      ] Safepoint "ICBufferFull", Time since last: 24177029 ns, Reaching safepoint: 4864446 ns, At safepoint: 23500 ns, Total: 4887946 ns
[10.497s][info ][safepoint      ] Safepoint "ICBufferFull", Time since last: 3013928 ns, Reaching safepoint: 3872637 ns, At safepoint: 24500 ns, Total: 3897137 ns
[10.529s][info ][safepoint      ] Safepoint "ICBufferFull", Time since last: 24998336 ns, Reaching safepoint: 6995166 ns, At safepoint: 29500 ns, Total: 7024666 ns
[10.541s][info ][safepoint      ] Safepoint "ICBufferFull", Time since last: 6815365 ns, Reaching safepoint: 5146048 ns, At safepoint: 22000 ns, Total: 5168048 ns
[10.585s][info ][safepoint      ] Safepoint "ICBufferFull", Time since last: 35960440 ns, Reaching safepoint: 8021076 ns, At safepoint: 24600 ns, Total: 8045676 ns
[10.589s][info ][safepoint      ] Safepoint "ICBufferFull", Time since last: 3568434 ns, Reaching safepoint: 453004 ns, At safepoint: 12800 ns, Total: 465804 ns
[10.593s][info ][safepoint      ] Safepoint "ICBufferFull", Time since last: 204802 ns, Reaching safepoint: 4294940 ns, At safepoint: 21101 ns, Total: 4316041 ns
[10.614s][info ][safepoint      ] Safepoint "ICBufferFull", Time since last: 12776320 ns, Reaching safepoint: 7705673 ns, At safepoint: 23200 ns, Total: 7728873 ns
[10.641s][info ][gc,start       ] GC(5) Pause Young (Allocation Failure)
[10.921s][debug][gc,phases      ] GC(5) Scavenge 279.960ms
[10.921s][debug][gc,ref         ] GC(5) Skipped phase 1 of Reference Processing: no references
[10.921s][debug][gc,ref         ] GC(5) Skipped phase 3 of Reference Processing: no references
[10.921s][debug][gc,phases      ] GC(5) Reference Processing 0.330ms
[10.923s][debug][gc,phases      ] GC(5) Weak Processing 1.678ms
[10.923s][debug][gc,age         ] GC(5) Desired survivor size 536870912 bytes, new threshold 7 (max threshold 15)
[10.923s][info ][gc,heap        ] GC(5) PSYoungGen: 1048576K(1572864K)->144736K(1572864K) Eden: 1048576K(1048576K)->0K(1048576K) From: 0K(524288K)->144736K(524288K)
[10.923s][info ][gc,heap        ] GC(5) ParOldGen: 6099K(18432K)->6107K(18432K)
[10.923s][info ][gc,metaspace   ] GC(5) Metaspace: 47445K(47936K)->47445K(47936K) NonClass: 40560K(40832K)->40560K(40832K) Class: 6885K(7104K)->6885K(7104K)
[10.923s][info ][gc             ] GC(5) Pause Young (Allocation Failure) 1029M->147M(1554M) 282.151ms
[10.923s][info ][gc,cpu         ] GC(5) User=0.36s Sys=0.04s Real=0.28s
[10.923s][info ][safepoint      ] Safepoint "ParallelGCFailedAllocation", Time since last: 22865716 ns, Reaching safepoint: 4049538 ns, At safepoint: 282265465 ns, Total: 286315003 ns
[11.747s][info ][gc,start       ] GC(6) Pause Young (Allocation Failure)
[11.945s][debug][gc,phases      ] GC(6) Scavenge 197.723ms
[11.945s][debug][gc,ref         ] GC(6) Skipped phase 1 of Reference Processing: no references
[11.945s][debug][gc,ref         ] GC(6) Skipped phase 3 of Reference Processing: no references
[11.945s][debug][gc,phases      ] GC(6) Reference Processing 0.335ms
[11.947s][debug][gc,phases      ] GC(6) Weak Processing 2.017ms
[11.947s][debug][gc,age         ] GC(6) Desired survivor size 536870912 bytes, new threshold 7 (max threshold 15)
[11.947s][info ][gc,heap        ] GC(6) PSYoungGen: 1193312K(1572864K)->154814K(1572864K) Eden: 1048576K(1048576K)->0K(1048576K) From: 144736K(524288K)->154814K(524288K)
[11.947s][info ][gc,heap        ] GC(6) ParOldGen: 6107K(18432K)->6115K(18432K)
[11.947s][info ][gc,metaspace   ] GC(6) Metaspace: 50334K(50816K)->50334K(50816K) NonClass: 42976K(43264K)->42976K(43264K) Class: 7357K(7552K)->7357K(7552K)
[11.947s][info ][gc             ] GC(6) Pause Young (Allocation Failure) 1171M->157M(1554M) 200.235ms
[11.947s][info ][gc,cpu         ] GC(6) User=0.29s Sys=0.07s Real=0.20s
[11.947s][info ][safepoint      ] Safepoint "ParallelGCFailedAllocation", Time since last: 819194528 ns, Reaching safepoint: 4767045 ns, At safepoint: 200367090 ns, Total: 205134135 ns
[13.073s][info ][safepoint      ] Safepoint "ICBufferFull", Time since last: 1109639959 ns, Reaching safepoint: 15955850 ns, At safepoint: 34301 ns, Total: 15990151 ns
[13.361s][info ][gc,start       ] GC(7) Pause Young (Allocation Failure)
[13.573s][debug][gc,phases      ] GC(7) Scavenge 211.906ms
[13.573s][debug][gc,ref         ] GC(7) Skipped phase 1 of Reference Processing: no references
[13.573s][debug][gc,ref         ] GC(7) Skipped phase 3 of Reference Processing: no references
[13.573s][debug][gc,phases      ] GC(7) Reference Processing 0.152ms
[13.575s][debug][gc,phases      ] GC(7) Weak Processing 2.095ms
[13.575s][debug][gc,age         ] GC(7) Desired survivor size 244318208 bytes, new threshold 8 (max threshold 15)
[13.575s][info ][gc,heap        ] GC(7) PSYoungGen: 1203390K(1572864K)->164110K(1858560K) Eden: 1048576K(1048576K)->0K(1334272K) From: 154814K(524288K)->164110K(524288K)
[13.575s][info ][gc,heap        ] GC(7) ParOldGen: 6115K(18432K)->6123K(18432K)
[13.575s][info ][gc,metaspace   ] GC(7) Metaspace: 52356K(52864K)->52356K(52864K) NonClass: 44649K(44928K)->44649K(44928K) Class: 7707K(7936K)->7707K(7936K)
[13.575s][info ][gc             ] GC(7) Pause Young (Allocation Failure) 1181M->166M(1833M) 214.339ms
[13.575s][info ][gc,cpu         ] GC(7) User=0.32s Sys=0.01s Real=0.21s
[13.575s][info ][safepoint      ] Safepoint "ParallelGCFailedAllocation", Time since last: 275734696 ns, Reaching safepoint: 12079514 ns, At safepoint: 214502720 ns, Total: 226582234 ns
[14.587s][info ][safepoint      ] Safepoint "Cleanup", Time since last: 1000093814 ns, Reaching safepoint: 11161705 ns, At safepoint: 49501 ns, Total: 11211206 ns
[15.239s][info ][gc,start       ] GC(8) Pause Young (Allocation Failure)
[15.473s][debug][gc,phases      ] GC(8) Scavenge 234.197ms
[15.473s][debug][gc,ref         ] GC(8) Skipped phase 1 of Reference Processing: no references
[15.473s][debug][gc,ref         ] GC(8) Skipped phase 3 of Reference Processing: no references
[15.473s][debug][gc,phases      ] GC(8) Reference Processing 0.344ms
[15.475s][debug][gc,phases      ] GC(8) Weak Processing 1.824ms
[15.475s][debug][gc,age         ] GC(8) Desired survivor size 263716864 bytes, new threshold 9 (max threshold 15)
[15.475s][info ][gc,heap        ] GC(8) PSYoungGen: 1498382K(1858560K)->176424K(1572864K) Eden: 1334272K(1334272K)->0K(1334272K) From: 164110K(524288K)->176424K(238592K)
[15.475s][info ][gc,heap        ] GC(8) ParOldGen: 6123K(18432K)->6131K(18432K)
[15.475s][info ][gc,metaspace   ] GC(8) Metaspace: 52644K(53120K)->52644K(53120K) NonClass: 44925K(45184K)->44925K(45184K) Class: 7719K(7936K)->7719K(7936K)
[15.475s][info ][gc             ] GC(8) Pause Young (Allocation Failure) 1469M->178M(1554M) 236.533ms
[15.475s][info ][gc,cpu         ] GC(8) User=0.34s Sys=0.06s Real=0.23s
[15.475s][info ][safepoint      ] Safepoint "ParallelGCFailedAllocation", Time since last: 647090587 ns, Reaching safepoint: 4815945 ns, At safepoint: 236668525 ns, Total: 241484470 ns
[16.350s][info ][gc,start       ] GC(9) Pause Young (Allocation Failure)
[16.641s][debug][gc,phases      ] GC(9) Scavenge 290.479ms
[16.641s][debug][gc,ref         ] GC(9) Skipped phase 1 of Reference Processing: no references
[16.641s][debug][gc,ref         ] GC(9) Skipped phase 3 of Reference Processing: no references
[16.641s][debug][gc,phases      ] GC(9) Reference Processing 0.381ms
[16.653s][debug][gc,phases      ] GC(9) Weak Processing 11.840ms
[16.653s][debug][gc,age         ] GC(9) Desired survivor size 272629760 bytes, new threshold 10 (max threshold 15)
[16.653s][info ][gc,heap        ] GC(9) PSYoungGen: 1510696K(1572864K)->172622K(1822208K) Eden: 1334272K(1334272K)->0K(1564672K) From: 176424K(238592K)->172622K(257536K)
[16.653s][info ][gc,heap        ] GC(9) ParOldGen: 6131K(18432K)->6139K(18432K)
[16.653s][info ][gc,metaspace   ] GC(9) Metaspace: 53687K(54144K)->53687K(54144K) NonClass: 45834K(46080K)->45834K(46080K) Class: 7852K(8064K)->7852K(8064K)
[16.653s][info ][gc             ] GC(9) Pause Young (Allocation Failure) 1481M->174M(1797M) 302.958ms
[16.653s][info ][gc,cpu         ] GC(9) User=0.34s Sys=0.02s Real=0.30s
[16.653s][info ][safepoint      ] Safepoint "ParallelGCFailedAllocation", Time since last: 861967102 ns, Reaching safepoint: 13093223 ns, At safepoint: 303073147 ns, Total: 316166370 ns
[18.009s][info ][gc,start       ] GC(10) Pause Young (Allocation Failure)
[18.217s][debug][gc,phases      ] GC(10) Scavenge 207.776ms
[18.217s][debug][gc,ref         ] GC(10) Skipped phase 1 of Reference Processing: no references
[18.217s][debug][gc,ref         ] GC(10) Skipped phase 3 of Reference Processing: no references
[18.217s][debug][gc,phases      ] GC(10) Reference Processing 0.449ms
[18.220s][debug][gc,phases      ] GC(10) Weak Processing 2.695ms
[18.220s][debug][gc,age         ] GC(10) Desired survivor size 275775488 bytes, new threshold 11 (max threshold 15)
[18.220s][info ][gc,heap        ] GC(10) PSYoungGen: 1737294K(1822208K)->170430K(1735168K) Eden: 1564672K(1564672K)->0K(1564672K) From: 172622K(257536K)->170430K(170496K)
[18.220s][info ][gc,heap        ] GC(10) ParOldGen: 6139K(18432K)->6147K(18432K)
[18.220s][info ][gc,metaspace   ] GC(10) Metaspace: 54666K(55104K)->54666K(55104K) NonClass: 46700K(46912K)->46700K(46912K) Class: 7966K(8192K)->7966K(8192K)
[18.220s][info ][gc             ] GC(10) Pause Young (Allocation Failure) 1702M->172M(1712M) 211.141ms
[18.220s][info ][gc,cpu         ] GC(10) User=0.41s Sys=0.00s Real=0.21s
[18.220s][info ][safepoint      ] Safepoint "ParallelGCFailedAllocation", Time since last: 1341458595 ns, Reaching safepoint: 14175433 ns, At safepoint: 211315082 ns, Total: 225490515 ns
[19.246s][info ][safepoint      ] Safepoint "Cleanup", Time since last: 1012475594 ns, Reaching safepoint: 12912421 ns, At safepoint: 43201 ns, Total: 12955622 ns
[19.265s][info ][gc,start       ] GC(11) Pause Young (Allocation Failure)
[19.473s][debug][gc,phases      ] GC(11) Scavenge 207.960ms
[19.473s][debug][gc,ref         ] GC(11) Skipped phase 1 of Reference Processing: no references
[19.474s][debug][gc,ref         ] GC(11) Skipped phase 3 of Reference Processing: no references
[19.474s][debug][gc,phases      ] GC(11) Reference Processing 0.546ms
[19.476s][debug][gc,phases      ] GC(11) Weak Processing 2.216ms
[19.476s][debug][gc,age         ] GC(11) Desired survivor size 277348352 bytes, new threshold 12 (max threshold 15)
[19.476s][info ][gc,heap        ] GC(11) PSYoungGen: 1735102K(1735168K)->171934K(1824768K) Eden: 1564672K(1564672K)->0K(1555456K) From: 170430K(170496K)->171934K(269312K)
[19.476s][info ][gc,heap        ] GC(11) ParOldGen: 6147K(18432K)->6155K(18432K)
[19.476s][info ][gc,metaspace   ] GC(11) Metaspace: 54929K(55360K)->54929K(55360K) NonClass: 46930K(47168K)->46930K(47168K) Class: 7998K(8192K)->7998K(8192K)
[19.476s][info ][gc             ] GC(11) Pause Young (Allocation Failure) 1700M->173M(1800M) 210.903ms
[19.476s][info ][gc,cpu         ] GC(11) User=0.33s Sys=0.00s Real=0.21s
[19.476s][info ][safepoint      ] Safepoint "ParallelGCFailedAllocation", Time since last: 8165176 ns, Reaching safepoint: 10893102 ns, At safepoint: 211048378 ns, Total: 221941480 ns
[20.489s][info ][safepoint      ] Safepoint "Cleanup", Time since last: 1000089869 ns, Reaching safepoint: 13002721 ns, At safepoint: 39301 ns, Total: 13042022 ns
[20.517s][info ][gc,start       ] GC(12) Pause Young (Allocation Failure)
[20.725s][debug][gc,phases      ] GC(12) Scavenge 208.009ms
[20.725s][debug][gc,ref         ] GC(12) Skipped phase 1 of Reference Processing: no references
[20.725s][debug][gc,ref         ] GC(12) Skipped phase 3 of Reference Processing: no references
[20.725s][debug][gc,phases      ] GC(12) Reference Processing 0.361ms
[20.728s][debug][gc,phases      ] GC(12) Weak Processing 2.179ms
[20.728s][debug][gc,age         ] GC(12) Desired survivor size 278921216 bytes, new threshold 13 (max threshold 15)
[20.728s][info ][gc,heap        ] GC(12) PSYoungGen: 1727390K(1824768K)->174510K(1730048K) Eden: 1555456K(1555456K)->0K(1555456K) From: 171934K(269312K)->174510K(174592K)
[20.728s][info ][gc,heap        ] GC(12) ParOldGen: 6155K(18432K)->6163K(18432K)
[20.728s][info ][gc,metaspace   ] GC(12) Metaspace: 54944K(55360K)->54944K(55360K) NonClass: 46945K(47168K)->46945K(47168K) Class: 7999K(8192K)->7999K(8192K)
[20.728s][info ][gc             ] GC(12) Pause Young (Allocation Failure) 1692M->176M(1707M) 210.711ms
[20.728s][info ][gc,cpu         ] GC(12) User=0.32s Sys=0.00s Real=0.20s
[20.728s][info ][safepoint      ] Safepoint "ParallelGCFailedAllocation", Time since last: 19247980 ns, Reaching safepoint: 8546780 ns, At safepoint: 210814874 ns, Total: 219361654 ns
[21.757s][info ][safepoint      ] Safepoint "Cleanup", Time since last: 1000091859 ns, Reaching safepoint: 29219773 ns, At safepoint: 37401 ns, Total: 29257174 ns
[21.813s][info ][gc,start       ] GC(13) Pause Young (Allocation Failure)
[22.013s][debug][gc,phases      ] GC(13) Scavenge 200.356ms
[22.013s][debug][gc,ref         ] GC(13) Skipped phase 1 of Reference Processing: no references
[22.014s][debug][gc,ref         ] GC(13) Skipped phase 3 of Reference Processing: no references
[22.014s][debug][gc,phases      ] GC(13) Reference Processing 0.328ms
[22.016s][debug][gc,phases      ] GC(13) Weak Processing 2.095ms
[22.016s][debug][gc,age         ] GC(13) Desired survivor size 279969792 bytes, new threshold 14 (max threshold 15)
[22.016s][info ][gc,heap        ] GC(13) PSYoungGen: 1729966K(1730048K)->176990K(1822720K) Eden: 1555456K(1555456K)->0K(1550336K) From: 174510K(174592K)->176990K(272384K)
[22.016s][info ][gc,heap        ] GC(13) ParOldGen: 6163K(18432K)->6163K(18432K)
[22.016s][info ][gc,metaspace   ] GC(13) Metaspace: 54954K(55360K)->54954K(55360K) NonClass: 46953K(47168K)->46953K(47168K) Class: 8000K(8192K)->8000K(8192K)
[22.016s][info ][gc             ] GC(13) Pause Young (Allocation Failure) 1695M->178M(1798M) 202.950ms
[22.016s][info ][gc,cpu         ] GC(13) User=0.34s Sys=0.00s Real=0.20s
[22.016s][info ][safepoint      ] Safepoint "ParallelGCFailedAllocation", Time since last: 50901076 ns, Reaching safepoint: 4940546 ns, At safepoint: 203084900 ns, Total: 208025446 ns
[23.103s][info ][safepoint      ] Safepoint "Cleanup", Time since last: 1076551864 ns, Reaching safepoint: 10606399 ns, At safepoint: 29200 ns, Total: 10635599 ns
[23.205s][info ][gc,start       ] GC(14) Pause Young (Allocation Failure)
[23.377s][debug][gc,phases      ] GC(14) Scavenge 172.234ms
[23.377s][debug][gc,ref         ] GC(14) Skipped phase 1 of Reference Processing: no references
[23.377s][debug][gc,ref         ] GC(14) Skipped phase 3 of Reference Processing: no references
[23.377s][debug][gc,phases      ] GC(14) Reference Processing 0.348ms
[23.380s][debug][gc,phases      ] GC(14) Weak Processing 2.292ms
[23.380s][debug][gc,age         ] GC(14) Desired survivor size 280494080 bytes, new threshold 15 (max threshold 15)
[23.380s][info ][gc,heap        ] GC(14) PSYoungGen: 1727326K(1822720K)->180014K(1730560K) Eden: 1550336K(1550336K)->0K(1550336K) From: 176990K(272384K)->180014K(180224K)
[23.380s][info ][gc,heap        ] GC(14) ParOldGen: 6163K(18432K)->6171K(18432K)
[23.380s][info ][gc,metaspace   ] GC(14) Metaspace: 55399K(55872K)->55399K(55872K) NonClass: 47332K(47616K)->47332K(47616K) Class: 8066K(8256K)->8066K(8256K)
[23.380s][info ][gc             ] GC(14) Pause Young (Allocation Failure) 1692M->181M(1708M) 175.027ms
[23.380s][info ][gc,cpu         ] GC(14) User=0.34s Sys=0.00s Real=0.18s
[23.380s][info ][safepoint      ] Safepoint "ParallelGCFailedAllocation", Time since last: 83728482 ns, Reaching safepoint: 17813967 ns, At safepoint: 175153236 ns, Total: 192967203 ns
[24.549s][info ][gc,start       ] GC(15) Pause Young (Allocation Failure)
[24.777s][debug][gc,phases      ] GC(15) Scavenge 227.844ms
[24.777s][debug][gc,ref         ] GC(15) Skipped phase 1 of Reference Processing: no references
[24.777s][debug][gc,ref         ] GC(15) Skipped phase 3 of Reference Processing: no references
[24.777s][debug][gc,phases      ] GC(15) Reference Processing 0.359ms
[24.779s][debug][gc,phases      ] GC(15) Weak Processing 2.089ms
[24.780s][debug][gc,age         ] GC(15) Desired survivor size 280494080 bytes, new threshold 15 (max threshold 15)
[24.780s][info ][gc,heap        ] GC(15) PSYoungGen: 1730350K(1730560K)->180542K(1823232K) Eden: 1550336K(1550336K)->0K(1549312K) From: 180014K(180224K)->180542K(273920K)
[24.780s][info ][gc,heap        ] GC(15) ParOldGen: 6171K(18432K)->6183K(18432K)
[24.780s][info ][gc,metaspace   ] GC(15) Metaspace: 56396K(56960K)->56396K(56960K) NonClass: 48181K(48448K)->48181K(48448K) Class: 8214K(8512K)->8214K(8512K)
[24.780s][info ][gc             ] GC(15) Pause Young (Allocation Failure) 1695M->182M(1798M) 230.468ms
[24.780s][info ][gc,cpu         ] GC(15) User=0.34s Sys=0.00s Real=0.23s
[24.780s][info ][safepoint      ] Safepoint "ParallelGCFailedAllocation", Time since last: 1161045541 ns, Reaching safepoint: 8141976 ns, At safepoint: 230602552 ns, Total: 238744528 ns
[25.787s][info ][gc,start       ] GC(16) Pause Young (Allocation Failure)
[26.021s][debug][gc,phases      ] GC(16) Scavenge 233.927ms
[26.021s][debug][gc,ref         ] GC(16) Skipped phase 1 of Reference Processing: no references
[26.022s][debug][gc,ref         ] GC(16) Skipped phase 3 of Reference Processing: no references
[26.022s][debug][gc,phases      ] GC(16) Reference Processing 0.613ms
[26.024s][debug][gc,phases      ] GC(16) Weak Processing 2.477ms
[26.024s][debug][gc,age         ] GC(16) Desired survivor size 281018368 bytes, new threshold 15 (max threshold 15)
[26.024s][info ][gc,heap        ] GC(16) PSYoungGen: 1729854K(1823232K)->184111K(1733632K) Eden: 1549312K(1549312K)->0K(1549312K) From: 180542K(273920K)->184111K(184320K)
[26.024s][info ][gc,heap        ] GC(16) ParOldGen: 6183K(18432K)->6191K(18432K)
[26.024s][info ][gc,metaspace   ] GC(16) Metaspace: 60582K(61056K)->60582K(61056K) NonClass: 51841K(52096K)->51841K(52096K) Class: 8741K(8960K)->8741K(8960K)
[26.024s][info ][gc             ] GC(16) Pause Young (Allocation Failure) 1695M->185M(1711M) 237.202ms
[26.024s][info ][gc,cpu         ] GC(16) User=0.35s Sys=0.00s Real=0.24s
[26.024s][info ][safepoint      ] Safepoint "ParallelGCFailedAllocation", Time since last: 992476057 ns, Reaching safepoint: 14816438 ns, At safepoint: 237376214 ns, Total: 252192652 ns
[27.034s][info ][safepoint      ] Safepoint "Cleanup", Time since last: 1000093419 ns, Reaching safepoint: 9575589 ns, At safepoint: 27400 ns, Total: 9602989 ns
[27.369s][info ][gc,start       ] GC(17) Pause Young (Allocation Failure)
[27.737s][debug][gc,phases      ] GC(17) Scavenge 367.991ms
[27.737s][debug][gc,ref         ] GC(17) Skipped phase 1 of Reference Processing: no references
[27.737s][debug][gc,ref         ] GC(17) Skipped phase 3 of Reference Processing: no references
[27.737s][debug][gc,phases      ] GC(17) Reference Processing 0.390ms
[27.740s][debug][gc,phases      ] GC(17) Weak Processing 2.249ms
[27.740s][debug][gc,age         ] GC(17) Desired survivor size 298319872 bytes, new threshold 15 (max threshold 15)
[27.740s][info ][gc,heap        ] GC(17) PSYoungGen: 1733423K(1733632K)->231271K(1788928K) Eden: 1549312K(1549312K)->0K(1514496K) From: 184111K(184320K)->231271K(274432K)
[27.740s][info ][gc,heap        ] GC(17) ParOldGen: 6191K(18432K)->6199K(18432K)
[27.740s][info ][gc,metaspace   ] GC(17) Metaspace: 60846K(61440K)->60846K(61440K) NonClass: 52069K(52416K)->52069K(52416K) Class: 8777K(9024K)->8777K(9024K)
[27.740s][info ][gc             ] GC(17) Pause Young (Allocation Failure) 1698M->231M(1765M) 370.809ms
[27.740s][info ][gc,cpu         ] GC(17) User=0.55s Sys=0.04s Real=0.37s
[27.740s][info ][safepoint      ] Safepoint "ParallelGCFailedAllocation", Time since last: 321898197 ns, Reaching safepoint: 12966021 ns, At safepoint: 370984954 ns, Total: 383950975 ns
[28.373s][info ][safepoint      ] Safepoint "ICBufferFull", Time since last: 621074780 ns, Reaching safepoint: 12133613 ns, At safepoint: 31300 ns, Total: 12164913 ns
[28.392s][info ][safepoint      ] Safepoint "ICBufferFull", Time since last: 11787710 ns, Reaching safepoint: 7109466 ns, At safepoint: 29600 ns, Total: 7139066 ns
[28.418s][info ][safepoint      ] Safepoint "ICBufferFull", Time since last: 20843694 ns, Reaching safepoint: 4784745 ns, At safepoint: 25900 ns, Total: 4810645 ns
[28.433s][info ][safepoint      ] Safepoint "ICBufferFull", Time since last: 4336640 ns, Reaching safepoint: 10968202 ns, At safepoint: 33401 ns, Total: 11001603 ns
[28.442s][info ][safepoint      ] Safepoint "ICBufferFull", Time since last: 5985255 ns, Reaching safepoint: 2973928 ns, At safepoint: 23700 ns, Total: 2997628 ns
[28.471s][info ][safepoint      ] Safepoint "ICBufferFull", Time since last: 12277014 ns, Reaching safepoint: 16968458 ns, At safepoint: 49501 ns, Total: 17017959 ns
[28.479s][info ][safepoint      ] Safepoint "ICBufferFull", Time since last: 1211111 ns, Reaching safepoint: 6700762 ns, At safepoint: 43501 ns, Total: 6744263 ns
[28.511s][info ][safepoint      ] Safepoint "ICBufferFull", Time since last: 19966085 ns, Reaching safepoint: 11657809 ns, At safepoint: 42100 ns, Total: 11699909 ns
[28.517s][info ][safepoint      ] Safepoint "ICBufferFull", Time since last: 970909 ns, Reaching safepoint: 5021547 ns, At safepoint: 43000 ns, Total: 5064547 ns
[28.521s][info ][safepoint      ] Safepoint "ICBufferFull", Time since last: 981710 ns, Reaching safepoint: 3288230 ns, At safepoint: 20100 ns, Total: 3308330 ns
[28.549s][info ][safepoint      ] Safepoint "ICBufferFull", Time since last: 21692202 ns, Reaching safepoint: 6169858 ns, At safepoint: 43100 ns, Total: 6212958 ns
[28.554s][info ][safepoint      ] Safepoint "ICBufferFull", Time since last: 2517623 ns, Reaching safepoint: 2155520 ns, At safepoint: 27301 ns, Total: 2182821 ns
[28.593s][info ][safepoint      ] Safepoint "ICBufferFull", Time since last: 9382287 ns, Reaching safepoint: 29672376 ns, At safepoint: 37400 ns, Total: 29709776 ns
[28.597s][info ][safepoint      ] Safepoint "ICBufferFull", Time since last: 1002810 ns, Reaching safepoint: 3210430 ns, At safepoint: 17900 ns, Total: 3228330 ns
[28.609s][info ][safepoint      ] Safepoint "ICBufferFull", Time since last: 10938201 ns, Reaching safepoint: 837508 ns, At safepoint: 20400 ns, Total: 857908 ns
[28.613s][info ][safepoint      ] Safepoint "ICBufferFull", Time since last: 3827936 ns, Reaching safepoint: 162802 ns, At safepoint: 12400 ns, Total: 175202 ns
[28.619s][info ][safepoint      ] Safepoint "ICBufferFull", Time since last: 1161310 ns, Reaching safepoint: 4866846 ns, At safepoint: 26900 ns, Total: 4893746 ns
[28.645s][info ][safepoint      ] Safepoint "ICBufferFull", Time since last: 21860403 ns, Reaching safepoint: 4265040 ns, At safepoint: 22100 ns, Total: 4287140 ns
[28.654s][info ][safepoint      ] Safepoint "ICBufferFull", Time since last: 936709 ns, Reaching safepoint: 7498570 ns, At safepoint: 28800 ns, Total: 7527370 ns
[28.661s][info ][safepoint      ] Safepoint "ICBufferFull", Time since last: 919009 ns, Reaching safepoint: 6399059 ns, At safepoint: 26300 ns, Total: 6425359 ns
[28.698s][info ][safepoint      ] Safepoint "ICBufferFull", Time since last: 27900060 ns, Reaching safepoint: 9108285 ns, At safepoint: 21900 ns, Total: 9130185 ns
[28.701s][info ][safepoint      ] Safepoint "ICBufferFull", Time since last: 938009 ns, Reaching safepoint: 2114919 ns, At safepoint: 14600 ns, Total: 2129519 ns
[28.705s][info ][safepoint      ] Safepoint "ICBufferFull", Time since last: 820008 ns, Reaching safepoint: 3184030 ns, At safepoint: 19100 ns, Total: 3203130 ns
[28.714s][info ][safepoint      ] Safepoint "ICBufferFull", Time since last: 3756335 ns, Reaching safepoint: 4689243 ns, At safepoint: 25701 ns, Total: 4714944 ns
[28.723s][info ][safepoint      ] Safepoint "ICBufferFull", Time since last: 9197385 ns, Reaching safepoint: 694007 ns, At safepoint: 14600 ns, Total: 708607 ns
[28.824s][info ][safepoint      ] Safepoint "ICBufferFull", Time since last: 91206048 ns, Reaching safepoint: 8826882 ns, At safepoint: 33801 ns, Total: 8860683 ns
[28.833s][info ][safepoint      ] Safepoint "ICBufferFull", Time since last: 884708 ns, Reaching safepoint: 8429278 ns, At safepoint: 36701 ns, Total: 8465979 ns
[28.845s][info ][safepoint      ] Safepoint "ICBufferFull", Time since last: 861108 ns, Reaching safepoint: 11106703 ns, At safepoint: 38700 ns, Total: 11145403 ns
[28.873s][info ][safepoint      ] Safepoint "ICBufferFull", Time since last: 7991475 ns, Reaching safepoint: 19974485 ns, At safepoint: 47701 ns, Total: 20022186 ns
[28.885s][info ][safepoint      ] Safepoint "ICBufferFull", Time since last: 889908 ns, Reaching safepoint: 11045703 ns, At safepoint: 42700 ns, Total: 11088403 ns
[28.889s][info ][safepoint      ] Safepoint "ICBufferFull", Time since last: 3422432 ns, Reaching safepoint: 571105 ns, At safepoint: 19201 ns, Total: 590306 ns
[28.897s][info ][safepoint      ] Safepoint "ICBufferFull", Time since last: 751807 ns, Reaching safepoint: 6950564 ns, At safepoint: 38401 ns, Total: 6988965 ns
[28.899s][info ][safepoint      ] Safepoint "ICBufferFull", Time since last: 2474423 ns, Reaching safepoint: 100101 ns, At safepoint: 14600 ns, Total: 114701 ns
[28.909s][info ][safepoint      ] Safepoint "ICBufferFull", Time since last: 696306 ns, Reaching safepoint: 8993384 ns, At safepoint: 33400 ns, Total: 9026784 ns
[28.913s][info ][safepoint      ] Safepoint "ICBufferFull", Time since last: 893809 ns, Reaching safepoint: 3172129 ns, At safepoint: 14900 ns, Total: 3187029 ns
[28.921s][info ][safepoint      ] Safepoint "ICBufferFull", Time since last: 2349322 ns, Reaching safepoint: 5514051 ns, At safepoint: 33401 ns, Total: 5547452 ns
[28.926s][info ][safepoint      ] Safepoint "ICBufferFull", Time since last: 811107 ns, Reaching safepoint: 4203139 ns, At safepoint: 24501 ns, Total: 4227640 ns
[28.929s][info ][safepoint      ] Safepoint "ICBufferFull", Time since last: 889808 ns, Reaching safepoint: 2101619 ns, At safepoint: 14700 ns, Total: 2116319 ns
[28.937s][info ][safepoint      ] Safepoint "ICBufferFull", Time since last: 749007 ns, Reaching safepoint: 7174267 ns, At safepoint: 36701 ns, Total: 7210968 ns
[28.941s][info ][safepoint      ] Safepoint "ICBufferFull", Time since last: 1818016 ns, Reaching safepoint: 2244721 ns, At safepoint: 29001 ns, Total: 2273722 ns
[28.949s][info ][safepoint      ] Safepoint "ICBufferFull", Time since last: 2854626 ns, Reaching safepoint: 4996547 ns, At safepoint: 28000 ns, Total: 5024547 ns
[28.957s][info ][safepoint      ] Safepoint "ICBufferFull", Time since last: 803207 ns, Reaching safepoint: 7206467 ns, At safepoint: 25201 ns, Total: 7231668 ns
[28.964s][info ][safepoint      ] Safepoint "ICBufferFull", Time since last: 803507 ns, Reaching safepoint: 5873955 ns, At safepoint: 34200 ns, Total: 5908155 ns
[28.981s][info ][safepoint      ] Safepoint "ICBufferFull", Time since last: 823808 ns, Reaching safepoint: 16373252 ns, At safepoint: 43200 ns, Total: 16416452 ns
[28.993s][info ][safepoint      ] Safepoint "ICBufferFull", Time since last: 837508 ns, Reaching safepoint: 11112804 ns, At safepoint: 37100 ns, Total: 11149904 ns
[28.998s][info ][safepoint      ] Safepoint "ICBufferFull", Time since last: 2901827 ns, Reaching safepoint: 1894218 ns, At safepoint: 24500 ns, Total: 1918718 ns
[29.002s][info ][safepoint      ] Safepoint "ICBufferFull", Time since last: 769707 ns, Reaching safepoint: 3374431 ns, At safepoint: 31701 ns, Total: 3406132 ns
[29.009s][info ][safepoint      ] Safepoint "ICBufferFull", Time since last: 801707 ns, Reaching safepoint: 6211858 ns, At safepoint: 27300 ns, Total: 6239158 ns
[29.014s][info ][safepoint      ] Safepoint "ICBufferFull", Time since last: 799008 ns, Reaching safepoint: 4521142 ns, At safepoint: 35800 ns, Total: 4556942 ns
[29.019s][info ][safepoint      ] Safepoint "ICBufferFull", Time since last: 2383622 ns, Reaching safepoint: 1968319 ns, At safepoint: 24600 ns, Total: 1992919 ns
[29.020s][info ][safepoint      ] Safepoint "ICBufferFull", Time since last: 829807 ns, Reaching safepoint: 801508 ns, At safepoint: 22800 ns, Total: 824308 ns
[29.026s][info ][safepoint      ] Safepoint "ICBufferFull", Time since last: 745507 ns, Reaching safepoint: 4863145 ns, At safepoint: 30201 ns, Total: 4893346 ns
[29.031s][info ][safepoint      ] Safepoint "ICBufferFull", Time since last: 819407 ns, Reaching safepoint: 4273040 ns, At safepoint: 32200 ns, Total: 4305240 ns
[29.032s][info ][safepoint      ] Safepoint "ICBufferFull", Time since last: 792108 ns, Reaching safepoint: 282102 ns, At safepoint: 19500 ns, Total: 301602 ns
[29.073s][info ][safepoint      ] Safepoint "ICBufferFull", Time since last: 34791824 ns, Reaching safepoint: 5958455 ns, At safepoint: 35401 ns, Total: 5993856 ns
[29.079s][info ][safepoint      ] Safepoint "ICBufferFull", Time since last: 864808 ns, Reaching safepoint: 4742744 ns, At safepoint: 37000 ns, Total: 4779744 ns
[29.081s][info ][safepoint      ] Safepoint "ICBufferFull", Time since last: 817108 ns, Reaching safepoint: 1882917 ns, At safepoint: 24300 ns, Total: 1907217 ns
[29.087s][info ][safepoint      ] Safepoint "ICBufferFull", Time since last: 909009 ns, Reaching safepoint: 4737544 ns, At safepoint: 33100 ns, Total: 4770644 ns
[29.094s][info ][safepoint      ] Safepoint "ICBufferFull", Time since last: 812008 ns, Reaching safepoint: 6448760 ns, At safepoint: 40100 ns, Total: 6488860 ns
[29.099s][info ][safepoint      ] Safepoint "ICBufferFull", Time since last: 2384122 ns, Reaching safepoint: 2217321 ns, At safepoint: 31400 ns, Total: 2248721 ns
[29.127s][info ][safepoint      ] Safepoint "ICBufferFull", Time since last: 14075331 ns, Reaching safepoint: 13489025 ns, At safepoint: 34501 ns, Total: 13523526 ns
[29.134s][info ][safepoint      ] Safepoint "ICBufferFull", Time since last: 855708 ns, Reaching safepoint: 6705962 ns, At safepoint: 45400 ns, Total: 6751362 ns
[29.135s][info ][safepoint      ] Safepoint "ICBufferFull", Time since last: 855608 ns, Reaching safepoint: 103701 ns, At safepoint: 17700 ns, Total: 121401 ns
[29.142s][info ][safepoint      ] Safepoint "ICBufferFull", Time since last: 691607 ns, Reaching safepoint: 6147857 ns, At safepoint: 30400 ns, Total: 6178257 ns
[29.151s][info ][safepoint      ] Safepoint "ICBufferFull", Time since last: 2562424 ns, Reaching safepoint: 6177557 ns, At safepoint: 48101 ns, Total: 6225658 ns
[29.160s][info ][safepoint      ] Safepoint "ICBufferFull", Time since last: 888508 ns, Reaching safepoint: 8071175 ns, At safepoint: 43401 ns, Total: 8114576 ns
[29.161s][info ][safepoint      ] Safepoint "ICBufferFull", Time since last: 859508 ns, Reaching safepoint: 256902 ns, At safepoint: 15900 ns, Total: 272802 ns
[29.166s][info ][safepoint      ] Safepoint "ICBufferFull", Time since last: 691907 ns, Reaching safepoint: 4354940 ns, At safepoint: 24900 ns, Total: 4379840 ns
[29.170s][info ][safepoint      ] Safepoint "ICBufferFull", Time since last: 801608 ns, Reaching safepoint: 2796026 ns, At safepoint: 24000 ns, Total: 2820026 ns
[29.175s][info ][safepoint      ] Safepoint "ICBufferFull", Time since last: 2680225 ns, Reaching safepoint: 2356222 ns, At safepoint: 30100 ns, Total: 2386322 ns
[29.179s][info ][safepoint      ] Safepoint "ICBufferFull", Time since last: 808408 ns, Reaching safepoint: 3476532 ns, At safepoint: 42000 ns, Total: 3518532 ns
[29.181s][info ][safepoint      ] Safepoint "ICBufferFull", Time since last: 785108 ns, Reaching safepoint: 1417813 ns, At safepoint: 20500 ns, Total: 1438313 ns
[29.201s][info ][safepoint      ] Safepoint "ICBufferFull", Time since last: 17872566 ns, Reaching safepoint: 2252621 ns, At safepoint: 20400 ns, Total: 2273021 ns
[29.205s][info ][gc,start       ] GC(18) Pause Young (Allocation Failure)
[29.466s][debug][gc,phases      ] GC(18) Scavenge 260.385ms
[29.466s][debug][gc,ref         ] GC(18) Skipped phase 1 of Reference Processing: no references
[29.466s][debug][gc,ref         ] GC(18) Skipped phase 3 of Reference Processing: no references
[29.466s][debug][gc,phases      ] GC(18) Reference Processing 0.641ms
[29.469s][debug][gc,phases      ] GC(18) Weak Processing 2.645ms
[29.469s][debug][gc,age         ] GC(18) Desired survivor size 316145664 bytes, new threshold 15 (max threshold 15)
[29.469s][info ][gc,heap        ] GC(18) PSYoungGen: 1745767K(1788928K)->243231K(1758208K) Eden: 1514496K(1514496K)->0K(1514496K) From: 231271K(274432K)->243231K(243712K)
[29.469s][info ][gc,heap        ] GC(18) ParOldGen: 6199K(18432K)->7897K(18432K)
[29.469s][info ][gc,metaspace   ] GC(18) Metaspace: 61455K(61952K)->61455K(61952K) NonClass: 52596K(52864K)->52596K(52864K) Class: 8859K(9088K)->8859K(9088K)
[29.469s][info ][gc             ] GC(18) Pause Young (Allocation Failure) 1710M->245M(1735M) 263.846ms
[29.469s][info ][gc,cpu         ] GC(18) User=0.51s Sys=0.00s Real=0.27s
[29.469s][info ][safepoint      ] Safepoint "ParallelGCFailedAllocation", Time since last: 806408 ns, Reaching safepoint: 3094528 ns, At safepoint: 263959054 ns, Total: 267053582 ns
[29.476s][info ][safepoint      ] Safepoint "ICBufferFull", Time since last: 4177039 ns, Reaching safepoint: 2925227 ns, At safepoint: 21100 ns, Total: 2946327 ns
[29.489s][info ][safepoint      ] Safepoint "ICBufferFull", Time since last: 3379232 ns, Reaching safepoint: 9180685 ns, At safepoint: 33000 ns, Total: 9213685 ns
[29.493s][info ][safepoint      ] Safepoint "ICBufferFull", Time since last: 842008 ns, Reaching safepoint: 3230430 ns, At safepoint: 22100 ns, Total: 3252530 ns
[29.496s][info ][safepoint      ] Safepoint "ICBufferFull", Time since last: 788708 ns, Reaching safepoint: 2145620 ns, At safepoint: 20100 ns, Total: 2165720 ns
[29.505s][info ][safepoint      ] Safepoint "ICBufferFull", Time since last: 758007 ns, Reaching safepoint: 8147976 ns, At safepoint: 38700 ns, Total: 8186676 ns
[29.506s][info ][safepoint      ] Safepoint "ICBufferFull", Time since last: 774407 ns, Reaching safepoint: 300103 ns, At safepoint: 19600 ns, Total: 319703 ns
[29.526s][info ][safepoint      ] Safepoint "ICBufferFull", Time since last: 15924248 ns, Reaching safepoint: 4302040 ns, At safepoint: 24100 ns, Total: 4326140 ns
[29.535s][info ][safepoint      ] Safepoint "ICBufferFull", Time since last: 928509 ns, Reaching safepoint: 8104875 ns, At safepoint: 29101 ns, Total: 8133976 ns
[29.570s][info ][safepoint      ] Safepoint "ICBufferFull", Time since last: 27686357 ns, Reaching safepoint: 7110466 ns, At safepoint: 30900 ns, Total: 7141366 ns
[29.593s][info ][safepoint      ] Safepoint "ICBufferFull", Time since last: 14442035 ns, Reaching safepoint: 8250476 ns, At safepoint: 48801 ns, Total: 8299277 ns
[29.601s][info ][safepoint      ] Safepoint "ICBufferFull", Time since last: 6918564 ns, Reaching safepoint: 921909 ns, At safepoint: 25900 ns, Total: 947809 ns
[29.627s][info ][safepoint      ] Safepoint "ICBufferFull", Time since last: 16443553 ns, Reaching safepoint: 10066593 ns, At safepoint: 31301 ns, Total: 10097894 ns
[29.632s][info ][safepoint      ] Safepoint "ICBufferFull", Time since last: 3174529 ns, Reaching safepoint: 1769617 ns, At safepoint: 20600 ns, Total: 1790217 ns
[29.649s][info ][safepoint      ] Safepoint "ICBufferFull", Time since last: 5177148 ns, Reaching safepoint: 11248704 ns, At safepoint: 35101 ns, Total: 11283805 ns
[29.677s][info ][safepoint      ] Safepoint "ICBufferFull", Time since last: 14475434 ns, Reaching safepoint: 13681827 ns, At safepoint: 33701 ns, Total: 13715528 ns
[29.682s][info ][safepoint      ] Safepoint "ICBufferFull", Time since last: 3313031 ns, Reaching safepoint: 1982018 ns, At safepoint: 23100 ns, Total: 2005118 ns
[29.757s][info ][safepoint      ] Safepoint "ICBufferFull", Time since last: 56107622 ns, Reaching safepoint: 18489472 ns, At safepoint: 40700 ns, Total: 18530172 ns
[29.765s][info ][safepoint      ] Safepoint "ICBufferFull", Time since last: 3032328 ns, Reaching safepoint: 4970546 ns, At safepoint: 26801 ns, Total: 4997347 ns
[29.773s][info ][safepoint      ] Safepoint "ICBufferFull", Time since last: 1074310 ns, Reaching safepoint: 7057865 ns, At safepoint: 42001 ns, Total: 7099866 ns
[29.799s][info ][safepoint      ] Safepoint "ICBufferFull", Time since last: 11778709 ns, Reaching safepoint: 13993730 ns, At safepoint: 30400 ns, Total: 14024130 ns
[29.840s][info ][safepoint      ] Safepoint "ICBufferFull", Time since last: 25988342 ns, Reaching safepoint: 15000940 ns, At safepoint: 33100 ns, Total: 15034040 ns
[29.849s][info ][safepoint      ] Safepoint "ICBufferFull", Time since last: 2945127 ns, Reaching safepoint: 6039156 ns, At safepoint: 36201 ns, Total: 6075357 ns
[29.860s][info ][safepoint      ] Safepoint "ICBufferFull", Time since last: 2854726 ns, Reaching safepoint: 7683872 ns, At safepoint: 30800 ns, Total: 7714672 ns
[29.869s][info ][safepoint      ] Safepoint "ICBufferFull", Time since last: 2933427 ns, Reaching safepoint: 6448060 ns, At safepoint: 27700 ns, Total: 6475760 ns
[29.969s][info ][safepoint      ] Safepoint "ICBufferFull", Time since last: 90909145 ns, Reaching safepoint: 9082285 ns, At safepoint: 24300 ns, Total: 9106585 ns
[29.985s][info ][safepoint      ] Safepoint "ICBufferFull", Time since last: 4831745 ns, Reaching safepoint: 11126003 ns, At safepoint: 30401 ns, Total: 11156404 ns
[29.997s][info ][safepoint      ] Safepoint "ICBufferFull", Time since last: 2991427 ns, Reaching safepoint: 9020984 ns, At safepoint: 33901 ns, Total: 9054885 ns
[30.005s][info ][safepoint      ] Safepoint "ICBufferFull", Time since last: 2935527 ns, Reaching safepoint: 4989146 ns, At safepoint: 26601 ns, Total: 5015747 ns
[30.011s][info ][safepoint      ] Safepoint "ICBufferFull", Time since last: 942808 ns, Reaching safepoint: 5423851 ns, At safepoint: 33000 ns, Total: 5456851 ns
[30.015s][info ][safepoint      ] Safepoint "ICBufferFull", Time since last: 3144929 ns, Reaching safepoint: 254903 ns, At safepoint: 19600 ns, Total: 274503 ns
[30.022s][info ][safepoint      ] Safepoint "ICBufferFull", Time since last: 2635924 ns, Reaching safepoint: 4620443 ns, At safepoint: 27001 ns, Total: 4647444 ns
[30.152s][info ][safepoint      ] Safepoint "ICBufferFull", Time since last: 112909948 ns, Reaching safepoint: 17509163 ns, At safepoint: 39700 ns, Total: 17548863 ns
[30.159s][info ][safepoint      ] Safepoint "ICBufferFull", Time since last: 2992928 ns, Reaching safepoint: 3745335 ns, At safepoint: 34500 ns, Total: 3779835 ns
[30.162s][info ][safepoint      ] Safepoint "ICBufferFull", Time since last: 994209 ns, Reaching safepoint: 1359913 ns, At safepoint: 17700 ns, Total: 1377613 ns
[30.173s][info ][safepoint      ] Safepoint "ICBufferFull", Time since last: 2996328 ns, Reaching safepoint: 8060575 ns, At safepoint: 53000 ns, Total: 8113575 ns
[30.181s][info ][safepoint      ] Safepoint "ICBufferFull", Time since last: 3130829 ns, Reaching safepoint: 5068048 ns, At safepoint: 35300 ns, Total: 5103348 ns
[30.189s][info ][safepoint      ] Safepoint "ICBufferFull", Time since last: 3224830 ns, Reaching safepoint: 4737144 ns, At safepoint: 28100 ns, Total: 4765244 ns
[30.197s][info ][safepoint      ] Safepoint "ICBufferFull", Time since last: 2905727 ns, Reaching safepoint: 5054047 ns, At safepoint: 28000 ns, Total: 5082047 ns
[30.203s][info ][safepoint      ] Safepoint "ICBufferFull", Time since last: 1022110 ns, Reaching safepoint: 5023246 ns, At safepoint: 35101 ns, Total: 5058347 ns
[30.261s][info ][safepoint      ] Safepoint "ICBufferFull", Time since last: 51692780 ns, Reaching safepoint: 6220758 ns, At safepoint: 35900 ns, Total: 6256658 ns
[30.277s][info ][safepoint      ] Safepoint "ICBufferFull", Time since last: 5380750 ns, Reaching safepoint: 10546298 ns, At safepoint: 37600 ns, Total: 10583898 ns
[30.284s][info ][safepoint      ] Safepoint "ICBufferFull", Time since last: 3124329 ns, Reaching safepoint: 3586434 ns, At safepoint: 27300 ns, Total: 3613734 ns
[30.293s][info ][safepoint      ] Safepoint "ICBufferFull", Time since last: 3158429 ns, Reaching safepoint: 6085057 ns, At safepoint: 34400 ns, Total: 6119457 ns
[30.301s][info ][safepoint      ] Safepoint "ICBufferFull", Time since last: 1067410 ns, Reaching safepoint: 6882864 ns, At safepoint: 32000 ns, Total: 6914864 ns
[30.333s][info ][safepoint      ] Safepoint "ICBufferFull", Time since last: 9667190 ns, Reaching safepoint: 22302107 ns, At safepoint: 32900 ns, Total: 22335007 ns
[30.344s][info ][safepoint      ] Safepoint "ICBufferFull", Time since last: 4970447 ns, Reaching safepoint: 6318058 ns, At safepoint: 49201 ns, Total: 6367259 ns
[30.455s][info ][safepoint      ] Safepoint "ICBufferFull", Time since last: 97829308 ns, Reaching safepoint: 13196523 ns, At safepoint: 32100 ns, Total: 13228623 ns
[30.465s][info ][safepoint      ] Safepoint "ICBufferFull", Time since last: 3916237 ns, Reaching safepoint: 5650452 ns, At safepoint: 26200 ns, Total: 5676652 ns
[30.473s][info ][safepoint      ] Safepoint "ICBufferFull", Time since last: 1014510 ns, Reaching safepoint: 6946164 ns, At safepoint: 30700 ns, Total: 6976864 ns
[30.485s][info ][safepoint      ] Safepoint "ICBufferFull", Time since last: 5770954 ns, Reaching safepoint: 6258758 ns, At safepoint: 22100 ns, Total: 6280858 ns
[30.496s][info ][safepoint      ] Safepoint "ICBufferFull", Time since last: 2602225 ns, Reaching safepoint: 8215376 ns, At safepoint: 53800 ns, Total: 8269176 ns
[30.509s][info ][safepoint      ] Safepoint "ICBufferFull", Time since last: 2733726 ns, Reaching safepoint: 10333696 ns, At safepoint: 36600 ns, Total: 10370296 ns
[30.516s][info ][safepoint      ] Safepoint "ICBufferFull", Time since last: 2506223 ns, Reaching safepoint: 4545643 ns, At safepoint: 40900 ns, Total: 4586543 ns
[30.518s][info ][safepoint      ] Safepoint "ICBufferFull", Time since last: 1035510 ns, Reaching safepoint: 1218411 ns, At safepoint: 32600 ns, Total: 1251011 ns
[30.585s][info ][safepoint      ] Safepoint "ICBufferFull", Time since last: 53560098 ns, Reaching safepoint: 13020421 ns, At safepoint: 33600 ns, Total: 13054021 ns
[30.622s][info ][safepoint      ] Safepoint "ICBufferFull", Time since last: 21976204 ns, Reaching safepoint: 14732237 ns, At safepoint: 27400 ns, Total: 14759637 ns
[30.629s][info ][safepoint      ] Safepoint "ICBufferFull", Time since last: 3675434 ns, Reaching safepoint: 3861236 ns, At safepoint: 24000 ns, Total: 3885236 ns
[30.637s][info ][safepoint      ] Safepoint "ICBufferFull", Time since last: 3225730 ns, Reaching safepoint: 4476042 ns, At safepoint: 29600 ns, Total: 4505642 ns
[30.645s][info ][safepoint      ] Safepoint "ICBufferFull", Time since last: 1050410 ns, Reaching safepoint: 6887964 ns, At safepoint: 27700 ns, Total: 6915664 ns
[30.653s][info ][safepoint      ] Safepoint "ICBufferFull", Time since last: 2775326 ns, Reaching safepoint: 5166448 ns, At safepoint: 24400 ns, Total: 5190848 ns
[30.662s][info ][safepoint      ] Safepoint "ICBufferFull", Time since last: 6057556 ns, Reaching safepoint: 2706226 ns, At safepoint: 24300 ns, Total: 2730526 ns
[30.735s][info ][safepoint      ] Safepoint "ICBufferFull", Time since last: 61598972 ns, Reaching safepoint: 11419306 ns, At safepoint: 34200 ns, Total: 11453506 ns
[30.738s][info ][safepoint      ] Safepoint "ICBufferFull", Time since last: 2874827 ns, Reaching safepoint: 456404 ns, At safepoint: 13600 ns, Total: 470004 ns
[30.745s][info ][safepoint      ] Safepoint "ICBufferFull", Time since last: 899909 ns, Reaching safepoint: 5888954 ns, At safepoint: 20501 ns, Total: 5909455 ns
[30.765s][info ][safepoint      ] Safepoint "ICBufferFull", Time since last: 9634389 ns, Reaching safepoint: 10365496 ns, At safepoint: 34001 ns, Total: 10399497 ns
[30.787s][info ][safepoint      ] Safepoint "ICBufferFull", Time since last: 11361405 ns, Reaching safepoint: 10832201 ns, At safepoint: 34900 ns, Total: 10867101 ns
[30.818s][info ][safepoint      ] Safepoint "ICBufferFull", Time since last: 16641255 ns, Reaching safepoint: 14165031 ns, At safepoint: 32701 ns, Total: 14197732 ns
[30.821s][info ][safepoint      ] Safepoint "ICBufferFull", Time since last: 2823626 ns, Reaching safepoint: 125701 ns, At safepoint: 12700 ns, Total: 138401 ns
[30.833s][info ][safepoint      ] Safepoint "ICBufferFull", Time since last: 897308 ns, Reaching safepoint: 11045403 ns, At safepoint: 30500 ns, Total: 11075903 ns
[30.897s][info ][safepoint      ] Safepoint "ICBufferFull", Time since last: 54412206 ns, Reaching safepoint: 9972192 ns, At safepoint: 23200 ns, Total: 9995392 ns
[30.905s][info ][safepoint      ] Safepoint "ICBufferFull", Time since last: 2899027 ns, Reaching safepoint: 4649444 ns, At safepoint: 27100 ns, Total: 4676544 ns
[30.909s][info ][safepoint      ] Safepoint "ICBufferFull", Time since last: 2046519 ns, Reaching safepoint: 2163120 ns, At safepoint: 24700 ns, Total: 2187820 ns
[30.915s][info ][safepoint      ] Safepoint "ICBufferFull", Time since last: 3787435 ns, Reaching safepoint: 2292722 ns, At safepoint: 35100 ns, Total: 2327822 ns
[30.935s][info ][safepoint      ] Safepoint "ICBufferFull", Time since last: 7605571 ns, Reaching safepoint: 11621508 ns, At safepoint: 31100 ns, Total: 11652608 ns
[30.940s][info ][safepoint      ] Safepoint "ICBufferFull", Time since last: 3650934 ns, Reaching safepoint: 1866017 ns, At safepoint: 31900 ns, Total: 1897917 ns
[30.947s][info ][safepoint      ] Safepoint "ICBufferFull", Time since last: 2948928 ns, Reaching safepoint: 4004437 ns, At safepoint: 27400 ns, Total: 4031837 ns
[30.965s][info ][gc,start       ] GC(19) Pause Young (Allocation Failure)
[31.281s][debug][gc,phases      ] GC(19) Scavenge 315.979ms
[31.281s][debug][gc,ref         ] GC(19) Skipped phase 1 of Reference Processing: no references
[31.282s][debug][gc,ref         ] GC(19) Skipped phase 3 of Reference Processing: no references
[31.282s][debug][gc,phases      ] GC(19) Reference Processing 0.517ms
[31.284s][debug][gc,phases      ] GC(19) Weak Processing 2.109ms
[31.284s][debug][gc,age         ] GC(19) Desired survivor size 311951360 bytes, new threshold 15 (max threshold 15)
[31.284s][info ][gc,heap        ] GC(19) PSYoungGen: 1757727K(1758208K)->195185K(1792512K) Eden: 1514496K(1514496K)->0K(1483776K) From: 243231K(243712K)->195185K(308736K)
[31.284s][info ][gc,heap        ] GC(19) ParOldGen: 7897K(18432K)->59358K(59392K)
[31.284s][info ][gc,metaspace   ] GC(19) Metaspace: 62011K(62528K)->62011K(62528K) NonClass: 53110K(53376K)->53110K(53376K) Class: 8900K(9152K)->8900K(9152K)
[31.284s][info ][gc             ] GC(19) Pause Young (Allocation Failure) 1724M->248M(1808M) 318.804ms
[31.284s][info ][gc,cpu         ] GC(19) User=0.51s Sys=0.01s Real=0.32s
[31.284s][debug][gc,phases      ] GC(20) Pre Compact 0.017ms
[31.284s][info ][gc,start       ] GC(20) Pause Full (Ergonomics)
[31.284s][info ][gc,phases,start] GC(20) Marking Phase
[31.507s][debug][gc,phases      ] GC(20) Par Mark 223.472ms
[31.507s][debug][gc,ref         ] GC(20) Skipped phase 1 of Reference Processing: no references
[31.508s][debug][gc,ref         ] GC(20) Skipped phase 3 of Reference Processing: no references
[31.508s][debug][gc,phases      ] GC(20) Reference Processing 0.209ms
[31.508s][debug][gc,phases      ] GC(20) Weak Processing 0.666ms
[31.509s][debug][gc,phases      ] GC(20) ClassLoaderData 0.187ms
[31.509s][debug][gc,phases      ] GC(20) Trigger cleanups 0.007ms
[31.533s][debug][gc,phases      ] GC(20) Class Unloading 24.226ms
[31.533s][info ][gc,phases      ] GC(20) Marking Phase 248.739ms
[31.533s][info ][gc,phases,start] GC(20) Summary Phase
[31.533s][info ][gc,phases      ] GC(20) Summary Phase 0.013ms
[31.533s][info ][gc,phases,start] GC(20) Adjust Roots
[31.566s][info ][gc,phases      ] GC(20) Adjust Roots 33.314ms
[31.566s][info ][gc,phases,start] GC(20) Compaction Phase
[33.508s][info ][gc,phases      ] GC(20) Compaction Phase 1941.533ms
[33.508s][info ][gc,phases,start] GC(20) Post Compact
[33.510s][info ][gc,phases      ] GC(20) Post Compact 2.153ms
[33.510s][info ][gc,heap        ] GC(20) PSYoungGen: 195185K(1792512K)->194123K(1792512K) Eden: 0K(1483776K)->0K(1483776K) From: 195185K(308736K)->194123K(308736K)
[33.510s][info ][gc,heap        ] GC(20) ParOldGen: 59358K(59392K)->59391K(96768K)
[33.510s][info ][gc,metaspace   ] GC(20) Metaspace: 62011K(62528K)->62009K(62528K) NonClass: 53110K(53376K)->53109K(53376K) Class: 8900K(9152K)->8900K(9152K)
[33.510s][info ][gc             ] GC(20) Pause Full (Ergonomics) 248M->247M(1845M) 2226.117ms
[33.510s][info ][gc,cpu         ] GC(20) User=3.11s Sys=0.02s Real=2.23s
[33.559s][info ][safepoint      ] Safepoint "ParallelGCFailedAllocation", Time since last: 7759172 ns, Reaching safepoint: 10082694 ns, At safepoint: 2594388162 ns, Total: 2604470856 ns
[33.589s][info ][safepoint      ] Safepoint "ICBufferFull", Time since last: 23048614 ns, Reaching safepoint: 6297658 ns, At safepoint: 32000 ns, Total: 6329658 ns
[33.594s][info ][safepoint      ] Safepoint "ICBufferFull", Time since last: 3309031 ns, Reaching safepoint: 2464723 ns, At safepoint: 24500 ns, Total: 2489223 ns
[33.602s][info ][safepoint      ] Safepoint "ICBufferFull", Time since last: 2257721 ns, Reaching safepoint: 5632352 ns, At safepoint: 32700 ns, Total: 5665052 ns
[33.609s][info ][safepoint      ] Safepoint "ICBufferFull", Time since last: 1047710 ns, Reaching safepoint: 5490751 ns, At safepoint: 37400 ns, Total: 5528151 ns
[33.619s][info ][safepoint      ] Safepoint "ICBufferFull", Time since last: 6203858 ns, Reaching safepoint: 4268639 ns, At safepoint: 31801 ns, Total: 4300440 ns
[33.638s][info ][safepoint      ] Safepoint "ICBufferFull", Time since last: 13103121 ns, Reaching safepoint: 5305849 ns, At safepoint: 25300 ns, Total: 5331149 ns
[33.659s][info ][safepoint      ] Safepoint "ICBufferFull", Time since last: 16186350 ns, Reaching safepoint: 4508442 ns, At safepoint: 28300 ns, Total: 4536742 ns
[33.734s][info ][safepoint      ] Safepoint "ICBufferFull", Time since last: 70602255 ns, Reaching safepoint: 4714343 ns, At safepoint: 22300 ns, Total: 4736643 ns
[33.742s][info ][safepoint      ] Safepoint "ICBufferFull", Time since last: 956509 ns, Reaching safepoint: 7097566 ns, At safepoint: 27600 ns, Total: 7125166 ns
[33.754s][info ][safepoint      ] Safepoint "ICBufferFull", Time since last: 8437479 ns, Reaching safepoint: 3408231 ns, At safepoint: 27000 ns, Total: 3435231 ns
[33.767s][info ][safepoint      ] Safepoint "ICBufferFull", Time since last: 2653325 ns, Reaching safepoint: 10383996 ns, At safepoint: 38500 ns, Total: 10422496 ns
[33.772s][info ][safepoint      ] Safepoint "ICBufferFull", Time since last: 3244531 ns, Reaching safepoint: 1949118 ns, At safepoint: 32700 ns, Total: 1981818 ns
[33.777s][info ][safepoint      ] Safepoint "ICBufferFull", Time since last: 2717825 ns, Reaching safepoint: 2097620 ns, At safepoint: 20100 ns, Total: 2117720 ns
[33.782s][info ][safepoint      ] Safepoint "ICBufferFull", Time since last: 1009909 ns, Reaching safepoint: 3985737 ns, At safepoint: 21300 ns, Total: 4007037 ns
[33.786s][info ][safepoint      ] Safepoint "ICBufferFull", Time since last: 3466532 ns, Reaching safepoint: 113201 ns, At safepoint: 12000 ns, Total: 125201 ns
[33.823s][info ][safepoint      ] Safepoint "ICBufferFull", Time since last: 27098652 ns, Reaching safepoint: 9961992 ns, At safepoint: 38900 ns, Total: 10000892 ns
[33.833s][info ][safepoint      ] Safepoint "ICBufferFull", Time since last: 2877527 ns, Reaching safepoint: 7286667 ns, At safepoint: 29301 ns, Total: 7315968 ns
[33.845s][info ][safepoint      ] Safepoint "ICBufferFull", Time since last: 3198129 ns, Reaching safepoint: 8753581 ns, At safepoint: 30701 ns, Total: 8784282 ns
[33.851s][info ][safepoint      ] Safepoint "ICBufferFull", Time since last: 1239611 ns, Reaching safepoint: 5198148 ns, At safepoint: 39401 ns, Total: 5237549 ns
[33.854s][info ][safepoint      ] Safepoint "ICBufferFull", Time since last: 2774825 ns, Reaching safepoint: 123802 ns, At safepoint: 14000 ns, Total: 137802 ns
[33.863s][info ][safepoint      ] Safepoint "ICBufferFull", Time since last: 2072719 ns, Reaching safepoint: 6567961 ns, At safepoint: 27900 ns, Total: 6595861 ns
[33.866s][info ][safepoint      ] Safepoint "ICBufferFull", Time since last: 2611924 ns, Reaching safepoint: 384804 ns, At safepoint: 15500 ns, Total: 400304 ns
[33.931s][info ][safepoint      ] Safepoint "ICBufferFull", Time since last: 54016300 ns, Reaching safepoint: 10881901 ns, At safepoint: 32201 ns, Total: 10914102 ns
[33.941s][info ][safepoint      ] Safepoint "ICBufferFull", Time since last: 976509 ns, Reaching safepoint: 8972183 ns, At safepoint: 26600 ns, Total: 8998783 ns
[33.965s][info ][safepoint      ] Safepoint "ICBufferFull", Time since last: 9061184 ns, Reaching safepoint: 14918838 ns, At safepoint: 35400 ns, Total: 14954238 ns
[33.973s][info ][safepoint      ] Safepoint "ICBufferFull", Time since last: 4722944 ns, Reaching safepoint: 3231930 ns, At safepoint: 25000 ns, Total: 3256930 ns
[33.997s][info ][safepoint      ] Safepoint "ICBufferFull", Time since last: 8477979 ns, Reaching safepoint: 15473143 ns, At safepoint: 35101 ns, Total: 15508244 ns
[34.021s][info ][safepoint      ] Safepoint "ICBufferFull", Time since last: 12096012 ns, Reaching safepoint: 11915510 ns, At safepoint: 34800 ns, Total: 11950310 ns
[34.041s][info ][safepoint      ] Safepoint "ICBufferFull", Time since last: 7916474 ns, Reaching safepoint: 12041111 ns, At safepoint: 34401 ns, Total: 12075512 ns
[34.117s][info ][safepoint      ] Safepoint "ICBufferFull", Time since last: 65380905 ns, Reaching safepoint: 10624298 ns, At safepoint: 26801 ns, Total: 10651099 ns
[34.148s][info ][safepoint      ] Safepoint "ICBufferFull", Time since last: 16256650 ns, Reaching safepoint: 15058039 ns, At safepoint: 29101 ns, Total: 15087140 ns
[34.173s][info ][safepoint      ] Safepoint "ICBufferFull", Time since last: 10960401 ns, Reaching safepoint: 13622126 ns, At safepoint: 28401 ns, Total: 13650527 ns
[34.204s][info ][safepoint      ] Safepoint "ICBufferFull", Time since last: 21037294 ns, Reaching safepoint: 10435197 ns, At safepoint: 33200 ns, Total: 10468397 ns
[34.247s][info ][safepoint      ] Safepoint "ICBufferFull", Time since last: 21112196 ns, Reaching safepoint: 21316397 ns, At safepoint: 40000 ns, Total: 21356397 ns
[34.270s][info ][safepoint      ] Safepoint "ICBufferFull", Time since last: 14042030 ns, Reaching safepoint: 8699081 ns, At safepoint: 24400 ns, Total: 8723481 ns
[34.275s][info ][safepoint      ] Safepoint "ICBufferFull", Time since last: 3866036 ns, Reaching safepoint: 1884617 ns, At safepoint: 17401 ns, Total: 1902018 ns
[34.289s][info ][safepoint      ] Safepoint "ICBufferFull", Time since last: 2139619 ns, Reaching safepoint: 11308905 ns, At safepoint: 37900 ns, Total: 11346805 ns
[34.305s][info ][safepoint      ] Safepoint "ICBufferFull", Time since last: 7324468 ns, Reaching safepoint: 8651680 ns, At safepoint: 25401 ns, Total: 8677081 ns
[34.317s][info ][safepoint      ] Safepoint "ICBufferFull", Time since last: 6975064 ns, Reaching safepoint: 5001246 ns, At safepoint: 26601 ns, Total: 5027847 ns
[34.329s][info ][safepoint      ] Safepoint "ICBufferFull", Time since last: 5586451 ns, Reaching safepoint: 6393260 ns, At safepoint: 32600 ns, Total: 6425860 ns
[34.340s][info ][safepoint      ] Safepoint "ICBufferFull", Time since last: 2683225 ns, Reaching safepoint: 8762781 ns, At safepoint: 42400 ns, Total: 8805181 ns
[34.370s][info ][safepoint      ] Safepoint "ICBufferFull", Time since last: 22364207 ns, Reaching safepoint: 7218967 ns, At safepoint: 23800 ns, Total: 7242767 ns
[34.374s][info ][safepoint      ] Safepoint "ICBufferFull", Time since last: 3533233 ns, Reaching safepoint: 752207 ns, At safepoint: 16700 ns, Total: 768907 ns
[34.377s][info ][safepoint      ] Safepoint "ICBufferFull", Time since last: 2917927 ns, Reaching safepoint: 179902 ns, At safepoint: 11700 ns, Total: 191602 ns
[34.385s][info ][safepoint      ] Safepoint "ICBufferFull", Time since last: 1986418 ns, Reaching safepoint: 5458851 ns, At safepoint: 20000 ns, Total: 5478851 ns
[34.413s][info ][safepoint      ] Safepoint "ICBufferFull", Time since last: 11952611 ns, Reaching safepoint: 16521053 ns, At safepoint: 29700 ns, Total: 16550753 ns
[34.450s][info ][safepoint      ] Safepoint "ICBufferFull", Time since last: 25604137 ns, Reaching safepoint: 10856601 ns, At safepoint: 30600 ns, Total: 10887201 ns
[34.469s][info ][safepoint      ] Safepoint "ICBufferFull", Time since last: 5034546 ns, Reaching safepoint: 13923529 ns, At safepoint: 31201 ns, Total: 13954730 ns
[34.482s][info ][safepoint      ] Safepoint "ICBufferFull", Time since last: 2644324 ns, Reaching safepoint: 10224395 ns, At safepoint: 34700 ns, Total: 10259095 ns
[34.614s][info ][safepoint      ] Safepoint "ICBufferFull", Time since last: 112741544 ns, Reaching safepoint: 19762083 ns, At safepoint: 30100 ns, Total: 19792183 ns
[34.721s][info ][safepoint      ] Safepoint "ICBufferFull", Time since last: 94860478 ns, Reaching safepoint: 11749109 ns, At safepoint: 25500 ns, Total: 11774609 ns
[34.727s][info ][safepoint      ] Safepoint "ICBufferFull", Time since last: 6062756 ns, Reaching safepoint: 105901 ns, At safepoint: 14701 ns, Total: 120602 ns
[34.773s][info ][safepoint      ] Safepoint "ICBufferFull", Time since last: 25718538 ns, Reaching safepoint: 20049685 ns, At safepoint: 32901 ns, Total: 20082586 ns
[34.781s][info ][safepoint      ] Safepoint "ICBufferFull", Time since last: 2577623 ns, Reaching safepoint: 5381650 ns, At safepoint: 29701 ns, Total: 5411351 ns
[34.801s][info ][safepoint      ] Safepoint "ICBufferFull", Time since last: 14093330 ns, Reaching safepoint: 5933255 ns, At safepoint: 44300 ns, Total: 5977555 ns
[35.009s][info ][gc,start       ] GC(21) Pause Young (Allocation Failure)
[35.389s][debug][gc,phases      ] GC(21) Scavenge 379.984ms
[35.389s][debug][gc,ref         ] GC(21) Skipped phase 1 of Reference Processing: no references
[35.389s][debug][gc,ref         ] GC(21) Skipped phase 3 of Reference Processing: no references
[35.389s][debug][gc,phases      ] GC(21) Reference Processing 0.280ms
[35.391s][debug][gc,phases      ] GC(21) Weak Processing 1.637ms
[35.391s][debug][gc,age         ] GC(21) Desired survivor size 309854208 bytes, new threshold 15 (max threshold 15)
[35.391s][info ][gc,heap        ] GC(21) PSYoungGen: 1677899K(1792512K)->105587K(1788416K) Eden: 1483776K(1483776K)->0K(1483776K) From: 194123K(308736K)->105587K(304640K)
[35.391s][info ][gc,heap        ] GC(21) ParOldGen: 59391K(96768K)->151110K(151552K)
[35.391s][info ][gc,metaspace   ] GC(21) Metaspace: 62201K(62720K)->62201K(62720K) NonClass: 53275K(53568K)->53275K(53568K) Class: 8926K(9152K)->8926K(9152K)
[35.391s][info ][gc             ] GC(21) Pause Young (Allocation Failure) 1696M->250M(1894M) 382.072ms
[35.391s][info ][gc,cpu         ] GC(21) User=0.48s Sys=0.03s Real=0.38s
[35.391s][debug][gc,phases      ] GC(22) Pre Compact 0.017ms
[35.391s][info ][gc,start       ] GC(22) Pause Full (Ergonomics)
[35.391s][info ][gc,phases,start] GC(22) Marking Phase
[35.673s][debug][gc,phases      ] GC(22) Par Mark 281.742ms
[35.673s][debug][gc,ref         ] GC(22) Skipped phase 1 of Reference Processing: no references
[35.673s][debug][gc,ref         ] GC(22) Skipped phase 3 of Reference Processing: no references
[35.673s][debug][gc,phases      ] GC(22) Reference Processing 0.214ms
[35.674s][debug][gc,phases      ] GC(22) Weak Processing 0.702ms
[35.674s][debug][gc,phases      ] GC(22) ClassLoaderData 0.055ms
[35.674s][debug][gc,phases      ] GC(22) Trigger cleanups 0.000ms
[35.688s][debug][gc,phases      ] GC(22) Class Unloading 14.455ms
[35.688s][info ][gc,phases      ] GC(22) Marking Phase 297.283ms
[35.688s][info ][gc,phases,start] GC(22) Summary Phase
[35.688s][info ][gc,phases      ] GC(22) Summary Phase 0.011ms
[35.688s][info ][gc,phases,start] GC(22) Adjust Roots
[35.709s][info ][gc,phases      ] GC(22) Adjust Roots 20.707ms
[35.709s][info ][gc,phases,start] GC(22) Compaction Phase
[36.729s][info ][gc,phases      ] GC(22) Compaction Phase 1020.280ms
[36.729s][info ][gc,phases,start] GC(22) Post Compact
[36.731s][info ][gc,phases      ] GC(22) Post Compact 1.524ms
[36.731s][info ][gc,heap        ] GC(22) PSYoungGen: 105587K(1788416K)->104579K(1788416K) Eden: 0K(1483776K)->0K(1483776K) From: 105587K(304640K)->104579K(304640K)
[36.731s][info ][gc,heap        ] GC(22) ParOldGen: 151110K(151552K)->151304K(225792K)
[36.731s][info ][gc,metaspace   ] GC(22) Metaspace: 62201K(62720K)->62201K(62720K) NonClass: 53275K(53568K)->53275K(53568K) Class: 8926K(9152K)->8926K(9152K)
[36.731s][info ][gc             ] GC(22) Pause Full (Ergonomics) 250M->249M(1967M) 1340.204ms
[36.731s][info ][gc,cpu         ] GC(22) User=2.18s Sys=0.01s Real=1.34s
[36.745s][info ][safepoint      ] Safepoint "ParallelGCFailedAllocation", Time since last: 195855014 ns, Reaching safepoint: 11985111 ns, At safepoint: 1736152055 ns, Total: 1748137166 ns
[36.756s][info ][safepoint      ] Safepoint "ICBufferFull", Time since last: 3893736 ns, Reaching safepoint: 6707262 ns, At safepoint: 23900 ns, Total: 6731162 ns
[36.761s][info ][safepoint      ] Safepoint "ICBufferFull", Time since last: 2540524 ns, Reaching safepoint: 2745925 ns, At safepoint: 42100 ns, Total: 2788025 ns
[36.765s][info ][safepoint      ] Safepoint "ICBufferFull", Time since last: 2117720 ns, Reaching safepoint: 2125020 ns, At safepoint: 28200 ns, Total: 2153220 ns
[36.776s][info ][safepoint      ] Safepoint "ICBufferFull", Time since last: 2252121 ns, Reaching safepoint: 1409913 ns, At safepoint: 6927064 ns, Total: 8336977 ns
[36.790s][info ][safepoint      ] Safepoint "ICBufferFull", Time since last: 2054719 ns, Reaching safepoint: 12109512 ns, At safepoint: 38600 ns, Total: 12148112 ns
[36.822s][info ][safepoint      ] Safepoint "ICBufferFull", Time since last: 12223713 ns, Reaching safepoint: 19314179 ns, At safepoint: 32200 ns, Total: 19346379 ns
[36.826s][info ][safepoint      ] Safepoint "ICBufferFull", Time since last: 2454023 ns, Reaching safepoint: 2280321 ns, At safepoint: 26000 ns, Total: 2306321 ns
[36.845s][info ][safepoint      ] Safepoint "ICBufferFull", Time since last: 17360060 ns, Reaching safepoint: 1485914 ns, At safepoint: 28300 ns, Total: 1514214 ns
[36.861s][info ][safepoint      ] Safepoint "ICBufferFull", Time since last: 11438206 ns, Reaching safepoint: 4250139 ns, At safepoint: 30101 ns, Total: 4280240 ns
[36.887s][info ][safepoint      ] Safepoint "ICBufferFull", Time since last: 22217105 ns, Reaching safepoint: 3874136 ns, At safepoint: 38600 ns, Total: 3912736 ns
[36.925s][info ][safepoint      ] Safepoint "ICBufferFull", Time since last: 25801239 ns, Reaching safepoint: 12062211 ns, At safepoint: 41400 ns, Total: 12103611 ns
[36.933s][info ][safepoint      ] Safepoint "ICBufferFull", Time since last: 3052229 ns, Reaching safepoint: 4879645 ns, At safepoint: 35500 ns, Total: 4915145 ns
[36.938s][info ][safepoint      ] Safepoint "ICBufferFull", Time since last: 2410422 ns, Reaching safepoint: 2161820 ns, At safepoint: 21601 ns, Total: 2183421 ns
[36.966s][info ][safepoint      ] Safepoint "ICBufferFull", Time since last: 19373279 ns, Reaching safepoint: 9061683 ns, At safepoint: 46201 ns, Total: 9107884 ns
[36.973s][info ][safepoint      ] Safepoint "ICBufferFull", Time since last: 2763225 ns, Reaching safepoint: 4351541 ns, At safepoint: 28300 ns, Total: 4379841 ns
[37.008s][info ][safepoint      ] Safepoint "ICBufferFull", Time since last: 26223742 ns, Reaching safepoint: 8495779 ns, At safepoint: 43900 ns, Total: 8539679 ns
[37.037s][info ][safepoint      ] Safepoint "ICBufferFull", Time since last: 15527444 ns, Reaching safepoint: 13280222 ns, At safepoint: 41901 ns, Total: 13322123 ns
[37.049s][info ][safepoint      ] Safepoint "ICBufferFull", Time since last: 3617433 ns, Reaching safepoint: 8372978 ns, At safepoint: 44000 ns, Total: 8416978 ns
[37.052s][info ][safepoint      ] Safepoint "ICBufferFull", Time since last: 2372122 ns, Reaching safepoint: 1261111 ns, At safepoint: 22201 ns, Total: 1283312 ns
[37.069s][info ][safepoint      ] Safepoint "ICBufferFull", Time since last: 3329330 ns, Reaching safepoint: 13170122 ns, At safepoint: 43200 ns, Total: 13213322 ns
[37.101s][info ][safepoint      ] Safepoint "ICBufferFull", Time since last: 15691245 ns, Reaching safepoint: 16198150 ns, At safepoint: 31500 ns, Total: 16229650 ns
[37.106s][info ][safepoint      ] Safepoint "ICBufferFull", Time since last: 2919327 ns, Reaching safepoint: 1658116 ns, At safepoint: 21300 ns, Total: 1679416 ns
[37.121s][info ][safepoint      ] Safepoint "ICBufferFull", Time since last: 4672343 ns, Reaching safepoint: 10661898 ns, At safepoint: 40301 ns, Total: 10702199 ns
[37.129s][info ][safepoint      ] Safepoint "ICBufferFull", Time since last: 3289430 ns, Reaching safepoint: 4699744 ns, At safepoint: 22300 ns, Total: 4722044 ns
[37.135s][info ][safepoint      ] Safepoint "ICBufferFull", Time since last: 2747425 ns, Reaching safepoint: 3532233 ns, At safepoint: 28000 ns, Total: 3560233 ns
[37.170s][info ][safepoint      ] Safepoint "ICBufferFull", Time since last: 24699028 ns, Reaching safepoint: 9551888 ns, At safepoint: 33501 ns, Total: 9585389 ns
[37.173s][info ][safepoint      ] Safepoint "ICBufferFull", Time since last: 2906526 ns, Reaching safepoint: 485305 ns, At safepoint: 15100 ns, Total: 500405 ns
[37.198s][info ][safepoint      ] Safepoint "ICBufferFull", Time since last: 18324269 ns, Reaching safepoint: 6723062 ns, At safepoint: 31501 ns, Total: 6754563 ns
[37.298s][info ][safepoint      ] Safepoint "ICBufferFull", Time since last: 94756375 ns, Reaching safepoint: 5253348 ns, At safepoint: 25301 ns, Total: 5278649 ns
[37.310s][info ][safepoint      ] Safepoint "ICBufferFull", Time since last: 4286339 ns, Reaching safepoint: 7525670 ns, At safepoint: 34600 ns, Total: 7560270 ns
[37.337s][info ][safepoint      ] Safepoint "ICBufferFull", Time since last: 7764172 ns, Reaching safepoint: 19280478 ns, At safepoint: 34000 ns, Total: 19314478 ns
[37.342s][info ][safepoint      ] Safepoint "ICBufferFull", Time since last: 1922818 ns, Reaching safepoint: 2879327 ns, At safepoint: 24100 ns, Total: 2903427 ns
[37.345s][info ][safepoint      ] Safepoint "ICBufferFull", Time since last: 2558123 ns, Reaching safepoint: 678007 ns, At safepoint: 17700 ns, Total: 695707 ns
[37.352s][info ][safepoint      ] Safepoint "ICBufferFull", Time since last: 1663915 ns, Reaching safepoint: 5582552 ns, At safepoint: 33900 ns, Total: 5616452 ns
[37.446s][info ][safepoint      ] Safepoint "ICBufferFull", Time since last: 75913001 ns, Reaching safepoint: 18185168 ns, At safepoint: 34900 ns, Total: 18220068 ns
[37.457s][info ][safepoint      ] Safepoint "ICBufferFull", Time since last: 1926218 ns, Reaching safepoint: 8700081 ns, At safepoint: 22600 ns, Total: 8722681 ns
[37.462s][info ][safepoint      ] Safepoint "ICBufferFull", Time since last: 2205820 ns, Reaching safepoint: 2232321 ns, At safepoint: 19800 ns, Total: 2252121 ns
[37.466s][info ][safepoint      ] Safepoint "ICBufferFull", Time since last: 1777816 ns, Reaching safepoint: 2504723 ns, At safepoint: 23301 ns, Total: 2528024 ns
[37.473s][info ][safepoint      ] Safepoint "ICBufferFull", Time since last: 2311421 ns, Reaching safepoint: 4593842 ns, At safepoint: 24101 ns, Total: 4617943 ns
[37.476s][info ][safepoint      ] Safepoint "ICBufferFull", Time since last: 1849717 ns, Reaching safepoint: 1426013 ns, At safepoint: 23100 ns, Total: 1449113 ns
[37.494s][info ][safepoint      ] Safepoint "ICBufferFull", Time since last: 7660071 ns, Reaching safepoint: 9746990 ns, At safepoint: 35300 ns, Total: 9782290 ns
[37.513s][info ][safepoint      ] Safepoint "ICBufferFull", Time since last: 8110575 ns, Reaching safepoint: 11272704 ns, At safepoint: 28401 ns, Total: 11301105 ns
[37.525s][info ][safepoint      ] Safepoint "ICBufferFull", Time since last: 4349040 ns, Reaching safepoint: 7617570 ns, At safepoint: 30900 ns, Total: 7648470 ns
[37.530s][info ][safepoint      ] Safepoint "ICBufferFull", Time since last: 2505123 ns, Reaching safepoint: 2333222 ns, At safepoint: 19000 ns, Total: 2352222 ns
[37.550s][info ][safepoint      ] Safepoint "ICBufferFull", Time since last: 11647308 ns, Reaching safepoint: 8357277 ns, At safepoint: 25900 ns, Total: 8383177 ns
[37.575s][info ][safepoint      ] Safepoint "ICBufferFull", Time since last: 11174303 ns, Reaching safepoint: 13923829 ns, At safepoint: 25300 ns, Total: 13949129 ns
[37.585s][info ][safepoint      ] Safepoint "ICBufferFull", Time since last: 2464623 ns, Reaching safepoint: 7870173 ns, At safepoint: 33400 ns, Total: 7903573 ns
[37.845s][info ][gc,start       ] GC(23) Pause Young (Allocation Failure)
[38.088s][debug][gc,phases      ] GC(23) Scavenge 243.085ms
[38.089s][debug][gc,ref         ] GC(23) Skipped phase 1 of Reference Processing: no references
[38.089s][debug][gc,ref         ] GC(23) Skipped phase 3 of Reference Processing: no references
[38.089s][debug][gc,phases      ] GC(23) Reference Processing 0.111ms
[38.090s][debug][gc,phases      ] GC(23) Weak Processing 1.028ms
[38.090s][debug][gc,age         ] GC(23) Desired survivor size 308281344 bytes, new threshold 15 (max threshold 15)
[38.090s][info ][gc,heap        ] GC(23) PSYoungGen: 1588355K(1788416K)->93060K(1796096K) Eden: 1483776K(1483776K)->0K(1493504K) From: 104579K(304640K)->93060K(302592K)
[38.090s][info ][gc,heap        ] GC(23) ParOldGen: 151304K(225792K)->161247K(225792K)
[38.090s][info ][gc,metaspace   ] GC(23) Metaspace: 62286K(62784K)->62286K(62784K) NonClass: 53353K(53632K)->53353K(53632K) Class: 8932K(9152K)->8932K(9152K)
[38.090s][info ][gc             ] GC(23) Pause Young (Allocation Failure) 1698M->248M(1974M) 244.413ms
[38.090s][info ][gc,cpu         ] GC(23) User=0.29s Sys=0.00s Real=0.25s
[38.090s][info ][safepoint      ] Safepoint "ParallelGCFailedAllocation", Time since last: 248172692 ns, Reaching safepoint: 11796309 ns, At safepoint: 244545758 ns, Total: 256342067 ns
[39.161s][info ][gc,start       ] GC(24) Pause Young (Allocation Failure)
[39.289s][debug][gc,phases      ] GC(24) Scavenge 127.828ms
[39.289s][debug][gc,ref         ] GC(24) Skipped phase 1 of Reference Processing: no references
[39.289s][debug][gc,ref         ] GC(24) Skipped phase 3 of Reference Processing: no references
[39.289s][debug][gc,phases      ] GC(24) Reference Processing 0.165ms
[39.290s][debug][gc,phases      ] GC(24) Weak Processing 0.904ms
[39.290s][debug][gc,age         ] GC(24) Desired survivor size 308281344 bytes, new threshold 15 (max threshold 15)
[39.290s][info ][gc,heap        ] GC(24) PSYoungGen: 1586564K(1796096K)->72288K(1794560K) Eden: 1493504K(1493504K)->0K(1493504K) From: 93060K(302592K)->72288K(301056K)
[39.290s][info ][gc,heap        ] GC(24) ParOldGen: 161247K(225792K)->168699K(225792K)
[39.290s][info ][gc,metaspace   ] GC(24) Metaspace: 62451K(62976K)->62451K(62976K) NonClass: 53504K(53824K)->53504K(53824K) Class: 8946K(9152K)->8946K(9152K)
[39.290s][info ][gc             ] GC(24) Pause Young (Allocation Failure) 1706M->235M(1973M) 129.062ms
[39.290s][info ][gc,cpu         ] GC(24) User=0.14s Sys=0.01s Real=0.13s
[39.290s][info ][safepoint      ] Safepoint "ParallelGCFailedAllocation", Time since last: 1050261492 ns, Reaching safepoint: 20897792 ns, At safepoint: 129191792 ns, Total: 150089584 ns
[40.053s][info ][gc,start       ] GC(25) Pause Young (Allocation Failure)
[40.137s][debug][gc,phases      ] GC(25) Scavenge 83.766ms
[40.137s][debug][gc,ref         ] GC(25) Skipped phase 1 of Reference Processing: no references
[40.137s][debug][gc,ref         ] GC(25) Skipped phase 3 of Reference Processing: no references
[40.137s][debug][gc,phases      ] GC(25) Reference Processing 0.148ms
[40.138s][debug][gc,phases      ] GC(25) Weak Processing 0.935ms
[40.138s][debug][gc,age         ] GC(25) Desired survivor size 309329920 bytes, new threshold 15 (max threshold 15)
[40.138s][info ][gc,heap        ] GC(25) PSYoungGen: 1565792K(1794560K)->54608K(1794048K) Eden: 1493504K(1493504K)->0K(1492992K) From: 72288K(301056K)->54608K(301056K)
[40.138s][info ][gc,heap        ] GC(25) ParOldGen: 168699K(225792K)->172295K(225792K)
[40.138s][info ][gc,metaspace   ] GC(25) Metaspace: 62575K(63104K)->62575K(63104K) NonClass: 53610K(53888K)->53610K(53888K) Class: 8965K(9216K)->8965K(9216K)
[40.138s][info ][gc             ] GC(25) Pause Young (Allocation Failure) 1693M->221M(1972M) 85.041ms
[40.138s][info ][gc,cpu         ] GC(25) User=0.10s Sys=0.00s Real=0.09s
[40.138s][info ][safepoint      ] Safepoint "ParallelGCFailedAllocation", Time since last: 755180263 ns, Reaching safepoint: 7644071 ns, At safepoint: 85184584 ns, Total: 92828655 ns
[41.149s][info ][safepoint      ] Safepoint "Cleanup", Time since last: 1000098314 ns, Reaching safepoint: 10609298 ns, At safepoint: 44200 ns, Total: 10653498 ns
[41.591s][info ][gc,start       ] GC(26) Pause Young (Allocation Failure)
[41.645s][debug][gc,phases      ] GC(26) Scavenge 53.735ms
[41.645s][debug][gc,ref         ] GC(26) Skipped phase 1 of Reference Processing: no references
[41.645s][debug][gc,ref         ] GC(26) Skipped phase 3 of Reference Processing: no references
[41.645s][debug][gc,phases      ] GC(26) Reference Processing 0.205ms
[41.646s][debug][gc,phases      ] GC(26) Weak Processing 0.841ms
[41.646s][debug][gc,age         ] GC(26) Desired survivor size 309329920 bytes, new threshold 15 (max threshold 15)
[41.646s][info ][gc,heap        ] GC(26) PSYoungGen: 1547600K(1794048K)->44480K(1795072K) Eden: 1492992K(1492992K)->0K(1492992K) From: 54608K(301056K)->44480K(302080K)
[41.646s][info ][gc,heap        ] GC(26) ParOldGen: 172295K(225792K)->174277K(225792K)
[41.646s][info ][gc,metaspace   ] GC(26) Metaspace: 63455K(64064K)->63455K(64064K) NonClass: 54365K(54656K)->54365K(54656K) Class: 9090K(9408K)->9090K(9408K)
[41.646s][info ][gc             ] GC(26) Pause Young (Allocation Failure) 1679M->213M(1973M) 54.962ms
[41.646s][info ][gc,cpu         ] GC(26) User=0.10s Sys=0.00s Real=0.05s
[41.646s][info ][safepoint      ] Safepoint "ParallelGCFailedAllocation", Time since last: 420034167 ns, Reaching safepoint: 22127404 ns, At safepoint: 55111707 ns, Total: 77239111 ns
[42.614s][info ][gc,start       ] GC(27) Pause Young (Allocation Failure)
[42.691s][debug][gc,phases      ] GC(27) Scavenge 76.901ms
[42.691s][debug][gc,ref         ] GC(27) Skipped phase 1 of Reference Processing: no references
[42.691s][debug][gc,ref         ] GC(27) Skipped phase 3 of Reference Processing: no references
[42.691s][debug][gc,phases      ] GC(27) Reference Processing 0.114ms
[42.692s][debug][gc,phases      ] GC(27) Weak Processing 0.909ms
[42.692s][debug][gc,age         ] GC(27) Desired survivor size 307232768 bytes, new threshold 15 (max threshold 15)
[42.692s][info ][gc,heap        ] GC(27) PSYoungGen: 1537472K(1795072K)->42560K(1797120K) Eden: 1492992K(1492992K)->0K(1495040K) From: 44480K(302080K)->42560K(302080K)
[42.692s][info ][gc,heap        ] GC(27) ParOldGen: 174277K(225792K)->176253K(225792K)
[42.692s][info ][gc,metaspace   ] GC(27) Metaspace: 63515K(64128K)->63515K(64128K) NonClass: 54421K(54720K)->54421K(54720K) Class: 9093K(9408K)->9093K(9408K)
[42.692s][info ][gc             ] GC(27) Pause Young (Allocation Failure) 1671M->213M(1975M) 78.080ms
[42.692s][info ][gc,cpu         ] GC(27) User=0.06s Sys=0.00s Real=0.08s
[42.692s][info ][safepoint      ] Safepoint "ParallelGCFailedAllocation", Time since last: 957531412 ns, Reaching safepoint: 9752989 ns, At safepoint: 78230820 ns, Total: 87983809 ns
[43.749s][info ][gc,start       ] GC(28) Pause Young (Allocation Failure)
[43.793s][debug][gc,phases      ] GC(28) Scavenge 43.829ms
[43.793s][debug][gc,ref         ] GC(28) Skipped phase 1 of Reference Processing: no references
[43.793s][debug][gc,ref         ] GC(28) Skipped phase 3 of Reference Processing: no references
[43.793s][debug][gc,phases      ] GC(28) Reference Processing 0.144ms
[43.794s][debug][gc,phases      ] GC(28) Weak Processing 1.092ms
[43.794s][debug][gc,age         ] GC(28) Desired survivor size 302514176 bytes, new threshold 15 (max threshold 15)
[43.794s][info ][gc,heap        ] GC(28) PSYoungGen: 1537600K(1797120K)->42432K(1795072K) Eden: 1495040K(1495040K)->0K(1495040K) From: 42560K(302080K)->42432K(300032K)
[43.794s][info ][gc,heap        ] GC(28) ParOldGen: 176253K(225792K)->177805K(225792K)
[43.794s][info ][gc,metaspace   ] GC(28) Metaspace: 67075K(67648K)->67075K(67648K) NonClass: 57472K(57792K)->57472K(57792K) Class: 9603K(9856K)->9603K(9856K)
[43.794s][info ][gc             ] GC(28) Pause Young (Allocation Failure) 1673M->215M(1973M) 45.253ms
[43.794s][info ][gc,cpu         ] GC(28) User=0.06s Sys=0.00s Real=0.04s
[43.794s][info ][safepoint      ] Safepoint "ParallelGCFailedAllocation", Time since last: 1026934942 ns, Reaching safepoint: 30340379 ns, At safepoint: 45403617 ns, Total: 75743996 ns
[44.905s][info ][safepoint      ] Safepoint "Cleanup", Time since last: 1094484754 ns, Reaching safepoint: 16140048 ns, At safepoint: 46201 ns, Total: 16186249 ns
[45.116s][info ][gc,start       ] GC(29) Pause Young (Allocation Failure)
[45.167s][debug][gc,phases      ] GC(29) Scavenge 51.592ms
[45.167s][debug][gc,ref         ] GC(29) Skipped phase 1 of Reference Processing: no references
[45.168s][debug][gc,ref         ] GC(29) Skipped phase 3 of Reference Processing: no references
[45.168s][debug][gc,phases      ] GC(29) Reference Processing 0.160ms
[45.169s][debug][gc,phases      ] GC(29) Weak Processing 0.951ms
[45.169s][debug][gc,age         ] GC(29) Desired survivor size 296747008 bytes, new threshold 15 (max threshold 15)
[45.169s][info ][gc,heap        ] GC(29) PSYoungGen: 1537472K(1795072K)->41893K(1807360K) Eden: 1495040K(1495040K)->0K(1511936K) From: 42432K(300032K)->41893K(295424K)
[45.169s][info ][gc,heap        ] GC(29) ParOldGen: 177805K(225792K)->180317K(225792K)
[45.169s][info ][gc,metaspace   ] GC(29) Metaspace: 71073K(71680K)->71073K(71680K) NonClass: 60969K(61312K)->60969K(61312K) Class: 10103K(10368K)->10103K(10368K)
[45.169s][info ][gc             ] GC(29) Pause Young (Allocation Failure) 1675M->217M(1985M) 52.871ms
[45.169s][info ][gc,cpu         ] GC(29) User=0.06s Sys=0.01s Real=0.05s
[45.169s][info ][safepoint      ] Safepoint "ParallelGCFailedAllocation", Time since last: 201286348 ns, Reaching safepoint: 9326085 ns, At safepoint: 53010287 ns, Total: 62336372 ns
[45.641s][info ][safepoint      ] Safepoint "ICBufferFull", Time since last: 458700509 ns, Reaching safepoint: 13450424 ns, At safepoint: 43500 ns, Total: 13493924 ns
[46.045s][info ][gc,start       ] GC(30) Pause Young (Allocation Failure)
[46.117s][debug][gc,phases      ] GC(30) Scavenge 71.733ms
[46.117s][debug][gc,ref         ] GC(30) Skipped phase 1 of Reference Processing: no references
[46.117s][debug][gc,ref         ] GC(30) Skipped phase 3 of Reference Processing: no references
[46.117s][debug][gc,phases      ] GC(30) Reference Processing 0.146ms
[46.118s][debug][gc,phases      ] GC(30) Weak Processing 0.933ms
[46.118s][debug][gc,age         ] GC(30) Desired survivor size 289406976 bytes, new threshold 15 (max threshold 15)
[46.118s][info ][gc,heap        ] GC(30) PSYoungGen: 1553829K(1807360K)->40190K(1801728K) Eden: 1511936K(1511936K)->0K(1511936K) From: 41893K(295424K)->40190K(289792K)
[46.118s][info ][gc,heap        ] GC(30) ParOldGen: 180317K(225792K)->182829K(225792K)
[46.118s][info ][gc,metaspace   ] GC(30) Metaspace: 71390K(72000K)->71390K(72000K) NonClass: 61246K(61568K)->61246K(61568K) Class: 10143K(10432K)->10143K(10432K)
[46.118s][info ][gc             ] GC(30) Pause Young (Allocation Failure) 1693M->217M(1980M) 72.984ms
[46.118s][info ][gc,cpu         ] GC(30) User=0.07s Sys=0.00s Real=0.08s
[46.118s][info ][safepoint      ] Safepoint "ParallelGCFailedAllocation", Time since last: 402271392 ns, Reaching safepoint: 1924018 ns, At safepoint: 73103270 ns, Total: 75027288 ns
[46.376s][info ][safepoint      ] Safepoint "ICBufferFull", Time since last: 242779526 ns, Reaching safepoint: 14678835 ns, At safepoint: 45400 ns, Total: 14724235 ns
[46.381s][info ][safepoint      ] Safepoint "ICBufferFull", Time since last: 1519714 ns, Reaching safepoint: 3673034 ns, At safepoint: 31400 ns, Total: 3704434 ns
[46.453s][info ][safepoint      ] Safepoint "ICBufferFull", Time since last: 57900631 ns, Reaching safepoint: 13999928 ns, At safepoint: 48601 ns, Total: 14048529 ns
[46.473s][info ][safepoint      ] Safepoint "ICBufferFull", Time since last: 13835027 ns, Reaching safepoint: 5959254 ns, At safepoint: 31901 ns, Total: 5991155 ns
[46.481s][info ][safepoint      ] Safepoint "ICBufferFull", Time since last: 1396712 ns, Reaching safepoint: 6996565 ns, At safepoint: 29800 ns, Total: 7026365 ns
[46.566s][info ][safepoint      ] Safepoint "ICBufferFull", Time since last: 64921695 ns, Reaching safepoint: 19802082 ns, At safepoint: 33900 ns, Total: 19835982 ns
[46.569s][info ][safepoint      ] Safepoint "ICBufferFull", Time since last: 1259612 ns, Reaching safepoint: 2150019 ns, At safepoint: 20001 ns, Total: 2170020 ns
[46.577s][info ][safepoint      ] Safepoint "ICBufferFull", Time since last: 3495132 ns, Reaching safepoint: 4113537 ns, At safepoint: 27901 ns, Total: 4141438 ns
[46.669s][info ][safepoint      ] Safepoint "ICBufferFull", Time since last: 73204771 ns, Reaching safepoint: 18777472 ns, At safepoint: 29900 ns, Total: 18807372 ns
[46.673s][info ][safepoint      ] Safepoint "ICBufferFull", Time since last: 1136611 ns, Reaching safepoint: 3178629 ns, At safepoint: 16400 ns, Total: 3195029 ns
[46.677s][info ][safepoint      ] Safepoint "ICBufferFull", Time since last: 967809 ns, Reaching safepoint: 3191529 ns, At safepoint: 17500 ns, Total: 3209029 ns
[46.729s][info ][safepoint      ] Safepoint "ICBufferFull", Time since last: 47423335 ns, Reaching safepoint: 4030437 ns, At safepoint: 32200 ns, Total: 4062637 ns
[46.733s][info ][safepoint      ] Safepoint "ICBufferFull", Time since last: 1064910 ns, Reaching safepoint: 2577224 ns, At safepoint: 29800 ns, Total: 2607024 ns
[46.769s][info ][safepoint      ] Safepoint "ICBufferFull", Time since last: 22356305 ns, Reaching safepoint: 13969428 ns, At safepoint: 30801 ns, Total: 14000229 ns
[46.781s][info ][safepoint      ] Safepoint "ICBufferFull", Time since last: 7919372 ns, Reaching safepoint: 4030637 ns, At safepoint: 31400 ns, Total: 4062037 ns
[46.841s][info ][safepoint      ] Safepoint "ICBufferFull", Time since last: 47941240 ns, Reaching safepoint: 12089411 ns, At safepoint: 52400 ns, Total: 12141811 ns
[46.848s][info ][safepoint      ] Safepoint "ICBufferFull", Time since last: 1954318 ns, Reaching safepoint: 5295749 ns, At safepoint: 60600 ns, Total: 5356349 ns
[46.905s][info ][safepoint      ] Safepoint "ICBufferFull", Time since last: 48719647 ns, Reaching safepoint: 7857872 ns, At safepoint: 29400 ns, Total: 7887272 ns
[46.966s][info ][safepoint      ] Safepoint "ICBufferFull", Time since last: 52295280 ns, Reaching safepoint: 8715480 ns, At safepoint: 35100 ns, Total: 8750580 ns
[47.605s][info ][gc,start       ] GC(31) Pause Young (Allocation Failure)
[47.661s][debug][gc,phases      ] GC(31) Scavenge 56.087ms
[47.661s][debug][gc,ref         ] GC(31) Skipped phase 1 of Reference Processing: no references
[47.661s][debug][gc,ref         ] GC(31) Skipped phase 3 of Reference Processing: no references
[47.661s][debug][gc,phases      ] GC(31) Reference Processing 0.121ms
[47.662s][debug][gc,phases      ] GC(31) Weak Processing 0.909ms
[47.662s][debug][gc,age         ] GC(31) Desired survivor size 280494080 bytes, new threshold 15 (max threshold 15)
[47.662s][info ][gc,heap        ] GC(31) PSYoungGen: 1552126K(1801728K)->44384K(1823232K) Eden: 1511936K(1511936K)->0K(1540608K) From: 40190K(289792K)->44384K(282624K)
[47.662s][info ][gc,heap        ] GC(31) ParOldGen: 182829K(225792K)->185933K(225792K)
[47.662s][info ][gc,metaspace   ] GC(31) Metaspace: 71501K(72128K)->71501K(72128K) NonClass: 61340K(61696K)->61340K(61696K) Class: 10160K(10432K)->10160K(10432K)
[47.662s][info ][gc             ] GC(31) Pause Young (Allocation Failure) 1694M->224M(2001M) 57.329ms
[47.662s][info ][gc,cpu         ] GC(31) User=0.07s Sys=0.00s Real=0.06s
[47.662s][info ][safepoint      ] Safepoint "ParallelGCFailedAllocation", Time since last: 626861844 ns, Reaching safepoint: 12103811 ns, At safepoint: 57454627 ns, Total: 69558438 ns
[48.281s][info ][safepoint      ] Safepoint "ICBufferFull", Time since last: 603521728 ns, Reaching safepoint: 14921337 ns, At safepoint: 53900 ns, Total: 14975237 ns
[48.979s][info ][gc,start       ] GC(32) Pause Young (Allocation Failure)
[49.045s][debug][gc,phases      ] GC(32) Scavenge 65.537ms
[49.045s][debug][gc,ref         ] GC(32) Skipped phase 1 of Reference Processing: no references
[49.045s][debug][gc,ref         ] GC(32) Skipped phase 3 of Reference Processing: no references
[49.045s][debug][gc,phases      ] GC(32) Reference Processing 0.238ms
[49.046s][debug][gc,phases      ] GC(32) Weak Processing 1.152ms
[49.046s][debug][gc,age         ] GC(32) Desired survivor size 266862592 bytes, new threshold 15 (max threshold 15)
[49.046s][info ][gc,heap        ] GC(32) PSYoungGen: 1584992K(1823232K)->66857K(1814528K) Eden: 1540608K(1540608K)->0K(1540608K) From: 44384K(282624K)->66857K(273920K)
[49.046s][info ][gc,heap        ] GC(32) ParOldGen: 185933K(225792K)->186449K(225792K)
[49.046s][info ][gc,metaspace   ] GC(32) Metaspace: 72070K(72640K)->72070K(72640K) NonClass: 61837K(62144K)->61837K(62144K) Class: 10232K(10496K)->10232K(10496K)
[49.046s][info ][gc             ] GC(32) Pause Young (Allocation Failure) 1729M->247M(1992M) 67.108ms
[49.046s][info ][gc,cpu         ] GC(32) User=0.08s Sys=0.00s Real=0.06s
[49.046s][info ][safepoint      ] Safepoint "ParallelGCFailedAllocation", Time since last: 671055844 ns, Reaching safepoint: 27040447 ns, At safepoint: 67240316 ns, Total: 94280763 ns
[50.158s][info ][gc,start       ] GC(33) Pause Young (Allocation Failure)
[50.237s][debug][gc,phases      ] GC(33) Scavenge 78.694ms
[50.237s][debug][gc,ref         ] GC(33) Skipped phase 1 of Reference Processing: no references
[50.237s][debug][gc,ref         ] GC(33) Skipped phase 3 of Reference Processing: no references
[50.237s][debug][gc,phases      ] GC(33) Reference Processing 0.186ms
[50.238s][debug][gc,phases      ] GC(33) Weak Processing 0.972ms
[50.238s][debug][gc,age         ] GC(33) Desired survivor size 253231104 bytes, new threshold 15 (max threshold 15)
[50.238s][info ][gc,heap        ] GC(33) PSYoungGen: 1607465K(1814528K)->69413K(1849856K) Eden: 1540608K(1540608K)->0K(1589248K) From: 66857K(273920K)->69413K(260608K)
[50.238s][info ][gc,heap        ] GC(33) ParOldGen: 186449K(225792K)->189801K(225792K)
[50.238s][info ][gc,metaspace   ] GC(33) Metaspace: 72130K(72704K)->72130K(72704K) NonClass: 61890K(62208K)->61890K(62208K) Class: 10239K(10496K)->10239K(10496K)
[50.238s][info ][gc             ] GC(33) Pause Young (Allocation Failure) 1751M->253M(2027M) 80.024ms
[50.238s][info ][gc,cpu         ] GC(33) User=0.08s Sys=0.00s Real=0.08s
[50.238s][info ][safepoint      ] Safepoint "ParallelGCFailedAllocation", Time since last: 1097895343 ns, Reaching safepoint: 13959827 ns, At safepoint: 80167433 ns, Total: 94127260 ns
[51.274s][info ][safepoint      ] Safepoint "Cleanup", Time since last: 1014585273 ns, Reaching safepoint: 21234794 ns, At safepoint: 38600 ns, Total: 21273394 ns
[51.397s][info ][gc,start       ] GC(34) Pause Young (Allocation Failure)
[51.473s][debug][gc,phases      ] GC(34) Scavenge 75.885ms
[51.473s][debug][gc,ref         ] GC(34) Skipped phase 1 of Reference Processing: no references
[51.473s][debug][gc,ref         ] GC(34) Skipped phase 3 of Reference Processing: no references
[51.473s][debug][gc,phases      ] GC(34) Reference Processing 0.188ms
[51.474s][debug][gc,phases      ] GC(34) Weak Processing 0.904ms
[51.474s][debug][gc,age         ] GC(34) Desired survivor size 239599616 bytes, new threshold 15 (max threshold 15)
[51.474s][info ][gc,heap        ] GC(34) PSYoungGen: 1658661K(1849856K)->75589K(1836544K) Eden: 1589248K(1589248K)->0K(1589248K) From: 69413K(260608K)->75589K(247296K)
[51.474s][info ][gc,heap        ] GC(34) ParOldGen: 189801K(225792K)->191089K(225792K)
[51.474s][info ][gc,metaspace   ] GC(34) Metaspace: 72155K(72768K)->72155K(72768K) NonClass: 61913K(62272K)->61913K(62272K) Class: 10241K(10496K)->10241K(10496K)
[51.474s][info ][gc             ] GC(34) Pause Young (Allocation Failure) 1805M->260M(2014M) 77.147ms
[51.474s][info ][gc,cpu         ] GC(34) User=0.11s Sys=0.00s Real=0.07s
[51.474s][info ][safepoint      ] Safepoint "ParallelGCFailedAllocation", Time since last: 112523228 ns, Reaching safepoint: 10256494 ns, At safepoint: 77282006 ns, Total: 87538500 ns
[52.482s][info ][safepoint      ] Safepoint "Cleanup", Time since last: 1000095731 ns, Reaching safepoint: 7556469 ns, At safepoint: 31600 ns, Total: 7588069 ns
[52.708s][info ][gc,start       ] GC(35) Pause Young (Allocation Failure)
[52.785s][debug][gc,phases      ] GC(35) Scavenge 76.482ms
[52.785s][debug][gc,ref         ] GC(35) Skipped phase 1 of Reference Processing: no references
[52.785s][debug][gc,ref         ] GC(35) Skipped phase 3 of Reference Processing: no references
[52.785s][debug][gc,phases      ] GC(35) Reference Processing 0.153ms
[52.786s][debug][gc,phases      ] GC(35) Weak Processing 0.876ms
[52.786s][debug][gc,age         ] GC(35) Desired survivor size 225443840 bytes, new threshold 15 (max threshold 15)
[52.786s][info ][gc,heap        ] GC(35) PSYoungGen: 1664837K(1836544K)->82117K(1876992K) Eden: 1589248K(1589248K)->0K(1643008K) From: 75589K(247296K)->82117K(233984K)
[52.786s][info ][gc,heap        ] GC(35) ParOldGen: 191089K(225792K)->192010K(225792K)
[52.786s][info ][gc,metaspace   ] GC(35) Metaspace: 72216K(72768K)->72216K(72768K) NonClass: 61972K(62272K)->61972K(62272K) Class: 10244K(10496K)->10244K(10496K)
[52.786s][info ][gc             ] GC(35) Pause Young (Allocation Failure) 1812M->267M(2053M) 77.644ms
[52.786s][info ][gc,cpu         ] GC(35) User=0.09s Sys=0.00s Real=0.08s
[52.786s][info ][safepoint      ] Safepoint "ParallelGCFailedAllocation", Time since last: 223278138 ns, Reaching safepoint: 3217729 ns, At safepoint: 77765010 ns, Total: 80982739 ns
[53.340s][info ][safepoint      ] Safepoint "ICBufferFull", Time since last: 542735651 ns, Reaching safepoint: 11167402 ns, At safepoint: 34501 ns, Total: 11201903 ns
[53.869s][info ][safepoint      ] Safepoint "ICBufferFull", Time since last: 520767449 ns, Reaching safepoint: 8137774 ns, At safepoint: 26900 ns, Total: 8164674 ns
[54.294s][info ][gc,start       ] GC(36) Pause Young (Allocation Failure)
[54.361s][debug][gc,phases      ] GC(36) Scavenge 66.737ms
[54.361s][debug][gc,ref         ] GC(36) Skipped phase 1 of Reference Processing: no references
[54.361s][debug][gc,ref         ] GC(36) Skipped phase 3 of Reference Processing: no references
[54.361s][debug][gc,phases      ] GC(36) Reference Processing 0.201ms
[54.362s][debug][gc,phases      ] GC(36) Weak Processing 0.971ms
[54.362s][debug][gc,age         ] GC(36) Desired survivor size 213909504 bytes, new threshold 15 (max threshold 15)
[54.362s][info ][gc,heap        ] GC(36) PSYoungGen: 1725125K(1876992K)->77893K(1863168K) Eden: 1643008K(1643008K)->0K(1643008K) From: 82117K(233984K)->77893K(220160K)
[54.362s][info ][gc,heap        ] GC(36) ParOldGen: 192010K(225792K)->194451K(225792K)
[54.362s][info ][gc,metaspace   ] GC(36) Metaspace: 73014K(73600K)->73014K(73600K) NonClass: 62692K(62976K)->62692K(62976K) Class: 10322K(10624K)->10322K(10624K)
[54.362s][info ][gc             ] GC(36) Pause Young (Allocation Failure) 1872M->265M(2040M) 68.079ms
[54.362s][info ][gc,cpu         ] GC(36) User=0.09s Sys=0.00s Real=0.07s
[54.362s][info ][safepoint      ] Safepoint "ParallelGCFailedAllocation", Time since last: 418070511 ns, Reaching safepoint: 7013164 ns, At safepoint: 68224121 ns, Total: 75237285 ns
[54.393s][info ][safepoint      ] Safepoint "ICBufferFull", Time since last: 22671007 ns, Reaching safepoint: 7909572 ns, At safepoint: 31000 ns, Total: 7940572 ns
[55.213s][info ][safepoint      ] Safepoint "ICBufferFull", Time since last: 803934225 ns, Reaching safepoint: 16358049 ns, At safepoint: 49800 ns, Total: 16407849 ns
[55.857s][info ][gc,start       ] GC(37) Pause Young (Allocation Failure)
[55.929s][debug][gc,phases      ] GC(37) Scavenge 71.810ms
[55.929s][debug][gc,ref         ] GC(37) Skipped phase 1 of Reference Processing: no references
[55.929s][debug][gc,phases      ] GC(37) Reference Processing 0.228ms
[55.930s][debug][gc,phases      ] GC(37) Weak Processing 1.009ms
[55.930s][debug][gc,age         ] GC(37) Desired survivor size 202375168 bytes, new threshold 15 (max threshold 15)
[55.930s][info ][gc,heap        ] GC(37) PSYoungGen: 1720901K(1863168K)->78652K(1899520K) Eden: 1643008K(1643008K)->0K(1690624K) From: 77893K(220160K)->78652K(208896K)
[55.930s][info ][gc,heap        ] GC(37) ParOldGen: 194451K(225792K)->197985K(225792K)
[55.930s][info ][gc,metaspace   ] GC(37) Metaspace: 73258K(73920K)->73258K(73920K) NonClass: 62932K(63296K)->62932K(63296K) Class: 10325K(10624K)->10325K(10624K)
[55.930s][info ][gc             ] GC(37) Pause Young (Allocation Failure) 1870M->270M(2075M) 73.236ms
[55.930s][info ][gc,cpu         ] GC(37) User=0.09s Sys=0.00s Real=0.07s
[55.930s][info ][safepoint      ] Safepoint "ParallelGCFailedAllocation", Time since last: 630495541 ns, Reaching safepoint: 13204220 ns, At safepoint: 73404669 ns, Total: 86608889 ns
[56.701s][info ][safepoint      ] Safepoint "ICBufferFull", Time since last: 754482865 ns, Reaching safepoint: 16149047 ns, At safepoint: 29400 ns, Total: 16178447 ns
[57.381s][info ][gc,start       ] GC(38) Pause Young (Allocation Failure)
[57.469s][debug][gc,phases      ] GC(38) Scavenge 87.909ms
[57.469s][debug][gc,ref         ] GC(38) Skipped phase 1 of Reference Processing: no references
[57.469s][debug][gc,ref         ] GC(38) Skipped phase 3 of Reference Processing: no references
[57.469s][debug][gc,phases      ] GC(38) Reference Processing 0.194ms
[57.470s][debug][gc,phases      ] GC(38) Weak Processing 1.223ms
[57.470s][debug][gc,age         ] GC(38) Desired survivor size 192413696 bytes, new threshold 15 (max threshold 15)
[57.470s][info ][gc,heap        ] GC(38) PSYoungGen: 1769276K(1899520K)->79386K(1888256K) Eden: 1690624K(1690624K)->0K(1690624K) From: 78652K(208896K)->79386K(197632K)
[57.470s][info ][gc,heap        ] GC(38) ParOldGen: 197985K(225792K)->201704K(225792K)
[57.470s][info ][gc,metaspace   ] GC(38) Metaspace: 73428K(74048K)->73428K(74048K) NonClass: 63098K(63424K)->63098K(63424K) Class: 10330K(10624K)->10330K(10624K)
[57.471s][info ][gc             ] GC(38) Pause Young (Allocation Failure) 1921M->274M(2064M) 89.522ms
[57.471s][info ][gc,cpu         ] GC(38) User=0.09s Sys=0.02s Real=0.09s
[57.471s][info ][safepoint      ] Safepoint "ParallelGCFailedAllocation", Time since last: 667809373 ns, Reaching safepoint: 12080710 ns, At safepoint: 89683715 ns, Total: 101764425 ns
[58.441s][info ][safepoint      ] Safepoint "ICBufferFull", Time since last: 958241209 ns, Reaching safepoint: 12132910 ns, At safepoint: 27500 ns, Total: 12160410 ns
[58.838s][info ][gc,start       ] GC(39) Pause Young (Allocation Failure)
[58.905s][debug][gc,phases      ] GC(39) Scavenge 66.973ms
[58.905s][debug][gc,ref         ] GC(39) Skipped phase 1 of Reference Processing: no references
[58.905s][debug][gc,ref         ] GC(39) Skipped phase 3 of Reference Processing: no references
[58.905s][debug][gc,phases      ] GC(39) Reference Processing 0.164ms
[58.906s][debug][gc,phases      ] GC(39) Weak Processing 1.094ms
[58.906s][debug][gc,age         ] GC(39) Desired survivor size 184025088 bytes, new threshold 15 (max threshold 15)
[58.906s][info ][gc,heap        ] GC(39) PSYoungGen: 1770010K(1888256K)->70576K(1917440K) Eden: 1690624K(1690624K)->0K(1729536K) From: 79386K(197632K)->70576K(187904K)
[58.906s][info ][gc,heap        ] GC(39) ParOldGen: 201704K(225792K)->211377K(225792K)
[58.906s][info ][gc,metaspace   ] GC(39) Metaspace: 73534K(74176K)->73534K(74176K) NonClass: 63197K(63552K)->63197K(63552K) Class: 10336K(10624K)->10336K(10624K)
[58.906s][info ][gc             ] GC(39) Pause Young (Allocation Failure) 1925M->275M(2093M) 68.425ms
[58.906s][info ][gc,cpu         ] GC(39) User=0.09s Sys=0.00s Real=0.06s
[58.906s][debug][gc,phases      ] GC(40) Pre Compact 0.017ms
[58.906s][info ][gc,start       ] GC(40) Pause Full (Ergonomics)
[58.906s][info ][gc,phases,start] GC(40) Marking Phase
[59.228s][debug][gc,phases      ] GC(40) Par Mark 321.940ms
[59.229s][debug][gc,ref         ] GC(40) Skipped phase 1 of Reference Processing: no references
[59.229s][debug][gc,ref         ] GC(40) Skipped phase 3 of Reference Processing: no references
[59.229s][debug][gc,phases      ] GC(40) Reference Processing 0.077ms
[59.230s][debug][gc,phases      ] GC(40) Weak Processing 0.921ms
[59.230s][debug][gc,phases      ] GC(40) ClassLoaderData 0.067ms
[59.230s][debug][gc,phases      ] GC(40) Trigger cleanups 0.000ms
[59.264s][debug][gc,phases      ] GC(40) Class Unloading 34.042ms
[59.264s][info ][gc,phases      ] GC(40) Marking Phase 357.162ms
[59.264s][info ][gc,phases,start] GC(40) Summary Phase
[59.264s][info ][gc,phases      ] GC(40) Summary Phase 0.014ms
[59.264s][info ][gc,phases,start] GC(40) Adjust Roots
[59.306s][info ][gc,phases      ] GC(40) Adjust Roots 42.785ms
[59.306s][info ][gc,phases,start] GC(40) Compaction Phase
[59.888s][info ][gc,phases      ] GC(40) Compaction Phase 581.082ms
[59.888s][info ][gc,phases,start] GC(40) Post Compact
[59.893s][info ][gc,phases      ] GC(40) Post Compact 5.720ms
[59.894s][info ][gc,heap        ] GC(40) PSYoungGen: 70576K(1917440K)->62136K(1917440K) Eden: 0K(1729536K)->0K(1729536K) From: 70576K(187904K)->62136K(187904K)
[59.894s][info ][gc,heap        ] GC(40) ParOldGen: 211377K(225792K)->217631K(275968K)
[59.894s][info ][gc,metaspace   ] GC(40) Metaspace: 73534K(74176K)->73534K(74176K) NonClass: 63197K(63552K)->63197K(63552K) Class: 10336K(10624K)->10336K(10624K)
[59.894s][info ][gc             ] GC(40) Pause Full (Ergonomics) 275M->273M(2142M) 987.151ms
[59.894s][info ][gc,cpu         ] GC(40) User=1.59s Sys=0.00s Real=0.99s
[59.973s][info ][safepoint      ] Safepoint "ParallelGCFailedAllocation", Time since last: 383836687 ns, Reaching safepoint: 13027718 ns, At safepoint: 1132397280 ns, Total: 1145424998 ns
[60.749s][info ][safepoint      ] Safepoint "ICBufferFull", Time since last: 760182295 ns, Reaching safepoint: 18386467 ns, At safepoint: 31400 ns, Total: 18417867 ns
[60.777s][info ][safepoint      ] Safepoint "ICBufferFull", Time since last: 11980509 ns, Reaching safepoint: 16029245 ns, At safepoint: 33601 ns, Total: 16062846 ns
[60.785s][info ][safepoint      ] Safepoint "ICBufferFull", Time since last: 3947435 ns, Reaching safepoint: 4017137 ns, At safepoint: 20600 ns, Total: 4037737 ns
[61.389s][info ][gc,start       ] GC(41) Pause Young (Allocation Failure)
[61.531s][debug][gc,phases      ] GC(41) Scavenge 142.175ms
[61.531s][debug][gc,ref         ] GC(41) Skipped phase 1 of Reference Processing: no references
[61.531s][debug][gc,ref         ] GC(41) Skipped phase 3 of Reference Processing: no references
[61.531s][debug][gc,phases      ] GC(41) Reference Processing 0.049ms
[61.532s][debug][gc,phases      ] GC(41) Weak Processing 0.818ms
[61.532s][debug][gc,age         ] GC(41) Desired survivor size 177733632 bytes, new threshold 15 (max threshold 15)
[61.532s][info ][gc,heap        ] GC(41) PSYoungGen: 1791672K(1917440K)->64452K(1909248K) Eden: 1729536K(1729536K)->0K(1729536K) From: 62136K(187904K)->64452K(179712K)
[61.532s][info ][gc,heap        ] GC(41) ParOldGen: 217631K(275968K)->223893K(275968K)
[61.532s][info ][gc,metaspace   ] GC(41) Metaspace: 73814K(74432K)->73814K(74432K) NonClass: 63445K(63808K)->63445K(63808K) Class: 10368K(10624K)->10368K(10624K)
[61.532s][info ][gc             ] GC(41) Pause Young (Allocation Failure) 1962M->281M(2134M) 143.213ms
[61.532s][info ][gc,cpu         ] GC(41) User=0.19s Sys=0.01s Real=0.14s
[61.532s][info ][safepoint      ] Safepoint "ParallelGCFailedAllocation", Time since last: 599965739 ns, Reaching safepoint: 4102137 ns, At safepoint: 143357699 ns, Total: 147459836 ns
[61.902s][info ][safepoint      ] Safepoint "ICBufferFull", Time since last: 358078545 ns, Reaching safepoint: 11556005 ns, At safepoint: 35800 ns, Total: 11591805 ns
[62.414s][info ][safepoint      ] Safepoint "ICBufferFull", Time since last: 502070948 ns, Reaching safepoint: 9583887 ns, At safepoint: 44900 ns, Total: 9628787 ns
[62.577s][info ][safepoint      ] Safepoint "ICBufferFull", Time since last: 150138660 ns, Reaching safepoint: 13095418 ns, At safepoint: 40001 ns, Total: 13135419 ns
[62.661s][info ][safepoint      ] Safepoint "ICBufferFull", Time since last: 72117453 ns, Reaching safepoint: 11835707 ns, At safepoint: 40500 ns, Total: 11876207 ns
[62.721s][info ][safepoint      ] Safepoint "ICBufferFull", Time since last: 55725805 ns, Reaching safepoint: 4236138 ns, At safepoint: 34601 ns, Total: 4270739 ns
[62.793s][info ][safepoint      ] Safepoint "ICBufferFull", Time since last: 66393001 ns, Reaching safepoint: 5654651 ns, At safepoint: 23300 ns, Total: 5677951 ns
[62.845s][info ][gc,start       ] GC(42) Pause Young (Allocation Failure)
[62.921s][debug][gc,phases      ] GC(42) Scavenge 75.902ms
[62.921s][debug][gc,ref         ] GC(42) Skipped phase 1 of Reference Processing: no references
[62.921s][debug][gc,ref         ] GC(42) Skipped phase 3 of Reference Processing: no references
[62.921s][debug][gc,phases      ] GC(42) Reference Processing 0.062ms
[62.922s][debug][gc,phases      ] GC(42) Weak Processing 1.198ms
[62.922s][debug][gc,age         ] GC(42) Desired survivor size 170917888 bytes, new threshold 15 (max threshold 15)
[62.922s][info ][gc,heap        ] GC(42) PSYoungGen: 1793988K(1909248K)->66806K(1930240K) Eden: 1729536K(1729536K)->0K(1756672K) From: 64452K(179712K)->66806K(173568K)
[62.922s][info ][gc,heap        ] GC(42) ParOldGen: 223893K(275968K)->224229K(275968K)
[62.922s][info ][gc,metaspace   ] GC(42) Metaspace: 73981K(74624K)->73981K(74624K) NonClass: 63600K(63936K)->63600K(63936K) Class: 10381K(10688K)->10381K(10688K)
[62.922s][info ][gc             ] GC(42) Pause Young (Allocation Failure) 1970M->284M(2154M) 77.383ms
[62.922s][info ][gc,cpu         ] GC(42) User=0.08s Sys=0.00s Real=0.08s
[62.923s][info ][safepoint      ] Safepoint "ParallelGCFailedAllocation", Time since last: 39816561 ns, Reaching safepoint: 12091009 ns, At safepoint: 77575803 ns, Total: 89666812 ns
[63.157s][info ][safepoint      ] Safepoint "ICBufferFull", Time since last: 218493178 ns, Reaching safepoint: 16045845 ns, At safepoint: 31000 ns, Total: 16076845 ns
[63.673s][info ][safepoint      ] Safepoint "ICBufferFull", Time since last: 505497874 ns, Reaching safepoint: 10498695 ns, At safepoint: 51100 ns, Total: 10549795 ns
[64.423s][info ][safepoint      ] Safepoint "ICBufferFull", Time since last: 734474644 ns, Reaching safepoint: 15113436 ns, At safepoint: 47601 ns, Total: 15161037 ns
[64.465s][info ][gc,start       ] GC(43) Pause Young (Allocation Failure)
[64.549s][debug][gc,phases      ] GC(43) Scavenge 83.900ms
[64.549s][debug][gc,ref         ] GC(43) Skipped phase 1 of Reference Processing: no references
[64.549s][debug][gc,ref         ] GC(43) Skipped phase 3 of Reference Processing: no references
[64.549s][debug][gc,phases      ] GC(43) Reference Processing 0.055ms
[64.550s][debug][gc,phases      ] GC(43) Weak Processing 0.992ms
[64.550s][debug][gc,age         ] GC(43) Desired survivor size 168820736 bytes, new threshold 15 (max threshold 15)
[64.550s][info ][gc,heap        ] GC(43) PSYoungGen: 1823478K(1930240K)->42454K(1923584K) Eden: 1756672K(1756672K)->0K(1756672K) From: 66806K(173568K)->42454K(166912K)
[64.550s][info ][gc,heap        ] GC(43) ParOldGen: 224229K(275968K)->224269K(275968K)
[64.550s][info ][gc,metaspace   ] GC(43) Metaspace: 74269K(74880K)->74269K(74880K) NonClass: 63876K(64192K)->63876K(64192K) Class: 10393K(10688K)->10393K(10688K)
[64.550s][info ][gc             ] GC(43) Pause Young (Allocation Failure) 1999M->260M(2148M) 85.138ms
[64.550s][info ][gc,cpu         ] GC(43) User=0.08s Sys=0.00s Real=0.09s
[64.550s][info ][safepoint      ] Safepoint "ParallelGCFailedAllocation", Time since last: 19237374 ns, Reaching safepoint: 22889007 ns, At safepoint: 85275771 ns, Total: 108164778 ns
[65.569s][info ][safepoint      ] Safepoint "Cleanup", Time since last: 1000089938 ns, Reaching safepoint: 18659769 ns, At safepoint: 37700 ns, Total: 18697469 ns
[65.953s][info ][gc,start       ] GC(44) Pause Young (Allocation Failure)
[66.013s][debug][gc,phases      ] GC(44) Scavenge 59.877ms
[66.013s][debug][gc,ref         ] GC(44) Skipped phase 1 of Reference Processing: no references
[66.013s][debug][gc,ref         ] GC(44) Skipped phase 3 of Reference Processing: no references
[66.013s][debug][gc,ref         ] GC(44) Skipped phase 4 of Reference Processing: no references
[66.013s][debug][gc,phases      ] GC(44) Reference Processing 0.049ms
[66.014s][debug][gc,phases      ] GC(44) Weak Processing 0.870ms
[66.014s][debug][gc,age         ] GC(44) Desired survivor size 165675008 bytes, new threshold 15 (max threshold 15)
[66.014s][info ][gc,heap        ] GC(44) PSYoungGen: 1799126K(1923584K)->41782K(1935360K) Eden: 1756672K(1756672K)->0K(1770496K) From: 42454K(166912K)->41782K(164864K)
[66.014s][info ][gc,heap        ] GC(44) ParOldGen: 224269K(275968K)->225001K(275968K)
[66.014s][info ][gc,metaspace   ] GC(44) Metaspace: 74332K(74944K)->74332K(74944K) NonClass: 63939K(64256K)->63939K(64256K) Class: 10393K(10688K)->10393K(10688K)
[66.014s][info ][gc             ] GC(44) Pause Young (Allocation Failure) 1975M->260M(2159M) 60.981ms
[66.014s][info ][gc,cpu         ] GC(44) User=0.06s Sys=0.00s Real=0.06s
[66.014s][info ][safepoint      ] Safepoint "ParallelGCFailedAllocation", Time since last: 364010189 ns, Reaching safepoint: 19961880 ns, At safepoint: 61115653 ns, Total: 81077533 ns
[67.033s][info ][safepoint      ] Safepoint "Cleanup", Time since last: 1000080928 ns, Reaching safepoint: 18842770 ns, At safepoint: 34500 ns, Total: 18877270 ns
[67.314s][info ][gc,start       ] GC(45) Pause Young (Allocation Failure)
[67.384s][debug][gc,phases      ] GC(45) Scavenge 70.329ms
[67.384s][debug][gc,ref         ] GC(45) Skipped phase 1 of Reference Processing: no references
[67.384s][debug][gc,ref         ] GC(45) Skipped phase 3 of Reference Processing: no references
[67.384s][debug][gc,ref         ] GC(45) Skipped phase 4 of Reference Processing: no references
[67.384s][debug][gc,phases      ] GC(45) Reference Processing 0.043ms
[67.385s][debug][gc,phases      ] GC(45) Weak Processing 0.820ms
[67.385s][debug][gc,age         ] GC(45) Desired survivor size 162004992 bytes, new threshold 15 (max threshold 15)
[67.385s][info ][gc,heap        ] GC(45) PSYoungGen: 1812278K(1935360K)->41728K(1932288K) Eden: 1770496K(1770496K)->0K(1770496K) From: 41782K(164864K)->41728K(161792K)
[67.385s][info ][gc,heap        ] GC(45) ParOldGen: 225001K(275968K)->225510K(275968K)
[67.385s][info ][gc,metaspace   ] GC(45) Metaspace: 74381K(75008K)->74381K(75008K) NonClass: 63988K(64320K)->63988K(64320K) Class: 10393K(10688K)->10393K(10688K)
[67.385s][info ][gc             ] GC(45) Pause Young (Allocation Failure) 1989M->260M(2156M) 71.384ms
[67.385s][info ][gc,cpu         ] GC(45) User=0.08s Sys=0.00s Real=0.07s
[67.385s][info ][safepoint      ] Safepoint "ParallelGCFailedAllocation", Time since last: 272224256 ns, Reaching safepoint: 8593477 ns, At safepoint: 71527046 ns, Total: 80120523 ns
[68.395s][info ][safepoint      ] Safepoint "Cleanup", Time since last: 1003508349 ns, Reaching safepoint: 6257557 ns, At safepoint: 46100 ns, Total: 6303657 ns
[68.679s][info ][gc,start       ] GC(46) Pause Young (Allocation Failure)
[68.741s][debug][gc,phases      ] GC(46) Scavenge 62.334ms
[68.741s][debug][gc,ref         ] GC(46) Skipped phase 1 of Reference Processing: no references
[68.741s][debug][gc,ref         ] GC(46) Skipped phase 3 of Reference Processing: no references
[68.741s][debug][gc,phases      ] GC(46) Reference Processing 0.071ms
[68.742s][debug][gc,phases      ] GC(46) Weak Processing 0.745ms
[68.742s][debug][gc,age         ] GC(46) Desired survivor size 157810688 bytes, new threshold 15 (max threshold 15)
[68.742s][info ][gc,heap        ] GC(46) PSYoungGen: 1812224K(1932288K)->41488K(1943040K) Eden: 1770496K(1770496K)->0K(1784832K) From: 41728K(161792K)->41488K(158208K)
[68.742s][info ][gc,heap        ] GC(46) ParOldGen: 225510K(275968K)->225690K(275968K)
[68.742s][info ][gc,metaspace   ] GC(46) Metaspace: 74410K(75008K)->74410K(75008K) NonClass: 64016K(64320K)->64016K(64320K) Class: 10393K(10688K)->10393K(10688K)
[68.742s][info ][gc             ] GC(46) Pause Young (Allocation Failure) 1989M->260M(2167M) 63.316ms
[68.742s][info ][gc,cpu         ] GC(46) User=0.06s Sys=0.00s Real=0.06s
[68.742s][info ][safepoint      ] Safepoint "ParallelGCFailedAllocation", Time since last: 265732695 ns, Reaching safepoint: 17541959 ns, At safepoint: 63457272 ns, Total: 80999231 ns
[69.765s][info ][safepoint      ] Safepoint "Cleanup", Time since last: 1010971207 ns, Reaching safepoint: 11975508 ns, At safepoint: 41500 ns, Total: 12017008 ns
[69.926s][info ][gc,start       ] GC(47) Pause Young (Allocation Failure)
[69.985s][debug][gc,phases      ] GC(47) Scavenge 58.629ms
[69.985s][debug][gc,ref         ] GC(47) Skipped phase 1 of Reference Processing: no references
[69.985s][debug][gc,ref         ] GC(47) Skipped phase 3 of Reference Processing: no references
[69.985s][debug][gc,ref         ] GC(47) Skipped phase 4 of Reference Processing: no references
[69.985s][debug][gc,phases      ] GC(47) Reference Processing 0.047ms
[69.986s][debug][gc,phases      ] GC(47) Weak Processing 0.734ms
[69.986s][debug][gc,age         ] GC(47) Desired survivor size 154140672 bytes, new threshold 15 (max threshold 15)
[69.986s][info ][gc,heap        ] GC(47) PSYoungGen: 1826320K(1943040K)->37120K(1938944K) Eden: 1784832K(1784832K)->0K(1784832K) From: 41488K(158208K)->37120K(154112K)
[69.986s][info ][gc,heap        ] GC(47) ParOldGen: 225690K(275968K)->230330K(275968K)
[69.986s][info ][gc,metaspace   ] GC(47) Metaspace: 74424K(75008K)->74424K(75008K) NonClass: 64030K(64320K)->64030K(64320K) Class: 10393K(10688K)->10393K(10688K)
[69.986s][info ][gc             ] GC(47) Pause Young (Allocation Failure) 2003M->261M(2163M) 59.568ms
[69.986s][info ][gc,cpu         ] GC(47) User=0.05s Sys=0.00s Real=0.06s
[69.986s][info ][safepoint      ] Safepoint "ParallelGCFailedAllocation", Time since last: 146251117 ns, Reaching safepoint: 15042036 ns, At safepoint: 59703838 ns, Total: 74745874 ns
[70.994s][info ][safepoint      ] Safepoint "Cleanup", Time since last: 1000088801 ns, Reaching safepoint: 7519267 ns, At safepoint: 22700 ns, Total: 7541967 ns
[71.287s][info ][gc,start       ] GC(48) Pause Young (Allocation Failure)
[71.325s][debug][gc,phases      ] GC(48) Scavenge 38.147ms
[71.325s][debug][gc,ref         ] GC(48) Skipped phase 1 of Reference Processing: no references
[71.325s][debug][gc,ref         ] GC(48) Skipped phase 3 of Reference Processing: no references
[71.325s][debug][gc,ref         ] GC(48) Skipped phase 4 of Reference Processing: no references
[71.325s][debug][gc,phases      ] GC(48) Reference Processing 0.038ms
[71.326s][debug][gc,phases      ] GC(48) Weak Processing 0.717ms
[71.326s][debug][gc,age         ] GC(48) Desired survivor size 153092096 bytes, new threshold 15 (max threshold 15)
[71.326s][info ][gc,heap        ] GC(48) PSYoungGen: 1821952K(1938944K)->18752K(1947648K) Eden: 1784832K(1784832K)->0K(1797120K) From: 37120K(154112K)->18752K(150528K)
[71.326s][info ][gc,heap        ] GC(48) ParOldGen: 230330K(275968K)->248822K(275968K)
[71.326s][info ][gc,metaspace   ] GC(48) Metaspace: 74445K(75072K)->74445K(75072K) NonClass: 64051K(64384K)->64051K(64384K) Class: 10393K(10688K)->10393K(10688K)
[71.326s][info ][gc             ] GC(48) Pause Young (Allocation Failure) 2004M->261M(2171M) 39.070ms
[71.326s][info ][gc,cpu         ] GC(48) User=0.06s Sys=0.00s Real=0.04s
[71.326s][info ][safepoint      ] Safepoint "ParallelGCFailedAllocation", Time since last: 283837653 ns, Reaching safepoint: 9380684 ns, At safepoint: 39223353 ns, Total: 48604037 ns
[72.349s][info ][safepoint      ] Safepoint "Cleanup", Time since last: 1000038291 ns, Reaching safepoint: 22941406 ns, At safepoint: 32001 ns, Total: 22973407 ns
[72.609s][info ][gc,start       ] GC(49) Pause Young (Allocation Failure)
[72.659s][debug][gc,phases      ] GC(49) Scavenge 49.730ms
[72.659s][debug][gc,ref         ] GC(49) Skipped phase 1 of Reference Processing: no references
[72.659s][debug][gc,ref         ] GC(49) Skipped phase 3 of Reference Processing: no references
[72.659s][debug][gc,ref         ] GC(49) Skipped phase 4 of Reference Processing: no references
[72.659s][debug][gc,phases      ] GC(49) Reference Processing 0.042ms
[72.660s][debug][gc,phases      ] GC(49) Weak Processing 0.856ms
[72.660s][debug][gc,age         ] GC(49) Desired survivor size 152043520 bytes, new threshold 15 (max threshold 15)
[72.660s][info ][gc,heap        ] GC(49) PSYoungGen: 1815872K(1947648K)->14496K(1946624K) Eden: 1797120K(1797120K)->0K(1797120K) From: 18752K(150528K)->14496K(149504K)
[72.660s][info ][gc,heap        ] GC(49) ParOldGen: 248822K(275968K)->253430K(275968K)
[72.660s][info ][gc,metaspace   ] GC(49) Metaspace: 74468K(75072K)->74468K(75072K) NonClass: 64074K(64384K)->64074K(64384K) Class: 10393K(10688K)->10393K(10688K)
[72.660s][info ][gc             ] GC(49) Pause Young (Allocation Failure) 2016M->261M(2170M) 50.810ms
[72.660s][info ][gc,cpu         ] GC(49) User=0.05s Sys=0.00s Real=0.05s
[72.660s][info ][safepoint      ] Safepoint "ParallelGCFailedAllocation", Time since last: 247708426 ns, Reaching safepoint: 12259810 ns, At safepoint: 50972758 ns, Total: 63232568 ns
[73.669s][info ][safepoint      ] Safepoint "Cleanup", Time since last: 1000952190 ns, Reaching safepoint: 7858071 ns, At safepoint: 38500 ns, Total: 7896571 ns
[73.765s][info ][gc,start       ] GC(50) Pause Young (Allocation Failure)
[73.854s][debug][gc,phases      ] GC(50) Scavenge 89.391ms
[73.854s][debug][gc,ref         ] GC(50) Skipped phase 1 of Reference Processing: no references
[73.854s][debug][gc,ref         ] GC(50) Skipped phase 3 of Reference Processing: no references
[73.854s][debug][gc,phases      ] GC(50) Reference Processing 0.036ms
[73.855s][debug][gc,phases      ] GC(50) Weak Processing 0.706ms
[73.855s][debug][gc,age         ] GC(50) Desired survivor size 149422080 bytes, new threshold 15 (max threshold 15)
[73.855s][info ][gc,heap        ] GC(50) PSYoungGen: 1811616K(1946624K)->14624K(1951232K) Eden: 1797120K(1797120K)->0K(1802752K) From: 14496K(149504K)->14624K(148480K)
[73.855s][info ][gc,heap        ] GC(50) ParOldGen: 253430K(275968K)->260734K(275968K)
[73.855s][info ][gc,metaspace   ] GC(50) Metaspace: 74621K(75200K)->74621K(75200K) NonClass: 64213K(64512K)->64213K(64512K) Class: 10408K(10688K)->10408K(10688K)
[73.855s][info ][gc             ] GC(50) Pause Young (Allocation Failure) 2016M->268M(2175M) 90.293ms
[73.855s][info ][gc,cpu         ] GC(50) User=0.05s Sys=0.00s Real=0.09s
[73.855s][debug][gc,phases      ] GC(51) Pre Compact 0.016ms
[73.855s][info ][gc,start       ] GC(51) Pause Full (Ergonomics)
[73.855s][info ][gc,phases,start] GC(51) Marking Phase
[74.133s][debug][gc,phases      ] GC(51) Par Mark 277.749ms
[74.133s][debug][gc,ref         ] GC(51) Skipped phase 1 of Reference Processing: no references
[74.133s][debug][gc,ref         ] GC(51) Skipped phase 3 of Reference Processing: no references
[74.133s][debug][gc,phases      ] GC(51) Reference Processing 0.100ms
[74.134s][debug][gc,phases      ] GC(51) Weak Processing 1.043ms
[74.134s][debug][gc,phases      ] GC(51) ClassLoaderData 0.077ms
[74.134s][debug][gc,phases      ] GC(51) Trigger cleanups 0.001ms
[74.172s][debug][gc,phases      ] GC(51) Class Unloading 37.296ms
[74.172s][info ][gc,phases      ] GC(51) Marking Phase 316.397ms
[74.172s][info ][gc,phases,start] GC(51) Summary Phase
[74.172s][info ][gc,phases      ] GC(51) Summary Phase 0.044ms
[74.172s][info ][gc,phases,start] GC(51) Adjust Roots
[74.192s][info ][gc,phases      ] GC(51) Adjust Roots 20.561ms
[74.192s][info ][gc,phases,start] GC(51) Compaction Phase
[74.389s][info ][gc,phases      ] GC(51) Compaction Phase 196.567ms
[74.389s][info ][gc,phases,start] GC(51) Post Compact
[74.390s][info ][gc,phases      ] GC(51) Post Compact 1.022ms
[74.390s][info ][gc,heap        ] GC(51) PSYoungGen: 14624K(1951232K)->0K(1948672K) Eden: 0K(1802752K)->0K(1802752K) From: 14624K(148480K)->0K(145920K)
[74.390s][info ][gc,heap        ] GC(51) ParOldGen: 260734K(275968K)->273944K(338944K)
[74.390s][info ][gc,metaspace   ] GC(51) Metaspace: 74621K(75200K)->74621K(75200K) NonClass: 64213K(64512K)->64213K(64512K) Class: 10408K(10688K)->10408K(10688K)
[74.390s][info ][gc             ] GC(51) Pause Full (Ergonomics) 268M->267M(2234M) 534.886ms
[74.390s][info ][gc,cpu         ] GC(51) User=0.93s Sys=0.00s Real=0.54s
[74.390s][info ][safepoint      ] Safepoint "ParallelGCFailedAllocation", Time since last: 84743961 ns, Reaching safepoint: 11416602 ns, At safepoint: 625389813 ns, Total: 636806415 ns
[75.845s][info ][gc,start       ] GC(52) Pause Young (Allocation Failure)
[75.897s][debug][gc,phases      ] GC(52) Scavenge 51.856ms
[75.897s][debug][gc,ref         ] GC(52) Skipped phase 1 of Reference Processing: no references
[75.897s][debug][gc,ref         ] GC(52) Skipped phase 3 of Reference Processing: no references
[75.897s][debug][gc,phases      ] GC(52) Reference Processing 0.037ms
[75.898s][debug][gc,phases      ] GC(52) Weak Processing 0.681ms
[75.898s][debug][gc,age         ] GC(52) Desired survivor size 142606336 bytes, new threshold 15 (max threshold 15)
[75.898s][info ][gc,heap        ] GC(52) PSYoungGen: 1802752K(1948672K)->32784K(1957888K) Eden: 1802752K(1802752K)->0K(1811968K) From: 0K(145920K)->32784K(145920K)
[75.898s][info ][gc,heap        ] GC(52) ParOldGen: 273944K(338944K)->273944K(338944K)
[75.898s][info ][gc,metaspace   ] GC(52) Metaspace: 74675K(75264K)->74675K(75264K) NonClass: 64263K(64576K)->64263K(64576K) Class: 10412K(10688K)->10412K(10688K)
[75.898s][info ][gc             ] GC(52) Pause Young (Allocation Failure) 2028M->299M(2243M) 52.759ms
[75.898s][info ][gc,cpu         ] GC(52) User=0.09s Sys=0.00s Real=0.06s
[75.898s][info ][safepoint      ] Safepoint "ParallelGCFailedAllocation", Time since last: 1444681957 ns, Reaching safepoint: 10036090 ns, At safepoint: 52902774 ns, Total: 62938864 ns
[77.493s][info ][safepoint      ] Safepoint "Cleanup", Time since last: 1592727866 ns, Reaching safepoint: 2317721 ns, At safepoint: 19700 ns, Total: 2337421 ns
[77.501s][info ][gc,start       ] GC(53) Pause Young (Allocation Failure)
[77.545s][debug][gc,phases      ] GC(53) Scavenge 43.980ms
[77.545s][debug][gc,ref         ] GC(53) Skipped phase 1 of Reference Processing: no references
[77.545s][debug][gc,ref         ] GC(53) Skipped phase 3 of Reference Processing: no references
[77.545s][debug][gc,phases      ] GC(53) Reference Processing 0.034ms
[77.546s][debug][gc,phases      ] GC(53) Weak Processing 0.752ms
[77.546s][debug][gc,age         ] GC(53) Desired survivor size 136314880 bytes, new threshold 15 (max threshold 15)
[77.546s][info ][gc,heap        ] GC(53) PSYoungGen: 1844752K(1957888K)->32544K(1951232K) Eden: 1811968K(1811968K)->0K(1811968K) From: 32784K(145920K)->32544K(139264K)
[77.546s][info ][gc,heap        ] GC(53) ParOldGen: 273944K(338944K)->273952K(338944K)
[77.546s][info ][gc,metaspace   ] GC(53) Metaspace: 74694K(75264K)->74694K(75264K) NonClass: 64282K(64576K)->64282K(64576K) Class: 10412K(10688K)->10412K(10688K)
[77.546s][info ][gc             ] GC(53) Pause Young (Allocation Failure) 2069M->299M(2236M) 44.940ms
[77.546s][info ][gc,cpu         ] GC(53) User=0.07s Sys=0.00s Real=0.04s
[77.546s][info ][safepoint      ] Safepoint "ParallelGCFailedAllocation", Time since last: 4430339 ns, Reaching safepoint: 3462731 ns, At safepoint: 45062604 ns, Total: 48525335 ns
[78.565s][info ][safepoint      ] Safepoint "Cleanup", Time since last: 1000090249 ns, Reaching safepoint: 19161371 ns, At safepoint: 106401 ns, Total: 19267772 ns
[79.142s][info ][gc,start       ] GC(54) Pause Young (Allocation Failure)
[79.215s][debug][gc,phases      ] GC(54) Scavenge 72.483ms
[79.215s][debug][gc,ref         ] GC(54) Skipped phase 1 of Reference Processing: no references
[79.215s][debug][gc,ref         ] GC(54) Skipped phase 3 of Reference Processing: no references
[79.215s][debug][gc,phases      ] GC(54) Reference Processing 0.031ms
[79.215s][debug][gc,phases      ] GC(54) Weak Processing 0.676ms
[79.215s][debug][gc,age         ] GC(54) Desired survivor size 130547712 bytes, new threshold 15 (max threshold 15)
[79.215s][info ][gc,heap        ] GC(54) PSYoungGen: 1844512K(1951232K)->31808K(1969664K) Eden: 1811968K(1811968K)->0K(1836544K) From: 32544K(139264K)->31808K(133120K)
[79.215s][info ][gc,heap        ] GC(54) ParOldGen: 273952K(338944K)->273952K(338944K)
[79.215s][info ][gc,metaspace   ] GC(54) Metaspace: 74725K(75328K)->74725K(75328K) NonClass: 64313K(64640K)->64313K(64640K) Class: 10412K(10688K)->10412K(10688K)
[79.215s][info ][gc             ] GC(54) Pause Young (Allocation Failure) 2068M->298M(2254M) 73.338ms
[79.215s][info ][gc,cpu         ] GC(54) User=0.06s Sys=0.00s Real=0.07s
[79.215s][info ][safepoint      ] Safepoint "ParallelGCFailedAllocation", Time since last: 565410557 ns, Reaching safepoint: 11257500 ns, At safepoint: 73473357 ns, Total: 84730857 ns
[80.233s][info ][safepoint      ] Safepoint "Cleanup", Time since last: 1002158856 ns, Reaching safepoint: 15307437 ns, At safepoint: 36400 ns, Total: 15343837 ns
[80.545s][info ][gc,start       ] GC(55) Pause Young (Allocation Failure)
[80.613s][debug][gc,phases      ] GC(55) Scavenge 67.375ms
[80.613s][debug][gc,ref         ] GC(55) Skipped phase 1 of Reference Processing: no references
[80.613s][debug][gc,ref         ] GC(55) Skipped phase 3 of Reference Processing: no references
[80.613s][debug][gc,phases      ] GC(55) Reference Processing 0.032ms
[80.614s][debug][gc,phases      ] GC(55) Weak Processing 0.711ms
[80.614s][debug][gc,age         ] GC(55) Desired survivor size 124780544 bytes, new threshold 15 (max threshold 15)
[80.614s][info ][gc,heap        ] GC(55) PSYoungGen: 1868352K(1969664K)->32032K(1964032K) Eden: 1836544K(1836544K)->0K(1836544K) From: 31808K(133120K)->32032K(127488K)
[80.614s][info ][gc,heap        ] GC(55) ParOldGen: 273952K(338944K)->273952K(338944K)
[80.614s][info ][gc,metaspace   ] GC(55) Metaspace: 74742K(75328K)->74742K(75328K) NonClass: 64329K(64640K)->64329K(64640K) Class: 10412K(10688K)->10412K(10688K)
[80.614s][info ][gc             ] GC(55) Pause Young (Allocation Failure) 2092M->298M(2249M) 68.300ms
[80.614s][info ][gc,cpu         ] GC(55) User=0.07s Sys=0.00s Real=0.07s
[80.614s][info ][safepoint      ] Safepoint "ParallelGCFailedAllocation", Time since last: 294357329 ns, Reaching safepoint: 18113662 ns, At safepoint: 68423811 ns, Total: 86537473 ns
[81.641s][info ][safepoint      ] Safepoint "Cleanup", Time since last: 1000091828 ns, Reaching safepoint: 26911340 ns, At safepoint: 44201 ns, Total: 26955541 ns
[81.997s][info ][gc,start       ] GC(56) Pause Young (Allocation Failure)
[82.073s][debug][gc,phases      ] GC(56) Scavenge 75.847ms
[82.073s][debug][gc,ref         ] GC(56) Skipped phase 1 of Reference Processing: no references
[82.073s][debug][gc,ref         ] GC(56) Skipped phase 3 of Reference Processing: no references
[82.073s][debug][gc,phases      ] GC(56) Reference Processing 0.033ms
[82.074s][debug][gc,phases      ] GC(56) Weak Processing 0.801ms
[82.074s][debug][gc,age         ] GC(56) Desired survivor size 117964800 bytes, new threshold 15 (max threshold 15)
[82.074s][info ][gc,heap        ] GC(56) PSYoungGen: 1868576K(1964032K)->36720K(1981952K) Eden: 1836544K(1836544K)->0K(1860096K) From: 32032K(127488K)->36720K(121856K)
[82.074s][info ][gc,heap        ] GC(56) ParOldGen: 273952K(338944K)->273952K(338944K)
[82.074s][info ][gc,metaspace   ] GC(56) Metaspace: 74752K(75328K)->74752K(75328K) NonClass: 64339K(64640K)->64339K(64640K) Class: 10412K(10688K)->10412K(10688K)
[82.074s][info ][gc             ] GC(56) Pause Young (Allocation Failure) 2092M->303M(2266M) 76.913ms
[82.074s][info ][gc,cpu         ] GC(56) User=0.07s Sys=0.00s Real=0.07s
[82.074s][info ][safepoint      ] Safepoint "ParallelGCFailedAllocation", Time since last: 338272818 ns, Reaching safepoint: 17725059 ns, At safepoint: 77081487 ns, Total: 94806546 ns
[83.089s][info ][safepoint      ] Safepoint "Cleanup", Time since last: 1000086418 ns, Reaching safepoint: 14850533 ns, At safepoint: 29400 ns, Total: 14879933 ns
[83.357s][info ][gc,start       ] GC(57) Pause Young (Allocation Failure)
[83.433s][debug][gc,phases      ] GC(57) Scavenge 75.892ms
[83.433s][debug][gc,ref         ] GC(57) Skipped phase 1 of Reference Processing: no references
[83.433s][debug][gc,ref         ] GC(57) Skipped phase 3 of Reference Processing: no references
[83.433s][debug][gc,phases      ] GC(57) Reference Processing 0.033ms
[83.434s][debug][gc,phases      ] GC(57) Weak Processing 0.775ms
[83.434s][debug][gc,age         ] GC(57) Desired survivor size 111673344 bytes, new threshold 15 (max threshold 15)
[83.434s][info ][gc,heap        ] GC(57) PSYoungGen: 1896816K(1981952K)->38624K(1975296K) Eden: 1860096K(1860096K)->0K(1860096K) From: 36720K(121856K)->38624K(115200K)
[83.434s][info ][gc,heap        ] GC(57) ParOldGen: 273952K(338944K)->273952K(338944K)
[83.434s][info ][gc,metaspace   ] GC(57) Metaspace: 74754K(75328K)->74754K(75328K) NonClass: 64341K(64640K)->64341K(64640K) Class: 10412K(10688K)->10412K(10688K)
[83.434s][info ][gc             ] GC(57) Pause Young (Allocation Failure) 2119M->305M(2260M) 76.870ms
[83.434s][info ][gc,cpu         ] GC(57) User=0.08s Sys=0.00s Real=0.07s
[83.434s][info ][safepoint      ] Safepoint "ParallelGCFailedAllocation", Time since last: 251140238 ns, Reaching safepoint: 16822250 ns, At safepoint: 76997386 ns, Total: 93819636 ns
[84.457s][info ][safepoint      ] Safepoint "Cleanup", Time since last: 1002972834 ns, Reaching safepoint: 20027679 ns, At safepoint: 37700 ns, Total: 20065379 ns
[85.117s][info ][gc,start       ] GC(58) Pause Young (Allocation Failure)
[85.194s][debug][gc,phases      ] GC(58) Scavenge 76.620ms
[85.194s][debug][gc,ref         ] GC(58) Skipped phase 1 of Reference Processing: no references
[85.194s][debug][gc,ref         ] GC(58) Skipped phase 3 of Reference Processing: no references
[85.194s][debug][gc,phases      ] GC(58) Reference Processing 0.032ms
[85.194s][debug][gc,phases      ] GC(58) Weak Processing 0.707ms
[85.194s][debug][gc,age         ] GC(58) Desired survivor size 104857600 bytes, new threshold 15 (max threshold 15)
[85.194s][info ][gc,heap        ] GC(58) PSYoungGen: 1898720K(1975296K)->42464K(1994752K) Eden: 1860096K(1860096K)->0K(1885696K) From: 38624K(115200K)->42464K(109056K)
[85.194s][info ][gc,heap        ] GC(58) ParOldGen: 273952K(338944K)->273952K(338944K)
[85.194s][info ][gc,metaspace   ] GC(58) Metaspace: 74760K(75328K)->74760K(75328K) NonClass: 64347K(64640K)->64347K(64640K) Class: 10412K(10688K)->10412K(10688K)
[85.195s][info ][gc             ] GC(58) Pause Young (Allocation Failure) 2121M->309M(2279M) 77.540ms
[85.195s][info ][gc,cpu         ] GC(58) User=0.09s Sys=0.00s Real=0.07s
[85.195s][info ][safepoint      ] Safepoint "ParallelGCFailedAllocation", Time since last: 656026741 ns, Reaching safepoint: 3940335 ns, At safepoint: 77660191 ns, Total: 81600526 ns
[86.213s][info ][safepoint      ] Safepoint "Cleanup", Time since last: 1006305852 ns, Reaching safepoint: 12060007 ns, At safepoint: 28200 ns, Total: 12088207 ns
[86.461s][info ][gc,start       ] GC(59) Pause Young (Allocation Failure)
[86.533s][debug][gc,phases      ] GC(59) Scavenge 71.738ms
[86.533s][debug][gc,ref         ] GC(59) Skipped phase 1 of Reference Processing: no references
[86.533s][debug][gc,ref         ] GC(59) Skipped phase 3 of Reference Processing: no references
[86.533s][debug][gc,phases      ] GC(59) Reference Processing 0.031ms
[86.534s][debug][gc,phases      ] GC(59) Weak Processing 0.753ms
[86.534s][debug][gc,age         ] GC(59) Desired survivor size 101187584 bytes, new threshold 15 (max threshold 15)
[86.534s][info ][gc,heap        ] GC(59) PSYoungGen: 1928160K(1994752K)->48800K(1988096K) Eden: 1885696K(1885696K)->0K(1885696K) From: 42464K(109056K)->48800K(102400K)
[86.534s][info ][gc,heap        ] GC(59) ParOldGen: 273952K(338944K)->273952K(338944K)
[86.534s][info ][gc,metaspace   ] GC(59) Metaspace: 74764K(75328K)->74764K(75328K) NonClass: 64352K(64640K)->64352K(64640K) Class: 10412K(10688K)->10412K(10688K)
[86.534s][info ][gc             ] GC(59) Pause Young (Allocation Failure) 2150M->315M(2272M) 72.702ms
[86.534s][info ][gc,cpu         ] GC(59) User=0.08s Sys=0.00s Real=0.07s
[86.534s][info ][safepoint      ] Safepoint "ParallelGCFailedAllocation", Time since last: 240298937 ns, Reaching safepoint: 7790169 ns, At safepoint: 72832848 ns, Total: 80623017 ns
[87.541s][info ][safepoint      ] Safepoint "Cleanup", Time since last: 1000093388 ns, Reaching safepoint: 7404166 ns, At safepoint: 23500 ns, Total: 7427666 ns
[87.827s][info ][gc,start       ] GC(60) Pause Young (Allocation Failure)
[87.901s][debug][gc,phases      ] GC(60) Scavenge 73.522ms
[87.901s][debug][gc,ref         ] GC(60) Skipped phase 1 of Reference Processing: no references
[87.901s][debug][gc,ref         ] GC(60) Skipped phase 3 of Reference Processing: no references
[87.901s][debug][gc,phases      ] GC(60) Reference Processing 0.032ms
[87.902s][debug][gc,phases      ] GC(60) Weak Processing 0.674ms
[87.902s][debug][gc,age         ] GC(60) Desired survivor size 97517568 bytes, new threshold 15 (max threshold 15)
[87.902s][info ][gc,heap        ] GC(60) PSYoungGen: 1934496K(1988096K)->49504K(2001920K) Eden: 1885696K(1885696K)->0K(1903104K) From: 48800K(102400K)->49504K(98816K)
[87.902s][info ][gc,heap        ] GC(60) ParOldGen: 273952K(338944K)->273952K(338944K)
[87.902s][info ][gc,metaspace   ] GC(60) Metaspace: 74764K(75328K)->74764K(75328K) NonClass: 64352K(64640K)->64352K(64640K) Class: 10412K(10688K)->10412K(10688K)
[87.902s][info ][gc             ] GC(60) Pause Young (Allocation Failure) 2156M->315M(2286M) 74.401ms
[87.902s][info ][gc,cpu         ] GC(60) User=0.09s Sys=0.00s Real=0.08s
[87.902s][info ][safepoint      ] Safepoint "ParallelGCFailedAllocation", Time since last: 274549939 ns, Reaching safepoint: 11285400 ns, At safepoint: 74540462 ns, Total: 85825862 ns
[88.908s][info ][safepoint      ] Safepoint "Cleanup", Time since last: 1003083606 ns, Reaching safepoint: 3482531 ns, At safepoint: 23600 ns, Total: 3506131 ns
[89.605s][info ][gc,start       ] GC(61) Pause Young (Allocation Failure)
[89.657s][debug][gc,phases      ] GC(61) Scavenge 51.472ms
[89.657s][debug][gc,ref         ] GC(61) Skipped phase 1 of Reference Processing: no references
[89.657s][debug][gc,ref         ] GC(61) Skipped phase 3 of Reference Processing: no references
[89.657s][debug][gc,phases      ] GC(61) Reference Processing 0.031ms
[89.657s][debug][gc,phases      ] GC(61) Weak Processing 0.689ms
[89.657s][debug][gc,age         ] GC(61) Desired survivor size 94371840 bytes, new threshold 15 (max threshold 15)
[89.657s][info ][gc,heap        ] GC(61) PSYoungGen: 1952608K(2001920K)->48864K(1998336K) Eden: 1903104K(1903104K)->0K(1903104K) From: 49504K(98816K)->48864K(95232K)
[89.657s][info ][gc,heap        ] GC(61) ParOldGen: 273952K(338944K)->273960K(338944K)
[89.657s][info ][gc,metaspace   ] GC(61) Metaspace: 74767K(75328K)->74767K(75328K) NonClass: 64355K(64640K)->64355K(64640K) Class: 10412K(10688K)->10412K(10688K)
[89.657s][info ][gc             ] GC(61) Pause Young (Allocation Failure) 2174M->315M(2282M) 52.363ms
[89.657s][info ][gc,cpu         ] GC(61) User=0.07s Sys=0.01s Real=0.06s
[89.657s][info ][safepoint      ] Safepoint "ParallelGCFailedAllocation", Time since last: 682660256 ns, Reaching safepoint: 13919224 ns, At safepoint: 52491865 ns, Total: 66411089 ns
[90.681s][info ][safepoint      ] Safepoint "Cleanup", Time since last: 1007437633 ns, Reaching safepoint: 15970441 ns, At safepoint: 48101 ns, Total: 16018542 ns
[90.821s][info ][gc,start       ] GC(62) Pause Young (Allocation Failure)
[90.887s][debug][gc,phases      ] GC(62) Scavenge 66.219ms
[90.887s][debug][gc,ref         ] GC(62) Skipped phase 1 of Reference Processing: no references
[90.887s][debug][gc,ref         ] GC(62) Skipped phase 3 of Reference Processing: no references
[90.887s][debug][gc,phases      ] GC(62) Reference Processing 0.032ms
[90.888s][debug][gc,phases      ] GC(62) Weak Processing 0.780ms
[90.888s][debug][gc,age         ] GC(62) Desired survivor size 91226112 bytes, new threshold 15 (max threshold 15)
[90.888s][info ][gc,heap        ] GC(62) PSYoungGen: 1951968K(1998336K)->49840K(2008064K) Eden: 1903104K(1903104K)->0K(1915904K) From: 48864K(95232K)->49840K(92160K)
[90.888s][info ][gc,heap        ] GC(62) ParOldGen: 273960K(338944K)->273960K(338944K)
[90.888s][info ][gc,metaspace   ] GC(62) Metaspace: 74769K(75328K)->74769K(75328K) NonClass: 64356K(64640K)->64356K(64640K) Class: 10412K(10688K)->10412K(10688K)
[90.888s][info ][gc             ] GC(62) Pause Young (Allocation Failure) 2173M->316M(2292M) 67.218ms
[90.888s][info ][gc,cpu         ] GC(62) User=0.08s Sys=0.01s Real=0.06s
[90.888s][info ][safepoint      ] Safepoint "ParallelGCFailedAllocation", Time since last: 123399493 ns, Reaching safepoint: 16601948 ns, At safepoint: 67367297 ns, Total: 83969245 ns
[91.897s][info ][safepoint      ] Safepoint "Cleanup", Time since last: 1000596663 ns, Reaching safepoint: 8061172 ns, At safepoint: 36900 ns, Total: 8098072 ns
[92.597s][info ][gc,start       ] GC(63) Pause Young (Allocation Failure)
[92.705s][debug][gc,phases      ] GC(63) Scavenge 107.851ms
[92.705s][debug][gc,ref         ] GC(63) Skipped phase 1 of Reference Processing: no references
[92.705s][debug][gc,ref         ] GC(63) Skipped phase 3 of Reference Processing: no references
[92.705s][debug][gc,phases      ] GC(63) Reference Processing 0.032ms
[92.706s][debug][gc,phases      ] GC(63) Weak Processing 0.754ms
[92.706s][debug][gc,age         ] GC(63) Desired survivor size 90701824 bytes, new threshold 15 (max threshold 15)
[92.706s][info ][gc,heap        ] GC(63) PSYoungGen: 1965744K(2008064K)->55376K(2004992K) Eden: 1915904K(1915904K)->0K(1915904K) From: 49840K(92160K)->55376K(89088K)
[92.706s][info ][gc,heap        ] GC(63) ParOldGen: 273960K(338944K)->273960K(338944K)
[92.706s][info ][gc,metaspace   ] GC(63) Metaspace: 74769K(75328K)->74769K(75328K) NonClass: 64356K(64640K)->64356K(64640K) Class: 10412K(10688K)->10412K(10688K)
[92.706s][info ][gc             ] GC(63) Pause Young (Allocation Failure) 2187M->321M(2289M) 108.819ms
[92.706s][info ][gc,cpu         ] GC(63) User=0.09s Sys=0.00s Real=0.10s
[92.706s][info ][safepoint      ] Safepoint "ParallelGCFailedAllocation", Time since last: 684099456 ns, Reaching safepoint: 15875940 ns, At safepoint: 108963764 ns, Total: 124839704 ns
[93.717s][info ][safepoint      ] Safepoint "Cleanup", Time since last: 1000089347 ns, Reaching safepoint: 10976997 ns, At safepoint: 36401 ns, Total: 11013398 ns
[94.276s][info ][gc,start       ] GC(64) Pause Young (Allocation Failure)
[94.393s][debug][gc,phases      ] GC(64) Scavenge 116.816ms
[94.393s][debug][gc,ref         ] GC(64) Skipped phase 1 of Reference Processing: no references
[94.393s][debug][gc,ref         ] GC(64) Skipped phase 3 of Reference Processing: no references
[94.393s][debug][gc,phases      ] GC(64) Reference Processing 0.032ms
[94.394s][debug][gc,phases      ] GC(64) Weak Processing 0.728ms
[94.394s][debug][gc,age         ] GC(64) Desired survivor size 91226112 bytes, new threshold 15 (max threshold 15)
[94.394s][info ][gc,heap        ] GC(64) PSYoungGen: 1971280K(2004992K)->59120K(2007552K) Eden: 1915904K(1915904K)->0K(1918976K) From: 55376K(89088K)->59120K(88576K)
[94.394s][info ][gc,heap        ] GC(64) ParOldGen: 273960K(338944K)->273960K(338944K)
[94.394s][info ][gc,metaspace   ] GC(64) Metaspace: 74769K(75328K)->74769K(75328K) NonClass: 64357K(64640K)->64357K(64640K) Class: 10412K(10688K)->10412K(10688K)
[94.394s][info ][gc             ] GC(64) Pause Young (Allocation Failure) 2192M->325M(2291M) 117.743ms
[94.394s][info ][gc,cpu         ] GC(64) User=0.11s Sys=0.00s Real=0.12s
[94.394s][info ][safepoint      ] Safepoint "ParallelGCFailedAllocation", Time since last: 547964444 ns, Reaching safepoint: 10987097 ns, At safepoint: 117878142 ns, Total: 128865239 ns
[95.410s][info ][safepoint      ] Safepoint "Cleanup", Time since last: 1000142836 ns, Reaching safepoint: 15990242 ns, At safepoint: 28300 ns, Total: 16018542 ns
[95.829s][info ][gc,start       ] GC(65) Pause Young (Allocation Failure)
[95.917s][debug][gc,phases      ] GC(65) Scavenge 87.903ms
[95.917s][debug][gc,ref         ] GC(65) Skipped phase 1 of Reference Processing: no references
[95.917s][debug][gc,ref         ] GC(65) Skipped phase 3 of Reference Processing: no references
[95.917s][debug][gc,phases      ] GC(65) Reference Processing 0.033ms
[95.918s][debug][gc,phases      ] GC(65) Weak Processing 0.704ms
[95.918s][debug][gc,age         ] GC(65) Desired survivor size 91226112 bytes, new threshold 15 (max threshold 15)
[95.918s][info ][gc,heap        ] GC(65) PSYoungGen: 1978096K(2007552K)->59008K(2008064K) Eden: 1918976K(1918976K)->0K(1918976K) From: 59120K(88576K)->59008K(89088K)
[95.918s][info ][gc,heap        ] GC(65) ParOldGen: 273960K(338944K)->273960K(338944K)
[95.918s][info ][gc,metaspace   ] GC(65) Metaspace: 74770K(75328K)->74770K(75328K) NonClass: 64358K(64640K)->64358K(64640K) Class: 10412K(10688K)->10412K(10688K)
[95.918s][info ][gc             ] GC(65) Pause Young (Allocation Failure) 2199M->325M(2292M) 88.808ms
[95.918s][info ][gc,cpu         ] GC(65) User=0.10s Sys=0.00s Real=0.09s
[95.918s][info ][safepoint      ] Safepoint "ParallelGCFailedAllocation", Time since last: 400038532 ns, Reaching safepoint: 18820267 ns, At safepoint: 88948185 ns, Total: 107768452 ns
[96.941s][info ][safepoint      ] Safepoint "Cleanup", Time since last: 1007054987 ns, Reaching safepoint: 15791240 ns, At safepoint: 54700 ns, Total: 15845940 ns
[97.321s][info ][gc,start       ] GC(66) Pause Young (Allocation Failure)
[97.425s][debug][gc,phases      ] GC(66) Scavenge 103.793ms
[97.425s][debug][gc,ref         ] GC(66) Skipped phase 1 of Reference Processing: no references
[97.425s][debug][gc,ref         ] GC(66) Skipped phase 3 of Reference Processing: no references
[97.425s][debug][gc,phases      ] GC(66) Reference Processing 0.033ms
[97.426s][debug][gc,phases      ] GC(66) Weak Processing 0.733ms
[97.426s][debug][gc,age         ] GC(66) Desired survivor size 91226112 bytes, new threshold 15 (max threshold 15)
[97.426s][info ][gc,heap        ] GC(66) PSYoungGen: 1977984K(2008064K)->58768K(2008064K) Eden: 1918976K(1918976K)->0K(1918976K) From: 59008K(89088K)->58768K(89088K)
[97.426s][info ][gc,heap        ] GC(66) ParOldGen: 273960K(338944K)->273960K(338944K)
[97.426s][info ][gc,metaspace   ] GC(66) Metaspace: 74771K(75328K)->74771K(75328K) NonClass: 64358K(64640K)->64358K(64640K) Class: 10412K(10688K)->10412K(10688K)
[97.426s][info ][gc             ] GC(66) Pause Young (Allocation Failure) 2199M->324M(2292M) 104.727ms
[97.426s][info ][gc,cpu         ] GC(66) User=0.10s Sys=0.00s Real=0.10s
[97.426s][info ][safepoint      ] Safepoint "ParallelGCFailedAllocation", Time since last: 370104864 ns, Reaching safepoint: 10189390 ns, At safepoint: 104854825 ns, Total: 115044215 ns
[98.457s][info ][safepoint      ] Safepoint "Cleanup", Time since last: 1003007941 ns, Reaching safepoint: 27988747 ns, At safepoint: 42200 ns, Total: 28030947 ns
[98.881s][info ][gc,start       ] GC(67) Pause Young (Allocation Failure)
[98.985s][debug][gc,phases      ] GC(67) Scavenge 103.895ms
[98.985s][debug][gc,ref         ] GC(67) Skipped phase 1 of Reference Processing: no references
[98.985s][debug][gc,ref         ] GC(67) Skipped phase 3 of Reference Processing: no references
[98.985s][debug][gc,ref         ] GC(67) Skipped phase 4 of Reference Processing: no references
[98.985s][debug][gc,phases      ] GC(67) Reference Processing 0.031ms
[98.986s][debug][gc,phases      ] GC(67) Weak Processing 0.665ms
[98.986s][debug][gc,age         ] GC(67) Desired survivor size 90177536 bytes, new threshold 15 (max threshold 15)
[98.986s][info ][gc,heap        ] GC(67) PSYoungGen: 1977744K(2008064K)->30656K(2008064K) Eden: 1918976K(1918976K)->0K(1918976K) From: 58768K(89088K)->30656K(89088K)
[98.986s][info ][gc,heap        ] GC(67) ParOldGen: 273960K(338944K)->303018K(338944K)
[98.986s][info ][gc,metaspace   ] GC(67) Metaspace: 74771K(75328K)->74771K(75328K) NonClass: 64358K(64640K)->64358K(64640K) Class: 10412K(10688K)->10412K(10688K)
[98.986s][info ][gc             ] GC(67) Pause Young (Allocation Failure) 2198M->325M(2292M) 104.778ms
[98.986s][info ][gc,cpu         ] GC(67) User=0.11s Sys=0.00s Real=0.10s
[98.986s][info ][safepoint      ] Safepoint "ParallelGCFailedAllocation", Time since last: 419981100 ns, Reaching safepoint: 4025736 ns, At safepoint: 104897424 ns, Total: 108923160 ns
[100.001s][info ][safepoint      ] Safepoint "Cleanup", Time since last: 1000089006 ns, Reaching safepoint: 15065932 ns, At safepoint: 61401 ns, Total: 15127333 ns
[100.393s][info ][gc,start       ] GC(68) Pause Young (Allocation Failure)
[100.453s][debug][gc,phases      ] GC(68) Scavenge 59.837ms
[100.453s][debug][gc,ref         ] GC(68) Skipped phase 1 of Reference Processing: no references
[100.453s][debug][gc,ref         ] GC(68) Skipped phase 3 of Reference Processing: no references
[100.453s][debug][gc,ref         ] GC(68) Skipped phase 4 of Reference Processing: no references
[100.453s][debug][gc,phases      ] GC(68) Reference Processing 0.032ms
[100.454s][debug][gc,phases      ] GC(68) Weak Processing 0.756ms
[100.454s][debug][gc,age         ] GC(68) Desired survivor size 89653248 bytes, new threshold 15 (max threshold 15)
[100.454s][info ][gc,heap        ] GC(68) PSYoungGen: 1949632K(2008064K)->28816K(2009600K) Eden: 1918976K(1918976K)->0K(1921536K) From: 30656K(89088K)->28816K(88064K)
[100.454s][info ][gc,heap        ] GC(68) ParOldGen: 303018K(338944K)->304922K(338944K)
[100.454s][info ][gc,metaspace   ] GC(68) Metaspace: 74773K(75328K)->74773K(75328K) NonClass: 64360K(64640K)->64360K(64640K) Class: 10413K(10688K)->10413K(10688K)
[100.454s][info ][gc             ] GC(68) Pause Young (Allocation Failure) 2199M->325M(2293M) 60.801ms
[100.454s][info ][gc,cpu         ] GC(68) User=0.06s Sys=0.00s Real=0.06s
[100.454s][info ][safepoint      ] Safepoint "ParallelGCFailedAllocation", Time since last: 375866607 ns, Reaching safepoint: 16051341 ns, At safepoint: 60933536 ns, Total: 76984877 ns
[101.381s][info ][safepoint      ] Safepoint "ICBufferFull", Time since last: 914150141 ns, Reaching safepoint: 13104615 ns, At safepoint: 34800 ns, Total: 13139415 ns
[102.145s][info ][gc,start       ] GC(69) Pause Young (Allocation Failure)
[102.201s][debug][gc,phases      ] GC(69) Scavenge 55.792ms
[102.201s][debug][gc,ref         ] GC(69) Skipped phase 1 of Reference Processing: no references
[102.201s][debug][gc,ref         ] GC(69) Skipped phase 3 of Reference Processing: no references
[102.201s][debug][gc,phases      ] GC(69) Reference Processing 0.040ms
[102.202s][debug][gc,phases      ] GC(69) Weak Processing 0.713ms
[102.202s][debug][gc,age         ] GC(69) Desired survivor size 88080384 bytes, new threshold 15 (max threshold 15)
[102.202s][info ][gc,heap        ] GC(69) PSYoungGen: 1950352K(2009600K)->29968K(2009088K) Eden: 1921536K(1921536K)->0K(1921536K) From: 28816K(88064K)->29968K(87552K)
[102.202s][info ][gc,heap        ] GC(69) ParOldGen: 304922K(338944K)->305558K(338944K)
[102.202s][info ][gc,metaspace   ] GC(69) Metaspace: 74942K(75584K)->74942K(75584K) NonClass: 64512K(64896K)->64512K(64896K) Class: 10429K(10688K)->10429K(10688K)
[102.202s][info ][gc             ] GC(69) Pause Young (Allocation Failure) 2202M->327M(2293M) 56.711ms
[102.202s][info ][gc,cpu         ] GC(69) User=0.06s Sys=0.00s Real=0.06s
[102.202s][info ][safepoint      ] Safepoint "ParallelGCFailedAllocation", Time since last: 746795965 ns, Reaching safepoint: 17033350 ns, At safepoint: 56846599 ns, Total: 73879949 ns
[103.221s][info ][safepoint      ] Safepoint "Cleanup", Time since last: 1003035010 ns, Reaching safepoint: 16064941 ns, At safepoint: 37101 ns, Total: 16102042 ns
[103.681s][info ][gc,start       ] GC(70) Pause Young (Allocation Failure)
[103.770s][debug][gc,phases      ] GC(70) Scavenge 89.394ms
[103.771s][debug][gc,ref         ] GC(70) Skipped phase 1 of Reference Processing: no references
[103.771s][debug][gc,ref         ] GC(70) Skipped phase 3 of Reference Processing: no references
[103.771s][debug][gc,phases      ] GC(70) Reference Processing 0.031ms
[103.771s][debug][gc,phases      ] GC(70) Weak Processing 0.713ms
[103.771s][debug][gc,age         ] GC(70) Desired survivor size 86507520 bytes, new threshold 15 (max threshold 15)
[103.771s][info ][gc,heap        ] GC(70) PSYoungGen: 1951504K(2009088K)->28880K(2012672K) Eden: 1921536K(1921536K)->0K(1926656K) From: 29968K(87552K)->28880K(86016K)
[103.771s][info ][gc,heap        ] GC(70) ParOldGen: 305558K(338944K)->305774K(338944K)
[103.771s][info ][gc,metaspace   ] GC(70) Metaspace: 74961K(75584K)->74961K(75584K) NonClass: 64527K(64896K)->64527K(64896K) Class: 10434K(10688K)->10434K(10688K)
[103.771s][info ][gc             ] GC(70) Pause Young (Allocation Failure) 2204M->326M(2296M) 90.335ms
[103.771s][info ][gc,cpu         ] GC(70) User=0.06s Sys=0.00s Real=0.09s
[103.771s][info ][safepoint      ] Safepoint "ParallelGCFailedAllocation", Time since last: 429211167 ns, Reaching safepoint: 30748270 ns, At safepoint: 90463295 ns, Total: 121211565 ns
[104.833s][info ][safepoint      ] Safepoint "Cleanup", Time since last: 1017472726 ns, Reaching safepoint: 44119287 ns, At safepoint: 37901 ns, Total: 44157188 ns
[105.845s][info ][safepoint      ] Safepoint "Cleanup", Time since last: 1000118467 ns, Reaching safepoint: 11818004 ns, At safepoint: 30500 ns, Total: 11848504 ns
[106.057s][info ][gc,start       ] GC(71) Pause Young (Allocation Failure)
[106.153s][debug][gc,phases      ] GC(71) Scavenge 95.603ms
[106.153s][debug][gc,ref         ] GC(71) Skipped phase 1 of Reference Processing: no references
[106.153s][debug][gc,ref         ] GC(71) Skipped phase 3 of Reference Processing: no references
[106.153s][debug][gc,phases      ] GC(71) Reference Processing 0.031ms
[106.165s][debug][gc,phases      ] GC(71) Weak Processing 12.722ms
[106.165s][debug][gc,age         ] GC(71) Desired survivor size 84934656 bytes, new threshold 15 (max threshold 15)
[106.165s][info ][gc,heap        ] GC(71) PSYoungGen: 1955536K(2012672K)->26512K(2011136K) Eden: 1926656K(1926656K)->0K(1926656K) From: 28880K(86016K)->26512K(84480K)
[106.165s][info ][gc,heap        ] GC(71) ParOldGen: 305774K(338944K)->308320K(338944K)
[106.165s][info ][gc,metaspace   ] GC(71) Metaspace: 74965K(75584K)->74965K(75584K) NonClass: 64530K(64896K)->64530K(64896K) Class: 10435K(10688K)->10435K(10688K)
[106.165s][info ][gc             ] GC(71) Pause Young (Allocation Failure) 2208M->326M(2295M) 108.556ms
[106.166s][info ][gc,cpu         ] GC(71) User=0.05s Sys=0.00s Real=0.10s
[106.166s][info ][safepoint      ] Safepoint "ParallelGCFailedAllocation", Time since last: 193013892 ns, Reaching safepoint: 18887366 ns, At safepoint: 108686252 ns, Total: 127573618 ns
[107.177s][info ][safepoint      ] Safepoint "Cleanup", Time since last: 1000093558 ns, Reaching safepoint: 11254899 ns, At safepoint: 37900 ns, Total: 11292799 ns
[108.197s][info ][safepoint      ] Safepoint "Cleanup", Time since last: 1003897486 ns, Reaching safepoint: 16074241 ns, At safepoint: 31300 ns, Total: 16105541 ns
[108.237s][info ][gc,start       ] GC(72) Pause Young (Allocation Failure)
[108.325s][debug][gc,phases      ] GC(72) Scavenge 87.763ms
[108.325s][debug][gc,ref         ] GC(72) Skipped phase 1 of Reference Processing: no references
[108.325s][debug][gc,ref         ] GC(72) Skipped phase 3 of Reference Processing: no references
[108.325s][debug][gc,phases      ] GC(72) Reference Processing 0.034ms
[108.326s][debug][gc,phases      ] GC(72) Weak Processing 0.747ms
[108.326s][debug][gc,age         ] GC(72) Desired survivor size 83361792 bytes, new threshold 15 (max threshold 15)
[108.326s][info ][gc,heap        ] GC(72) PSYoungGen: 1953168K(2011136K)->26224K(2015744K) Eden: 1926656K(1926656K)->0K(1932800K) From: 26512K(84480K)->26224K(82944K)
[108.326s][info ][gc,heap        ] GC(72) ParOldGen: 308320K(338944K)->309061K(338944K)
[108.326s][info ][gc,metaspace   ] GC(72) Metaspace: 74966K(75584K)->74966K(75584K) NonClass: 64531K(64896K)->64531K(64896K) Class: 10435K(10688K)->10435K(10688K)
[108.326s][info ][gc             ] GC(72) Pause Young (Allocation Failure) 2208M->327M(2299M) 88.754ms
[108.326s][info ][gc,cpu         ] GC(72) User=0.06s Sys=0.00s Real=0.08s
[108.326s][info ][safepoint      ] Safepoint "ParallelGCFailedAllocation", Time since last: 16592145 ns, Reaching safepoint: 23437505 ns, At safepoint: 88893077 ns, Total: 112330582 ns
[109.348s][info ][safepoint      ] Safepoint "Cleanup", Time since last: 1000966753 ns, Reaching safepoint: 20840682 ns, At safepoint: 31100 ns, Total: 20871782 ns
[110.377s][info ][safepoint      ] Safepoint "Cleanup", Time since last: 1009145918 ns, Reaching safepoint: 19856173 ns, At safepoint: 42401 ns, Total: 19898574 ns
[110.990s][info ][gc,start       ] GC(73) Pause Young (Allocation Failure)
[111.088s][debug][gc,phases      ] GC(73) Scavenge 98.485ms
[111.088s][debug][gc,ref         ] GC(73) Skipped phase 1 of Reference Processing: no references
[111.088s][debug][gc,ref         ] GC(73) Skipped phase 3 of Reference Processing: no references
[111.088s][debug][gc,phases      ] GC(73) Reference Processing 0.030ms
[111.089s][debug][gc,phases      ] GC(73) Weak Processing 0.712ms
[111.089s][debug][gc,age         ] GC(73) Desired survivor size 82313216 bytes, new threshold 15 (max threshold 15)
[111.089s][info ][gc,heap        ] GC(73) PSYoungGen: 1959024K(2015744K)->22896K(2014208K) Eden: 1932800K(1932800K)->0K(1932800K) From: 26224K(82944K)->22896K(81408K)
[111.089s][info ][gc,heap        ] GC(73) ParOldGen: 309061K(338944K)->312663K(338944K)
[111.089s][info ][gc,metaspace   ] GC(73) Metaspace: 74967K(75584K)->74967K(75584K) NonClass: 64532K(64896K)->64532K(64896K) Class: 10435K(10688K)->10435K(10688K)
[111.089s][info ][gc             ] GC(73) Pause Young (Allocation Failure) 2214M->327M(2298M) 99.381ms
[111.089s][info ][gc,cpu         ] GC(73) User=0.06s Sys=0.00s Real=0.10s
[111.089s][info ][safepoint      ] Safepoint "ParallelGCFailedAllocation", Time since last: 606086093 ns, Reaching safepoint: 6944760 ns, At safepoint: 99508969 ns, Total: 106453729 ns
[112.106s][info ][safepoint      ] Safepoint "Cleanup", Time since last: 1003566458 ns, Reaching safepoint: 12607910 ns, At safepoint: 24900 ns, Total: 12632810 ns
[112.965s][info ][gc,start       ] GC(74) Pause Young (Allocation Failure)
[113.044s][debug][gc,phases      ] GC(74) Scavenge 78.743ms
[113.044s][debug][gc,ref         ] GC(74) Skipped phase 1 of Reference Processing: no references
[113.044s][debug][gc,ref         ] GC(74) Skipped phase 3 of Reference Processing: no references
[113.044s][debug][gc,phases      ] GC(74) Reference Processing 0.036ms
[113.045s][debug][gc,phases      ] GC(74) Weak Processing 0.751ms
[113.045s][debug][gc,age         ] GC(74) Desired survivor size 81264640 bytes, new threshold 15 (max threshold 15)
[113.045s][info ][gc,heap        ] GC(74) PSYoungGen: 1955696K(2014208K)->18928K(2017792K) Eden: 1932800K(1932800K)->0K(1937408K) From: 22896K(81408K)->18928K(80384K)
[113.045s][info ][gc,heap        ] GC(74) ParOldGen: 312663K(338944K)->316999K(338944K)
[113.045s][info ][gc,metaspace   ] GC(74) Metaspace: 74967K(75584K)->74967K(75584K) NonClass: 64532K(64896K)->64532K(64896K) Class: 10435K(10688K)->10435K(10688K)
[113.045s][info ][gc             ] GC(74) Pause Young (Allocation Failure) 2215M->328M(2301M) 79.694ms
[113.045s][info ][gc,cpu         ] GC(74) User=0.06s Sys=0.00s Real=0.08s
[113.045s][info ][safepoint      ] Safepoint "ParallelGCFailedAllocation", Time since last: 828351323 ns, Reaching safepoint: 31159372 ns, At safepoint: 79853396 ns, Total: 111012768 ns
[114.093s][info ][safepoint      ] Safepoint "Cleanup", Time since last: 1000108015 ns, Reaching safepoint: 47910118 ns, At safepoint: 29500 ns, Total: 47939618 ns
[115.105s][info ][safepoint      ] Safepoint "Cleanup", Time since last: 1002410228 ns, Reaching safepoint: 9693584 ns, At safepoint: 37501 ns, Total: 9731085 ns
[115.179s][info ][gc,start       ] GC(75) Pause Young (Allocation Failure)
[115.238s][debug][gc,phases      ] GC(75) Scavenge 58.946ms
[115.238s][debug][gc,ref         ] GC(75) Skipped phase 1 of Reference Processing: no references
[115.238s][debug][gc,ref         ] GC(75) Skipped phase 3 of Reference Processing: no references
[115.238s][debug][gc,phases      ] GC(75) Reference Processing 0.029ms
[115.239s][debug][gc,phases      ] GC(75) Weak Processing 0.648ms
[115.239s][debug][gc,age         ] GC(75) Desired survivor size 80216064 bytes, new threshold 15 (max threshold 15)
[115.239s][info ][gc,heap        ] GC(75) PSYoungGen: 1956336K(2017792K)->16848K(2016768K) Eden: 1937408K(1937408K)->0K(1937408K) From: 18928K(80384K)->16848K(79360K)
[115.239s][info ][gc,heap        ] GC(75) ParOldGen: 316999K(338944K)->319485K(338944K)
[115.239s][info ][gc,metaspace   ] GC(75) Metaspace: 74967K(75584K)->74967K(75584K) NonClass: 64532K(64896K)->64532K(64896K) Class: 10435K(10688K)->10435K(10688K)
[115.239s][info ][gc             ] GC(75) Pause Young (Allocation Failure) 2220M->328M(2300M) 59.777ms
[115.239s][info ][gc,cpu         ] GC(75) User=0.06s Sys=0.00s Real=0.06s
[115.239s][info ][safepoint      ] Safepoint "ParallelGCFailedAllocation", Time since last: 59803720 ns, Reaching safepoint: 13879021 ns, At safepoint: 59899521 ns, Total: 73778542 ns
[116.273s][info ][safepoint      ] Safepoint "Cleanup", Time since last: 1006231954 ns, Reaching safepoint: 28075744 ns, At safepoint: 26501 ns, Total: 28102245 ns
[117.305s][info ][safepoint      ] Safepoint "Cleanup", Time since last: 1000125394 ns, Reaching safepoint: 31812877 ns, At safepoint: 37100 ns, Total: 31849977 ns
[118.024s][info ][gc,start       ] GC(76) Pause Young (Allocation Failure)
[118.083s][debug][gc,phases      ] GC(76) Scavenge 59.235ms
[118.083s][debug][gc,ref         ] GC(76) Skipped phase 1 of Reference Processing: no references
[118.083s][debug][gc,ref         ] GC(76) Skipped phase 3 of Reference Processing: no references
[118.083s][debug][gc,phases      ] GC(76) Reference Processing 0.028ms
[118.084s][debug][gc,phases      ] GC(76) Weak Processing 0.703ms
[118.084s][debug][gc,age         ] GC(76) Desired survivor size 78643200 bytes, new threshold 15 (max threshold 15)
[118.084s][info ][gc,heap        ] GC(76) PSYoungGen: 1954256K(2016768K)->16288K(2020352K) Eden: 1937408K(1937408K)->0K(1942016K) From: 16848K(79360K)->16288K(78336K)
[118.084s][info ][gc,heap        ] GC(76) ParOldGen: 319485K(338944K)->320365K(338944K)
[118.084s][info ][gc,metaspace   ] GC(76) Metaspace: 74968K(75584K)->74968K(75584K) NonClass: 64533K(64896K)->64533K(64896K) Class: 10435K(10688K)->10435K(10688K)
[118.084s][info ][gc             ] GC(76) Pause Young (Allocation Failure) 2220M->328M(2304M) 60.127ms
[118.084s][info ][gc,cpu         ] GC(76) User=0.05s Sys=0.01s Real=0.06s
[118.084s][info ][safepoint      ] Safepoint "ParallelGCFailedAllocation", Time since last: 691312507 ns, Reaching safepoint: 27819841 ns, At safepoint: 60262824 ns, Total: 88082665 ns
[119.933s][info ][gc,start       ] GC(77) Pause Young (Allocation Failure)
[119.980s][debug][gc,phases      ] GC(77) Scavenge 46.620ms
[119.980s][debug][gc,ref         ] GC(77) Skipped phase 1 of Reference Processing: no references
[119.980s][debug][gc,ref         ] GC(77) Skipped phase 3 of Reference Processing: no references
[119.980s][debug][gc,phases      ] GC(77) Reference Processing 0.033ms
[119.980s][debug][gc,phases      ] GC(77) Weak Processing 0.695ms
[119.980s][debug][gc,age         ] GC(77) Desired survivor size 77070336 bytes, new threshold 15 (max threshold 15)
[119.980s][info ][gc,heap        ] GC(77) PSYoungGen: 1958304K(2020352K)->15856K(2018816K) Eden: 1942016K(1942016K)->0K(1942016K) From: 16288K(78336K)->15856K(76800K)
[119.980s][info ][gc,heap        ] GC(77) ParOldGen: 320365K(338944K)->321317K(338944K)
[119.980s][info ][gc,metaspace   ] GC(77) Metaspace: 74971K(75584K)->74971K(75584K) NonClass: 64535K(64896K)->64535K(64896K) Class: 10435K(10688K)->10435K(10688K)
[119.981s][info ][gc             ] GC(77) Pause Young (Allocation Failure) 2225M->329M(2302M) 47.547ms
[119.981s][info ][gc,cpu         ] GC(77) User=0.04s Sys=0.01s Real=0.05s
[119.981s][info ][safepoint      ] Safepoint "ParallelGCFailedAllocation", Time since last: 1832338003 ns, Reaching safepoint: 16219241 ns, At safepoint: 47684014 ns, Total: 63903255 ns
[121.013s][info ][safepoint      ] Safepoint "Cleanup", Time since last: 1008274641 ns, Reaching safepoint: 24066009 ns, At safepoint: 38100 ns, Total: 24104109 ns
[121.353s][info ][gc,start       ] GC(78) Pause Young (Allocation Failure)
[121.393s][debug][gc,phases      ] GC(78) Scavenge 40.212ms
[121.393s][debug][gc,ref         ] GC(78) Skipped phase 1 of Reference Processing: no references
[121.393s][debug][gc,ref         ] GC(78) Skipped phase 3 of Reference Processing: no references
[121.393s][debug][gc,phases      ] GC(78) Reference Processing 0.029ms
[121.394s][debug][gc,phases      ] GC(78) Weak Processing 0.761ms
[121.394s][debug][gc,age         ] GC(78) Desired survivor size 76021760 bytes, new threshold 15 (max threshold 15)
[121.394s][info ][gc,heap        ] GC(78) PSYoungGen: 1957872K(2018816K)->10848K(2022912K) Eden: 1942016K(1942016K)->0K(1947648K) From: 15856K(76800K)->10848K(75264K)
[121.394s][info ][gc,heap        ] GC(78) ParOldGen: 321317K(338944K)->326861K(338944K)
[121.394s][info ][gc,metaspace   ] GC(78) Metaspace: 74971K(75584K)->74971K(75584K) NonClass: 64535K(64896K)->64535K(64896K) Class: 10435K(10688K)->10435K(10688K)
[121.394s][info ][gc             ] GC(78) Pause Young (Allocation Failure) 2225M->329M(2306M) 41.162ms
[121.394s][info ][gc,cpu         ] GC(78) User=0.06s Sys=0.00s Real=0.04s
[121.394s][debug][gc,phases      ] GC(79) Pre Compact 0.017ms
[121.394s][info ][gc,start       ] GC(79) Pause Full (Ergonomics)
[121.394s][info ][gc,phases,start] GC(79) Marking Phase
[121.671s][debug][gc,phases      ] GC(79) Par Mark 276.715ms
[121.671s][debug][gc,ref         ] GC(79) Skipped phase 1 of Reference Processing: no references
[121.671s][debug][gc,ref         ] GC(79) Skipped phase 3 of Reference Processing: no references
[121.671s][debug][gc,phases      ] GC(79) Reference Processing 0.453ms
[121.672s][debug][gc,phases      ] GC(79) Weak Processing 0.814ms
[121.672s][debug][gc,phases      ] GC(79) ClassLoaderData 0.067ms
[121.672s][debug][gc,phases      ] GC(79) Trigger cleanups 0.000ms
[121.692s][debug][gc,phases      ] GC(79) Class Unloading 19.221ms
[121.692s][info ][gc,phases      ] GC(79) Marking Phase 297.382ms
[121.692s][info ][gc,phases,start] GC(79) Summary Phase
[121.692s][info ][gc,phases      ] GC(79) Summary Phase 0.020ms
[121.692s][info ][gc,phases,start] GC(79) Adjust Roots
[121.713s][info ][gc,phases      ] GC(79) Adjust Roots 21.534ms
[121.713s][info ][gc,phases,start] GC(79) Compaction Phase
[121.930s][info ][gc,phases      ] GC(79) Compaction Phase 216.468ms
[121.930s][info ][gc,phases,start] GC(79) Post Compact
[121.931s][info ][gc,phases      ] GC(79) Post Compact 1.041ms
[121.931s][info ][gc,heap        ] GC(79) PSYoungGen: 10848K(2022912K)->0K(2021888K) Eden: 0K(1947648K)->0K(1947648K) From: 10848K(75264K)->0K(74240K)
[121.931s][info ][gc,heap        ] GC(79) ParOldGen: 326861K(338944K)->307812K(381440K)
[121.931s][info ][gc,metaspace   ] GC(79) Metaspace: 74971K(75584K)->74971K(75584K) NonClass: 64535K(64896K)->64535K(64896K) Class: 10435K(10688K)->10435K(10688K)
[121.931s][info ][gc             ] GC(79) Pause Full (Ergonomics) 329M->300M(2347M) 536.772ms
[121.931s][info ][gc,cpu         ] GC(79) User=1.04s Sys=0.00s Real=0.54s
[121.931s][info ][safepoint      ] Safepoint "ParallelGCFailedAllocation", Time since last: 329073551 ns, Reaching safepoint: 10862195 ns, At safepoint: 578170709 ns, Total: 589032904 ns
[122.945s][info ][safepoint      ] Safepoint "Cleanup", Time since last: 1000090458 ns, Reaching safepoint: 13759419 ns, At safepoint: 27401 ns, Total: 13786820 ns
[123.169s][info ][gc,start       ] GC(80) Pause Young (Allocation Failure)
[123.182s][debug][gc,phases      ] GC(80) Scavenge 12.964ms
[123.182s][debug][gc,ref         ] GC(80) Skipped phase 1 of Reference Processing: no references
[123.182s][debug][gc,ref         ] GC(80) Skipped phase 2 of Reference Processing: no references
[123.182s][debug][gc,ref         ] GC(80) Skipped phase 3 of Reference Processing: no references
[123.182s][debug][gc,ref         ] GC(80) Skipped phase 4 of Reference Processing: no references
[123.182s][debug][gc,phases      ] GC(80) Reference Processing 0.030ms
[123.183s][debug][gc,phases      ] GC(80) Weak Processing 0.726ms
[123.183s][debug][gc,age         ] GC(80) Desired survivor size 76021760 bytes, new threshold 15 (max threshold 15)
[123.183s][info ][gc,heap        ] GC(80) PSYoungGen: 1947648K(2021888K)->1024K(2022912K) Eden: 1947648K(1947648K)->0K(1948672K) From: 0K(74240K)->1024K(74240K)
[123.183s][info ][gc,heap        ] GC(80) ParOldGen: 307812K(381440K)->307812K(381440K)
[123.183s][info ][gc,metaspace   ] GC(80) Metaspace: 74976K(75584K)->74976K(75584K) NonClass: 64540K(64896K)->64540K(64896K) Class: 10435K(10688K)->10435K(10688K)
[123.183s][info ][gc             ] GC(80) Pause Young (Allocation Failure) 2202M->301M(2348M) 13.903ms
[123.183s][info ][gc,cpu         ] GC(80) User=0.01s Sys=0.00s Real=0.01s
[123.183s][info ][safepoint      ] Safepoint "ParallelGCFailedAllocation", Time since last: 214029452 ns, Reaching safepoint: 9925486 ns, At safepoint: 14034221 ns, Total: 23959707 ns
[124.219s][info ][safepoint      ] Safepoint "Cleanup", Time since last: 1000079551 ns, Reaching safepoint: 35701108 ns, At safepoint: 37901 ns, Total: 35739009 ns
[124.397s][info ][gc,start       ] GC(81) Pause Young (Allocation Failure)
[124.405s][debug][gc,phases      ] GC(81) Scavenge 8.048ms
[124.405s][debug][gc,ref         ] GC(81) Skipped phase 1 of Reference Processing: no references
[124.405s][debug][gc,ref         ] GC(81) Skipped phase 2 of Reference Processing: no references
[124.405s][debug][gc,ref         ] GC(81) Skipped phase 3 of Reference Processing: no references
[124.405s][debug][gc,ref         ] GC(81) Skipped phase 4 of Reference Processing: no references
[124.405s][debug][gc,phases      ] GC(81) Reference Processing 0.030ms
[124.406s][debug][gc,phases      ] GC(81) Weak Processing 0.704ms
[124.406s][debug][gc,age         ] GC(81) Desired survivor size 75497472 bytes, new threshold 15 (max threshold 15)
[124.406s][info ][gc,heap        ] GC(81) PSYoungGen: 1949696K(2022912K)->1728K(2022912K) Eden: 1948672K(1948672K)->0K(1948672K) From: 1024K(74240K)->1728K(74240K)
[124.406s][info ][gc,heap        ] GC(81) ParOldGen: 307812K(381440K)->307812K(381440K)
[124.406s][info ][gc,metaspace   ] GC(81) Metaspace: 74976K(75584K)->74976K(75584K) NonClass: 64541K(64896K)->64541K(64896K) Class: 10435K(10688K)->10435K(10688K)
[124.406s][info ][gc             ] GC(81) Pause Young (Allocation Failure) 2204M->302M(2348M) 8.942ms
[124.406s][info ][gc,cpu         ] GC(81) User=0.01s Sys=0.00s Real=0.00s
[124.406s][info ][safepoint      ] Safepoint "ParallelGCFailedAllocation", Time since last: 160271185 ns, Reaching safepoint: 17872355 ns, At safepoint: 9066778 ns, Total: 26939133 ns
[125.425s][info ][safepoint      ] Safepoint "Cleanup", Time since last: 1002921868 ns, Reaching safepoint: 16279740 ns, At safepoint: 32601 ns, Total: 16312341 ns
[125.629s][info ][gc,start       ] GC(82) Pause Young (Allocation Failure)
[125.646s][debug][gc,phases      ] GC(82) Scavenge 17.210ms
[125.646s][debug][gc,ref         ] GC(82) Skipped phase 1 of Reference Processing: no references
[125.646s][debug][gc,ref         ] GC(82) Skipped phase 2 of Reference Processing: no references
[125.646s][debug][gc,ref         ] GC(82) Skipped phase 3 of Reference Processing: no references
[125.646s][debug][gc,ref         ] GC(82) Skipped phase 4 of Reference Processing: no references
[125.646s][debug][gc,phases      ] GC(82) Reference Processing 0.031ms
[125.647s][debug][gc,phases      ] GC(82) Weak Processing 0.695ms
[125.647s][debug][gc,age         ] GC(82) Desired survivor size 73924608 bytes, new threshold 15 (max threshold 15)
[125.647s][info ][gc,heap        ] GC(82) PSYoungGen: 1950400K(2022912K)->3136K(2024960K) Eden: 1948672K(1948672K)->0K(1951232K) From: 1728K(74240K)->3136K(73728K)
[125.647s][info ][gc,heap        ] GC(82) ParOldGen: 307812K(381440K)->307812K(381440K)
[125.647s][info ][gc,metaspace   ] GC(82) Metaspace: 74980K(75584K)->74980K(75584K) NonClass: 64544K(64896K)->64544K(64896K) Class: 10435K(10688K)->10435K(10688K)
[125.647s][info ][gc             ] GC(82) Pause Young (Allocation Failure) 2205M->303M(2350M) 18.118ms
[125.647s][info ][gc,cpu         ] GC(82) User=0.01s Sys=0.00s Real=0.01s
[125.647s][info ][safepoint      ] Safepoint "ParallelGCFailedAllocation", Time since last: 176100821 ns, Reaching safepoint: 27601138 ns, At safepoint: 18256958 ns, Total: 45858096 ns
[126.647s][info ][safepoint      ] Safepoint "Cleanup", Time since last: 1000089836 ns, Reaching safepoint: 141701 ns, At safepoint: 11500 ns, Total: 153201 ns
[127.648s][info ][safepoint      ] Safepoint "Cleanup", Time since last: 1000132130 ns, Reaching safepoint: 99901 ns, At safepoint: 17600 ns, Total: 117501 ns
[128.648s][info ][safepoint      ] Safepoint "Cleanup", Time since last: 1000141523 ns, Reaching safepoint: 72201 ns, At safepoint: 8400 ns, Total: 80601 ns
[129.648s][info ][safepoint      ] Safepoint "Cleanup", Time since last: 1000128817 ns, Reaching safepoint: 77701 ns, At safepoint: 8300 ns, Total: 86001 ns
[130.648s][info ][safepoint      ] Safepoint "Cleanup", Time since last: 1000063810 ns, Reaching safepoint: 76601 ns, At safepoint: 4300 ns, Total: 80901 ns
[131.648s][info ][safepoint      ] Safepoint "Cleanup", Time since last: 1000099105 ns, Reaching safepoint: 55000 ns, At safepoint: 7400 ns, Total: 62400 ns
[132.649s][info ][safepoint      ] Safepoint "Cleanup", Time since last: 1000096399 ns, Reaching safepoint: 67100 ns, At safepoint: 5600 ns, Total: 72700 ns
[133.649s][info ][safepoint      ] Safepoint "Cleanup", Time since last: 1000107793 ns, Reaching safepoint: 76101 ns, At safepoint: 9400 ns, Total: 85501 ns
[134.649s][info ][safepoint      ] Safepoint "Cleanup", Time since last: 1000097486 ns, Reaching safepoint: 56400 ns, At safepoint: 9900 ns, Total: 66300 ns
[135.649s][info ][safepoint      ] Safepoint "Cleanup", Time since last: 1000098981 ns, Reaching safepoint: 65700 ns, At safepoint: 8300 ns, Total: 74000 ns
[136.649s][info ][safepoint      ] Safepoint "Cleanup", Time since last: 1000105774 ns, Reaching safepoint: 65101 ns, At safepoint: 4400 ns, Total: 69501 ns
[137.649s][info ][safepoint      ] Safepoint "Cleanup", Time since last: 1000096468 ns, Reaching safepoint: 57800 ns, At safepoint: 8700 ns, Total: 66500 ns
[138.651s][info ][safepoint      ] Safepoint "Cleanup", Time since last: 1001057071 ns, Reaching safepoint: 65000 ns, At safepoint: 4100 ns, Total: 69100 ns
[139.651s][info ][safepoint      ] Safepoint "Cleanup", Time since last: 1000109256 ns, Reaching safepoint: 65701 ns, At safepoint: 4000 ns, Total: 69701 ns
[140.651s][info ][safepoint      ] Safepoint "Cleanup", Time since last: 1000108749 ns, Reaching safepoint: 59101 ns, At safepoint: 6300 ns, Total: 65401 ns
[141.651s][info ][safepoint      ] Safepoint "Cleanup", Time since last: 1000098944 ns, Reaching safepoint: 57600 ns, At safepoint: 8900 ns, Total: 66500 ns
[142.651s][info ][safepoint      ] Safepoint "Cleanup", Time since last: 1000122238 ns, Reaching safepoint: 91301 ns, At safepoint: 7500 ns, Total: 98801 ns
[143.652s][info ][safepoint      ] Safepoint "Cleanup", Time since last: 1000144332 ns, Reaching safepoint: 71101 ns, At safepoint: 11300 ns, Total: 82401 ns
[144.652s][info ][safepoint      ] Safepoint "Cleanup", Time since last: 1000140426 ns, Reaching safepoint: 97801 ns, At safepoint: 11700 ns, Total: 109501 ns
[146.476s][info ][safepoint      ] Safepoint "Cleanup", Time since last: 1823658131 ns, Reaching safepoint: 119701 ns, At safepoint: 9700 ns, Total: 129401 ns
[147.476s][info ][safepoint      ] Safepoint "Cleanup", Time since last: 1000118809 ns, Reaching safepoint: 62600 ns, At safepoint: 8200 ns, Total: 70800 ns
[148.476s][info ][safepoint      ] Safepoint "Cleanup", Time since last: 1000106703 ns, Reaching safepoint: 54101 ns, At safepoint: 17300 ns, Total: 71401 ns
[149.476s][info ][safepoint      ] Safepoint "Cleanup", Time since last: 1000105897 ns, Reaching safepoint: 44400 ns, At safepoint: 3700 ns, Total: 48100 ns
[150.476s][info ][safepoint      ] Safepoint "Cleanup", Time since last: 1000108091 ns, Reaching safepoint: 72901 ns, At safepoint: 10100 ns, Total: 83001 ns
[151.476s][info ][safepoint      ] Safepoint "Cleanup", Time since last: 1000108185 ns, Reaching safepoint: 53500 ns, At safepoint: 14701 ns, Total: 68201 ns
[152.477s][info ][safepoint      ] Safepoint "Cleanup", Time since last: 1000100079 ns, Reaching safepoint: 63600 ns, At safepoint: 12300 ns, Total: 75900 ns
[153.959s][info ][safepoint      ] Safepoint "Cleanup", Time since last: 1481949254 ns, Reaching safepoint: 52501 ns, At safepoint: 10800 ns, Total: 63301 ns
[154.959s][info ][safepoint      ] Safepoint "Cleanup", Time since last: 1000107764 ns, Reaching safepoint: 69701 ns, At safepoint: 6800 ns, Total: 76501 ns
[155.959s][info ][safepoint      ] Safepoint "Cleanup", Time since last: 1000106259 ns, Reaching safepoint: 58100 ns, At safepoint: 6900 ns, Total: 65000 ns
[156.959s][info ][safepoint      ] Safepoint "Cleanup", Time since last: 1000110553 ns, Reaching safepoint: 46300 ns, At safepoint: 6401 ns, Total: 52701 ns
[157.959s][info ][safepoint      ] Safepoint "Cleanup", Time since last: 1000100046 ns, Reaching safepoint: 42501 ns, At safepoint: 5400 ns, Total: 47901 ns
[158.959s][info ][safepoint      ] Safepoint "Cleanup", Time since last: 1000102341 ns, Reaching safepoint: 59300 ns, At safepoint: 8000 ns, Total: 67300 ns
[159.960s][info ][safepoint      ] Safepoint "Cleanup", Time since last: 1000112236 ns, Reaching safepoint: 58900 ns, At safepoint: 13500 ns, Total: 72400 ns
[160.960s][info ][safepoint      ] Safepoint "Cleanup", Time since last: 1000105830 ns, Reaching safepoint: 50200 ns, At safepoint: 6900 ns, Total: 57100 ns
[162.960s][info ][safepoint      ] Safepoint "Cleanup", Time since last: 2000172241 ns, Reaching safepoint: 45301 ns, At safepoint: 3400 ns, Total: 48701 ns
[163.960s][info ][safepoint      ] Safepoint "Cleanup", Time since last: 1000099912 ns, Reaching safepoint: 47000 ns, At safepoint: 3600 ns, Total: 50600 ns
[164.960s][info ][safepoint      ] Safepoint "Cleanup", Time since last: 1000111807 ns, Reaching safepoint: 49500 ns, At safepoint: 18400 ns, Total: 67900 ns
[165.961s][info ][safepoint      ] Safepoint "Cleanup", Time since last: 1000100801 ns, Reaching safepoint: 56300 ns, At safepoint: 6300 ns, Total: 62600 ns
[166.961s][info ][safepoint      ] Safepoint "Cleanup", Time since last: 1000098895 ns, Reaching safepoint: 51000 ns, At safepoint: 2800 ns, Total: 53800 ns
[167.961s][info ][safepoint      ] Safepoint "Cleanup", Time since last: 1000082089 ns, Reaching safepoint: 51901 ns, At safepoint: 19500 ns, Total: 71401 ns
[168.961s][info ][safepoint      ] Safepoint "Cleanup", Time since last: 1000105983 ns, Reaching safepoint: 47101 ns, At safepoint: 7800 ns, Total: 54901 ns
[169.961s][info ][safepoint      ] Safepoint "Cleanup", Time since last: 1000112277 ns, Reaching safepoint: 62201 ns, At safepoint: 6400 ns, Total: 68601 ns
[170.961s][info ][safepoint      ] Safepoint "Cleanup", Time since last: 1000115472 ns, Reaching safepoint: 62900 ns, At safepoint: 11001 ns, Total: 73901 ns
[171.961s][info ][safepoint      ] Safepoint "Cleanup", Time since last: 1000055765 ns, Reaching safepoint: 53701 ns, At safepoint: 5500 ns, Total: 59201 ns
[173.962s][info ][safepoint      ] Safepoint "Cleanup", Time since last: 2000174815 ns, Reaching safepoint: 42200 ns, At safepoint: 2900 ns, Total: 45100 ns
[174.962s][info ][safepoint      ] Safepoint "Cleanup", Time since last: 1000049649 ns, Reaching safepoint: 95801 ns, At safepoint: 8100 ns, Total: 103901 ns
[175.962s][info ][safepoint      ] Safepoint "Cleanup", Time since last: 1000063843 ns, Reaching safepoint: 44801 ns, At safepoint: 7100 ns, Total: 51901 ns
[176.962s][info ][safepoint      ] Safepoint "Cleanup", Time since last: 1000081737 ns, Reaching safepoint: 61701 ns, At safepoint: 5300 ns, Total: 67001 ns
[177.962s][info ][safepoint      ] Safepoint "Cleanup", Time since last: 1000131732 ns, Reaching safepoint: 48501 ns, At safepoint: 8600 ns, Total: 57101 ns
[179.963s][info ][safepoint      ] Safepoint "Cleanup", Time since last: 2000169547 ns, Reaching safepoint: 53601 ns, At safepoint: 10400 ns, Total: 64001 ns
[180.963s][info ][safepoint      ] Safepoint "Cleanup", Time since last: 1000124715 ns, Reaching safepoint: 42101 ns, At safepoint: 6800 ns, Total: 48901 ns
[181.963s][info ][safepoint      ] Safepoint "Cleanup", Time since last: 1000103510 ns, Reaching safepoint: 46300 ns, At safepoint: 2900 ns, Total: 49200 ns
[182.963s][info ][safepoint      ] Safepoint "Cleanup", Time since last: 1000103004 ns, Reaching safepoint: 57401 ns, At safepoint: 6700 ns, Total: 64101 ns
[183.963s][info ][safepoint      ] Safepoint "Cleanup", Time since last: 1000118199 ns, Reaching safepoint: 71800 ns, At safepoint: 10100 ns, Total: 81900 ns
[184.963s][info ][safepoint      ] Safepoint "Cleanup", Time since last: 1000119994 ns, Reaching safepoint: 54400 ns, At safepoint: 3600 ns, Total: 58000 ns
[185.964s][info ][safepoint      ] Safepoint "Cleanup", Time since last: 1000108788 ns, Reaching safepoint: 46600 ns, At safepoint: 2900 ns, Total: 49500 ns
[186.964s][info ][safepoint      ] Safepoint "Cleanup", Time since last: 1000121983 ns, Reaching safepoint: 50000 ns, At safepoint: 3100 ns, Total: 53100 ns
[187.964s][info ][safepoint      ] Safepoint "Cleanup", Time since last: 1000101977 ns, Reaching safepoint: 62500 ns, At safepoint: 12200 ns, Total: 74700 ns
[188.964s][info ][safepoint      ] Safepoint "Cleanup", Time since last: 1000106971 ns, Reaching safepoint: 76501 ns, At safepoint: 6400 ns, Total: 82901 ns
[189.964s][info ][safepoint      ] Safepoint "Cleanup", Time since last: 1000112466 ns, Reaching safepoint: 87401 ns, At safepoint: 10000 ns, Total: 97401 ns
[190.965s][info ][safepoint      ] Safepoint "Cleanup", Time since last: 1000108560 ns, Reaching safepoint: 56400 ns, At safepoint: 4200 ns, Total: 60600 ns
[191.965s][info ][safepoint      ] Safepoint "Cleanup", Time since last: 1000116255 ns, Reaching safepoint: 52801 ns, At safepoint: 3700 ns, Total: 56501 ns
[192.965s][info ][safepoint      ] Safepoint "Cleanup", Time since last: 1000111449 ns, Reaching safepoint: 50500 ns, At safepoint: 9700 ns, Total: 60200 ns
[193.965s][info ][safepoint      ] Safepoint "Cleanup", Time since last: 1000104844 ns, Reaching safepoint: 50700 ns, At safepoint: 9101 ns, Total: 59801 ns
[194.965s][info ][safepoint      ] Safepoint "Cleanup", Time since last: 1000100238 ns, Reaching safepoint: 47300 ns, At safepoint: 14000 ns, Total: 61300 ns
[195.965s][info ][safepoint      ] Safepoint "Cleanup", Time since last: 1000102133 ns, Reaching safepoint: 52101 ns, At safepoint: 4900 ns, Total: 57001 ns
[198.966s][info ][safepoint      ] Safepoint "Cleanup", Time since last: 3000164865 ns, Reaching safepoint: 53700 ns, At safepoint: 7500 ns, Total: 61200 ns
[200.966s][info ][safepoint      ] Safepoint "Cleanup", Time since last: 2000177417 ns, Reaching safepoint: 65100 ns, At safepoint: 10000 ns, Total: 75100 ns
[203.966s][info ][safepoint      ] Safepoint "Cleanup", Time since last: 3000242485 ns, Reaching safepoint: 40701 ns, At safepoint: 4900 ns, Total: 45601 ns
[204.966s][info ][safepoint      ] Safepoint "Cleanup", Time since last: 1000110384 ns, Reaching safepoint: 55201 ns, At safepoint: 8100 ns, Total: 63301 ns
[205.966s][info ][safepoint      ] Safepoint "Cleanup", Time since last: 1000107179 ns, Reaching safepoint: 73400 ns, At safepoint: 3801 ns, Total: 77201 ns
[206.967s][info ][safepoint      ] Safepoint "Cleanup", Time since last: 1000098573 ns, Reaching safepoint: 49201 ns, At safepoint: 6800 ns, Total: 56001 ns
[208.967s][info ][safepoint      ] Safepoint "Cleanup", Time since last: 2000125631 ns, Reaching safepoint: 66100 ns, At safepoint: 10800 ns, Total: 76900 ns
[212.967s][info ][safepoint      ] Safepoint "Cleanup", Time since last: 4000303400 ns, Reaching safepoint: 58600 ns, At safepoint: 8400 ns, Total: 67000 ns
[213.967s][info ][safepoint      ] Safepoint "Cleanup", Time since last: 1000136437 ns, Reaching safepoint: 52901 ns, At safepoint: 11100 ns, Total: 64001 ns
[214.968s][info ][safepoint      ] Safepoint "Cleanup", Time since last: 1000121932 ns, Reaching safepoint: 33900 ns, At safepoint: 3700 ns, Total: 37600 ns
[216.968s][info ][safepoint      ] Safepoint "Cleanup", Time since last: 2000170847 ns, Reaching safepoint: 52501 ns, At safepoint: 16800 ns, Total: 69301 ns
[217.968s][info ][safepoint      ] Safepoint "Cleanup", Time since last: 1000125316 ns, Reaching safepoint: 61101 ns, At safepoint: 7700 ns, Total: 68801 ns
[218.968s][info ][safepoint      ] Safepoint "Cleanup", Time since last: 1000074110 ns, Reaching safepoint: 49101 ns, At safepoint: 7200 ns, Total: 56301 ns
[219.968s][info ][safepoint      ] Safepoint "Cleanup", Time since last: 1000078905 ns, Reaching safepoint: 50500 ns, At safepoint: 11201 ns, Total: 61701 ns
[220.968s][info ][safepoint      ] Safepoint "Cleanup", Time since last: 1000118200 ns, Reaching safepoint: 45400 ns, At safepoint: 2801 ns, Total: 48201 ns
[221.969s][info ][safepoint      ] Safepoint "Cleanup", Time since last: 1000106895 ns, Reaching safepoint: 57200 ns, At safepoint: 6800 ns, Total: 64000 ns
[222.969s][info ][safepoint      ] Safepoint "Cleanup", Time since last: 1000105591 ns, Reaching safepoint: 60500 ns, At safepoint: 7900 ns, Total: 68400 ns
[223.969s][info ][safepoint      ] Safepoint "Cleanup", Time since last: 1000088985 ns, Reaching safepoint: 52300 ns, At safepoint: 5500 ns, Total: 57800 ns
[224.969s][info ][safepoint      ] Safepoint "Cleanup", Time since last: 1000109480 ns, Reaching safepoint: 61501 ns, At safepoint: 5400 ns, Total: 66901 ns
[227.969s][info ][safepoint      ] Safepoint "Cleanup", Time since last: 3000245608 ns, Reaching safepoint: 53901 ns, At safepoint: 3200 ns, Total: 57101 ns
[228.976s][info ][safepoint      ] Safepoint "ICBufferFull", Time since last: 1006187108 ns, Reaching safepoint: 182102 ns, At safepoint: 10700 ns, Total: 192802 ns
[230.976s][info ][safepoint      ] Safepoint "Cleanup", Time since last: 2000152803 ns, Reaching safepoint: 49900 ns, At safepoint: 6100 ns, Total: 56000 ns
[237.977s][info ][safepoint      ] Safepoint "Cleanup", Time since last: 7000473302 ns, Reaching safepoint: 82201 ns, At safepoint: 9100 ns, Total: 91301 ns
[253.978s][info ][safepoint      ] Safepoint "Cleanup", Time since last: 16000955146 ns, Reaching safepoint: 54401 ns, At safepoint: 7600 ns, Total: 62001 ns
[289.980s][info ][safepoint      ] Safepoint "Cleanup", Time since last: 36002291309 ns, Reaching safepoint: 60601 ns, At safepoint: 2700 ns, Total: 63301 ns
[299.981s][info ][safepoint      ] Safepoint "Cleanup", Time since last: 10000724320 ns, Reaching safepoint: 58300 ns, At safepoint: 7800 ns, Total: 66100 ns
[301.981s][info ][safepoint      ] Safepoint "Cleanup", Time since last: 2000167831 ns, Reaching safepoint: 49301 ns, At safepoint: 13200 ns, Total: 62501 ns
[303.981s][info ][safepoint      ] Safepoint "Cleanup", Time since last: 2000168113 ns, Reaching safepoint: 49400 ns, At safepoint: 3600 ns, Total: 53000 ns
[307.982s][info ][safepoint      ] Safepoint "Cleanup", Time since last: 4000313474 ns, Reaching safepoint: 58801 ns, At safepoint: 8200 ns, Total: 67001 ns
[308.982s][info ][safepoint      ] Safepoint "Cleanup", Time since last: 1000115582 ns, Reaching safepoint: 47901 ns, At safepoint: 3800 ns, Total: 51701 ns
[313.982s][info ][safepoint      ] Safepoint "Cleanup", Time since last: 5000394247 ns, Reaching safepoint: 55101 ns, At safepoint: 10400 ns, Total: 65501 ns
[319.983s][info ][safepoint      ] Safepoint "Cleanup", Time since last: 6000472975 ns, Reaching safepoint: 55701 ns, At safepoint: 7600 ns, Total: 63301 ns
[326.983s][info ][safepoint      ] Safepoint "Cleanup", Time since last: 7000533927 ns, Reaching safepoint: 50800 ns, At safepoint: 8801 ns, Total: 59601 ns
[351.985s][info ][safepoint      ] Safepoint "Cleanup", Time since last: 25001896296 ns, Reaching safepoint: 62700 ns, At safepoint: 9500 ns, Total: 72200 ns
[359.986s][info ][safepoint      ] Safepoint "Cleanup", Time since last: 8000555481 ns, Reaching safepoint: 82401 ns, At safepoint: 9900 ns, Total: 92301 ns
[393.988s][info ][safepoint      ] Safepoint "Cleanup", Time since last: 34002067631 ns, Reaching safepoint: 73000 ns, At safepoint: 3800 ns, Total: 76800 ns
[396.988s][info ][safepoint      ] Safepoint "Cleanup", Time since last: 3000225104 ns, Reaching safepoint: 50300 ns, At safepoint: 8400 ns, Total: 58700 ns
[427.990s][info ][safepoint      ] Safepoint "Cleanup", Time since last: 31001860471 ns, Reaching safepoint: 44100 ns, At safepoint: 3200 ns, Total: 47300 ns
[431.991s][info ][safepoint      ] Safepoint "Cleanup", Time since last: 4000322448 ns, Reaching safepoint: 45201 ns, At safepoint: 3300 ns, Total: 48501 ns
[436.991s][info ][safepoint      ] Safepoint "Cleanup", Time since last: 5000358783 ns, Reaching safepoint: 51400 ns, At safepoint: 4800 ns, Total: 56200 ns
[492.995s][info ][safepoint      ] Safepoint "Cleanup", Time since last: 56003510016 ns, Reaching safepoint: 41300 ns, At safepoint: 2700 ns, Total: 44000 ns
[580.860s][info ][safepoint      ] Safepoint "Cleanup", Time since last: 87865800914 ns, Reaching safepoint: 36100 ns, At safepoint: 7500 ns, Total: 43600 ns
[580.871s][info ][gc,heap,exit   ] Heap
[580.871s][info ][gc,heap,exit   ]  PSYoungGen      total 2024960K, used 1373888K [0x0000000780000000, 0x0000000800000000, 0x0000000800000000)
[580.871s][info ][gc,heap,exit   ]   eden space 1951232K, 70% used [0x0000000780000000,0x00000007d3aa0090,0x00000007f7180000)
[580.871s][info ][gc,heap,exit   ]   from space 73728K, 4% used [0x00000007fb800000,0x00000007fbb10048,0x0000000800000000)
[580.871s][info ][gc,heap,exit   ]   to   space 72192K, 0% used [0x00000007f7180000,0x00000007f7180000,0x00000007fb800000)
[580.871s][info ][gc,heap,exit   ]  ParOldGen       total 381440K, used 307812K [0x0000000740000000, 0x0000000757480000, 0x0000000780000000)
[580.871s][info ][gc,heap,exit   ]   object space 381440K, 80% used [0x0000000740000000,0x0000000752c99298,0x0000000757480000)
[580.871s][info ][gc,heap,exit   ]  Metaspace       used 75165K, committed 75776K, reserved 1122304K
[580.871s][info ][gc,heap,exit   ]   class space    used 10448K, committed 10752K, reserved 1048576K
