[0.004s][info][gc] Using Parallel
[0.004s][info][gc,heap,coops] Heap address: 0x0000000740000000, size: 3072 MB, Compressed Oops mode: Zero based, Oop shift amount: 3
[0.057s][info][safepoint    ] Entering safepoint region: EnableBiasedLocking
[0.057s][info][safepoint    ] Leaving safepoint region
[0.057s][info][safepoint    ] Total time for which application threads were stopped: 0.0001120 seconds, Stopping threads took: 0.0000382 seconds
[0.061s][info][safepoint    ] Application time: 0.0034391 seconds
[0.061s][info][safepoint    ] Entering safepoint region: RevokeBias
[0.061s][info][safepoint    ] Leaving safepoint region
[0.061s][info][safepoint    ] Total time for which application threads were stopped: 0.0001420 seconds, Stopping threads took: 0.0001099 seconds
[0.144s][info][safepoint    ] Application time: 0.0827384 seconds
[0.144s][info][safepoint    ] Entering safepoint region: Deoptimize
[0.144s][info][safepoint    ] Leaving safepoint region
[0.144s][info][safepoint    ] Total time for which application threads were stopped: 0.0000529 seconds, Stopping threads took: 0.0000055 seconds
[0.346s][info][safepoint    ] Application time: 0.2021498 seconds
[0.346s][info][safepoint    ] Entering safepoint region: Deoptimize
[0.346s][info][safepoint    ] Leaving safepoint region
[0.346s][info][safepoint    ] Total time for which application threads were stopped: 0.0001627 seconds, Stopping threads took: 0.0000054 seconds
[0.384s][info][safepoint    ] Application time: 0.0379918 seconds
[0.384s][info][safepoint    ] Entering safepoint region: Deoptimize
[0.384s][info][safepoint    ] Leaving safepoint region
[0.384s][info][safepoint    ] Total time for which application threads were stopped: 0.0001352 seconds, Stopping threads took: 0.0000053 seconds
[1.197s][info][safepoint    ] Application time: 0.8132550 seconds
[1.197s][info][safepoint    ] Entering safepoint region: Deoptimize
[1.198s][info][safepoint    ] Leaving safepoint region
[1.198s][info][safepoint    ] Total time for which application threads were stopped: 0.0001833 seconds, Stopping threads took: 0.0000050 seconds
[1.348s][info][safepoint    ] Application time: 0.1498875 seconds
[1.348s][info][safepoint    ] Entering safepoint region: Deoptimize
[1.348s][info][safepoint    ] Leaving safepoint region
[1.348s][info][safepoint    ] Total time for which application threads were stopped: 0.0002538 seconds, Stopping threads took: 0.0000052 seconds
[1.466s][info][safepoint    ] Application time: 0.1179595 seconds
[1.466s][info][safepoint    ] Entering safepoint region: CollectForMetadataAllocation
[1.466s][info][gc,start     ] GC(0) Pause Young (Metadata GC Threshold)
[1.471s][debug][gc,phases    ] GC(0) Scavenge 5.036ms
[1.471s][debug][gc,ref       ] GC(0) Skipped phase1 of Reference Processing due to unavailable references
[1.471s][debug][gc,ref       ] GC(0) Skipped phase3 of Reference Processing due to unavailable references
[1.471s][debug][gc,phases    ] GC(0) Reference Processing 0.114ms
[1.471s][debug][gc,phases    ] GC(0) Weak Processing 0.047ms
[1.471s][debug][gc,phases    ] GC(0) Scrub String Table 0.199ms
[1.471s][debug][gc,age       ] GC(0) Desired survivor size 536870912 bytes, new threshold 7 (max threshold 15)
[1.471s][info ][gc,heap      ] GC(0) PSYoungGen: 83886K->7124K(1572864K)
[1.471s][info ][gc,heap      ] GC(0) ParOldGen: 0K->88K(6144K)
[1.471s][info ][gc,metaspace ] GC(0) Metaspace: 20672K->20672K(1069056K)
[1.471s][info ][gc           ] GC(0) Pause Young (Metadata GC Threshold) 81M->7M(1542M) 5.524ms
[1.471s][info ][gc,cpu       ] GC(0) User=0.03s Sys=0.00s Real=0.00s
[1.471s][debug][gc,phases    ] GC(1) Pre Compact 0.009ms
[1.471s][info ][gc,start     ] GC(1) Pause Full (Metadata GC Threshold)
[1.471s][info ][gc,phases,start] GC(1) Marking Phase
[1.474s][debug][gc,phases      ] GC(1) Par Mark 2.536ms
[1.474s][debug][gc,ref         ] GC(1) Skipped phase1 of Reference Processing due to unavailable references
[1.474s][debug][gc,ref         ] GC(1) Skipped phase3 of Reference Processing due to unavailable references
[1.474s][debug][gc,phases      ] GC(1) Reference Processing 0.036ms
[1.474s][debug][gc,phases      ] GC(1) Weak Processing 0.014ms
[1.474s][debug][gc,phases      ] GC(1) ClassLoaderData 0.206ms
[1.474s][debug][gc,phases      ] GC(1) ProtectionDomainCacheTable 0.003ms
[1.474s][debug][gc,phases      ] GC(1) ResolvedMethodTable 0.020ms
[1.475s][debug][gc,phases      ] GC(1) Class Unloading 0.948ms
[1.475s][debug][gc,phases      ] GC(1) Scrub String Table 0.087ms
[1.477s][debug][gc,phases      ] GC(1) Scrub Symbol Table 2.006ms
[1.477s][info ][gc,phases      ] GC(1) Marking Phase 5.771ms
[1.477s][info ][gc,phases,start] GC(1) Summary Phase
[1.477s][info ][gc,phases      ] GC(1) Summary Phase 0.005ms
[1.477s][info ][gc,phases,start] GC(1) Adjust Roots
[1.481s][info ][gc,phases      ] GC(1) Adjust Roots 3.570ms
[1.481s][info ][gc,phases,start] GC(1) Compaction Phase
[1.487s][info ][gc,phases      ] GC(1) Compaction Phase 6.348ms
[1.487s][info ][gc,phases,start] GC(1) Post Compact
[1.487s][info ][gc,phases      ] GC(1) Post Compact 0.178ms
[1.487s][info ][gc,heap        ] GC(1) PSYoungGen: 7124K->1285K(1572864K)
[1.487s][info ][gc,heap        ] GC(1) ParOldGen: 88K->5826K(6144K)
[1.487s][info ][gc,metaspace   ] GC(1) Metaspace: 20672K->20672K(1069056K)
[1.487s][info ][gc             ] GC(1) Pause Full (Metadata GC Threshold) 7M->6M(1542M) 15.955ms
[1.487s][info ][gc,cpu         ] GC(1) User=0.03s Sys=0.01s Real=0.02s
[1.487s][info ][safepoint      ] Leaving safepoint region
[1.488s][info ][safepoint      ] Total time for which application threads were stopped: 0.0216768 seconds, Stopping threads took: 0.0000075 seconds
[1.488s][info ][safepoint      ] Application time: 0.0002363 seconds
[1.488s][info ][safepoint      ] Entering safepoint region: RevokeBias
[1.488s][info ][safepoint      ] Leaving safepoint region
[1.488s][info ][safepoint      ] Total time for which application threads were stopped: 0.0000618 seconds, Stopping threads took: 0.0000082 seconds
[1.488s][info ][safepoint      ] Application time: 0.0000410 seconds
[1.488s][info ][safepoint      ] Entering safepoint region: RevokeBias
[1.488s][info ][safepoint      ] Leaving safepoint region
[1.488s][info ][safepoint      ] Total time for which application threads were stopped: 0.0000477 seconds, Stopping threads took: 0.0000122 seconds
[1.488s][info ][safepoint      ] Application time: 0.0000305 seconds
[1.488s][info ][safepoint      ] Entering safepoint region: RevokeBias
[1.488s][info ][safepoint      ] Leaving safepoint region
[1.488s][info ][safepoint      ] Total time for which application threads were stopped: 0.0000501 seconds, Stopping threads took: 0.0000231 seconds
[1.694s][info ][safepoint      ] Application time: 0.2063676 seconds
[1.694s][info ][safepoint      ] Entering safepoint region: ICBufferFull
[1.695s][info ][safepoint      ] Leaving safepoint region
[1.695s][info ][safepoint      ] Total time for which application threads were stopped: 0.0001594 seconds, Stopping threads took: 0.0000105 seconds
[1.804s][info ][safepoint      ] Application time: 0.1090073 seconds
[1.804s][info ][safepoint      ] Entering safepoint region: ICBufferFull
[1.804s][info ][safepoint      ] Leaving safepoint region
[1.804s][info ][safepoint      ] Total time for which application threads were stopped: 0.0001599 seconds, Stopping threads took: 0.0000076 seconds
[1.974s][info ][safepoint      ] Application time: 0.1702835 seconds
[1.974s][info ][safepoint      ] Entering safepoint region: ICBufferFull
[1.974s][info ][safepoint      ] Leaving safepoint region
[1.974s][info ][safepoint      ] Total time for which application threads were stopped: 0.0001759 seconds, Stopping threads took: 0.0000087 seconds
[2.670s][info ][safepoint      ] Application time: 0.6954197 seconds
[2.670s][info ][safepoint      ] Entering safepoint region: Deoptimize
[2.670s][info ][safepoint      ] Leaving safepoint region
[2.670s][info ][safepoint      ] Total time for which application threads were stopped: 0.0004634 seconds, Stopping threads took: 0.0000056 seconds
[2.914s][info ][safepoint      ] Application time: 0.2439878 seconds
[2.914s][info ][safepoint      ] Entering safepoint region: ICBufferFull
[2.914s][info ][safepoint      ] Leaving safepoint region
[2.914s][info ][safepoint      ] Total time for which application threads were stopped: 0.0001459 seconds, Stopping threads took: 0.0000062 seconds
[2.970s][info ][safepoint      ] Application time: 0.0551907 seconds
[2.970s][info ][safepoint      ] Entering safepoint region: RevokeBias
[2.970s][info ][safepoint      ] Leaving safepoint region
[2.970s][info ][safepoint      ] Total time for which application threads were stopped: 0.0000799 seconds, Stopping threads took: 0.0000250 seconds
[2.970s][info ][safepoint      ] Application time: 0.0001196 seconds
[2.970s][info ][safepoint      ] Entering safepoint region: RevokeBias
[2.970s][info ][safepoint      ] Leaving safepoint region
[2.970s][info ][safepoint      ] Total time for which application threads were stopped: 0.0000714 seconds, Stopping threads took: 0.0000227 seconds
[2.970s][info ][safepoint      ] Application time: 0.0000275 seconds
[2.970s][info ][safepoint      ] Entering safepoint region: RevokeBias
[2.970s][info ][safepoint      ] Leaving safepoint region
[2.970s][info ][safepoint      ] Total time for which application threads were stopped: 0.0000357 seconds, Stopping threads took: 0.0000043 seconds
[2.970s][info ][safepoint      ] Application time: 0.0001119 seconds
[2.970s][info ][safepoint      ] Entering safepoint region: RevokeBias
[2.970s][info ][safepoint      ] Leaving safepoint region
[2.970s][info ][safepoint      ] Total time for which application threads were stopped: 0.0000654 seconds, Stopping threads took: 0.0000409 seconds
[2.973s][info ][safepoint      ] Application time: 0.0025983 seconds
[2.973s][info ][safepoint      ] Entering safepoint region: RevokeBias
[2.973s][info ][safepoint      ] Leaving safepoint region
[2.973s][info ][safepoint      ] Total time for which application threads were stopped: 0.0000847 seconds, Stopping threads took: 0.0000349 seconds
[2.973s][info ][safepoint      ] Application time: 0.0004361 seconds
[2.975s][info ][safepoint      ] Entering safepoint region: RevokeBias
[2.975s][info ][safepoint      ] Leaving safepoint region
[2.975s][info ][safepoint      ] Total time for which application threads were stopped: 0.0019573 seconds, Stopping threads took: 0.0018896 seconds
[2.975s][info ][safepoint      ] Application time: 0.0000377 seconds
[2.975s][info ][safepoint      ] Entering safepoint region: RevokeBias
[2.975s][info ][safepoint      ] Leaving safepoint region
[2.975s][info ][safepoint      ] Total time for which application threads were stopped: 0.0001087 seconds, Stopping threads took: 0.0000443 seconds
[2.975s][info ][safepoint      ] Application time: 0.0000270 seconds
[2.975s][info ][safepoint      ] Entering safepoint region: RevokeBias
[2.976s][info ][safepoint      ] Leaving safepoint region
[2.976s][info ][safepoint      ] Total time for which application threads were stopped: 0.0000563 seconds, Stopping threads took: 0.0000187 seconds
[2.976s][info ][safepoint      ] Application time: 0.0000964 seconds
[2.976s][info ][safepoint      ] Entering safepoint region: RevokeBias
[2.976s][info ][safepoint      ] Leaving safepoint region
[2.976s][info ][safepoint      ] Total time for which application threads were stopped: 0.0002597 seconds, Stopping threads took: 0.0002017 seconds
[2.976s][info ][safepoint      ] Application time: 0.0001733 seconds
[2.976s][info ][safepoint      ] Entering safepoint region: RevokeBias
[2.976s][info ][safepoint      ] Leaving safepoint region
[2.976s][info ][safepoint      ] Total time for which application threads were stopped: 0.0001128 seconds, Stopping threads took: 0.0000547 seconds
[2.977s][info ][safepoint      ] Application time: 0.0003395 seconds
[2.977s][info ][safepoint      ] Entering safepoint region: RevokeBias
[2.977s][info ][safepoint      ] Leaving safepoint region
[2.977s][info ][safepoint      ] Total time for which application threads were stopped: 0.0001595 seconds, Stopping threads took: 0.0000471 seconds
[2.977s][info ][safepoint      ] Application time: 0.0000410 seconds
[2.977s][info ][safepoint      ] Entering safepoint region: RevokeBias
[2.977s][info ][safepoint      ] Leaving safepoint region
[2.977s][info ][safepoint      ] Total time for which application threads were stopped: 0.0000880 seconds, Stopping threads took: 0.0000327 seconds
[2.977s][info ][safepoint      ] Application time: 0.0000895 seconds
[2.977s][info ][safepoint      ] Entering safepoint region: RevokeBias
[2.977s][info ][safepoint      ] Leaving safepoint region
[2.977s][info ][safepoint      ] Total time for which application threads were stopped: 0.0000670 seconds, Stopping threads took: 0.0000281 seconds
[2.977s][info ][safepoint      ] Application time: 0.0000454 seconds
[2.977s][info ][safepoint      ] Entering safepoint region: RevokeBias
[2.977s][info ][safepoint      ] Leaving safepoint region
[2.977s][info ][safepoint      ] Total time for which application threads were stopped: 0.0000651 seconds, Stopping threads took: 0.0000169 seconds
[2.978s][info ][safepoint      ] Application time: 0.0007813 seconds
[2.978s][info ][safepoint      ] Entering safepoint region: RevokeBias
[2.978s][info ][safepoint      ] Leaving safepoint region
[2.978s][info ][safepoint      ] Total time for which application threads were stopped: 0.0000616 seconds, Stopping threads took: 0.0000216 seconds
[2.978s][info ][safepoint      ] Application time: 0.0000759 seconds
[2.978s][info ][safepoint      ] Entering safepoint region: RevokeBias
[2.978s][info ][safepoint      ] Leaving safepoint region
[2.978s][info ][safepoint      ] Total time for which application threads were stopped: 0.0001059 seconds, Stopping threads took: 0.0000660 seconds
[2.979s][info ][safepoint      ] Application time: 0.0003261 seconds
[2.979s][info ][safepoint      ] Entering safepoint region: RevokeBias
[2.979s][info ][safepoint      ] Leaving safepoint region
[2.979s][info ][safepoint      ] Total time for which application threads were stopped: 0.0000890 seconds, Stopping threads took: 0.0000292 seconds
[2.980s][info ][safepoint      ] Application time: 0.0017281 seconds
[2.980s][info ][safepoint      ] Entering safepoint region: RevokeBias
[2.981s][info ][safepoint      ] Leaving safepoint region
[2.981s][info ][safepoint      ] Total time for which application threads were stopped: 0.0001330 seconds, Stopping threads took: 0.0000700 seconds
[2.981s][info ][safepoint      ] Application time: 0.0001723 seconds
[2.981s][info ][safepoint      ] Entering safepoint region: RevokeBias
[2.981s][info ][safepoint      ] Leaving safepoint region
[2.981s][info ][safepoint      ] Total time for which application threads were stopped: 0.0002411 seconds, Stopping threads took: 0.0000435 seconds
[2.982s][info ][safepoint      ] Application time: 0.0005799 seconds
[2.982s][info ][safepoint      ] Entering safepoint region: RevokeBias
[2.982s][info ][safepoint      ] Leaving safepoint region
[2.982s][info ][safepoint      ] Total time for which application threads were stopped: 0.0001383 seconds, Stopping threads took: 0.0000789 seconds
[2.982s][info ][safepoint      ] Application time: 0.0001333 seconds
[2.982s][info ][safepoint      ] Entering safepoint region: RevokeBias
[2.982s][info ][safepoint      ] Leaving safepoint region
[2.982s][info ][safepoint      ] Total time for which application threads were stopped: 0.0001009 seconds, Stopping threads took: 0.0000708 seconds
[2.984s][info ][safepoint      ] Application time: 0.0018740 seconds
[2.984s][info ][safepoint      ] Entering safepoint region: RevokeBias
[2.984s][info ][safepoint      ] Leaving safepoint region
[2.984s][info ][safepoint      ] Total time for which application threads were stopped: 0.0000919 seconds, Stopping threads took: 0.0000194 seconds
[2.998s][info ][safepoint      ] Application time: 0.0138249 seconds
[2.998s][info ][safepoint      ] Entering safepoint region: RevokeBias
[2.998s][info ][safepoint      ] Leaving safepoint region
[2.998s][info ][safepoint      ] Total time for which application threads were stopped: 0.0001060 seconds, Stopping threads took: 0.0000429 seconds
[2.999s][info ][safepoint      ] Application time: 0.0014200 seconds
[2.999s][info ][safepoint      ] Entering safepoint region: RevokeBias
[2.999s][info ][safepoint      ] Leaving safepoint region
[2.999s][info ][safepoint      ] Total time for which application threads were stopped: 0.0001058 seconds, Stopping threads took: 0.0000570 seconds
[3.000s][info ][safepoint      ] Application time: 0.0001735 seconds
[3.000s][info ][safepoint      ] Entering safepoint region: RevokeBias
[3.000s][info ][safepoint      ] Leaving safepoint region
[3.000s][info ][safepoint      ] Total time for which application threads were stopped: 0.0000748 seconds, Stopping threads took: 0.0000402 seconds
[3.002s][info ][safepoint      ] Application time: 0.0022702 seconds
[3.002s][info ][safepoint      ] Entering safepoint region: RevokeBias
[3.002s][info ][safepoint      ] Leaving safepoint region
[3.002s][info ][safepoint      ] Total time for which application threads were stopped: 0.0001001 seconds, Stopping threads took: 0.0000258 seconds
[3.003s][info ][safepoint      ] Application time: 0.0006823 seconds
[3.003s][info ][safepoint      ] Entering safepoint region: RevokeBias
[3.003s][info ][safepoint      ] Leaving safepoint region
[3.003s][info ][safepoint      ] Total time for which application threads were stopped: 0.0003192 seconds, Stopping threads took: 0.0002816 seconds
[3.005s][info ][safepoint      ] Application time: 0.0023390 seconds
[3.006s][info ][safepoint      ] Entering safepoint region: RevokeBias
[3.006s][info ][safepoint      ] Leaving safepoint region
[3.006s][info ][safepoint      ] Total time for which application threads were stopped: 0.0000887 seconds, Stopping threads took: 0.0000311 seconds
[3.007s][info ][safepoint      ] Application time: 0.0017280 seconds
[3.007s][info ][safepoint      ] Entering safepoint region: RevokeBias
[3.008s][info ][safepoint      ] Leaving safepoint region
[3.008s][info ][safepoint      ] Total time for which application threads were stopped: 0.0002156 seconds, Stopping threads took: 0.0001730 seconds
[3.010s][info ][safepoint      ] Application time: 0.0025646 seconds
[3.010s][info ][safepoint      ] Entering safepoint region: RevokeBias
[3.010s][info ][safepoint      ] Leaving safepoint region
[3.010s][info ][safepoint      ] Total time for which application threads were stopped: 0.0000559 seconds, Stopping threads took: 0.0000067 seconds
[3.012s][info ][safepoint      ] Application time: 0.0020169 seconds
[3.012s][info ][safepoint      ] Entering safepoint region: RevokeBias
[3.012s][info ][safepoint      ] Leaving safepoint region
[3.012s][info ][safepoint      ] Total time for which application threads were stopped: 0.0000802 seconds, Stopping threads took: 0.0000358 seconds
[3.014s][info ][safepoint      ] Application time: 0.0017362 seconds
[3.014s][info ][safepoint      ] Entering safepoint region: RevokeBias
[3.014s][info ][safepoint      ] Leaving safepoint region
[3.014s][info ][safepoint      ] Total time for which application threads were stopped: 0.0000805 seconds, Stopping threads took: 0.0000302 seconds
[3.014s][info ][safepoint      ] Application time: 0.0001468 seconds
[3.014s][info ][safepoint      ] Entering safepoint region: RevokeBias
[3.014s][info ][safepoint      ] Leaving safepoint region
[3.014s][info ][safepoint      ] Total time for which application threads were stopped: 0.0000431 seconds, Stopping threads took: 0.0000185 seconds
[3.015s][info ][safepoint      ] Application time: 0.0009064 seconds
[3.015s][info ][safepoint      ] Entering safepoint region: RevokeBias
[3.015s][info ][safepoint      ] Leaving safepoint region
[3.015s][info ][safepoint      ] Total time for which application threads were stopped: 0.0000846 seconds, Stopping threads took: 0.0000363 seconds
[3.016s][info ][safepoint      ] Application time: 0.0006969 seconds
[3.016s][info ][safepoint      ] Entering safepoint region: RevokeBias
[3.016s][info ][safepoint      ] Leaving safepoint region
[3.016s][info ][safepoint      ] Total time for which application threads were stopped: 0.0000621 seconds, Stopping threads took: 0.0000292 seconds
[3.020s][info ][safepoint      ] Application time: 0.0036190 seconds
[3.020s][info ][safepoint      ] Entering safepoint region: RevokeBias
[3.020s][info ][safepoint      ] Leaving safepoint region
[3.020s][info ][safepoint      ] Total time for which application threads were stopped: 0.0001952 seconds, Stopping threads took: 0.0001402 seconds
[3.022s][info ][safepoint      ] Application time: 0.0017053 seconds
[3.022s][info ][safepoint      ] Entering safepoint region: RevokeBias
[3.022s][info ][safepoint      ] Leaving safepoint region
[3.022s][info ][safepoint      ] Total time for which application threads were stopped: 0.0003101 seconds, Stopping threads took: 0.0002562 seconds
[3.023s][info ][safepoint      ] Application time: 0.0006983 seconds
[3.023s][info ][safepoint      ] Entering safepoint region: RevokeBias
[3.023s][info ][safepoint      ] Leaving safepoint region
[3.023s][info ][safepoint      ] Total time for which application threads were stopped: 0.0001201 seconds, Stopping threads took: 0.0000737 seconds
[3.024s][info ][safepoint      ] Application time: 0.0014419 seconds
[3.024s][info ][safepoint      ] Entering safepoint region: RevokeBias
[3.024s][info ][safepoint      ] Leaving safepoint region
[3.024s][info ][safepoint      ] Total time for which application threads were stopped: 0.0001524 seconds, Stopping threads took: 0.0001236 seconds
[3.026s][info ][safepoint      ] Application time: 0.0011743 seconds
[3.026s][info ][safepoint      ] Entering safepoint region: RevokeBias
[3.026s][info ][safepoint      ] Leaving safepoint region
[3.026s][info ][safepoint      ] Total time for which application threads were stopped: 0.0002051 seconds, Stopping threads took: 0.0001683 seconds
[3.026s][info ][safepoint      ] Application time: 0.0003805 seconds
[3.027s][info ][safepoint      ] Entering safepoint region: BulkRevokeBias
[3.027s][info ][safepoint      ] Leaving safepoint region
[3.027s][info ][safepoint      ] Total time for which application threads were stopped: 0.0006156 seconds, Stopping threads took: 0.0004848 seconds
[3.036s][info ][safepoint      ] Application time: 0.0090785 seconds
[3.036s][info ][safepoint      ] Entering safepoint region: RevokeBias
[3.036s][info ][safepoint      ] Leaving safepoint region
[3.036s][info ][safepoint      ] Total time for which application threads were stopped: 0.0001324 seconds, Stopping threads took: 0.0000240 seconds
[3.040s][info ][safepoint      ] Application time: 0.0038774 seconds
[3.040s][info ][safepoint      ] Entering safepoint region: RevokeBias
[3.040s][info ][safepoint      ] Leaving safepoint region
[3.040s][info ][safepoint      ] Total time for which application threads were stopped: 0.0000763 seconds, Stopping threads took: 0.0000221 seconds
[3.042s][info ][safepoint      ] Application time: 0.0017311 seconds
[3.042s][info ][safepoint      ] Entering safepoint region: RevokeBias
[3.042s][info ][safepoint      ] Leaving safepoint region
[3.042s][info ][safepoint      ] Total time for which application threads were stopped: 0.0001341 seconds, Stopping threads took: 0.0000312 seconds
[3.048s][info ][safepoint      ] Application time: 0.0060683 seconds
[3.048s][info ][safepoint      ] Entering safepoint region: CollectForMetadataAllocation
[3.048s][info ][gc,start       ] GC(2) Pause Young (Metadata GC Threshold)
[3.084s][debug][gc,phases      ] GC(2) Scavenge 36.241ms
[3.084s][debug][gc,ref         ] GC(2) Skipped phase1 of Reference Processing due to unavailable references
[3.085s][debug][gc,ref         ] GC(2) Skipped phase3 of Reference Processing due to unavailable references
[3.085s][debug][gc,phases      ] GC(2) Reference Processing 0.147ms
[3.085s][debug][gc,phases      ] GC(2) Weak Processing 0.130ms
[3.086s][debug][gc,phases      ] GC(2) Scrub String Table 0.906ms
[3.086s][debug][gc,age         ] GC(2) Desired survivor size 536870912 bytes, new threshold 7 (max threshold 15)
[3.086s][info ][gc,heap        ] GC(2) PSYoungGen: 432077K->46749K(1572864K)
[3.086s][info ][gc,heap        ] GC(2) ParOldGen: 5826K->5834K(6144K)
[3.086s][info ][gc,metaspace   ] GC(2) Metaspace: 34038K->34038K(1079296K)
[3.086s][info ][gc             ] GC(2) Pause Young (Metadata GC Threshold) 427M->51M(1542M) 37.592ms
[3.086s][info ][gc,cpu         ] GC(2) User=0.14s Sys=0.01s Real=0.04s
[3.086s][debug][gc,phases      ] GC(3) Pre Compact 0.009ms
[3.086s][info ][gc,start       ] GC(3) Pause Full (Metadata GC Threshold)
[3.086s][info ][gc,phases,start] GC(3) Marking Phase
[3.109s][debug][gc,phases      ] GC(3) Par Mark 22.624ms
[3.109s][debug][gc,ref         ] GC(3) Skipped phase1 of Reference Processing due to unavailable references
[3.109s][debug][gc,ref         ] GC(3) Skipped phase3 of Reference Processing due to unavailable references
[3.109s][debug][gc,phases      ] GC(3) Reference Processing 0.070ms
[3.109s][debug][gc,phases      ] GC(3) Weak Processing 0.048ms
[3.109s][debug][gc,phases      ] GC(3) ClassLoaderData 0.585ms
[3.109s][debug][gc,phases      ] GC(3) Dictionary 0.009ms
[3.109s][debug][gc,phases      ] GC(3) ProtectionDomainCacheTable 0.002ms
[3.109s][debug][gc,phases      ] GC(3) ResolvedMethodTable 0.053ms
[3.116s][debug][gc,phases      ] GC(3) Class Unloading 7.569ms
[3.117s][debug][gc,phases      ] GC(3) Scrub String Table 0.328ms
[3.121s][debug][gc,phases      ] GC(3) Scrub Symbol Table 4.013ms
[3.121s][info ][gc,phases      ] GC(3) Marking Phase 34.963ms
[3.121s][info ][gc,phases,start] GC(3) Summary Phase
[3.121s][info ][gc,phases      ] GC(3) Summary Phase 0.009ms
[3.121s][info ][gc,phases,start] GC(3) Adjust Roots
[3.134s][info ][gc,phases      ] GC(3) Adjust Roots 13.271ms
[3.134s][info ][gc,phases,start] GC(3) Compaction Phase
[3.447s][info ][gc,phases      ] GC(3) Compaction Phase 312.499ms
[3.447s][info ][gc,phases,start] GC(3) Post Compact
[3.447s][info ][gc,phases      ] GC(3) Post Compact 0.348ms
[3.447s][info ][gc,heap        ] GC(3) PSYoungGen: 46749K->46606K(1572864K)
[3.447s][info ][gc,heap        ] GC(3) ParOldGen: 5834K->5745K(6144K)
[3.447s][info ][gc,metaspace   ] GC(3) Metaspace: 34038K->34020K(1079296K)
[3.447s][info ][gc             ] GC(3) Pause Full (Metadata GC Threshold) 51M->51M(1542M) 361.214ms
[3.447s][info ][gc,cpu         ] GC(3) User=1.35s Sys=0.00s Real=0.36s
[3.447s][info ][safepoint      ] Leaving safepoint region
[3.447s][info ][safepoint      ] Total time for which application threads were stopped: 0.3990278 seconds, Stopping threads took: 0.0000332 seconds
[3.448s][info ][safepoint      ] Application time: 0.0004715 seconds
[3.448s][info ][safepoint      ] Entering safepoint region: RevokeBias
[3.448s][info ][safepoint      ] Leaving safepoint region
[3.448s][info ][safepoint      ] Total time for which application threads were stopped: 0.0001400 seconds, Stopping threads took: 0.0000799 seconds
[3.448s][info ][safepoint      ] Application time: 0.0000421 seconds
[3.448s][info ][safepoint      ] Entering safepoint region: RevokeBias
[3.448s][info ][safepoint      ] Leaving safepoint region
[3.448s][info ][safepoint      ] Total time for which application threads were stopped: 0.0000711 seconds, Stopping threads took: 0.0000186 seconds
[3.448s][info ][safepoint      ] Application time: 0.0000318 seconds
[3.448s][info ][safepoint      ] Entering safepoint region: RevokeBias
[3.448s][info ][safepoint      ] Leaving safepoint region
[3.448s][info ][safepoint      ] Total time for which application threads were stopped: 0.0000445 seconds, Stopping threads took: 0.0000103 seconds
[3.448s][info ][safepoint      ] Application time: 0.0000589 seconds
[3.448s][info ][safepoint      ] Entering safepoint region: RevokeBias
[3.448s][info ][safepoint      ] Leaving safepoint region
[3.448s][info ][safepoint      ] Total time for which application threads were stopped: 0.0000460 seconds, Stopping threads took: 0.0000262 seconds
[3.448s][info ][safepoint      ] Application time: 0.0000631 seconds
[3.448s][info ][safepoint      ] Entering safepoint region: RevokeBias
[3.448s][info ][safepoint      ] Leaving safepoint region
[3.448s][info ][safepoint      ] Total time for which application threads were stopped: 0.0000841 seconds, Stopping threads took: 0.0000438 seconds
[3.448s][info ][safepoint      ] Application time: 0.0000382 seconds
[3.448s][info ][safepoint      ] Entering safepoint region: RevokeBias
[3.448s][info ][safepoint      ] Leaving safepoint region
[3.448s][info ][safepoint      ] Total time for which application threads were stopped: 0.0000446 seconds, Stopping threads took: 0.0000134 seconds
[3.448s][info ][safepoint      ] Application time: 0.0000695 seconds
[3.448s][info ][safepoint      ] Entering safepoint region: RevokeBias
[3.449s][info ][safepoint      ] Leaving safepoint region
[3.449s][info ][safepoint      ] Total time for which application threads were stopped: 0.0001661 seconds, Stopping threads took: 0.0001142 seconds
[3.449s][info ][safepoint      ] Application time: 0.0006516 seconds
[3.449s][info ][safepoint      ] Entering safepoint region: RevokeBias
[3.449s][info ][safepoint      ] Leaving safepoint region
[3.449s][info ][safepoint      ] Total time for which application threads were stopped: 0.0000932 seconds, Stopping threads took: 0.0000216 seconds
[3.452s][info ][safepoint      ] Application time: 0.0024492 seconds
[3.452s][info ][safepoint      ] Entering safepoint region: RevokeBias
[3.452s][info ][safepoint      ] Leaving safepoint region
[3.452s][info ][safepoint      ] Total time for which application threads were stopped: 0.0001678 seconds, Stopping threads took: 0.0000174 seconds
[3.452s][info ][safepoint      ] Application time: 0.0000370 seconds
[3.452s][info ][safepoint      ] Entering safepoint region: RevokeBias
[3.452s][info ][safepoint      ] Leaving safepoint region
[3.452s][info ][safepoint      ] Total time for which application threads were stopped: 0.0001008 seconds, Stopping threads took: 0.0000082 seconds
[3.481s][info ][safepoint      ] Application time: 0.0290024 seconds
[3.481s][info ][safepoint      ] Entering safepoint region: RevokeBias
[3.481s][info ][safepoint      ] Leaving safepoint region
[3.481s][info ][safepoint      ] Total time for which application threads were stopped: 0.0001906 seconds, Stopping threads took: 0.0000314 seconds
[3.481s][info ][safepoint      ] Application time: 0.0000382 seconds
[3.481s][info ][safepoint      ] Entering safepoint region: RevokeBias
[3.481s][info ][safepoint      ] Leaving safepoint region
[3.481s][info ][safepoint      ] Total time for which application threads were stopped: 0.0000923 seconds, Stopping threads took: 0.0000259 seconds
[3.482s][info ][safepoint      ] Application time: 0.0006062 seconds
[3.482s][info ][safepoint      ] Entering safepoint region: RevokeBias
[3.482s][info ][safepoint      ] Leaving safepoint region
[3.482s][info ][safepoint      ] Total time for which application threads were stopped: 0.0001160 seconds, Stopping threads took: 0.0000365 seconds
[3.506s][info ][safepoint      ] Application time: 0.0235936 seconds
[3.506s][info ][safepoint      ] Entering safepoint region: RevokeBias
[3.506s][info ][safepoint      ] Leaving safepoint region
[3.506s][info ][safepoint      ] Total time for which application threads were stopped: 0.0001909 seconds, Stopping threads took: 0.0000543 seconds
[3.512s][info ][safepoint      ] Application time: 0.0063975 seconds
[3.512s][info ][safepoint      ] Entering safepoint region: RevokeBias
[3.513s][info ][safepoint      ] Leaving safepoint region
[3.513s][info ][safepoint      ] Total time for which application threads were stopped: 0.0001761 seconds, Stopping threads took: 0.0000250 seconds
[3.514s][info ][safepoint      ] Application time: 0.0011036 seconds
[3.514s][info ][safepoint      ] Entering safepoint region: BulkRevokeBias
[3.514s][info ][safepoint      ] Leaving safepoint region
[3.514s][info ][safepoint      ] Total time for which application threads were stopped: 0.0002556 seconds, Stopping threads took: 0.0000170 seconds
[3.534s][info ][safepoint      ] Application time: 0.0201778 seconds
[3.534s][info ][safepoint      ] Entering safepoint region: RevokeBias
[3.534s][info ][safepoint      ] Leaving safepoint region
[3.534s][info ][safepoint      ] Total time for which application threads were stopped: 0.0001248 seconds, Stopping threads took: 0.0000245 seconds
[3.535s][info ][safepoint      ] Application time: 0.0002222 seconds
[3.535s][info ][safepoint      ] Entering safepoint region: RevokeBias
[3.535s][info ][safepoint      ] Leaving safepoint region
[3.535s][info ][safepoint      ] Total time for which application threads were stopped: 0.0001746 seconds, Stopping threads took: 0.0001304 seconds
[3.579s][info ][safepoint      ] Application time: 0.0440979 seconds
[3.579s][info ][safepoint      ] Entering safepoint region: RevokeBias
[3.579s][info ][safepoint      ] Leaving safepoint region
[3.579s][info ][safepoint      ] Total time for which application threads were stopped: 0.0001636 seconds, Stopping threads took: 0.0000632 seconds
[3.579s][info ][safepoint      ] Application time: 0.0001189 seconds
[3.579s][info ][safepoint      ] Entering safepoint region: RevokeBias
[3.579s][info ][safepoint      ] Leaving safepoint region
[3.579s][info ][safepoint      ] Total time for which application threads were stopped: 0.0000774 seconds, Stopping threads took: 0.0000252 seconds
[3.580s][info ][safepoint      ] Application time: 0.0007464 seconds
[3.580s][info ][safepoint      ] Entering safepoint region: RevokeBias
[3.580s][info ][safepoint      ] Leaving safepoint region
[3.580s][info ][safepoint      ] Total time for which application threads were stopped: 0.0001483 seconds, Stopping threads took: 0.0000782 seconds
[3.580s][info ][safepoint      ] Application time: 0.0002616 seconds
[3.580s][info ][safepoint      ] Entering safepoint region: RevokeBias
[3.581s][info ][safepoint      ] Leaving safepoint region
[3.581s][info ][safepoint      ] Total time for which application threads were stopped: 0.0000904 seconds, Stopping threads took: 0.0000424 seconds
[3.582s][info ][safepoint      ] Application time: 0.0013127 seconds
[3.582s][info ][safepoint      ] Entering safepoint region: RevokeBias
[3.582s][info ][safepoint      ] Leaving safepoint region
[3.582s][info ][safepoint      ] Total time for which application threads were stopped: 0.0001947 seconds, Stopping threads took: 0.0000807 seconds
[3.582s][info ][safepoint      ] Application time: 0.0001609 seconds
[3.582s][info ][safepoint      ] Entering safepoint region: RevokeBias
[3.582s][info ][safepoint      ] Leaving safepoint region
[3.582s][info ][safepoint      ] Total time for which application threads were stopped: 0.0001710 seconds, Stopping threads took: 0.0000791 seconds
[3.583s][info ][safepoint      ] Application time: 0.0001439 seconds
[3.583s][info ][safepoint      ] Entering safepoint region: RevokeBias
[3.583s][info ][safepoint      ] Leaving safepoint region
[3.583s][info ][safepoint      ] Total time for which application threads were stopped: 0.0001223 seconds, Stopping threads took: 0.0000607 seconds
[3.590s][info ][safepoint      ] Application time: 0.0069322 seconds
[3.590s][info ][safepoint      ] Entering safepoint region: RevokeBias
[3.590s][info ][safepoint      ] Leaving safepoint region
[3.590s][info ][safepoint      ] Total time for which application threads were stopped: 0.0001700 seconds, Stopping threads took: 0.0001049 seconds
[3.598s][info ][safepoint      ] Application time: 0.0081892 seconds
[3.598s][info ][safepoint      ] Entering safepoint region: RevokeBias
[3.598s][info ][safepoint      ] Leaving safepoint region
[3.598s][info ][safepoint      ] Total time for which application threads were stopped: 0.0002739 seconds, Stopping threads took: 0.0001046 seconds
[3.600s][info ][safepoint      ] Application time: 0.0016100 seconds
[3.600s][info ][safepoint      ] Entering safepoint region: RevokeBias
[3.600s][info ][safepoint      ] Leaving safepoint region
[3.600s][info ][safepoint      ] Total time for which application threads were stopped: 0.0001882 seconds, Stopping threads took: 0.0000803 seconds
[3.601s][info ][safepoint      ] Application time: 0.0003758 seconds
[3.601s][info ][safepoint      ] Entering safepoint region: RevokeBias
[3.601s][info ][safepoint      ] Leaving safepoint region
[3.601s][info ][safepoint      ] Total time for which application threads were stopped: 0.0001733 seconds, Stopping threads took: 0.0000844 seconds
[3.628s][info ][safepoint      ] Application time: 0.0277010 seconds
[3.629s][info ][safepoint      ] Entering safepoint region: RevokeBias
[3.629s][info ][safepoint      ] Leaving safepoint region
[3.629s][info ][safepoint      ] Total time for which application threads were stopped: 0.0003194 seconds, Stopping threads took: 0.0000682 seconds
[3.631s][info ][safepoint      ] Application time: 0.0025746 seconds
[3.631s][info ][safepoint      ] Entering safepoint region: RevokeBias
[3.632s][info ][safepoint      ] Leaving safepoint region
[3.632s][info ][safepoint      ] Total time for which application threads were stopped: 0.0003988 seconds, Stopping threads took: 0.0001083 seconds
[3.635s][info ][safepoint      ] Application time: 0.0035335 seconds
[3.636s][info ][safepoint      ] Entering safepoint region: RevokeBias
[3.637s][info ][safepoint      ] Leaving safepoint region
[3.637s][info ][safepoint      ] Total time for which application threads were stopped: 0.0013658 seconds, Stopping threads took: 0.0011197 seconds
[3.639s][info ][safepoint      ] Application time: 0.0025327 seconds
[3.639s][info ][safepoint      ] Entering safepoint region: RevokeBias
[3.640s][info ][safepoint      ] Leaving safepoint region
[3.640s][info ][safepoint      ] Total time for which application threads were stopped: 0.0002595 seconds, Stopping threads took: 0.0000804 seconds
[3.641s][info ][safepoint      ] Application time: 0.0011308 seconds
[3.641s][info ][safepoint      ] Entering safepoint region: RevokeBias
[3.641s][info ][safepoint      ] Leaving safepoint region
[3.641s][info ][safepoint      ] Total time for which application threads were stopped: 0.0003630 seconds, Stopping threads took: 0.0001609 seconds
[3.643s][info ][safepoint      ] Application time: 0.0021904 seconds
[3.643s][info ][safepoint      ] Entering safepoint region: RevokeBias
[3.644s][info ][safepoint      ] Leaving safepoint region
[3.644s][info ][safepoint      ] Total time for which application threads were stopped: 0.0002843 seconds, Stopping threads took: 0.0000725 seconds
[3.646s][info ][safepoint      ] Application time: 0.0027990 seconds
[3.648s][info ][safepoint      ] Entering safepoint region: RevokeBias
[3.648s][info ][safepoint      ] Leaving safepoint region
[3.648s][info ][safepoint      ] Total time for which application threads were stopped: 0.0020144 seconds, Stopping threads took: 0.0018604 seconds
[3.650s][info ][safepoint      ] Application time: 0.0020552 seconds
[3.651s][info ][safepoint      ] Entering safepoint region: RevokeBias
[3.651s][info ][safepoint      ] Leaving safepoint region
[3.651s][info ][safepoint      ] Total time for which application threads were stopped: 0.0002809 seconds, Stopping threads took: 0.0001108 seconds
[3.652s][info ][safepoint      ] Application time: 0.0010126 seconds
[3.652s][info ][safepoint      ] Entering safepoint region: RevokeBias
[3.653s][info ][safepoint      ] Leaving safepoint region
[3.653s][info ][safepoint      ] Total time for which application threads were stopped: 0.0007855 seconds, Stopping threads took: 0.0006513 seconds
[3.653s][info ][safepoint      ] Application time: 0.0008747 seconds
[3.654s][info ][safepoint      ] Entering safepoint region: RevokeBias
[3.654s][info ][safepoint      ] Leaving safepoint region
[3.654s][info ][safepoint      ] Total time for which application threads were stopped: 0.0002647 seconds, Stopping threads took: 0.0001150 seconds
[3.668s][info ][safepoint      ] Application time: 0.0146473 seconds
[3.669s][info ][safepoint      ] Entering safepoint region: RevokeBias
[3.669s][info ][safepoint      ] Leaving safepoint region
[3.669s][info ][safepoint      ] Total time for which application threads were stopped: 0.0003375 seconds, Stopping threads took: 0.0001471 seconds
[3.677s][info ][safepoint      ] Application time: 0.0079147 seconds
[3.677s][info ][safepoint      ] Entering safepoint region: RevokeBias
[3.677s][info ][safepoint      ] Leaving safepoint region
[3.677s][info ][safepoint      ] Total time for which application threads were stopped: 0.0003203 seconds, Stopping threads took: 0.0001065 seconds
[3.680s][info ][safepoint      ] Application time: 0.0033407 seconds
[3.680s][info ][safepoint      ] Entering safepoint region: RevokeBias
[3.681s][info ][safepoint      ] Leaving safepoint region
[3.681s][info ][safepoint      ] Total time for which application threads were stopped: 0.0002442 seconds, Stopping threads took: 0.0000714 seconds
[3.687s][info ][safepoint      ] Application time: 0.0063904 seconds
[3.689s][info ][safepoint      ] Entering safepoint region: RevokeBias
[3.689s][info ][safepoint      ] Leaving safepoint region
[3.689s][info ][safepoint      ] Total time for which application threads were stopped: 0.0020891 seconds, Stopping threads took: 0.0019230 seconds
[3.690s][info ][safepoint      ] Application time: 0.0011282 seconds
[3.691s][info ][safepoint      ] Entering safepoint region: BulkRevokeBias
[3.691s][info ][safepoint      ] Leaving safepoint region
[3.691s][info ][safepoint      ] Total time for which application threads were stopped: 0.0007514 seconds, Stopping threads took: 0.0002802 seconds
[3.751s][info ][safepoint      ] Application time: 0.0595498 seconds
[3.753s][info ][safepoint      ] Entering safepoint region: RevokeBias
[3.753s][info ][safepoint      ] Leaving safepoint region
[3.753s][info ][safepoint      ] Total time for which application threads were stopped: 0.0021887 seconds, Stopping threads took: 0.0019017 seconds
[3.753s][info ][safepoint      ] Application time: 0.0004383 seconds
[3.753s][info ][safepoint      ] Entering safepoint region: RevokeBias
[3.754s][info ][safepoint      ] Leaving safepoint region
[3.754s][info ][safepoint      ] Total time for which application threads were stopped: 0.0002387 seconds, Stopping threads took: 0.0000781 seconds
[3.758s][info ][safepoint      ] Application time: 0.0044593 seconds
[3.760s][info ][safepoint      ] Entering safepoint region: RevokeBias
[3.760s][info ][safepoint      ] Leaving safepoint region
[3.760s][info ][safepoint      ] Total time for which application threads were stopped: 0.0021213 seconds, Stopping threads took: 0.0019169 seconds
[3.762s][info ][safepoint      ] Application time: 0.0019286 seconds
[3.764s][info ][safepoint      ] Entering safepoint region: RevokeBias
[3.765s][info ][safepoint      ] Leaving safepoint region
[3.765s][info ][safepoint      ] Total time for which application threads were stopped: 0.0025151 seconds, Stopping threads took: 0.0022897 seconds
[3.765s][info ][safepoint      ] Application time: 0.0003061 seconds
[3.766s][info ][safepoint      ] Entering safepoint region: RevokeBias
[3.766s][info ][safepoint      ] Leaving safepoint region
[3.766s][info ][safepoint      ] Total time for which application threads were stopped: 0.0011848 seconds, Stopping threads took: 0.0009870 seconds
[3.768s][info ][safepoint      ] Application time: 0.0013651 seconds
[3.768s][info ][safepoint      ] Entering safepoint region: RevokeBias
[3.769s][info ][safepoint      ] Leaving safepoint region
[3.769s][info ][safepoint      ] Total time for which application threads were stopped: 0.0011582 seconds, Stopping threads took: 0.0009309 seconds
[3.773s][info ][safepoint      ] Application time: 0.0041545 seconds
[3.773s][info ][safepoint      ] Entering safepoint region: RevokeBias
[3.773s][info ][safepoint      ] Leaving safepoint region
[3.773s][info ][safepoint      ] Total time for which application threads were stopped: 0.0002914 seconds, Stopping threads took: 0.0000675 seconds
[3.784s][info ][safepoint      ] Application time: 0.0106765 seconds
[3.784s][info ][safepoint      ] Entering safepoint region: Deoptimize
[3.785s][info ][safepoint      ] Leaving safepoint region
[3.785s][info ][safepoint      ] Total time for which application threads were stopped: 0.0006979 seconds, Stopping threads took: 0.0000766 seconds
[3.786s][info ][safepoint      ] Application time: 0.0017663 seconds
[3.787s][info ][safepoint      ] Entering safepoint region: RevokeBias
[3.787s][info ][safepoint      ] Leaving safepoint region
[3.787s][info ][safepoint      ] Total time for which application threads were stopped: 0.0003358 seconds, Stopping threads took: 0.0001669 seconds
[3.787s][info ][safepoint      ] Application time: 0.0005120 seconds
[3.787s][info ][safepoint      ] Entering safepoint region: RevokeBias
[3.787s][info ][safepoint      ] Leaving safepoint region
[3.788s][info ][safepoint      ] Total time for which application threads were stopped: 0.0002598 seconds, Stopping threads took: 0.0000418 seconds
[3.788s][info ][safepoint      ] Application time: 0.0003537 seconds
[3.788s][info ][safepoint      ] Entering safepoint region: RevokeBias
[3.788s][info ][safepoint      ] Leaving safepoint region
[3.788s][info ][safepoint      ] Total time for which application threads were stopped: 0.0002013 seconds, Stopping threads took: 0.0000612 seconds
[3.790s][info ][safepoint      ] Application time: 0.0014062 seconds
[3.790s][info ][safepoint      ] Entering safepoint region: RevokeBias
[3.790s][info ][safepoint      ] Leaving safepoint region
[3.790s][info ][safepoint      ] Total time for which application threads were stopped: 0.0002577 seconds, Stopping threads took: 0.0000654 seconds
[3.791s][info ][safepoint      ] Application time: 0.0007356 seconds
[3.792s][info ][safepoint      ] Entering safepoint region: RevokeBias
[3.793s][info ][safepoint      ] Leaving safepoint region
[3.793s][info ][safepoint      ] Total time for which application threads were stopped: 0.0019866 seconds, Stopping threads took: 0.0018579 seconds
[3.794s][info ][safepoint      ] Application time: 0.0011413 seconds
[3.794s][info ][safepoint      ] Entering safepoint region: BulkRevokeBias
[3.794s][info ][safepoint      ] Leaving safepoint region
[3.794s][info ][safepoint      ] Total time for which application threads were stopped: 0.0005496 seconds, Stopping threads took: 0.0000865 seconds
[3.824s][info ][safepoint      ] Application time: 0.0301154 seconds
[3.826s][info ][safepoint      ] Entering safepoint region: RevokeBias
[3.826s][info ][safepoint      ] Leaving safepoint region
[3.826s][info ][safepoint      ] Total time for which application threads were stopped: 0.0020443 seconds, Stopping threads took: 0.0019034 seconds
[3.835s][info ][safepoint      ] Application time: 0.0086998 seconds
[3.837s][info ][safepoint      ] Entering safepoint region: RevokeBias
[3.837s][info ][safepoint      ] Leaving safepoint region
[3.837s][info ][safepoint      ] Total time for which application threads were stopped: 0.0021026 seconds, Stopping threads took: 0.0019350 seconds
[3.838s][info ][safepoint      ] Application time: 0.0004056 seconds
[3.838s][info ][safepoint      ] Entering safepoint region: RevokeBias
[3.838s][info ][safepoint      ] Leaving safepoint region
[3.838s][info ][safepoint      ] Total time for which application threads were stopped: 0.0002525 seconds, Stopping threads took: 0.0001059 seconds
[3.841s][info ][safepoint      ] Application time: 0.0031151 seconds
[3.841s][info ][safepoint      ] Entering safepoint region: RevokeBias
[3.841s][info ][safepoint      ] Leaving safepoint region
[3.841s][info ][safepoint      ] Total time for which application threads were stopped: 0.0004025 seconds, Stopping threads took: 0.0002526 seconds
[3.851s][info ][safepoint      ] Application time: 0.0090239 seconds
[3.851s][info ][safepoint      ] Entering safepoint region: Deoptimize
[3.851s][info ][safepoint      ] Leaving safepoint region
[3.851s][info ][safepoint      ] Total time for which application threads were stopped: 0.0007759 seconds, Stopping threads took: 0.0000668 seconds
[3.853s][info ][safepoint      ] Application time: 0.0021628 seconds
[3.854s][info ][safepoint      ] Entering safepoint region: Deoptimize
[3.854s][info ][safepoint      ] Leaving safepoint region
[3.854s][info ][safepoint      ] Total time for which application threads were stopped: 0.0003903 seconds, Stopping threads took: 0.0000418 seconds
[3.859s][info ][safepoint      ] Application time: 0.0046162 seconds
[3.864s][info ][safepoint      ] Entering safepoint region: RevokeBias
[3.864s][info ][safepoint      ] Leaving safepoint region
[3.864s][info ][safepoint      ] Total time for which application threads were stopped: 0.0054742 seconds, Stopping threads took: 0.0052827 seconds
[3.867s][info ][safepoint      ] Application time: 0.0024699 seconds
[3.872s][info ][safepoint      ] Entering safepoint region: RevokeBias
[3.872s][info ][safepoint      ] Leaving safepoint region
[3.872s][info ][safepoint      ] Total time for which application threads were stopped: 0.0052268 seconds, Stopping threads took: 0.0050859 seconds
[3.884s][info ][safepoint      ] Application time: 0.0122174 seconds
[3.885s][info ][safepoint      ] Entering safepoint region: RevokeBias
[3.885s][info ][safepoint      ] Leaving safepoint region
[3.885s][info ][safepoint      ] Total time for which application threads were stopped: 0.0013246 seconds, Stopping threads took: 0.0011627 seconds
[3.886s][info ][safepoint      ] Application time: 0.0011182 seconds
[3.887s][info ][safepoint      ] Entering safepoint region: RevokeBias
[3.887s][info ][safepoint      ] Leaving safepoint region
[3.887s][info ][safepoint      ] Total time for which application threads were stopped: 0.0002840 seconds, Stopping threads took: 0.0000724 seconds
[3.890s][info ][safepoint      ] Application time: 0.0028945 seconds
[3.890s][info ][safepoint      ] Entering safepoint region: RevokeBias
[3.890s][info ][safepoint      ] Leaving safepoint region
[3.890s][info ][safepoint      ] Total time for which application threads were stopped: 0.0002511 seconds, Stopping threads took: 0.0001117 seconds
[3.891s][info ][safepoint      ] Application time: 0.0005990 seconds
[3.891s][info ][safepoint      ] Entering safepoint region: RevokeBias
[3.891s][info ][safepoint      ] Leaving safepoint region
[3.891s][info ][safepoint      ] Total time for which application threads were stopped: 0.0001896 seconds, Stopping threads took: 0.0000886 seconds
[3.892s][info ][safepoint      ] Application time: 0.0012324 seconds
[3.892s][info ][safepoint      ] Entering safepoint region: RevokeBias
[3.892s][info ][safepoint      ] Leaving safepoint region
[3.892s][info ][safepoint      ] Total time for which application threads were stopped: 0.0003596 seconds, Stopping threads took: 0.0001484 seconds
[3.908s][info ][safepoint      ] Application time: 0.0154672 seconds
[3.911s][info ][safepoint      ] Entering safepoint region: RevokeBias
[3.911s][info ][safepoint      ] Leaving safepoint region
[3.911s][info ][safepoint      ] Total time for which application threads were stopped: 0.0035897 seconds, Stopping threads took: 0.0033928 seconds
[3.922s][info ][safepoint      ] Application time: 0.0108545 seconds
[3.924s][info ][safepoint      ] Entering safepoint region: RevokeBias
[3.924s][info ][safepoint      ] Leaving safepoint region
[3.924s][info ][safepoint      ] Total time for which application threads were stopped: 0.0021234 seconds, Stopping threads took: 0.0019058 seconds
[3.932s][info ][safepoint      ] Application time: 0.0080029 seconds
[3.933s][info ][safepoint      ] Entering safepoint region: RevokeBias
[3.933s][info ][safepoint      ] Leaving safepoint region
[3.933s][info ][safepoint      ] Total time for which application threads were stopped: 0.0002582 seconds, Stopping threads took: 0.0000753 seconds
[3.945s][info ][safepoint      ] Application time: 0.0118011 seconds
[3.945s][info ][safepoint      ] Entering safepoint region: RevokeBias
[3.945s][info ][safepoint      ] Leaving safepoint region
[3.945s][info ][safepoint      ] Total time for which application threads were stopped: 0.0002795 seconds, Stopping threads took: 0.0001377 seconds
[3.950s][info ][safepoint      ] Application time: 0.0050036 seconds
[3.950s][info ][safepoint      ] Entering safepoint region: RevokeBias
[3.950s][info ][safepoint      ] Leaving safepoint region
[3.950s][info ][safepoint      ] Total time for which application threads were stopped: 0.0002992 seconds, Stopping threads took: 0.0000957 seconds
[3.952s][info ][safepoint      ] Application time: 0.0019401 seconds
[3.952s][info ][safepoint      ] Entering safepoint region: RevokeBias
[3.953s][info ][safepoint      ] Leaving safepoint region
[3.953s][info ][safepoint      ] Total time for which application threads were stopped: 0.0004908 seconds, Stopping threads took: 0.0003248 seconds
[3.972s][info ][safepoint      ] Application time: 0.0191102 seconds
[3.972s][info ][safepoint      ] Entering safepoint region: RevokeBias
[3.973s][info ][safepoint      ] Leaving safepoint region
[3.973s][info ][safepoint      ] Total time for which application threads were stopped: 0.0007481 seconds, Stopping threads took: 0.0006156 seconds
[3.975s][info ][safepoint      ] Application time: 0.0025011 seconds
[3.977s][info ][safepoint      ] Entering safepoint region: RevokeBias
[3.977s][info ][safepoint      ] Leaving safepoint region
[3.977s][info ][safepoint      ] Total time for which application threads were stopped: 0.0021574 seconds, Stopping threads took: 0.0019429 seconds
[3.982s][info ][safepoint      ] Application time: 0.0046079 seconds
[3.982s][info ][safepoint      ] Entering safepoint region: BulkRevokeBias
[3.983s][info ][safepoint      ] Leaving safepoint region
[3.983s][info ][safepoint      ] Total time for which application threads were stopped: 0.0007348 seconds, Stopping threads took: 0.0000981 seconds
[4.134s][info ][safepoint      ] Application time: 0.1517696 seconds
[4.136s][info ][safepoint      ] Entering safepoint region: ICBufferFull
[4.136s][info ][safepoint      ] Leaving safepoint region
[4.136s][info ][safepoint      ] Total time for which application threads were stopped: 0.0020694 seconds, Stopping threads took: 0.0018697 seconds
[4.198s][info ][safepoint      ] Application time: 0.0613151 seconds
[4.198s][info ][safepoint      ] Entering safepoint region: Deoptimize
[4.199s][info ][safepoint      ] Leaving safepoint region
[4.199s][info ][safepoint      ] Total time for which application threads were stopped: 0.0008851 seconds, Stopping threads took: 0.0002309 seconds
[4.279s][info ][safepoint      ] Application time: 0.0804829 seconds
[4.279s][info ][safepoint      ] Entering safepoint region: ICBufferFull
[4.279s][info ][safepoint      ] Leaving safepoint region
[4.279s][info ][safepoint      ] Total time for which application threads were stopped: 0.0002834 seconds, Stopping threads took: 0.0000991 seconds
[4.370s][info ][safepoint      ] Application time: 0.0906618 seconds
[4.370s][info ][safepoint      ] Entering safepoint region: Deoptimize
[4.371s][info ][safepoint      ] Leaving safepoint region
[4.371s][info ][safepoint      ] Total time for which application threads were stopped: 0.0008462 seconds, Stopping threads took: 0.0001606 seconds
[4.376s][info ][safepoint      ] Application time: 0.0045309 seconds
[4.376s][info ][safepoint      ] Entering safepoint region: Deoptimize
[4.376s][info ][safepoint      ] Leaving safepoint region
[4.376s][info ][safepoint      ] Total time for which application threads were stopped: 0.0006928 seconds, Stopping threads took: 0.0000991 seconds
[4.535s][info ][safepoint      ] Application time: 0.1582147 seconds
[4.535s][info ][safepoint      ] Entering safepoint region: ICBufferFull
[4.535s][info ][safepoint      ] Leaving safepoint region
[4.535s][info ][safepoint      ] Total time for which application threads were stopped: 0.0003798 seconds, Stopping threads took: 0.0001556 seconds
[4.594s][info ][safepoint      ] Application time: 0.0592198 seconds
[4.596s][info ][safepoint      ] Entering safepoint region: Deoptimize
[4.597s][info ][safepoint      ] Leaving safepoint region
[4.597s][info ][safepoint      ] Total time for which application threads were stopped: 0.0026955 seconds, Stopping threads took: 0.0019124 seconds
[4.786s][info ][safepoint      ] Application time: 0.1894917 seconds
[4.787s][info ][safepoint      ] Entering safepoint region: ParallelGCFailedAllocation
[4.787s][info ][gc,start       ] GC(4) Pause Young (Allocation Failure)
[4.896s][debug][gc,phases      ] GC(4) Scavenge 108.182ms
[4.896s][debug][gc,ref         ] GC(4) Skipped phase1 of Reference Processing due to unavailable references
[4.896s][debug][gc,ref         ] GC(4) Skipped phase3 of Reference Processing due to unavailable references
[4.896s][debug][gc,phases      ] GC(4) Reference Processing 0.335ms
[4.896s][debug][gc,phases      ] GC(4) Weak Processing 0.272ms
[4.897s][debug][gc,phases      ] GC(4) Scrub String Table 1.049ms
[4.897s][debug][gc,age         ] GC(4) Desired survivor size 536870912 bytes, new threshold 7 (max threshold 15)
[4.897s][info ][gc,heap        ] GC(4) PSYoungGen: 1095182K->121498K(1572864K)
[4.897s][info ][gc,heap        ] GC(4) ParOldGen: 5745K->5753K(6144K)
[4.897s][info ][gc,metaspace   ] GC(4) Metaspace: 44908K->44908K(1089536K)
[4.897s][info ][gc             ] GC(4) Pause Young (Allocation Failure) 1075M->124M(1542M) 109.966ms
[4.897s][info ][gc,cpu         ] GC(4) User=0.39s Sys=0.05s Real=0.11s
[4.897s][info ][safepoint      ] Leaving safepoint region
[4.897s][info ][safepoint      ] Total time for which application threads were stopped: 0.1109044 seconds, Stopping threads took: 0.0006708 seconds
[4.930s][info ][safepoint      ] Application time: 0.0327543 seconds
[4.930s][info ][safepoint      ] Entering safepoint region: Deoptimize
[4.931s][info ][safepoint      ] Leaving safepoint region
[4.931s][info ][safepoint      ] Total time for which application threads were stopped: 0.0009530 seconds, Stopping threads took: 0.0001956 seconds
[5.181s][info ][safepoint      ] Application time: 0.2495841 seconds
[5.181s][info ][safepoint      ] Entering safepoint region: ParallelGCFailedAllocation
[5.181s][info ][gc,start       ] GC(5) Pause Young (Allocation Failure)
[5.257s][debug][gc,phases      ] GC(5) Scavenge 75.542ms
[5.257s][debug][gc,ref         ] GC(5) Skipped phase1 of Reference Processing due to unavailable references
[5.257s][debug][gc,ref         ] GC(5) Skipped phase3 of Reference Processing due to unavailable references
[5.257s][debug][gc,phases      ] GC(5) Reference Processing 0.265ms
[5.257s][debug][gc,phases      ] GC(5) Weak Processing 0.302ms
[5.259s][debug][gc,phases      ] GC(5) Scrub String Table 1.292ms
[5.259s][debug][gc,age         ] GC(5) Desired survivor size 536870912 bytes, new threshold 7 (max threshold 15)
[5.259s][info ][gc,heap        ] GC(5) PSYoungGen: 1170074K->129478K(1572864K)
[5.259s][info ][gc,heap        ] GC(5) ParOldGen: 5753K->5761K(6144K)
[5.259s][info ][gc,metaspace   ] GC(5) Metaspace: 46355K->46355K(1091584K)
[5.259s][info ][gc             ] GC(5) Pause Young (Allocation Failure) 1148M->132M(1542M) 77.543ms
[5.259s][info ][gc,cpu         ] GC(5) User=0.23s Sys=0.07s Real=0.07s
[5.259s][info ][safepoint      ] Leaving safepoint region
[5.259s][info ][safepoint      ] Total time for which application threads were stopped: 0.0781473 seconds, Stopping threads took: 0.0001498 seconds
[5.268s][info ][safepoint      ] Application time: 0.0086815 seconds
[5.269s][info ][safepoint      ] Entering safepoint region: RevokeBias
[5.270s][info ][safepoint      ] Leaving safepoint region
[5.270s][info ][safepoint      ] Total time for which application threads were stopped: 0.0020514 seconds, Stopping threads took: 0.0019440 seconds
[5.270s][info ][safepoint      ] Application time: 0.0000318 seconds
[5.270s][info ][safepoint      ] Entering safepoint region: RevokeBias
[5.270s][info ][safepoint      ] Leaving safepoint region
[5.270s][info ][safepoint      ] Total time for which application threads were stopped: 0.0001125 seconds, Stopping threads took: 0.0000417 seconds
[5.684s][info ][safepoint      ] Application time: 0.4143826 seconds
[5.686s][info ][safepoint      ] Entering safepoint region: Deoptimize
[5.687s][info ][safepoint      ] Leaving safepoint region
[5.687s][info ][safepoint      ] Total time for which application threads were stopped: 0.0029085 seconds, Stopping threads took: 0.0020529 seconds
[5.714s][info ][safepoint      ] Application time: 0.0266862 seconds
[5.715s][info ][safepoint      ] Entering safepoint region: RevokeBias
[5.715s][info ][gc,start       ] GC(6) Pause Young (Allocation Failure)
[5.782s][debug][gc,phases      ] GC(6) Scavenge 67.406ms
[5.782s][debug][gc,ref         ] GC(6) Skipped phase1 of Reference Processing due to unavailable references
[5.782s][debug][gc,ref         ] GC(6) Skipped phase3 of Reference Processing due to unavailable references
[5.782s][debug][gc,phases      ] GC(6) Reference Processing 0.298ms
[5.783s][debug][gc,phases      ] GC(6) Weak Processing 0.349ms
[5.784s][debug][gc,phases      ] GC(6) Scrub String Table 1.324ms
[5.784s][debug][gc,age         ] GC(6) Desired survivor size 201850880 bytes, new threshold 6 (max threshold 15)
[5.784s][info ][gc,heap        ] GC(6) PSYoungGen: 1178054K->133343K(1572864K)
[5.784s][info ][gc,heap        ] GC(6) ParOldGen: 5761K->5777K(6144K)
[5.784s][info ][gc,metaspace   ] GC(6) Metaspace: 48944K->48944K(1093632K)
[5.784s][info ][gc             ] GC(6) Pause Young (Allocation Failure) 1156M->135M(1542M) 69.508ms
[5.784s][info ][gc,cpu         ] GC(6) User=0.26s Sys=0.02s Real=0.07s
[5.784s][info ][safepoint      ] Leaving safepoint region
[5.784s][info ][safepoint      ] Total time for which application threads were stopped: 0.0704610 seconds, Stopping threads took: 0.0007505 seconds
[5.866s][info ][safepoint      ] Application time: 0.0819348 seconds
[5.867s][info ][safepoint      ] Entering safepoint region: RevokeBias
[5.868s][info ][safepoint      ] Leaving safepoint region
[5.868s][info ][safepoint      ] Total time for which application threads were stopped: 0.0014352 seconds, Stopping threads took: 0.0003014 seconds
[5.868s][info ][safepoint      ] Application time: 0.0000672 seconds
[5.868s][info ][safepoint      ] Entering safepoint region: RevokeBias
[5.868s][info ][safepoint      ] Leaving safepoint region
[5.868s][info ][safepoint      ] Total time for which application threads were stopped: 0.0001851 seconds, Stopping threads took: 0.0000985 seconds
[5.881s][info ][safepoint      ] Application time: 0.0128545 seconds
[5.882s][info ][safepoint      ] Entering safepoint region: RevokeBias
[5.882s][info ][safepoint      ] Leaving safepoint region
[5.882s][info ][safepoint      ] Total time for which application threads were stopped: 0.0015539 seconds, Stopping threads took: 0.0013687 seconds
[5.882s][info ][safepoint      ] Application time: 0.0000849 seconds
[5.883s][info ][safepoint      ] Entering safepoint region: RevokeBias
[5.883s][info ][safepoint      ] Leaving safepoint region
[5.883s][info ][safepoint      ] Total time for which application threads were stopped: 0.0002101 seconds, Stopping threads took: 0.0001078 seconds
[5.884s][info ][safepoint      ] Application time: 0.0009421 seconds
[5.884s][info ][safepoint      ] Entering safepoint region: RevokeBias
[5.885s][info ][safepoint      ] Leaving safepoint region
[5.885s][info ][safepoint      ] Total time for which application threads were stopped: 0.0009319 seconds, Stopping threads took: 0.0008179 seconds
[5.885s][info ][safepoint      ] Application time: 0.0003510 seconds
[5.889s][info ][safepoint      ] Entering safepoint region: RevokeBias
[5.890s][info ][safepoint      ] Leaving safepoint region
[5.890s][info ][safepoint      ] Total time for which application threads were stopped: 0.0046180 seconds, Stopping threads took: 0.0044624 seconds
[5.890s][info ][safepoint      ] Application time: 0.0006122 seconds
[5.890s][info ][safepoint      ] Entering safepoint region: RevokeBias
[5.891s][info ][safepoint      ] Leaving safepoint region
[5.891s][info ][safepoint      ] Total time for which application threads were stopped: 0.0002491 seconds, Stopping threads took: 0.0001170 seconds
[5.893s][info ][safepoint      ] Application time: 0.0019193 seconds
[5.895s][info ][safepoint      ] Entering safepoint region: RevokeBias
[5.895s][info ][safepoint      ] Leaving safepoint region
[5.895s][info ][safepoint      ] Total time for which application threads were stopped: 0.0021385 seconds, Stopping threads took: 0.0020035 seconds
[5.897s][info ][safepoint      ] Application time: 0.0024490 seconds
[5.897s][info ][safepoint      ] Entering safepoint region: RevokeBias
[5.897s][info ][safepoint      ] Leaving safepoint region
[5.897s][info ][safepoint      ] Total time for which application threads were stopped: 0.0002916 seconds, Stopping threads took: 0.0001396 seconds
[5.905s][info ][safepoint      ] Application time: 0.0070450 seconds
[5.907s][info ][safepoint      ] Entering safepoint region: RevokeBias
[5.907s][info ][safepoint      ] Leaving safepoint region
[5.907s][info ][safepoint      ] Total time for which application threads were stopped: 0.0021636 seconds, Stopping threads took: 0.0020536 seconds
[5.907s][info ][safepoint      ] Application time: 0.0001565 seconds
[5.907s][info ][safepoint      ] Entering safepoint region: RevokeBias
[5.907s][info ][safepoint      ] Leaving safepoint region
[5.907s][info ][safepoint      ] Total time for which application threads were stopped: 0.0001426 seconds, Stopping threads took: 0.0000758 seconds
[5.952s][info ][safepoint      ] Application time: 0.0444900 seconds
[5.952s][info ][safepoint      ] Entering safepoint region: RevokeBias
[5.953s][info ][safepoint      ] Leaving safepoint region
[5.953s][info ][safepoint      ] Total time for which application threads were stopped: 0.0010624 seconds, Stopping threads took: 0.0009264 seconds
[5.954s][info ][safepoint      ] Application time: 0.0014437 seconds
[5.956s][info ][safepoint      ] Entering safepoint region: RevokeBias
[5.956s][info ][safepoint      ] Leaving safepoint region
[5.956s][info ][safepoint      ] Total time for which application threads were stopped: 0.0020854 seconds, Stopping threads took: 0.0019776 seconds
[6.025s][info ][safepoint      ] Application time: 0.0686918 seconds
[6.029s][info ][safepoint      ] Entering safepoint region: RevokeBias
[6.030s][info ][safepoint      ] Leaving safepoint region
[6.030s][info ][safepoint      ] Total time for which application threads were stopped: 0.0047095 seconds, Stopping threads took: 0.0045473 seconds
[6.037s][info ][safepoint      ] Application time: 0.0072156 seconds
[6.039s][info ][safepoint      ] Entering safepoint region: RevokeBias
[6.039s][info ][safepoint      ] Leaving safepoint region
[6.039s][info ][safepoint      ] Total time for which application threads were stopped: 0.0021267 seconds, Stopping threads took: 0.0020012 seconds
[6.098s][info ][safepoint      ] Application time: 0.0585778 seconds
[6.100s][info ][safepoint      ] Entering safepoint region: RevokeBias
[6.100s][info ][safepoint      ] Leaving safepoint region
[6.100s][info ][safepoint      ] Total time for which application threads were stopped: 0.0022207 seconds, Stopping threads took: 0.0020587 seconds
[6.150s][info ][safepoint      ] Application time: 0.0501800 seconds
[6.152s][info ][safepoint      ] Entering safepoint region: RevokeBias
[6.152s][info ][safepoint      ] Leaving safepoint region
[6.152s][info ][safepoint      ] Total time for which application threads were stopped: 0.0021611 seconds, Stopping threads took: 0.0020505 seconds
[6.319s][info ][safepoint      ] Application time: 0.1664769 seconds
[6.319s][info ][safepoint      ] Entering safepoint region: ParallelGCFailedAllocation
[6.319s][info ][gc,start       ] GC(7) Pause Young (Allocation Failure)
[6.403s][debug][gc,phases      ] GC(7) Scavenge 83.617ms
[6.403s][debug][gc,ref         ] GC(7) Skipped phase1 of Reference Processing due to unavailable references
[6.403s][debug][gc,ref         ] GC(7) Skipped phase3 of Reference Processing due to unavailable references
[6.403s][debug][gc,phases      ] GC(7) Reference Processing 0.260ms
[6.403s][debug][gc,phases      ] GC(7) Weak Processing 0.323ms
[6.405s][debug][gc,phases      ] GC(7) Scrub String Table 1.227ms
[6.405s][debug][gc,age         ] GC(7) Desired survivor size 213909504 bytes, new threshold 5 (max threshold 15)
[6.405s][info ][gc,heap        ] GC(7) PSYoungGen: 1181919K->139807K(1876480K)
[6.405s][info ][gc,heap        ] GC(7) ParOldGen: 5777K->5785K(6144K)
[6.405s][info ][gc,metaspace   ] GC(7) Metaspace: 49914K->49914K(1095680K)
[6.405s][info ][gc             ] GC(7) Pause Young (Allocation Failure) 1159M->142M(1838M) 85.575ms
[6.405s][info ][gc,cpu         ] GC(7) User=0.28s Sys=0.05s Real=0.09s
[6.405s][info ][safepoint      ] Leaving safepoint region
[6.405s][info ][safepoint      ] Total time for which application threads were stopped: 0.0859761 seconds, Stopping threads took: 0.0001808 seconds
[6.891s][info ][safepoint      ] Application time: 0.4860176 seconds
[6.891s][info ][safepoint      ] Entering safepoint region: ParallelGCFailedAllocation
[6.891s][info ][gc,start       ] GC(8) Pause Young (Allocation Failure)
[6.982s][debug][gc,phases      ] GC(8) Scavenge 90.840ms
[6.982s][debug][gc,ref         ] GC(8) Skipped phase1 of Reference Processing due to unavailable references
[6.982s][debug][gc,ref         ] GC(8) Skipped phase3 of Reference Processing due to unavailable references
[6.982s][debug][gc,phases      ] GC(8) Reference Processing 0.200ms
[6.983s][debug][gc,phases      ] GC(8) Weak Processing 0.362ms
[6.984s][debug][gc,phases      ] GC(8) Scrub String Table 1.293ms
[6.984s][debug][gc,age         ] GC(8) Desired survivor size 199229440 bytes, new threshold 4 (max threshold 15)
[6.984s][info ][gc,heap        ] GC(8) PSYoungGen: 1819167K->98577K(1888256K)
[6.984s][info ][gc,heap        ] GC(8) ParOldGen: 5785K->52355K(52736K)
[6.984s][info ][gc,metaspace   ] GC(8) Metaspace: 49984K->49984K(1095680K)
[6.984s][info ][gc             ] GC(8) Pause Young (Allocation Failure) 1782M->147M(1895M) 92.828ms
[6.984s][info ][gc,cpu         ] GC(8) User=0.29s Sys=0.07s Real=0.10s
[6.984s][debug][gc,phases      ] GC(9) Pre Compact 0.011ms
[6.984s][info ][gc,start       ] GC(9) Pause Full (Ergonomics)
[6.984s][info ][gc,phases,start] GC(9) Marking Phase
[7.050s][debug][gc,phases      ] GC(9) Par Mark 65.515ms
[7.050s][debug][gc,ref         ] GC(9) Skipped phase1 of Reference Processing due to unavailable references
[7.050s][debug][gc,ref         ] GC(9) Skipped phase3 of Reference Processing due to unavailable references
[7.050s][debug][gc,phases      ] GC(9) Reference Processing 0.137ms
[7.050s][debug][gc,phases      ] GC(9) Weak Processing 0.124ms
[7.052s][debug][gc,phases      ] GC(9) ClassLoaderData 1.213ms
[7.052s][debug][gc,phases      ] GC(9) Dictionary 0.016ms
[7.052s][debug][gc,phases      ] GC(9) ProtectionDomainCacheTable 0.002ms
[7.052s][debug][gc,phases      ] GC(9) ResolvedMethodTable 0.102ms
[7.065s][debug][gc,phases      ] GC(9) Class Unloading 14.002ms
[7.065s][debug][gc,phases      ] GC(9) Scrub String Table 0.450ms
[7.069s][debug][gc,phases      ] GC(9) Scrub Symbol Table 4.500ms
[7.070s][info ][gc,phases      ] GC(9) Marking Phase 85.487ms
[7.070s][info ][gc,phases,start] GC(9) Summary Phase
[7.070s][info ][gc,phases      ] GC(9) Summary Phase 0.011ms
[7.070s][info ][gc,phases,start] GC(9) Adjust Roots
[7.100s][info ][gc,phases      ] GC(9) Adjust Roots 30.321ms
[7.100s][info ][gc,phases,start] GC(9) Compaction Phase
[7.810s][info ][gc,phases      ] GC(9) Compaction Phase 709.691ms
[7.810s][info ][gc,phases,start] GC(9) Post Compact
[7.810s][info ][gc,phases      ] GC(9) Post Compact 0.690ms
[7.810s][info ][gc,heap        ] GC(9) PSYoungGen: 98577K->98246K(1888256K)
[7.810s][info ][gc,heap        ] GC(9) ParOldGen: 52355K->52032K(86016K)
[7.810s][info ][gc,metaspace   ] GC(9) Metaspace: 49984K->49910K(1095680K)
[7.810s][info ][gc             ] GC(9) Pause Full (Ergonomics) 147M->146M(1928M) 826.479ms
[7.811s][info ][gc,cpu         ] GC(9) User=3.06s Sys=0.03s Real=0.82s
[7.811s][info ][safepoint      ] Leaving safepoint region
[7.811s][info ][safepoint      ] Total time for which application threads were stopped: 0.9198232 seconds, Stopping threads took: 0.0001836 seconds
[8.138s][info ][safepoint      ] Application time: 0.3278945 seconds
[8.140s][info ][safepoint      ] Entering safepoint region: ICBufferFull
[8.141s][info ][safepoint      ] Leaving safepoint region
[8.141s][info ][safepoint      ] Total time for which application threads were stopped: 0.0022246 seconds, Stopping threads took: 0.0019691 seconds
[8.226s][info ][safepoint      ] Application time: 0.0851740 seconds
[8.229s][info ][safepoint      ] Entering safepoint region: RevokeBias
[8.229s][info ][safepoint      ] Leaving safepoint region
[8.229s][info ][safepoint      ] Total time for which application threads were stopped: 0.0032091 seconds, Stopping threads took: 0.0030658 seconds
[8.229s][info ][safepoint      ] Application time: 0.0000898 seconds
[8.230s][info ][safepoint      ] Entering safepoint region: RevokeBias
[8.230s][info ][safepoint      ] Leaving safepoint region
[8.230s][info ][safepoint      ] Total time for which application threads were stopped: 0.0009423 seconds, Stopping threads took: 0.0008699 seconds
[8.246s][info ][safepoint      ] Application time: 0.0159414 seconds
[8.247s][info ][safepoint      ] Entering safepoint region: RevokeBias
[8.247s][info ][safepoint      ] Leaving safepoint region
[8.247s][info ][safepoint      ] Total time for which application threads were stopped: 0.0007475 seconds, Stopping threads took: 0.0006151 seconds
[8.311s][info ][safepoint      ] Application time: 0.0640030 seconds
[8.313s][info ][safepoint      ] Entering safepoint region: ParallelGCFailedAllocation
[8.314s][info ][gc,start       ] GC(10) Pause Young (Allocation Failure)
[8.394s][debug][gc,phases      ] GC(10) Scavenge 80.252ms
[8.394s][debug][gc,ref         ] GC(10) Skipped phase1 of Reference Processing due to unavailable references
[8.394s][debug][gc,ref         ] GC(10) Skipped phase3 of Reference Processing due to unavailable references
[8.394s][debug][gc,phases      ] GC(10) Reference Processing 0.082ms
[8.394s][debug][gc,phases      ] GC(10) Weak Processing 0.273ms
[8.395s][debug][gc,phases      ] GC(10) Scrub String Table 0.670ms
[8.395s][debug][gc,age         ] GC(10) Desired survivor size 202375168 bytes, new threshold 5 (max threshold 15)
[8.395s][info ][gc,heap        ] GC(10) PSYoungGen: 1777606K->19425K(1896448K)
[8.395s][info ][gc,heap        ] GC(10) ParOldGen: 52032K->134946K(135680K)
[8.395s][info ][gc,metaspace   ] GC(10) Metaspace: 50657K->50657K(1095680K)
[8.395s][info ][gc             ] GC(10) Pause Young (Allocation Failure) 1786M->150M(1984M) 81.413ms
[8.395s][info ][gc,cpu         ] GC(10) User=0.29s Sys=0.04s Real=0.08s
[8.395s][debug][gc,phases      ] GC(11) Pre Compact 0.010ms
[8.395s][info ][gc,start       ] GC(11) Pause Full (Ergonomics)
[8.395s][info ][gc,phases,start] GC(11) Marking Phase
[8.467s][debug][gc,phases      ] GC(11) Par Mark 71.484ms
[8.467s][debug][gc,ref         ] GC(11) Skipped phase1 of Reference Processing due to unavailable references
[8.467s][debug][gc,ref         ] GC(11) Skipped phase3 of Reference Processing due to unavailable references
[8.467s][debug][gc,phases      ] GC(11) Reference Processing 0.293ms
[8.468s][debug][gc,phases      ] GC(11) Weak Processing 0.150ms
[8.468s][debug][gc,phases      ] GC(11) ClassLoaderData 0.560ms
[8.468s][debug][gc,phases      ] GC(11) ProtectionDomainCacheTable 0.004ms
[8.468s][debug][gc,phases      ] GC(11) ResolvedMethodTable 0.124ms
[8.472s][debug][gc,phases      ] GC(11) Class Unloading 3.954ms
[8.472s][debug][gc,phases      ] GC(11) Scrub String Table 0.467ms
[8.479s][debug][gc,phases      ] GC(11) Scrub Symbol Table 7.079ms
[8.479s][info ][gc,phases      ] GC(11) Marking Phase 84.065ms
[8.479s][info ][gc,phases,start] GC(11) Summary Phase
[8.479s][info ][gc,phases      ] GC(11) Summary Phase 0.009ms
[8.479s][info ][gc,phases,start] GC(11) Adjust Roots
[8.496s][info ][gc,phases      ] GC(11) Adjust Roots 16.368ms
[8.496s][info ][gc,phases,start] GC(11) Compaction Phase
[9.091s][info ][gc,phases      ] GC(11) Compaction Phase 595.060ms
[9.091s][info ][gc,phases,start] GC(11) Post Compact
[9.091s][info ][gc,phases      ] GC(11) Post Compact 0.362ms
[9.091s][info ][gc,heap        ] GC(11) PSYoungGen: 19425K->18327K(1896448K)
[9.091s][info ][gc,heap        ] GC(11) ParOldGen: 134946K->135665K(208896K)
[9.091s][info ][gc,metaspace   ] GC(11) Metaspace: 50657K->50657K(1095680K)
[9.091s][info ][gc             ] GC(11) Pause Full (Ergonomics) 150M->150M(2056M) 696.121ms
[9.091s][info ][gc,cpu         ] GC(11) User=2.63s Sys=0.02s Real=0.69s
[9.091s][info ][safepoint      ] Leaving safepoint region
[9.091s][info ][safepoint      ] Total time for which application threads were stopped: 0.7802572 seconds, Stopping threads took: 0.0024442 seconds
[9.120s][info ][safepoint      ] Application time: 0.0290462 seconds
[9.120s][info ][safepoint      ] Entering safepoint region: RevokeBias
[9.121s][info ][safepoint      ] Leaving safepoint region
[9.121s][info ][safepoint      ] Total time for which application threads were stopped: 0.0003197 seconds, Stopping threads took: 0.0001817 seconds
[9.624s][info ][safepoint      ] Application time: 0.5037545 seconds
[9.629s][info ][safepoint      ] Entering safepoint region: ParallelGCFailedAllocation
[9.629s][info ][gc,start       ] GC(12) Pause Young (Allocation Failure)
[9.656s][debug][gc,phases      ] GC(12) Scavenge 26.783ms
[9.656s][debug][gc,ref         ] GC(12) Skipped phase1 of Reference Processing due to unavailable references
[9.656s][debug][gc,ref         ] GC(12) Skipped phase3 of Reference Processing due to unavailable references
[9.656s][debug][gc,phases      ] GC(12) Reference Processing 0.115ms
[9.656s][debug][gc,phases      ] GC(12) Weak Processing 0.245ms
[9.657s][debug][gc,phases      ] GC(12) Scrub String Table 0.547ms
[9.657s][debug][gc,age         ] GC(12) Desired survivor size 204472320 bytes, new threshold 6 (max threshold 15)
[9.657s][info ][gc,heap        ] GC(12) PSYoungGen: 1720215K->12208K(1714176K)
[9.657s][info ][gc,heap        ] GC(12) ParOldGen: 135665K->135673K(208896K)
[9.657s][info ][gc,metaspace   ] GC(12) Metaspace: 51675K->51675K(1095680K)
[9.657s][info ][gc             ] GC(12) Pause Young (Allocation Failure) 1812M->144M(1878M) 27.844ms
[9.657s][info ][gc,cpu         ] GC(12) User=0.12s Sys=0.00s Real=0.03s
[9.657s][info ][safepoint      ] Leaving safepoint region
[9.657s][info ][safepoint      ] Total time for which application threads were stopped: 0.0326678 seconds, Stopping threads took: 0.0044582 seconds
[9.733s][info ][safepoint      ] Application time: 0.0755625 seconds
[9.737s][info ][safepoint      ] Entering safepoint region: Deoptimize
[9.738s][info ][safepoint      ] Leaving safepoint region
[9.738s][info ][safepoint      ] Total time for which application threads were stopped: 0.0055330 seconds, Stopping threads took: 0.0045361 seconds
[10.159s][info ][safepoint      ] Application time: 0.4204188 seconds
[10.159s][info ][safepoint      ] Entering safepoint region: ICBufferFull
[10.160s][info ][safepoint      ] Leaving safepoint region
[10.160s][info ][safepoint      ] Total time for which application threads were stopped: 0.0009771 seconds, Stopping threads took: 0.0007189 seconds
[10.208s][info ][safepoint      ] Application time: 0.0481498 seconds
[10.210s][info ][safepoint      ] Entering safepoint region: ParallelGCFailedAllocation
[10.210s][info ][gc,start       ] GC(13) Pause Young (Allocation Failure)
[10.219s][debug][gc,phases      ] GC(13) Scavenge 8.650ms
[10.219s][debug][gc,ref         ] GC(13) Skipped phase1 of Reference Processing due to unavailable references
[10.219s][debug][gc,ref         ] GC(13) Skipped phase3 of Reference Processing due to unavailable references
[10.219s][debug][gc,phases      ] GC(13) Reference Processing 0.098ms
[10.219s][debug][gc,phases      ] GC(13) Weak Processing 0.162ms
[10.220s][debug][gc,phases      ] GC(13) Scrub String Table 0.577ms
[10.220s][debug][gc,age         ] GC(13) Desired survivor size 203423744 bytes, new threshold 7 (max threshold 15)
[10.220s][info ][gc,heap        ] GC(13) PSYoungGen: 1714096K->13248K(1898496K)
[10.220s][info ][gc,heap        ] GC(13) ParOldGen: 135673K->135681K(208896K)
[10.220s][info ][gc,metaspace   ] GC(13) Metaspace: 52010K->52010K(1095680K)
[10.220s][info ][gc             ] GC(13) Pause Young (Allocation Failure) 1806M->145M(2058M) 9.624ms
[10.220s][info ][gc,cpu         ] GC(13) User=0.03s Sys=0.00s Real=0.01s
[10.220s][info ][safepoint      ] Leaving safepoint region
[10.220s][info ][safepoint      ] Total time for which application threads were stopped: 0.0120825 seconds, Stopping threads took: 0.0022782 seconds
[10.628s][info ][safepoint      ] Application time: 0.4077835 seconds
[10.628s][info ][safepoint      ] Entering safepoint region: ICBufferFull
[10.629s][info ][safepoint      ] Leaving safepoint region
[10.629s][info ][safepoint      ] Total time for which application threads were stopped: 0.0009134 seconds, Stopping threads took: 0.0007244 seconds
[10.752s][info ][safepoint      ] Application time: 0.1231691 seconds
[10.752s][info ][safepoint      ] Entering safepoint region: ParallelGCFailedAllocation
[10.752s][info ][gc,start       ] GC(14) Pause Young (Allocation Failure)
[10.764s][debug][gc,phases      ] GC(14) Scavenge 11.584ms
[10.764s][debug][gc,ref         ] GC(14) Skipped phase1 of Reference Processing due to unavailable references
[10.764s][debug][gc,ref         ] GC(14) Skipped phase3 of Reference Processing due to unavailable references
[10.764s][debug][gc,phases      ] GC(14) Reference Processing 0.163ms
[10.764s][debug][gc,phases      ] GC(14) Weak Processing 0.250ms
[10.765s][debug][gc,phases      ] GC(14) Scrub String Table 0.531ms
[10.765s][debug][gc,age         ] GC(14) Desired survivor size 200278016 bytes, new threshold 8 (max threshold 15)
[10.765s][info ][gc,heap        ] GC(14) PSYoungGen: 1712064K->16704K(1897472K)
[10.765s][info ][gc,heap        ] GC(14) ParOldGen: 135681K->135689K(208896K)
[10.765s][info ][gc,metaspace   ] GC(14) Metaspace: 52039K->52039K(1095680K)
[10.765s][info ][gc             ] GC(14) Pause Young (Allocation Failure) 1804M->148M(2057M) 12.697ms
[10.765s][info ][gc,cpu         ] GC(14) User=0.04s Sys=0.00s Real=0.02s
[10.765s][info ][safepoint      ] Leaving safepoint region
[10.765s][info ][safepoint      ] Total time for which application threads were stopped: 0.0131794 seconds, Stopping threads took: 0.0001708 seconds
[11.144s][info ][safepoint      ] Application time: 0.3786595 seconds
[11.144s][info ][safepoint      ] Entering safepoint region: ICBufferFull
[11.144s][info ][safepoint      ] Leaving safepoint region
[11.144s][info ][safepoint      ] Total time for which application threads were stopped: 0.0003935 seconds, Stopping threads took: 0.0001439 seconds
[11.213s][info ][safepoint      ] Application time: 0.0684617 seconds
[11.213s][info ][safepoint      ] Entering safepoint region: ParallelGCFailedAllocation
[11.213s][info ][gc,start       ] GC(15) Pause Young (Allocation Failure)
[11.225s][debug][gc,phases      ] GC(15) Scavenge 12.256ms
[11.225s][debug][gc,ref         ] GC(15) Skipped phase1 of Reference Processing due to unavailable references
[11.225s][debug][gc,ref         ] GC(15) Skipped phase3 of Reference Processing due to unavailable references
[11.225s][debug][gc,phases      ] GC(15) Reference Processing 0.098ms
[11.226s][debug][gc,phases      ] GC(15) Weak Processing 0.158ms
[11.226s][debug][gc,phases      ] GC(15) Scrub String Table 0.404ms
[11.226s][debug][gc,age         ] GC(15) Desired survivor size 195035136 bytes, new threshold 9 (max threshold 15)
[11.226s][info ][gc,heap        ] GC(15) PSYoungGen: 1715520K->19648K(1906688K)
[11.226s][info ][gc,heap        ] GC(15) ParOldGen: 135689K->135689K(208896K)
[11.226s][info ][gc,metaspace   ] GC(15) Metaspace: 52050K->52050K(1095680K)
[11.226s][info ][gc             ] GC(15) Pause Young (Allocation Failure) 1807M->151M(2066M) 13.041ms
[11.226s][info ][gc,cpu         ] GC(15) User=0.05s Sys=0.00s Real=0.01s
[11.226s][info ][safepoint      ] Leaving safepoint region
[11.226s][info ][safepoint      ] Total time for which application threads were stopped: 0.0133739 seconds, Stopping threads took: 0.0001335 seconds
[11.342s][info ][safepoint      ] Application time: 0.1155027 seconds
[11.344s][info ][safepoint      ] Entering safepoint region: Deoptimize
[11.345s][info ][safepoint      ] Leaving safepoint region
[11.345s][info ][safepoint      ] Total time for which application threads were stopped: 0.0030063 seconds, Stopping threads took: 0.0019663 seconds
[11.430s][info ][safepoint      ] Application time: 0.0853396 seconds
[11.432s][info ][safepoint      ] Entering safepoint region: RevokeBias
[11.432s][info ][safepoint      ] Leaving safepoint region
[11.432s][info ][safepoint      ] Total time for which application threads were stopped: 0.0021691 seconds, Stopping threads took: 0.0019700 seconds
[11.509s][info ][safepoint      ] Application time: 0.0772316 seconds
[11.512s][info ][safepoint      ] Entering safepoint region: RevokeBias
[11.512s][info ][safepoint      ] Leaving safepoint region
[11.512s][info ][safepoint      ] Total time for which application threads were stopped: 0.0026040 seconds, Stopping threads took: 0.0024690 seconds
[11.512s][info ][safepoint      ] Application time: 0.0000741 seconds
[11.514s][info ][safepoint      ] Entering safepoint region: RevokeBias
[11.515s][info ][safepoint      ] Leaving safepoint region
[11.515s][info ][safepoint      ] Total time for which application threads were stopped: 0.0024483 seconds, Stopping threads took: 0.0023247 seconds
[11.515s][info ][safepoint      ] Application time: 0.0000341 seconds
[11.515s][info ][safepoint      ] Entering safepoint region: RevokeBias
[11.515s][info ][safepoint      ] Leaving safepoint region
[11.515s][info ][safepoint      ] Total time for which application threads were stopped: 0.0001030 seconds, Stopping threads took: 0.0000160 seconds
[11.516s][info ][safepoint      ] Application time: 0.0011969 seconds
[11.516s][info ][safepoint      ] Entering safepoint region: RevokeBias
[11.516s][info ][safepoint      ] Leaving safepoint region
[11.516s][info ][safepoint      ] Total time for which application threads were stopped: 0.0001017 seconds, Stopping threads took: 0.0000169 seconds
[11.516s][info ][safepoint      ] Application time: 0.0001798 seconds
[11.516s][info ][safepoint      ] Entering safepoint region: RevokeBias
[11.516s][info ][safepoint      ] Leaving safepoint region
[11.516s][info ][safepoint      ] Total time for which application threads were stopped: 0.0000619 seconds, Stopping threads took: 0.0000040 seconds
[11.712s][info ][safepoint      ] Application time: 0.1959537 seconds
[11.712s][info ][safepoint      ] Entering safepoint region: ParallelGCFailedAllocation
[11.713s][info ][gc,start       ] GC(16) Pause Young (Allocation Failure)
[11.726s][debug][gc,phases      ] GC(16) Scavenge 13.528ms
[11.726s][debug][gc,ref         ] GC(16) Skipped phase1 of Reference Processing due to unavailable references
[11.726s][debug][gc,ref         ] GC(16) Skipped phase3 of Reference Processing due to unavailable references
[11.726s][debug][gc,phases      ] GC(16) Reference Processing 0.092ms
[11.726s][debug][gc,phases      ] GC(16) Weak Processing 0.145ms
[11.727s][debug][gc,phases      ] GC(16) Scrub String Table 0.392ms
[11.727s][debug][gc,age         ] GC(16) Desired survivor size 189267968 bytes, new threshold 10 (max threshold 15)
[11.727s][info ][gc,heap        ] GC(16) PSYoungGen: 1730752K->20592K(1901568K)
[11.727s][info ][gc,heap        ] GC(16) ParOldGen: 135689K->135697K(208896K)
[11.727s][info ][gc,metaspace   ] GC(16) Metaspace: 52832K->52832K(1097728K)
[11.727s][info ][gc             ] GC(16) Pause Young (Allocation Failure) 1822M->152M(2061M) 14.287ms
[11.727s][info ][gc,cpu         ] GC(16) User=0.05s Sys=0.00s Real=0.01s
[11.727s][info ][safepoint      ] Leaving safepoint region
[11.727s][info ][safepoint      ] Total time for which application threads were stopped: 0.0146727 seconds, Stopping threads took: 0.0001896 seconds
[11.855s][info ][safepoint      ] Application time: 0.1278734 seconds
[11.857s][info ][safepoint      ] Entering safepoint region: Deoptimize
[11.859s][info ][safepoint      ] Leaving safepoint region
[11.859s][info ][safepoint      ] Total time for which application threads were stopped: 0.0038505 seconds, Stopping threads took: 0.0024123 seconds
[11.864s][info ][safepoint      ] Application time: 0.0048754 seconds
[11.864s][info ][safepoint      ] Entering safepoint region: Deoptimize
[11.865s][info ][safepoint      ] Leaving safepoint region
[11.865s][info ][safepoint      ] Total time for which application threads were stopped: 0.0014480 seconds, Stopping threads took: 0.0001200 seconds
[11.884s][info ][safepoint      ] Application time: 0.0191884 seconds
[11.886s][info ][safepoint      ] Entering safepoint region: RevokeBias
[11.886s][info ][safepoint      ] Leaving safepoint region
[11.886s][info ][safepoint      ] Total time for which application threads were stopped: 0.0021726 seconds, Stopping threads took: 0.0020626 seconds
[11.887s][info ][safepoint      ] Application time: 0.0001064 seconds
[11.887s][info ][safepoint      ] Entering safepoint region: RevokeBias
[11.887s][info ][safepoint      ] Leaving safepoint region
[11.887s][info ][safepoint      ] Total time for which application threads were stopped: 0.0001812 seconds, Stopping threads took: 0.0000989 seconds
[11.932s][info ][safepoint      ] Application time: 0.0453729 seconds
[11.932s][info ][safepoint      ] Entering safepoint region: RevokeBias
[11.933s][info ][safepoint      ] Leaving safepoint region
[11.933s][info ][safepoint      ] Total time for which application threads were stopped: 0.0004942 seconds, Stopping threads took: 0.0003470 seconds
[11.983s][info ][safepoint      ] Application time: 0.0503019 seconds
[11.985s][info ][safepoint      ] Entering safepoint region: Deoptimize
[11.986s][info ][safepoint      ] Leaving safepoint region
[11.986s][info ][safepoint      ] Total time for which application threads were stopped: 0.0034449 seconds, Stopping threads took: 0.0023785 seconds
[12.071s][info ][safepoint      ] Application time: 0.0841245 seconds
[12.073s][info ][safepoint      ] Entering safepoint region: RevokeBias
[12.074s][info ][safepoint      ] Leaving safepoint region
[12.074s][info ][safepoint      ] Total time for which application threads were stopped: 0.0031853 seconds, Stopping threads took: 0.0020497 seconds
[12.205s][info ][safepoint      ] Application time: 0.1310146 seconds
[12.207s][info ][safepoint      ] Entering safepoint region: RevokeBias
[12.207s][info ][safepoint      ] Leaving safepoint region
[12.207s][info ][safepoint      ] Total time for which application threads were stopped: 0.0021913 seconds, Stopping threads took: 0.0020456 seconds
[12.208s][info ][safepoint      ] Application time: 0.0006688 seconds
[12.210s][info ][safepoint      ] Entering safepoint region: RevokeBias
[12.210s][info ][safepoint      ] Leaving safepoint region
[12.210s][info ][safepoint      ] Total time for which application threads were stopped: 0.0026823 seconds, Stopping threads took: 0.0025438 seconds
[12.232s][info ][safepoint      ] Application time: 0.0215252 seconds
[12.232s][info ][safepoint      ] Entering safepoint region: RevokeBias
[12.232s][info ][safepoint      ] Leaving safepoint region
[12.232s][info ][safepoint      ] Total time for which application threads were stopped: 0.0003078 seconds, Stopping threads took: 0.0001493 seconds
[12.235s][info ][safepoint      ] Application time: 0.0030724 seconds
[12.237s][info ][safepoint      ] Entering safepoint region: ParallelGCFailedAllocation
[12.238s][info ][gc,start       ] GC(17) Pause Young (Allocation Failure)
[12.251s][debug][gc,phases      ] GC(17) Scavenge 13.240ms
[12.251s][debug][gc,ref         ] GC(17) Skipped phase1 of Reference Processing due to unavailable references
[12.251s][debug][gc,ref         ] GC(17) Skipped phase3 of Reference Processing due to unavailable references
[12.251s][debug][gc,phases      ] GC(17) Reference Processing 0.126ms
[12.251s][debug][gc,phases      ] GC(17) Weak Processing 0.185ms
[12.252s][debug][gc,phases      ] GC(17) Scrub String Table 0.509ms
[12.252s][debug][gc,age         ] GC(17) Desired survivor size 182452224 bytes, new threshold 11 (max threshold 15)
[12.252s][info ][gc,heap        ] GC(17) PSYoungGen: 1731696K->22016K(1918976K)
[12.252s][info ][gc,heap        ] GC(17) ParOldGen: 135697K->135697K(208896K)
[12.252s][info ][gc,metaspace   ] GC(17) Metaspace: 55618K->55618K(1099776K)
[12.252s][info ][gc             ] GC(17) Pause Young (Allocation Failure) 1823M->154M(2078M) 14.190ms
[12.252s][info ][gc,cpu         ] GC(17) User=0.05s Sys=0.01s Real=0.01s
[12.252s][info ][safepoint      ] Leaving safepoint region
[12.252s][info ][safepoint      ] Total time for which application threads were stopped: 0.0165206 seconds, Stopping threads took: 0.0021391 seconds
[12.252s][info ][safepoint      ] Application time: 0.0000828 seconds
[12.252s][info ][safepoint      ] Entering safepoint region: RevokeBias
[12.252s][info ][safepoint      ] Leaving safepoint region
[12.252s][info ][safepoint      ] Total time for which application threads were stopped: 0.0002202 seconds, Stopping threads took: 0.0001073 seconds
[12.288s][info ][safepoint      ] Application time: 0.0363022 seconds
[12.291s][info ][safepoint      ] Entering safepoint region: BulkRevokeBias
[12.291s][info ][safepoint      ] Leaving safepoint region
[12.291s][info ][safepoint      ] Total time for which application threads were stopped: 0.0028538 seconds, Stopping threads took: 0.0020319 seconds
[12.394s][info ][safepoint      ] Application time: 0.1031421 seconds
[12.397s][info ][safepoint      ] Entering safepoint region: RevokeBias
[12.397s][info ][safepoint      ] Leaving safepoint region
[12.397s][info ][safepoint      ] Total time for which application threads were stopped: 0.0021746 seconds, Stopping threads took: 0.0020628 seconds
[12.397s][info ][safepoint      ] Application time: 0.0000426 seconds
[12.397s][info ][safepoint      ] Entering safepoint region: RevokeBias
[12.397s][info ][safepoint      ] Leaving safepoint region
[12.397s][info ][safepoint      ] Total time for which application threads were stopped: 0.0001362 seconds, Stopping threads took: 0.0000650 seconds
[12.398s][info ][safepoint      ] Application time: 0.0006724 seconds
[12.398s][info ][safepoint      ] Entering safepoint region: Deoptimize
[12.399s][info ][safepoint      ] Leaving safepoint region
[12.399s][info ][safepoint      ] Total time for which application threads were stopped: 0.0011422 seconds, Stopping threads took: 0.0000885 seconds
[12.495s][info ][safepoint      ] Application time: 0.0966061 seconds
[12.497s][info ][safepoint      ] Entering safepoint region: RevokeBias
[12.497s][info ][safepoint      ] Leaving safepoint region
[12.497s][info ][safepoint      ] Total time for which application threads were stopped: 0.0021424 seconds, Stopping threads took: 0.0020363 seconds
[12.529s][info ][safepoint      ] Application time: 0.0315758 seconds
[12.531s][info ][safepoint      ] Entering safepoint region: RevokeBias
[12.532s][info ][safepoint      ] Leaving safepoint region
[12.532s][info ][safepoint      ] Total time for which application threads were stopped: 0.0025275 seconds, Stopping threads took: 0.0023955 seconds
[12.532s][info ][safepoint      ] Application time: 0.0004324 seconds
[12.532s][info ][safepoint      ] Entering safepoint region: RevokeBias
[12.532s][info ][safepoint      ] Leaving safepoint region
[12.532s][info ][safepoint      ] Total time for which application threads were stopped: 0.0001827 seconds, Stopping threads took: 0.0000805 seconds
[12.626s][info ][safepoint      ] Application time: 0.0932736 seconds
[12.628s][info ][safepoint      ] Entering safepoint region: Deoptimize
[12.629s][info ][safepoint      ] Leaving safepoint region
[12.629s][info ][safepoint      ] Total time for which application threads were stopped: 0.0031665 seconds, Stopping threads took: 0.0020485 seconds
[12.648s][info ][safepoint      ] Application time: 0.0187626 seconds
[12.648s][info ][safepoint      ] Entering safepoint region: BulkRevokeBias
[12.651s][info ][safepoint      ] Leaving safepoint region
[12.651s][info ][safepoint      ] Total time for which application threads were stopped: 0.0029921 seconds, Stopping threads took: 0.0009305 seconds
[12.707s][info ][safepoint      ] Application time: 0.0564510 seconds
[12.710s][info ][safepoint      ] Entering safepoint region: RevokeBias
[12.710s][info ][safepoint      ] Leaving safepoint region
[12.710s][info ][safepoint      ] Total time for which application threads were stopped: 0.0027230 seconds, Stopping threads took: 0.0025667 seconds
[12.710s][info ][safepoint      ] Application time: 0.0000841 seconds
[12.710s][info ][safepoint      ] Entering safepoint region: RevokeBias
[12.710s][info ][safepoint      ] Leaving safepoint region
[12.710s][info ][safepoint      ] Total time for which application threads were stopped: 0.0001292 seconds, Stopping threads took: 0.0000528 seconds
[12.712s][info ][safepoint      ] Application time: 0.0017995 seconds
[12.712s][info ][safepoint      ] Entering safepoint region: RevokeBias
[12.712s][info ][safepoint      ] Leaving safepoint region
[12.712s][info ][safepoint      ] Total time for which application threads were stopped: 0.0002094 seconds, Stopping threads took: 0.0001174 seconds
[12.718s][info ][safepoint      ] Application time: 0.0058856 seconds
[12.720s][info ][safepoint      ] Entering safepoint region: RevokeBias
[12.720s][info ][safepoint      ] Leaving safepoint region
[12.720s][info ][safepoint      ] Total time for which application threads were stopped: 0.0021857 seconds, Stopping threads took: 0.0020552 seconds
[12.720s][info ][safepoint      ] Application time: 0.0000571 seconds
[12.720s][info ][safepoint      ] Entering safepoint region: RevokeBias
[12.720s][info ][safepoint      ] Leaving safepoint region
[12.720s][info ][safepoint      ] Total time for which application threads were stopped: 0.0001144 seconds, Stopping threads took: 0.0000374 seconds
[12.782s][info ][safepoint      ] Application time: 0.0614199 seconds
[12.782s][info ][safepoint      ] Entering safepoint region: ParallelGCFailedAllocation
[12.782s][info ][gc,start       ] GC(18) Pause Young (Allocation Failure)
[12.797s][debug][gc,phases      ] GC(18) Scavenge 14.723ms
[12.797s][debug][gc,ref         ] GC(18) Skipped phase1 of Reference Processing due to unavailable references
[12.797s][debug][gc,ref         ] GC(18) Skipped phase3 of Reference Processing due to unavailable references
[12.797s][debug][gc,phases      ] GC(18) Reference Processing 0.139ms
[12.797s][debug][gc,phases      ] GC(18) Weak Processing 0.190ms
[12.798s][debug][gc,phases      ] GC(18) Scrub String Table 0.497ms
[12.798s][debug][gc,age         ] GC(18) Desired survivor size 174063616 bytes, new threshold 12 (max threshold 15)
[12.798s][info ][gc,heap        ] GC(18) PSYoungGen: 1756160K->30112K(1912320K)
[12.798s][info ][gc,heap        ] GC(18) ParOldGen: 135697K->135705K(208896K)
[12.798s][info ][gc,metaspace   ] GC(18) Metaspace: 57816K->57816K(1101824K)
[12.798s][info ][gc             ] GC(18) Pause Young (Allocation Failure) 1847M->161M(2071M) 15.686ms
[12.798s][info ][gc,cpu         ] GC(18) User=0.06s Sys=0.00s Real=0.01s
[12.798s][info ][safepoint      ] Leaving safepoint region
[12.798s][info ][safepoint      ] Total time for which application threads were stopped: 0.0160758 seconds, Stopping threads took: 0.0001762 seconds
[12.888s][info ][safepoint      ] Application time: 0.0903482 seconds
[12.888s][info ][safepoint      ] Entering safepoint region: RevokeBias
[12.889s][info ][safepoint      ] Leaving safepoint region
[12.889s][info ][safepoint      ] Total time for which application threads were stopped: 0.0002849 seconds, Stopping threads took: 0.0001525 seconds
[12.889s][info ][safepoint      ] Application time: 0.0000477 seconds
[12.889s][info ][safepoint      ] Entering safepoint region: RevokeBias
[12.889s][info ][safepoint      ] Leaving safepoint region
[12.889s][info ][safepoint      ] Total time for which application threads were stopped: 0.0000963 seconds, Stopping threads took: 0.0000450 seconds
[12.960s][info ][safepoint      ] Application time: 0.0711414 seconds
[12.960s][info ][safepoint      ] Entering safepoint region: RevokeBias
[12.961s][info ][safepoint      ] Leaving safepoint region
[12.961s][info ][safepoint      ] Total time for which application threads were stopped: 0.0008208 seconds, Stopping threads took: 0.0006395 seconds
[12.961s][info ][safepoint      ] Application time: 0.0000588 seconds
[12.961s][info ][safepoint      ] Entering safepoint region: RevokeBias
[12.961s][info ][safepoint      ] Leaving safepoint region
[12.961s][info ][safepoint      ] Total time for which application threads were stopped: 0.0001657 seconds, Stopping threads took: 0.0000719 seconds
[12.962s][info ][safepoint      ] Application time: 0.0009876 seconds
[12.962s][info ][safepoint      ] Entering safepoint region: RevokeBias
[12.962s][info ][safepoint      ] Leaving safepoint region
[12.962s][info ][safepoint      ] Total time for which application threads were stopped: 0.0001558 seconds, Stopping threads took: 0.0000572 seconds
[12.999s][info ][safepoint      ] Application time: 0.0373768 seconds
[13.002s][info ][safepoint      ] Entering safepoint region: RevokeBias
[13.002s][info ][safepoint      ] Leaving safepoint region
[13.002s][info ][safepoint      ] Total time for which application threads were stopped: 0.0022742 seconds, Stopping threads took: 0.0021314 seconds
[13.002s][info ][safepoint      ] Application time: 0.0000640 seconds
[13.002s][info ][safepoint      ] Entering safepoint region: RevokeBias
[13.002s][info ][safepoint      ] Leaving safepoint region
[13.002s][info ][safepoint      ] Total time for which application threads were stopped: 0.0001476 seconds, Stopping threads took: 0.0000496 seconds
[13.007s][info ][safepoint      ] Application time: 0.0046099 seconds
[13.009s][info ][safepoint      ] Entering safepoint region: RevokeBias
[13.009s][info ][safepoint      ] Leaving safepoint region
[13.009s][info ][safepoint      ] Total time for which application threads were stopped: 0.0025935 seconds, Stopping threads took: 0.0024313 seconds
[13.086s][info ][safepoint      ] Application time: 0.0764832 seconds
[13.088s][info ][safepoint      ] Entering safepoint region: RevokeBias
[13.088s][info ][safepoint      ] Leaving safepoint region
[13.088s][info ][safepoint      ] Total time for which application threads were stopped: 0.0026116 seconds, Stopping threads took: 0.0024466 seconds
[13.114s][info ][safepoint      ] Application time: 0.0258991 seconds
[13.115s][info ][safepoint      ] Entering safepoint region: RevokeBias
[13.116s][info ][safepoint      ] Leaving safepoint region
[13.116s][info ][safepoint      ] Total time for which application threads were stopped: 0.0012432 seconds, Stopping threads took: 0.0011044 seconds
[13.198s][info ][safepoint      ] Application time: 0.0822284 seconds
[13.200s][info ][safepoint      ] Entering safepoint region: RevokeBias
[13.201s][info ][safepoint      ] Leaving safepoint region
[13.201s][info ][safepoint      ] Total time for which application threads were stopped: 0.0027174 seconds, Stopping threads took: 0.0025167 seconds
[13.350s][info ][safepoint      ] Application time: 0.1497638 seconds
[13.350s][info ][safepoint      ] Entering safepoint region: ParallelGCFailedAllocation
[13.351s][info ][gc,start       ] GC(19) Pause Young (Allocation Failure)
[13.370s][debug][gc,phases      ] GC(19) Scavenge 19.416ms
[13.370s][debug][gc,ref         ] GC(19) Skipped phase1 of Reference Processing due to unavailable references
[13.370s][debug][gc,ref         ] GC(19) Skipped phase3 of Reference Processing due to unavailable references
[13.370s][debug][gc,phases      ] GC(19) Reference Processing 0.126ms
[13.370s][debug][gc,phases      ] GC(19) Weak Processing 0.176ms
[13.371s][debug][gc,phases      ] GC(19) Scrub String Table 0.450ms
[13.371s][debug][gc,age         ] GC(19) Desired survivor size 164102144 bytes, new threshold 13 (max threshold 15)
[13.371s][info ][gc,heap        ] GC(19) PSYoungGen: 1764256K->37856K(1936896K)
[13.371s][info ][gc,heap        ] GC(19) ParOldGen: 135705K->135713K(208896K)
[13.371s][info ][gc,metaspace   ] GC(19) Metaspace: 58224K->58224K(1101824K)
[13.371s][info ][gc             ] GC(19) Pause Young (Allocation Failure) 1855M->169M(2095M) 20.287ms
[13.371s][info ][gc,cpu         ] GC(19) User=0.10s Sys=0.00s Real=0.02s
[13.371s][info ][safepoint      ] Leaving safepoint region
[13.371s][info ][safepoint      ] Total time for which application threads were stopped: 0.0206354 seconds, Stopping threads took: 0.0001464 seconds
[13.568s][info ][safepoint      ] Application time: 0.1967761 seconds
[13.568s][info ][safepoint      ] Entering safepoint region: RevokeBias
[13.569s][info ][safepoint      ] Leaving safepoint region
[13.569s][info ][safepoint      ] Total time for which application threads were stopped: 0.0009412 seconds, Stopping threads took: 0.0006769 seconds
[13.946s][info ][safepoint      ] Application time: 0.3777205 seconds
[13.947s][info ][safepoint      ] Entering safepoint region: ParallelGCFailedAllocation
[13.947s][info ][gc,start       ] GC(20) Pause Young (Allocation Failure)
[13.969s][debug][gc,phases      ] GC(20) Scavenge 22.241ms
[13.969s][debug][gc,ref         ] GC(20) Skipped phase1 of Reference Processing due to unavailable references
[13.969s][debug][gc,ref         ] GC(20) Skipped phase3 of Reference Processing due to unavailable references
[13.969s][debug][gc,phases      ] GC(20) Reference Processing 0.168ms
[13.970s][debug][gc,phases      ] GC(20) Weak Processing 0.274ms
[13.970s][debug][gc,phases      ] GC(20) Scrub String Table 0.515ms
[13.970s][debug][gc,age         ] GC(20) Desired survivor size 155189248 bytes, new threshold 14 (max threshold 15)
[13.970s][info ][gc,heap        ] GC(20) PSYoungGen: 1804768K->38000K(1927168K)
[13.970s][info ][gc,heap        ] GC(20) ParOldGen: 135713K->135721K(208896K)
[13.970s][info ][gc,metaspace   ] GC(20) Metaspace: 58973K->58973K(1103872K)
[13.970s][info ][gc             ] GC(20) Pause Young (Allocation Failure) 1895M->169M(2086M) 23.348ms
[13.970s][info ][gc,cpu         ] GC(20) User=0.11s Sys=0.00s Real=0.02s
[13.970s][info ][safepoint      ] Leaving safepoint region
[13.970s][info ][safepoint      ] Total time for which application threads were stopped: 0.0238210 seconds, Stopping threads took: 0.0001625 seconds
[14.446s][info ][safepoint      ] Application time: 0.4751660 seconds
[14.448s][info ][safepoint      ] Entering safepoint region: ParallelGCFailedAllocation
[14.448s][info ][gc,start       ] GC(21) Pause Young (Allocation Failure)
[14.467s][debug][gc,phases      ] GC(21) Scavenge 18.664ms
[14.467s][debug][gc,ref         ] GC(21) Skipped phase1 of Reference Processing due to unavailable references
[14.467s][debug][gc,ref         ] GC(21) Skipped phase3 of Reference Processing due to unavailable references
[14.467s][debug][gc,phases      ] GC(21) Reference Processing 0.181ms
[14.467s][debug][gc,phases      ] GC(21) Weak Processing 0.241ms
[14.468s][debug][gc,phases      ] GC(21) Scrub String Table 0.519ms
[14.468s][debug][gc,age         ] GC(21) Desired survivor size 146800640 bytes, new threshold 15 (max threshold 15)
[14.468s][info ][gc,heap        ] GC(21) PSYoungGen: 1804912K->37488K(1953792K)
[14.468s][info ][gc,heap        ] GC(21) ParOldGen: 135721K->135729K(208896K)
[14.468s][info ][gc,metaspace   ] GC(21) Metaspace: 59447K->59447K(1103872K)
[14.468s][info ][gc             ] GC(21) Pause Young (Allocation Failure) 1895M->169M(2112M) 19.746ms
[14.468s][info ][gc,cpu         ] GC(21) User=0.08s Sys=0.00s Real=0.02s
[14.468s][info ][safepoint      ] Leaving safepoint region
[14.468s][info ][safepoint      ] Total time for which application threads were stopped: 0.0220861 seconds, Stopping threads took: 0.0020772 seconds
[14.949s][info ][safepoint      ] Application time: 0.4813145 seconds
[14.949s][info ][safepoint      ] Entering safepoint region: ParallelGCFailedAllocation
[14.949s][info ][gc,start       ] GC(22) Pause Young (Allocation Failure)
[14.971s][debug][gc,phases      ] GC(22) Scavenge 21.950ms
[14.971s][debug][gc,ref         ] GC(22) Skipped phase1 of Reference Processing due to unavailable references
[14.971s][debug][gc,ref         ] GC(22) Skipped phase3 of Reference Processing due to unavailable references
[14.971s][debug][gc,phases      ] GC(22) Reference Processing 0.150ms
[14.972s][debug][gc,phases      ] GC(22) Weak Processing 0.209ms
[14.972s][debug][gc,phases      ] GC(22) Scrub String Table 0.494ms
[14.972s][debug][gc,age         ] GC(22) Desired survivor size 138936320 bytes, new threshold 15 (max threshold 15)
[14.972s][info ][gc,heap        ] GC(22) PSYoungGen: 1839728K->37744K(1945600K)
[14.972s][info ][gc,heap        ] GC(22) ParOldGen: 135729K->135737K(208896K)
[14.972s][info ][gc,metaspace   ] GC(22) Metaspace: 59490K->59490K(1103872K)
[14.972s][info ][gc             ] GC(22) Pause Young (Allocation Failure) 1929M->169M(2104M) 22.943ms
[14.972s][info ][gc,cpu         ] GC(22) User=0.08s Sys=0.01s Real=0.02s
[14.972s][info ][safepoint      ] Leaving safepoint region
[14.972s][info ][safepoint      ] Total time for which application threads were stopped: 0.0232879 seconds, Stopping threads took: 0.0001153 seconds
[15.390s][info ][safepoint      ] Application time: 0.4179760 seconds
[15.390s][info ][safepoint      ] Entering safepoint region: ParallelGCFailedAllocation
[15.391s][info ][gc,start       ] GC(23) Pause Young (Allocation Failure)
[15.408s][debug][gc,phases      ] GC(23) Scavenge 17.104ms
[15.408s][debug][gc,ref         ] GC(23) Skipped phase1 of Reference Processing due to unavailable references
[15.408s][debug][gc,ref         ] GC(23) Skipped phase3 of Reference Processing due to unavailable references
[15.408s][debug][gc,phases      ] GC(23) Reference Processing 0.234ms
[15.408s][debug][gc,phases      ] GC(23) Weak Processing 0.319ms
[15.409s][debug][gc,phases      ] GC(23) Scrub String Table 0.651ms
[15.409s][debug][gc,age         ] GC(23) Desired survivor size 132120576 bytes, new threshold 15 (max threshold 15)
[15.409s][info ][gc,heap        ] GC(23) PSYoungGen: 1839984K->34272K(1968128K)
[15.409s][info ][gc,heap        ] GC(23) ParOldGen: 135737K->139474K(208896K)
[15.409s][info ][gc,metaspace   ] GC(23) Metaspace: 59523K->59523K(1103872K)
[15.409s][info ][gc             ] GC(23) Pause Young (Allocation Failure) 1929M->169M(2126M) 18.471ms
[15.409s][info ][gc,cpu         ] GC(23) User=0.07s Sys=0.00s Real=0.02s
[15.409s][info ][safepoint      ] Leaving safepoint region
[15.409s][info ][safepoint      ] Total time for which application threads were stopped: 0.0188125 seconds, Stopping threads took: 0.0001574 seconds
[15.828s][info ][safepoint      ] Application time: 0.4187437 seconds
[15.828s][info ][safepoint      ] Entering safepoint region: ParallelGCFailedAllocation
[15.829s][info ][gc,start       ] GC(24) Pause Young (Allocation Failure)
[15.848s][debug][gc,phases      ] GC(24) Scavenge 19.339ms
[15.848s][debug][gc,ref         ] GC(24) Skipped phase1 of Reference Processing due to unavailable references
[15.848s][debug][gc,ref         ] GC(24) Skipped phase3 of Reference Processing due to unavailable references
[15.848s][debug][gc,phases      ] GC(24) Reference Processing 0.132ms
[15.848s][debug][gc,phases      ] GC(24) Weak Processing 0.205ms
[15.849s][debug][gc,phases      ] GC(24) Scrub String Table 0.506ms
[15.849s][debug][gc,age         ] GC(24) Desired survivor size 126353408 bytes, new threshold 15 (max threshold 15)
[15.849s][info ][gc,heap        ] GC(24) PSYoungGen: 1866720K->30112K(1961472K)
[15.849s][info ][gc,heap        ] GC(24) ParOldGen: 139474K->143834K(208896K)
[15.849s][info ][gc,metaspace   ] GC(24) Metaspace: 59542K->59542K(1103872K)
[15.849s][info ][gc             ] GC(24) Pause Young (Allocation Failure) 1959M->169M(2119M) 20.330ms
[15.849s][info ][gc,cpu         ] GC(24) User=0.05s Sys=0.02s Real=0.02s
[15.849s][info ][safepoint      ] Leaving safepoint region
[15.849s][info ][safepoint      ] Total time for which application threads were stopped: 0.0211323 seconds, Stopping threads took: 0.0005765 seconds
[16.274s][info ][safepoint      ] Application time: 0.4247033 seconds
[16.276s][info ][safepoint      ] Entering safepoint region: ParallelGCFailedAllocation
[16.276s][info ][gc,start       ] GC(25) Pause Young (Allocation Failure)
[16.290s][debug][gc,phases      ] GC(25) Scavenge 13.959ms
[16.290s][debug][gc,ref         ] GC(25) Skipped phase1 of Reference Processing due to unavailable references
[16.290s][debug][gc,ref         ] GC(25) Skipped phase3 of Reference Processing due to unavailable references
[16.290s][debug][gc,phases      ] GC(25) Reference Processing 0.112ms
[16.290s][debug][gc,phases      ] GC(25) Weak Processing 0.160ms
[16.291s][debug][gc,phases      ] GC(25) Scrub String Table 0.473ms
[16.291s][debug][gc,age         ] GC(25) Desired survivor size 120586240 bytes, new threshold 15 (max threshold 15)
[16.291s][info ][gc,heap        ] GC(25) PSYoungGen: 1862560K->29664K(1979392K)
[16.291s][info ][gc,heap        ] GC(25) ParOldGen: 143834K->144610K(208896K)
[16.291s][info ][gc,metaspace   ] GC(25) Metaspace: 59557K->59557K(1103872K)
[16.291s][info ][gc             ] GC(25) Pause Young (Allocation Failure) 1959M->170M(2137M) 14.866ms
[16.291s][info ][gc,cpu         ] GC(25) User=0.05s Sys=0.00s Real=0.01s
[16.291s][info ][safepoint      ] Leaving safepoint region
[16.291s][info ][safepoint      ] Total time for which application threads were stopped: 0.0171926 seconds, Stopping threads took: 0.0021345 seconds
[16.734s][info ][safepoint      ] Application time: 0.4432854 seconds
[16.734s][info ][safepoint      ] Entering safepoint region: ParallelGCFailedAllocation
[16.735s][info ][gc,start       ] GC(26) Pause Young (Allocation Failure)
[16.750s][debug][gc,phases      ] GC(26) Scavenge 14.930ms
[16.750s][debug][gc,ref         ] GC(26) Skipped phase1 of Reference Processing due to unavailable references
[16.750s][debug][gc,ref         ] GC(26) Skipped phase3 of Reference Processing due to unavailable references
[16.750s][debug][gc,phases      ] GC(26) Reference Processing 0.125ms
[16.750s][debug][gc,phases      ] GC(26) Weak Processing 0.174ms
[16.750s][debug][gc,phases      ] GC(26) Scrub String Table 0.490ms
[16.750s][debug][gc,age         ] GC(26) Desired survivor size 115343360 bytes, new threshold 15 (max threshold 15)
[16.750s][info ][gc,heap        ] GC(26) PSYoungGen: 1885664K->28800K(1973760K)
[16.750s][info ][gc,heap        ] GC(26) ParOldGen: 144610K->145743K(208896K)
[16.750s][info ][gc,metaspace   ] GC(26) Metaspace: 59594K->59594K(1103872K)
[16.750s][info ][gc             ] GC(26) Pause Young (Allocation Failure) 1982M->170M(2131M) 15.860ms
[16.750s][info ][gc,cpu         ] GC(26) User=0.05s Sys=0.02s Real=0.01s
[16.750s][info ][safepoint      ] Leaving safepoint region
[16.750s][info ][safepoint      ] Total time for which application threads were stopped: 0.0161845 seconds, Stopping threads took: 0.0001255 seconds
[17.234s][info ][safepoint      ] Application time: 0.4839088 seconds
[17.235s][info ][safepoint      ] Entering safepoint region: ParallelGCFailedAllocation
[17.235s][info ][gc,start       ] GC(27) Pause Young (Allocation Failure)
[17.248s][debug][gc,phases      ] GC(27) Scavenge 12.924ms
[17.248s][debug][gc,ref         ] GC(27) Skipped phase1 of Reference Processing due to unavailable references
[17.248s][debug][gc,ref         ] GC(27) Skipped phase3 of Reference Processing due to unavailable references
[17.248s][debug][gc,phases      ] GC(27) Reference Processing 0.109ms
[17.248s][debug][gc,phases      ] GC(27) Weak Processing 0.157ms
[17.248s][debug][gc,phases      ] GC(27) Scrub String Table 0.499ms
[17.249s][debug][gc,age         ] GC(27) Desired survivor size 110624768 bytes, new threshold 15 (max threshold 15)
[17.249s][info ][gc,heap        ] GC(27) PSYoungGen: 1884800K->27056K(1989120K)
[17.249s][info ][gc,heap        ] GC(27) ParOldGen: 145743K->147787K(208896K)
[17.249s][info ][gc,metaspace   ] GC(27) Metaspace: 59625K->59625K(1103872K)
[17.249s][info ][gc             ] GC(27) Pause Young (Allocation Failure) 1982M->170M(2146M) 13.824ms
[17.249s][info ][gc,cpu         ] GC(27) User=0.05s Sys=0.00s Real=0.01s
[17.249s][info ][safepoint      ] Leaving safepoint region
[17.249s][info ][safepoint      ] Total time for which application threads were stopped: 0.0141468 seconds, Stopping threads took: 0.0001237 seconds
[17.706s][info ][safepoint      ] Application time: 0.4575811 seconds
[17.707s][info ][safepoint      ] Entering safepoint region: ParallelGCFailedAllocation
[17.707s][info ][gc,start       ] GC(28) Pause Young (Allocation Failure)
[17.723s][debug][gc,phases      ] GC(28) Scavenge 16.002ms
[17.723s][debug][gc,ref         ] GC(28) Skipped phase1 of Reference Processing due to unavailable references
[17.723s][debug][gc,ref         ] GC(28) Skipped phase3 of Reference Processing due to unavailable references
[17.723s][debug][gc,phases      ] GC(28) Reference Processing 0.186ms
[17.724s][debug][gc,phases      ] GC(28) Weak Processing 0.196ms
[17.724s][debug][gc,phases      ] GC(28) Scrub String Table 0.586ms
[17.724s][debug][gc,age         ] GC(28) Desired survivor size 105906176 bytes, new threshold 15 (max threshold 15)
[17.724s][info ][gc,heap        ] GC(28) PSYoungGen: 1903536K->26656K(1984512K)
[17.724s][info ][gc,heap        ] GC(28) ParOldGen: 147787K->148811K(208896K)
[17.724s][info ][gc,metaspace   ] GC(28) Metaspace: 59627K->59627K(1103872K)
[17.724s][info ][gc             ] GC(28) Pause Young (Allocation Failure) 2003M->171M(2142M) 17.141ms
[17.724s][info ][gc,cpu         ] GC(28) User=0.06s Sys=0.00s Real=0.02s
[17.724s][info ][safepoint      ] Leaving safepoint region
[17.724s][info ][safepoint      ] Total time for which application threads were stopped: 0.0180453 seconds, Stopping threads took: 0.0006397 seconds
[18.180s][info ][safepoint      ] Application time: 0.4561502 seconds
[18.183s][info ][safepoint      ] Entering safepoint region: ParallelGCFailedAllocation
[18.183s][info ][gc,start       ] GC(29) Pause Young (Allocation Failure)
[18.196s][debug][gc,phases      ] GC(29) Scavenge 12.807ms
[18.196s][debug][gc,ref         ] GC(29) Skipped phase1 of Reference Processing due to unavailable references
[18.196s][debug][gc,ref         ] GC(29) Skipped phase3 of Reference Processing due to unavailable references
[18.196s][debug][gc,phases      ] GC(29) Reference Processing 0.106ms
[18.196s][debug][gc,phases      ] GC(29) Weak Processing 0.144ms
[18.196s][debug][gc,phases      ] GC(29) Scrub String Table 0.427ms
[18.196s][debug][gc,age         ] GC(29) Desired survivor size 101711872 bytes, new threshold 15 (max threshold 15)
[18.196s][info ][gc,heap        ] GC(29) PSYoungGen: 1903136K->24592K(1997824K)
[18.196s][info ][gc,heap        ] GC(29) ParOldGen: 148811K->152307K(208896K)
[18.196s][info ][gc,metaspace   ] GC(29) Metaspace: 59635K->59635K(1103872K)
[18.196s][info ][gc             ] GC(29) Pause Young (Allocation Failure) 2003M->172M(2155M) 13.628ms
[18.196s][info ][gc,cpu         ] GC(29) User=0.03s Sys=0.02s Real=0.01s
[18.196s][info ][safepoint      ] Leaving safepoint region
[18.196s][info ][safepoint      ] Total time for which application threads were stopped: 0.0159605 seconds, Stopping threads took: 0.0021016 seconds
[18.446s][info ][safepoint      ] Application time: 0.2491535 seconds
[18.448s][info ][safepoint      ] Entering safepoint region: RevokeBias
[18.448s][info ][safepoint      ] Leaving safepoint region
[18.448s][info ][safepoint      ] Total time for which application threads were stopped: 0.0026868 seconds, Stopping threads took: 0.0025337 seconds
[18.458s][info ][safepoint      ] Application time: 0.0099584 seconds
[18.458s][info ][safepoint      ] Entering safepoint region: RevokeBias
[18.459s][info ][safepoint      ] Leaving safepoint region
[18.459s][info ][safepoint      ] Total time for which application threads were stopped: 0.0002534 seconds, Stopping threads took: 0.0001378 seconds
[18.459s][info ][safepoint      ] Application time: 0.0004159 seconds
[18.459s][info ][safepoint      ] Entering safepoint region: RevokeBias
[18.459s][info ][safepoint      ] Leaving safepoint region
[18.459s][info ][safepoint      ] Total time for which application threads were stopped: 0.0001306 seconds, Stopping threads took: 0.0000515 seconds
[18.581s][info ][safepoint      ] Application time: 0.1215231 seconds
[18.583s][info ][safepoint      ] Entering safepoint region: RevokeBias
[18.583s][info ][safepoint      ] Leaving safepoint region
[18.583s][info ][safepoint      ] Total time for which application threads were stopped: 0.0022861 seconds, Stopping threads took: 0.0021631 seconds
[18.656s][info ][safepoint      ] Application time: 0.0734689 seconds
[18.659s][info ][safepoint      ] Entering safepoint region: RevokeBias
[18.659s][info ][safepoint      ] Leaving safepoint region
[18.659s][info ][safepoint      ] Total time for which application threads were stopped: 0.0023167 seconds, Stopping threads took: 0.0022029 seconds
[18.667s][info ][safepoint      ] Application time: 0.0081329 seconds
[18.667s][info ][safepoint      ] Entering safepoint region: ParallelGCFailedAllocation
[18.667s][info ][gc,start       ] GC(30) Pause Young (Allocation Failure)
[18.679s][debug][gc,phases      ] GC(30) Scavenge 11.703ms
[18.679s][debug][gc,ref         ] GC(30) Skipped phase1 of Reference Processing due to unavailable references
[18.679s][debug][gc,ref         ] GC(30) Skipped phase3 of Reference Processing due to unavailable references
[18.679s][debug][gc,phases      ] GC(30) Reference Processing 0.137ms
[18.679s][debug][gc,phases      ] GC(30) Weak Processing 0.163ms
[18.680s][debug][gc,phases      ] GC(30) Scrub String Table 0.451ms
[18.680s][debug][gc,age         ] GC(30) Desired survivor size 98041856 bytes, new threshold 15 (max threshold 15)
[18.680s][info ][gc,heap        ] GC(30) PSYoungGen: 1918992K->22520K(1993728K)
[18.680s][info ][gc,heap        ] GC(30) ParOldGen: 152307K->155291K(208896K)
[18.680s][info ][gc,metaspace   ] GC(30) Metaspace: 61412K->61412K(1105920K)
[18.680s][info ][gc             ] GC(30) Pause Young (Allocation Failure) 2022M->173M(2151M) 12.595ms
[18.680s][info ][gc,cpu         ] GC(30) User=0.05s Sys=0.00s Real=0.01s
[18.680s][info ][safepoint      ] Leaving safepoint region
[18.680s][info ][safepoint      ] Total time for which application threads were stopped: 0.0128618 seconds, Stopping threads took: 0.0000632 seconds
[19.197s][info ][safepoint      ] Application time: 0.5171962 seconds
[19.199s][info ][safepoint      ] Entering safepoint region: ParallelGCFailedAllocation
[19.199s][info ][gc,start       ] GC(31) Pause Young (Allocation Failure)
[19.209s][debug][gc,phases      ] GC(31) Scavenge 9.823ms
[19.209s][debug][gc,ref         ] GC(31) Skipped phase1 of Reference Processing due to unavailable references
[19.209s][debug][gc,ref         ] GC(31) Skipped phase3 of Reference Processing due to unavailable references
[19.209s][debug][gc,phases      ] GC(31) Reference Processing 0.094ms
[19.209s][debug][gc,phases      ] GC(31) Weak Processing 0.166ms
[19.210s][debug][gc,phases      ] GC(31) Scrub String Table 0.549ms
[19.210s][debug][gc,age         ] GC(31) Desired survivor size 94371840 bytes, new threshold 15 (max threshold 15)
[19.210s][info ][gc,heap        ] GC(31) PSYoungGen: 1916920K->21992K(2004992K)
[19.210s][info ][gc,heap        ] GC(31) ParOldGen: 155291K->156299K(208896K)
[19.210s][info ][gc,metaspace   ] GC(31) Metaspace: 61436K->61436K(1105920K)
[19.210s][info ][gc             ] GC(31) Pause Young (Allocation Failure) 2023M->174M(2162M) 10.765ms
[19.210s][info ][gc,cpu         ] GC(31) User=0.04s Sys=0.00s Real=0.01s
[19.210s][info ][safepoint      ] Leaving safepoint region
[19.210s][info ][safepoint      ] Total time for which application threads were stopped: 0.0130566 seconds, Stopping threads took: 0.0020695 seconds
[19.672s][info ][safepoint      ] Application time: 0.4614003 seconds
[19.674s][info ][safepoint      ] Entering safepoint region: ParallelGCFailedAllocation
[19.674s][info ][gc,start       ] GC(32) Pause Young (Allocation Failure)
[19.685s][debug][gc,phases      ] GC(32) Scavenge 10.741ms
[19.685s][debug][gc,ref         ] GC(32) Skipped phase1 of Reference Processing due to unavailable references
[19.685s][debug][gc,ref         ] GC(32) Skipped phase3 of Reference Processing due to unavailable references
[19.685s][debug][gc,phases      ] GC(32) Reference Processing 0.092ms
[19.685s][debug][gc,phases      ] GC(32) Weak Processing 0.173ms
[19.686s][debug][gc,phases      ] GC(32) Scrub String Table 0.493ms
[19.686s][debug][gc,age         ] GC(32) Desired survivor size 90701824 bytes, new threshold 15 (max threshold 15)
[19.686s][info ][gc,heap        ] GC(32) PSYoungGen: 1931240K->22440K(2001408K)
[19.686s][info ][gc,heap        ] GC(32) ParOldGen: 156299K->157760K(208896K)
[19.686s][info ][gc,metaspace   ] GC(32) Metaspace: 61436K->61436K(1105920K)
[19.686s][info ][gc             ] GC(32) Pause Young (Allocation Failure) 2038M->175M(2158M) 11.649ms
[19.686s][info ][gc,cpu         ] GC(32) User=0.04s Sys=0.00s Real=0.01s
[19.686s][info ][safepoint      ] Leaving safepoint region
[19.686s][info ][safepoint      ] Total time for which application threads were stopped: 0.0145322 seconds, Stopping threads took: 0.0026646 seconds
[19.816s][info ][safepoint      ] Application time: 0.1300547 seconds
[19.816s][info ][safepoint      ] Entering safepoint region: RevokeBias
[19.816s][info ][safepoint      ] Leaving safepoint region
[19.816s][info ][safepoint      ] Total time for which application threads were stopped: 0.0002282 seconds, Stopping threads took: 0.0001053 seconds
[19.839s][info ][safepoint      ] Application time: 0.0226046 seconds
[19.839s][info ][safepoint      ] Entering safepoint region: RevokeBias
[19.839s][info ][safepoint      ] Leaving safepoint region
[19.839s][info ][safepoint      ] Total time for which application threads were stopped: 0.0003595 seconds, Stopping threads took: 0.0001610 seconds
[19.841s][info ][safepoint      ] Application time: 0.0013544 seconds
[19.843s][info ][safepoint      ] Entering safepoint region: RevokeBias
[19.843s][info ][safepoint      ] Leaving safepoint region
[19.843s][info ][safepoint      ] Total time for which application threads were stopped: 0.0025259 seconds, Stopping threads took: 0.0024052 seconds
[19.903s][info ][safepoint      ] Application time: 0.0595626 seconds
[19.905s][info ][safepoint      ] Entering safepoint region: RevokeBias
[19.905s][info ][safepoint      ] Leaving safepoint region
[19.905s][info ][safepoint      ] Total time for which application threads were stopped: 0.0021860 seconds, Stopping threads took: 0.0020693 seconds
[19.905s][info ][safepoint      ] Application time: 0.0000408 seconds
[19.905s][info ][safepoint      ] Entering safepoint region: RevokeBias
[19.905s][info ][safepoint      ] Leaving safepoint region
[19.905s][info ][safepoint      ] Total time for which application threads were stopped: 0.0001179 seconds, Stopping threads took: 0.0000626 seconds
[19.905s][info ][safepoint      ] Application time: 0.0000403 seconds
[19.905s][info ][safepoint      ] Entering safepoint region: RevokeBias
[19.905s][info ][safepoint      ] Leaving safepoint region
[19.905s][info ][safepoint      ] Total time for which application threads were stopped: 0.0000932 seconds, Stopping threads took: 0.0000352 seconds
[19.918s][info ][safepoint      ] Application time: 0.0128560 seconds
[19.919s][info ][safepoint      ] Entering safepoint region: RevokeBias
[19.919s][info ][safepoint      ] Leaving safepoint region
[19.919s][info ][safepoint      ] Total time for which application threads were stopped: 0.0006531 seconds, Stopping threads took: 0.0005282 seconds
[19.919s][info ][safepoint      ] Application time: 0.0000325 seconds
[19.919s][info ][safepoint      ] Entering safepoint region: RevokeBias
[19.919s][info ][safepoint      ] Leaving safepoint region
[19.919s][info ][safepoint      ] Total time for which application threads were stopped: 0.0000810 seconds, Stopping threads took: 0.0000326 seconds
[19.926s][info ][safepoint      ] Application time: 0.0072825 seconds
[19.927s][info ][safepoint      ] Entering safepoint region: RevokeBias
[19.927s][info ][safepoint      ] Leaving safepoint region
[19.927s][info ][safepoint      ] Total time for which application threads were stopped: 0.0002188 seconds, Stopping threads took: 0.0000872 seconds
[19.960s][info ][safepoint      ] Application time: 0.0329359 seconds
[19.960s][info ][safepoint      ] Entering safepoint region: RevokeBias
[19.961s][info ][safepoint      ] Leaving safepoint region
[19.961s][info ][safepoint      ] Total time for which application threads were stopped: 0.0009576 seconds, Stopping threads took: 0.0008089 seconds
[20.051s][info ][safepoint      ] Application time: 0.0905008 seconds
[20.053s][info ][safepoint      ] Entering safepoint region: Deoptimize
[20.055s][info ][safepoint      ] Leaving safepoint region
[20.055s][info ][safepoint      ] Total time for which application threads were stopped: 0.0035774 seconds, Stopping threads took: 0.0022541 seconds
[20.203s][info ][safepoint      ] Application time: 0.1484403 seconds
[20.206s][info ][safepoint      ] Entering safepoint region: RevokeBias
[20.206s][info ][safepoint      ] Leaving safepoint region
[20.206s][info ][safepoint      ] Total time for which application threads were stopped: 0.0026700 seconds, Stopping threads took: 0.0025062 seconds
[20.208s][info ][safepoint      ] Application time: 0.0025607 seconds
[20.208s][info ][safepoint      ] Entering safepoint region: RevokeBias
[20.209s][info ][safepoint      ] Leaving safepoint region
[20.209s][info ][safepoint      ] Total time for which application threads were stopped: 0.0001939 seconds, Stopping threads took: 0.0000588 seconds
[20.209s][info ][safepoint      ] Application time: 0.0000739 seconds
[20.209s][info ][safepoint      ] Entering safepoint region: RevokeBias
[20.209s][info ][safepoint      ] Leaving safepoint region
[20.209s][info ][safepoint      ] Total time for which application threads were stopped: 0.0001331 seconds, Stopping threads took: 0.0000445 seconds
[20.209s][info ][safepoint      ] Application time: 0.0000632 seconds
[20.209s][info ][safepoint      ] Entering safepoint region: RevokeBias
[20.209s][info ][safepoint      ] Leaving safepoint region
[20.209s][info ][safepoint      ] Total time for which application threads were stopped: 0.0001259 seconds, Stopping threads took: 0.0000421 seconds
[20.209s][info ][safepoint      ] Application time: 0.0000456 seconds
[20.209s][info ][safepoint      ] Entering safepoint region: RevokeBias
[20.209s][info ][safepoint      ] Leaving safepoint region
[20.209s][info ][safepoint      ] Total time for which application threads were stopped: 0.0000942 seconds, Stopping threads took: 0.0000128 seconds
[20.273s][info ][safepoint      ] Application time: 0.0633247 seconds
[20.273s][info ][safepoint      ] Entering safepoint region: ParallelGCFailedAllocation
[20.273s][info ][gc,start       ] GC(33) Pause Young (Allocation Failure)
[20.286s][debug][gc,phases      ] GC(33) Scavenge 13.289ms
[20.287s][debug][gc,ref         ] GC(33) Skipped phase1 of Reference Processing due to unavailable references
[20.287s][debug][gc,ref         ] GC(33) Skipped phase3 of Reference Processing due to unavailable references
[20.287s][debug][gc,phases      ] GC(33) Reference Processing 0.070ms
[20.287s][debug][gc,phases      ] GC(33) Weak Processing 0.175ms
[20.287s][debug][gc,phases      ] GC(33) Scrub String Table 0.608ms
[20.287s][debug][gc,age         ] GC(33) Desired survivor size 87031808 bytes, new threshold 15 (max threshold 15)
[20.287s][info ][gc,heap        ] GC(33) PSYoungGen: 1931688K->21160K(2012160K)
[20.287s][info ][gc,heap        ] GC(33) ParOldGen: 157760K->161868K(208896K)
[20.287s][info ][gc,metaspace   ] GC(33) Metaspace: 65554K->65554K(1107968K)
[20.287s][info ][gc             ] GC(33) Pause Young (Allocation Failure) 2040M->178M(2169M) 14.302ms
[20.287s][info ][gc,cpu         ] GC(33) User=0.06s Sys=0.00s Real=0.01s
[20.288s][info ][safepoint      ] Leaving safepoint region
[20.288s][info ][safepoint      ] Total time for which application threads were stopped: 0.0149519 seconds, Stopping threads took: 0.0003989 seconds
[20.490s][info ][safepoint      ] Application time: 0.2028333 seconds
[20.492s][info ][safepoint      ] Entering safepoint region: RevokeBias
[20.493s][info ][safepoint      ] Leaving safepoint region
[20.493s][info ][safepoint      ] Total time for which application threads were stopped: 0.0023404 seconds, Stopping threads took: 0.0021130 seconds
[20.593s][info ][safepoint      ] Application time: 0.0998103 seconds
[20.597s][info ][safepoint      ] Entering safepoint region: Deoptimize
[20.598s][info ][safepoint      ] Leaving safepoint region
[20.598s][info ][safepoint      ] Total time for which application threads were stopped: 0.0055386 seconds, Stopping threads took: 0.0042137 seconds
[20.599s][info ][safepoint      ] Application time: 0.0010679 seconds
[20.599s][info ][safepoint      ] Entering safepoint region: RevokeBias
[20.599s][info ][safepoint      ] Leaving safepoint region
[20.599s][info ][safepoint      ] Total time for which application threads were stopped: 0.0001819 seconds, Stopping threads took: 0.0000711 seconds
[20.600s][info ][safepoint      ] Application time: 0.0003205 seconds
[20.600s][info ][safepoint      ] Entering safepoint region: Deoptimize
[20.601s][info ][safepoint      ] Leaving safepoint region
[20.601s][info ][safepoint      ] Total time for which application threads were stopped: 0.0009866 seconds, Stopping threads took: 0.0000531 seconds
[20.605s][info ][safepoint      ] Application time: 0.0039530 seconds
[20.605s][info ][safepoint      ] Entering safepoint region: RevokeBias
[20.605s][info ][safepoint      ] Leaving safepoint region
[20.605s][info ][safepoint      ] Total time for which application threads were stopped: 0.0002439 seconds, Stopping threads took: 0.0001012 seconds
[20.629s][info ][safepoint      ] Application time: 0.0237074 seconds
[20.629s][info ][safepoint      ] Entering safepoint region: RevokeBias
[20.629s][info ][safepoint      ] Leaving safepoint region
[20.629s][info ][safepoint      ] Total time for which application threads were stopped: 0.0002962 seconds, Stopping threads took: 0.0001478 seconds
[20.973s][info ][safepoint      ] Application time: 0.3435189 seconds
[20.975s][info ][safepoint      ] Entering safepoint region: ParallelGCFailedAllocation
[20.975s][info ][gc,start       ] GC(34) Pause Young (Allocation Failure)
[20.995s][debug][gc,phases      ] GC(34) Scavenge 20.230ms
[20.995s][debug][gc,ref         ] GC(34) Skipped phase1 of Reference Processing due to unavailable references
[20.995s][debug][gc,ref         ] GC(34) Skipped phase3 of Reference Processing due to unavailable references
[20.995s][debug][gc,phases      ] GC(34) Reference Processing 0.071ms
[20.995s][debug][gc,phases      ] GC(34) Weak Processing 0.148ms
[20.996s][debug][gc,phases      ] GC(34) Scrub String Table 0.510ms
[20.996s][debug][gc,age         ] GC(34) Desired survivor size 82837504 bytes, new threshold 15 (max threshold 15)
[20.996s][info ][gc,heap        ] GC(34) PSYoungGen: 1944744K->25880K(2008576K)
[20.996s][info ][gc,heap        ] GC(34) ParOldGen: 161868K->166562K(208896K)
[20.996s][info ][gc,metaspace   ] GC(34) Metaspace: 67012K->67012K(1110016K)
[20.996s][info ][gc             ] GC(34) Pause Young (Allocation Failure) 2057M->187M(2165M) 21.092ms
[20.996s][info ][gc,cpu         ] GC(34) User=0.08s Sys=0.00s Real=0.02s
[20.996s][info ][safepoint      ] Leaving safepoint region
[20.996s][info ][safepoint      ] Total time for which application threads were stopped: 0.0235175 seconds, Stopping threads took: 0.0021710 seconds
[20.996s][info ][safepoint      ] Application time: 0.0001378 seconds
[20.998s][info ][safepoint      ] Entering safepoint region: RevokeBias
[20.999s][info ][safepoint      ] Leaving safepoint region
[20.999s][info ][safepoint      ] Total time for which application threads were stopped: 0.0022856 seconds, Stopping threads took: 0.0021546 seconds
[21.070s][info ][safepoint      ] Application time: 0.0713759 seconds
[21.073s][info ][safepoint      ] Entering safepoint region: ICBufferFull
[21.073s][info ][safepoint      ] Leaving safepoint region
[21.073s][info ][safepoint      ] Total time for which application threads were stopped: 0.0029237 seconds, Stopping threads took: 0.0026069 seconds
[21.144s][info ][safepoint      ] Application time: 0.0712138 seconds
[21.144s][info ][safepoint      ] Entering safepoint region: ICBufferFull
[21.145s][info ][safepoint      ] Leaving safepoint region
[21.145s][info ][safepoint      ] Total time for which application threads were stopped: 0.0004634 seconds, Stopping threads took: 0.0001460 seconds
[21.239s][info ][safepoint      ] Application time: 0.0940208 seconds
[21.241s][info ][safepoint      ] Entering safepoint region: RevokeBias
[21.241s][info ][safepoint      ] Leaving safepoint region
[21.241s][info ][safepoint      ] Total time for which application threads were stopped: 0.0028482 seconds, Stopping threads took: 0.0025315 seconds
[21.249s][info ][safepoint      ] Application time: 0.0076659 seconds
[21.252s][info ][safepoint      ] Entering safepoint region: RevokeBias
[21.252s][info ][safepoint      ] Leaving safepoint region
[21.252s][info ][safepoint      ] Total time for which application threads were stopped: 0.0026063 seconds, Stopping threads took: 0.0024514 seconds
[21.300s][info ][safepoint      ] Application time: 0.0477339 seconds
[21.300s][info ][safepoint      ] Entering safepoint region: RevokeBias
[21.301s][info ][safepoint      ] Leaving safepoint region
[21.301s][info ][safepoint      ] Total time for which application threads were stopped: 0.0011062 seconds, Stopping threads took: 0.0009129 seconds
[21.301s][info ][safepoint      ] Application time: 0.0000510 seconds
[21.301s][info ][safepoint      ] Entering safepoint region: RevokeBias
[21.301s][info ][safepoint      ] Leaving safepoint region
[21.301s][info ][safepoint      ] Total time for which application threads were stopped: 0.0001692 seconds, Stopping threads took: 0.0000608 seconds
[21.336s][info ][safepoint      ] Application time: 0.0350534 seconds
[21.338s][info ][safepoint      ] Entering safepoint region: RevokeBias
[21.338s][info ][safepoint      ] Leaving safepoint region
[21.338s][info ][safepoint      ] Total time for which application threads were stopped: 0.0022911 seconds, Stopping threads took: 0.0021443 seconds
[21.496s][info ][safepoint      ] Application time: 0.1578725 seconds
[21.499s][info ][safepoint      ] Entering safepoint region: Deoptimize
[21.500s][info ][safepoint      ] Leaving safepoint region
[21.500s][info ][safepoint      ] Total time for which application threads were stopped: 0.0040903 seconds, Stopping threads took: 0.0025014 seconds
[21.532s][info ][safepoint      ] Application time: 0.0311795 seconds
[21.534s][info ][safepoint      ] Entering safepoint region: RevokeBias
[21.534s][info ][safepoint      ] Leaving safepoint region
[21.534s][info ][safepoint      ] Total time for which application threads were stopped: 0.0027508 seconds, Stopping threads took: 0.0025839 seconds
[21.534s][info ][safepoint      ] Application time: 0.0000467 seconds
[21.534s][info ][safepoint      ] Entering safepoint region: RevokeBias
[21.534s][info ][safepoint      ] Leaving safepoint region
[21.534s][info ][safepoint      ] Total time for which application threads were stopped: 0.0001390 seconds, Stopping threads took: 0.0000601 seconds
[21.769s][info ][safepoint      ] Application time: 0.2344273 seconds
[21.773s][info ][safepoint      ] Entering safepoint region: ICBufferFull
[21.774s][info ][safepoint      ] Leaving safepoint region
[21.774s][info ][safepoint      ] Total time for which application threads were stopped: 0.0045847 seconds, Stopping threads took: 0.0043002 seconds
[22.016s][info ][safepoint      ] Application time: 0.2419804 seconds
[22.018s][info ][safepoint      ] Entering safepoint region: ParallelGCFailedAllocation
[22.019s][info ][gc,start       ] GC(35) Pause Young (Allocation Failure)
[22.040s][debug][gc,phases      ] GC(35) Scavenge 21.157ms
[22.040s][debug][gc,ref         ] GC(35) Skipped phase1 of Reference Processing due to unavailable references
[22.040s][debug][gc,ref         ] GC(35) Skipped phase3 of Reference Processing due to unavailable references
[22.040s][debug][gc,phases      ] GC(35) Reference Processing 0.089ms
[22.040s][debug][gc,phases      ] GC(35) Weak Processing 0.177ms
[22.041s][debug][gc,phases      ] GC(35) Scrub String Table 0.574ms
[22.041s][debug][gc,age         ] GC(35) Desired survivor size 80740352 bytes, new threshold 15 (max threshold 15)
[22.041s][info ][gc,heap        ] GC(35) PSYoungGen: 1949464K->40399K(2018304K)
[22.041s][info ][gc,heap        ] GC(35) ParOldGen: 166562K->173183K(208896K)
[22.041s][info ][gc,metaspace   ] GC(35) Metaspace: 67882K->67882K(1110016K)
[22.041s][info ][gc             ] GC(35) Pause Young (Allocation Failure) 2066M->208M(2175M) 22.133ms
[22.041s][info ][gc,cpu         ] GC(35) User=0.08s Sys=0.01s Real=0.03s
[22.041s][info ][safepoint      ] Leaving safepoint region
[22.041s][info ][safepoint      ] Total time for which application threads were stopped: 0.0251887 seconds, Stopping threads took: 0.0027761 seconds
[22.108s][info ][safepoint      ] Application time: 0.0676874 seconds
[22.113s][info ][safepoint      ] Entering safepoint region: RevokeBias
[22.113s][info ][safepoint      ] Leaving safepoint region
[22.113s][info ][safepoint      ] Total time for which application threads were stopped: 0.0044230 seconds, Stopping threads took: 0.0042488 seconds
[22.113s][info ][safepoint      ] Application time: 0.0000534 seconds
[22.113s][info ][safepoint      ] Entering safepoint region: RevokeBias
[22.113s][info ][safepoint      ] Leaving safepoint region
[22.113s][info ][safepoint      ] Total time for which application threads were stopped: 0.0001916 seconds, Stopping threads took: 0.0000763 seconds
[22.735s][info ][safepoint      ] Application time: 0.6218545 seconds
[22.737s][info ][safepoint      ] Entering safepoint region: ParallelGCFailedAllocation
[22.737s][info ][gc,start       ] GC(36) Pause Young (Allocation Failure)
[22.755s][debug][gc,phases      ] GC(36) Scavenge 18.062ms
[22.755s][debug][gc,ref         ] GC(36) Skipped phase1 of Reference Processing due to unavailable references
[22.756s][debug][gc,ref         ] GC(36) Skipped phase3 of Reference Processing due to unavailable references
[22.756s][debug][gc,phases      ] GC(36) Reference Processing 0.070ms
[22.756s][debug][gc,phases      ] GC(36) Weak Processing 0.167ms
[22.756s][debug][gc,phases      ] GC(36) Scrub String Table 0.519ms
[22.756s][debug][gc,age         ] GC(36) Desired survivor size 79691776 bytes, new threshold 15 (max threshold 15)
[22.756s][info ][gc,heap        ] GC(36) PSYoungGen: 1977807K->41729K(2016256K)
[22.756s][info ][gc,heap        ] GC(36) ParOldGen: 173183K->173587K(208896K)
[22.756s][info ][gc,metaspace   ] GC(36) Metaspace: 68037K->68037K(1112064K)
[22.756s][info ][gc             ] GC(36) Pause Young (Allocation Failure) 2100M->210M(2173M) 18.949ms
[22.756s][info ][gc,cpu         ] GC(36) User=0.09s Sys=0.00s Real=0.02s
[22.756s][info ][safepoint      ] Leaving safepoint region
[22.756s][info ][safepoint      ] Total time for which application threads were stopped: 0.0213618 seconds, Stopping threads took: 0.0021216 seconds
[23.111s][info ][safepoint      ] Application time: 0.3542922 seconds
[23.113s][info ][safepoint      ] Entering safepoint region: RevokeBias
[23.114s][info ][safepoint      ] Leaving safepoint region
[23.114s][info ][safepoint      ] Total time for which application threads were stopped: 0.0028617 seconds, Stopping threads took: 0.0026413 seconds
[23.114s][info ][safepoint      ] Application time: 0.0000613 seconds
[23.114s][info ][safepoint      ] Entering safepoint region: RevokeBias
[23.114s][info ][safepoint      ] Leaving safepoint region
[23.114s][info ][safepoint      ] Total time for which application threads were stopped: 0.0001500 seconds, Stopping threads took: 0.0000521 seconds
[23.266s][info ][safepoint      ] Application time: 0.1517199 seconds
[23.268s][info ][safepoint      ] Entering safepoint region: ICBufferFull
[23.268s][info ][safepoint      ] Leaving safepoint region
[23.268s][info ][safepoint      ] Total time for which application threads were stopped: 0.0024024 seconds, Stopping threads took: 0.0020975 seconds
[23.272s][info ][safepoint      ] Application time: 0.0038239 seconds
[23.272s][info ][safepoint      ] Entering safepoint region: ICBufferFull
[23.272s][info ][safepoint      ] Leaving safepoint region
[23.272s][info ][safepoint      ] Total time for which application threads were stopped: 0.0004098 seconds, Stopping threads took: 0.0001367 seconds
[23.518s][info ][safepoint      ] Application time: 0.2456217 seconds
[23.520s][info ][safepoint      ] Entering safepoint region: ParallelGCFailedAllocation
[23.520s][info ][gc,start       ] GC(37) Pause Young (Allocation Failure)
[23.542s][debug][gc,phases      ] GC(37) Scavenge 21.660ms
[23.542s][debug][gc,ref         ] GC(37) Skipped phase1 of Reference Processing due to unavailable references
[23.542s][debug][gc,ref         ] GC(37) Skipped phase3 of Reference Processing due to unavailable references
[23.542s][debug][gc,phases      ] GC(37) Reference Processing 0.068ms
[23.542s][debug][gc,phases      ] GC(37) Weak Processing 0.152ms
[23.543s][debug][gc,phases      ] GC(37) Scrub String Table 0.527ms
[23.543s][debug][gc,age         ] GC(37) Desired survivor size 79167488 bytes, new threshold 15 (max threshold 15)
[23.543s][info ][gc,heap        ] GC(37) PSYoungGen: 1979137K->43578K(2019840K)
[23.543s][info ][gc,heap        ] GC(37) ParOldGen: 173587K->173851K(208896K)
[23.543s][info ][gc,metaspace   ] GC(37) Metaspace: 68211K->68211K(1112064K)
[23.543s][info ][gc             ] GC(37) Pause Young (Allocation Failure) 2102M->212M(2176M) 22.562ms
[23.543s][info ][gc,cpu         ] GC(37) User=0.07s Sys=0.01s Real=0.02s
[23.543s][info ][safepoint      ] Leaving safepoint region
[23.543s][info ][safepoint      ] Total time for which application threads were stopped: 0.0251282 seconds, Stopping threads took: 0.0021750 seconds
[24.066s][info ][safepoint      ] Application time: 0.5230328 seconds
[24.069s][info ][safepoint      ] Entering safepoint region: RevokeBias
[24.069s][info ][safepoint      ] Leaving safepoint region
[24.069s][info ][safepoint      ] Total time for which application threads were stopped: 0.0027495 seconds, Stopping threads took: 0.0025237 seconds
[24.264s][info ][safepoint      ] Application time: 0.1947177 seconds
[24.266s][info ][safepoint      ] Entering safepoint region: ParallelGCFailedAllocation
[24.266s][info ][gc,start       ] GC(38) Pause Young (Allocation Failure)
[24.286s][debug][gc,phases      ] GC(38) Scavenge 19.848ms
[24.286s][debug][gc,ref         ] GC(38) Skipped phase1 of Reference Processing due to unavailable references
[24.286s][debug][gc,ref         ] GC(38) Skipped phase3 of Reference Processing due to unavailable references
[24.286s][debug][gc,phases      ] GC(38) Reference Processing 0.073ms
[24.286s][debug][gc,phases      ] GC(38) Weak Processing 0.170ms
[24.287s][debug][gc,phases      ] GC(38) Scrub String Table 0.541ms
[24.287s][debug][gc,age         ] GC(38) Desired survivor size 79167488 bytes, new threshold 15 (max threshold 15)
[24.287s][info ][gc,heap        ] GC(38) PSYoungGen: 1985594K->46234K(2019328K)
[24.287s][info ][gc,heap        ] GC(38) ParOldGen: 173851K->174107K(208896K)
[24.287s][info ][gc,metaspace   ] GC(38) Metaspace: 68308K->68308K(1112064K)
[24.287s][info ][gc             ] GC(38) Pause Young (Allocation Failure) 2108M->215M(2176M) 20.779ms
[24.287s][info ][gc,cpu         ] GC(38) User=0.08s Sys=0.00s Real=0.02s
[24.287s][info ][safepoint      ] Leaving safepoint region
[24.287s][info ][safepoint      ] Total time for which application threads were stopped: 0.0231784 seconds, Stopping threads took: 0.0021430 seconds
[25.071s][info ][safepoint      ] Application time: 0.7845096 seconds
[25.073s][info ][safepoint      ] Entering safepoint region: ParallelGCFailedAllocation
[25.074s][info ][gc,start       ] GC(39) Pause Young (Allocation Failure)
[25.093s][debug][gc,phases      ] GC(39) Scavenge 19.677ms
[25.093s][debug][gc,ref         ] GC(39) Skipped phase1 of Reference Processing due to unavailable references
[25.094s][debug][gc,ref         ] GC(39) Skipped phase3 of Reference Processing due to unavailable references
[25.094s][debug][gc,phases      ] GC(39) Reference Processing 0.065ms
[25.094s][debug][gc,phases      ] GC(39) Weak Processing 0.149ms
[25.094s][debug][gc,phases      ] GC(39) Scrub String Table 0.519ms
[25.094s][debug][gc,age         ] GC(39) Desired survivor size 80216064 bytes, new threshold 15 (max threshold 15)
[25.094s][info ][gc,heap        ] GC(39) PSYoungGen: 1988250K->48682K(2017792K)
[25.094s][info ][gc,heap        ] GC(39) ParOldGen: 174107K->174363K(208896K)
[25.094s][info ][gc,metaspace   ] GC(39) Metaspace: 68449K->68449K(1112064K)
[25.094s][info ][gc             ] GC(39) Pause Young (Allocation Failure) 2111M->217M(2174M) 20.547ms
[25.094s][info ][gc,cpu         ] GC(39) User=0.07s Sys=0.00s Real=0.02s
[25.094s][info ][safepoint      ] Leaving safepoint region
[25.094s][info ][safepoint      ] Total time for which application threads were stopped: 0.0229575 seconds, Stopping threads took: 0.0021389 seconds
[25.600s][info ][safepoint      ] Application time: 0.5053465 seconds
[25.600s][info ][safepoint      ] Entering safepoint region: RevokeBias
[25.600s][info ][safepoint      ] Leaving safepoint region
[25.600s][info ][safepoint      ] Total time for which application threads were stopped: 0.0001437 seconds, Stopping threads took: 0.0000132 seconds
[25.600s][info ][safepoint      ] Application time: 0.0000742 seconds
[25.600s][info ][safepoint      ] Entering safepoint region: RevokeBias
[25.600s][info ][safepoint      ] Leaving safepoint region
[25.600s][info ][safepoint      ] Total time for which application threads were stopped: 0.0000194 seconds, Stopping threads took: 0.0000037 seconds
[26.600s][info ][safepoint      ] Application time: 1.0000765 seconds
[26.600s][info ][safepoint      ] Entering safepoint region: Cleanup
[26.600s][info ][safepoint      ] Leaving safepoint region
[26.600s][info ][safepoint      ] Total time for which application threads were stopped: 0.0001861 seconds, Stopping threads took: 0.0000155 seconds
[27.600s][info ][safepoint      ] Application time: 1.0000711 seconds
[27.600s][info ][safepoint      ] Entering safepoint region: Cleanup
[27.601s][info ][safepoint      ] Leaving safepoint region
[27.601s][info ][safepoint      ] Total time for which application threads were stopped: 0.0001512 seconds, Stopping threads took: 0.0000119 seconds
[28.601s][info ][safepoint      ] Application time: 1.0000385 seconds
[28.601s][info ][safepoint      ] Entering safepoint region: Cleanup
[28.601s][info ][safepoint      ] Leaving safepoint region
[28.601s][info ][safepoint      ] Total time for which application threads were stopped: 0.0001291 seconds, Stopping threads took: 0.0000165 seconds
[29.601s][info ][safepoint      ] Application time: 1.0000657 seconds
[29.601s][info ][safepoint      ] Entering safepoint region: Cleanup
[29.601s][info ][safepoint      ] Leaving safepoint region
[29.601s][info ][safepoint      ] Total time for which application threads were stopped: 0.0001657 seconds, Stopping threads took: 0.0000146 seconds
[30.600s][info ][safepoint      ] Application time: 0.9991494 seconds
[30.600s][info ][safepoint      ] Entering safepoint region: RevokeBias
[30.600s][info ][safepoint      ] Leaving safepoint region
[30.600s][info ][safepoint      ] Total time for which application threads were stopped: 0.0001333 seconds, Stopping threads took: 0.0000121 seconds
[30.601s][info ][safepoint      ] Application time: 0.0010222 seconds
[30.601s][info ][safepoint      ] Entering safepoint region: RevokeBias
[30.601s][info ][safepoint      ] Leaving safepoint region
[30.601s][info ][safepoint      ] Total time for which application threads were stopped: 0.0000335 seconds, Stopping threads took: 0.0000061 seconds
[30.601s][info ][safepoint      ] Application time: 0.0000438 seconds
[30.601s][info ][safepoint      ] Entering safepoint region: RevokeBias
[30.601s][info ][safepoint      ] Leaving safepoint region
[30.601s][info ][safepoint      ] Total time for which application threads were stopped: 0.0000259 seconds, Stopping threads took: 0.0000049 seconds
[30.602s][info ][safepoint      ] Application time: 0.0000683 seconds
[30.602s][info ][safepoint      ] Entering safepoint region: RevokeBias
[30.602s][info ][safepoint      ] Leaving safepoint region
[30.602s][info ][safepoint      ] Total time for which application threads were stopped: 0.0000268 seconds, Stopping threads took: 0.0000049 seconds
[30.602s][info ][safepoint      ] Application time: 0.0000995 seconds
[30.602s][info ][safepoint      ] Entering safepoint region: RevokeBias
[30.602s][info ][safepoint      ] Leaving safepoint region
[30.602s][info ][safepoint      ] Total time for which application threads were stopped: 0.0000425 seconds, Stopping threads took: 0.0000054 seconds
[31.602s][info ][safepoint      ] Application time: 1.0000705 seconds
[31.602s][info ][safepoint      ] Entering safepoint region: Cleanup
[31.602s][info ][safepoint      ] Leaving safepoint region
[31.602s][info ][safepoint      ] Total time for which application threads were stopped: 0.0001099 seconds, Stopping threads took: 0.0000137 seconds
[32.602s][info ][safepoint      ] Application time: 1.0000609 seconds
[32.602s][info ][safepoint      ] Entering safepoint region: Cleanup
[32.602s][info ][safepoint      ] Leaving safepoint region
[32.602s][info ][safepoint      ] Total time for which application threads were stopped: 0.0001245 seconds, Stopping threads took: 0.0000345 seconds
[33.602s][info ][safepoint      ] Application time: 1.0000551 seconds
[33.602s][info ][safepoint      ] Entering safepoint region: Cleanup
[33.602s][info ][safepoint      ] Leaving safepoint region
[33.602s][info ][safepoint      ] Total time for which application threads were stopped: 0.0001066 seconds, Stopping threads took: 0.0000145 seconds
[34.602s][info ][safepoint      ] Application time: 1.0000780 seconds
[34.603s][info ][safepoint      ] Entering safepoint region: Cleanup
[34.603s][info ][safepoint      ] Leaving safepoint region
[34.603s][info ][safepoint      ] Total time for which application threads were stopped: 0.0001862 seconds, Stopping threads took: 0.0000479 seconds
[35.603s][info ][safepoint      ] Application time: 1.0000702 seconds
[35.603s][info ][safepoint      ] Entering safepoint region: Cleanup
[35.603s][info ][safepoint      ] Leaving safepoint region
[35.603s][info ][safepoint      ] Total time for which application threads were stopped: 0.0001537 seconds, Stopping threads took: 0.0000127 seconds
[36.603s][info ][safepoint      ] Application time: 1.0000707 seconds
[36.603s][info ][safepoint      ] Entering safepoint region: Cleanup
[36.603s][info ][safepoint      ] Leaving safepoint region
[36.603s][info ][safepoint      ] Total time for which application threads were stopped: 0.0000960 seconds, Stopping threads took: 0.0000146 seconds
[37.603s][info ][safepoint      ] Application time: 1.0000712 seconds
[37.603s][info ][safepoint      ] Entering safepoint region: Cleanup
[37.603s][info ][safepoint      ] Leaving safepoint region
[37.603s][info ][safepoint      ] Total time for which application threads were stopped: 0.0001146 seconds, Stopping threads took: 0.0000133 seconds
[38.014s][info ][safepoint      ] Application time: 0.4106254 seconds
[38.014s][info ][safepoint      ] Entering safepoint region: ICBufferFull
[38.014s][info ][safepoint      ] Leaving safepoint region
[38.014s][info ][safepoint      ] Total time for which application threads were stopped: 0.0002066 seconds, Stopping threads took: 0.0000116 seconds
[39.014s][info ][safepoint      ] Application time: 1.0000894 seconds
[39.014s][info ][safepoint      ] Entering safepoint region: Cleanup
[39.015s][info ][safepoint      ] Leaving safepoint region
[39.015s][info ][safepoint      ] Total time for which application threads were stopped: 0.0001923 seconds, Stopping threads took: 0.0000353 seconds
[40.015s][info ][safepoint      ] Application time: 1.0000810 seconds
[40.015s][info ][safepoint      ] Entering safepoint region: Cleanup
[40.015s][info ][safepoint      ] Leaving safepoint region
[40.015s][info ][safepoint      ] Total time for which application threads were stopped: 0.0000849 seconds, Stopping threads took: 0.0000147 seconds
[41.015s][info ][safepoint      ] Application time: 1.0000812 seconds
[41.015s][info ][safepoint      ] Entering safepoint region: Cleanup
[41.015s][info ][safepoint      ] Leaving safepoint region
[41.015s][info ][safepoint      ] Total time for which application threads were stopped: 0.0000966 seconds, Stopping threads took: 0.0000194 seconds
[42.015s][info ][safepoint      ] Application time: 1.0000730 seconds
[42.015s][info ][safepoint      ] Entering safepoint region: Cleanup
[42.015s][info ][safepoint      ] Leaving safepoint region
[42.015s][info ][safepoint      ] Total time for which application threads were stopped: 0.0001097 seconds, Stopping threads took: 0.0000356 seconds
[43.015s][info ][safepoint      ] Application time: 1.0000493 seconds
[43.015s][info ][safepoint      ] Entering safepoint region: Cleanup
[43.015s][info ][safepoint      ] Leaving safepoint region
[43.015s][info ][safepoint      ] Total time for which application threads were stopped: 0.0000721 seconds, Stopping threads took: 0.0000149 seconds
[44.015s][info ][safepoint      ] Application time: 1.0000654 seconds
[44.016s][info ][safepoint      ] Entering safepoint region: Cleanup
[44.016s][info ][safepoint      ] Leaving safepoint region
[44.016s][info ][safepoint      ] Total time for which application threads were stopped: 0.0000756 seconds, Stopping threads took: 0.0000127 seconds
[45.016s][info ][safepoint      ] Application time: 1.0000790 seconds
[45.016s][info ][safepoint      ] Entering safepoint region: Cleanup
[45.016s][info ][safepoint      ] Leaving safepoint region
[45.016s][info ][safepoint      ] Total time for which application threads were stopped: 0.0000840 seconds, Stopping threads took: 0.0000147 seconds
[46.016s][info ][safepoint      ] Application time: 1.0000758 seconds
[46.016s][info ][safepoint      ] Entering safepoint region: Cleanup
[46.016s][info ][safepoint      ] Leaving safepoint region
[46.016s][info ][safepoint      ] Total time for which application threads were stopped: 0.0000722 seconds, Stopping threads took: 0.0000128 seconds
[47.016s][info ][safepoint      ] Application time: 1.0000850 seconds
[47.016s][info ][safepoint      ] Entering safepoint region: Cleanup
[47.016s][info ][safepoint      ] Leaving safepoint region
[47.016s][info ][safepoint      ] Total time for which application threads were stopped: 0.0001134 seconds, Stopping threads took: 0.0000193 seconds
[47.521s][info ][safepoint      ] Application time: 0.5051369 seconds
[47.521s][info ][safepoint      ] Entering safepoint region: RevokeBias
[47.522s][info ][safepoint      ] Leaving safepoint region
[47.522s][info ][safepoint      ] Total time for which application threads were stopped: 0.0002276 seconds, Stopping threads took: 0.0000156 seconds
[47.522s][info ][safepoint      ] Application time: 0.0000546 seconds
[47.522s][info ][safepoint      ] Entering safepoint region: RevokeBias
[47.522s][info ][safepoint      ] Leaving safepoint region
[47.522s][info ][safepoint      ] Total time for which application threads were stopped: 0.0000467 seconds, Stopping threads took: 0.0000065 seconds
[47.522s][info ][safepoint      ] Application time: 0.0000335 seconds
[47.522s][info ][safepoint      ] Entering safepoint region: RevokeBias
[47.522s][info ][safepoint      ] Leaving safepoint region
[47.522s][info ][safepoint      ] Total time for which application threads were stopped: 0.0000397 seconds, Stopping threads took: 0.0000059 seconds
[47.522s][info ][safepoint      ] Application time: 0.0000313 seconds
[47.522s][info ][safepoint      ] Entering safepoint region: RevokeBias
[47.522s][info ][safepoint      ] Leaving safepoint region
[47.522s][info ][safepoint      ] Total time for which application threads were stopped: 0.0000431 seconds, Stopping threads took: 0.0000057 seconds
[47.522s][info ][safepoint      ] Application time: 0.0000298 seconds
[47.522s][info ][safepoint      ] Entering safepoint region: RevokeBias
[47.522s][info ][safepoint      ] Leaving safepoint region
[47.522s][info ][safepoint      ] Total time for which application threads were stopped: 0.0000388 seconds, Stopping threads took: 0.0000060 seconds
[47.522s][info ][safepoint      ] Application time: 0.0000305 seconds
[47.522s][info ][safepoint      ] Entering safepoint region: RevokeBias
[47.522s][info ][safepoint      ] Leaving safepoint region
[47.522s][info ][safepoint      ] Total time for which application threads were stopped: 0.0000576 seconds, Stopping threads took: 0.0000226 seconds
[47.522s][info ][safepoint      ] Application time: 0.0000261 seconds
[47.522s][info ][safepoint      ] Entering safepoint region: RevokeBias
[47.522s][info ][safepoint      ] Leaving safepoint region
[47.522s][info ][safepoint      ] Total time for which application threads were stopped: 0.0000406 seconds, Stopping threads took: 0.0000077 seconds
[47.522s][info ][safepoint      ] Application time: 0.0000300 seconds
[47.522s][info ][safepoint      ] Entering safepoint region: RevokeBias
[47.522s][info ][safepoint      ] Leaving safepoint region
[47.522s][info ][safepoint      ] Total time for which application threads were stopped: 0.0000390 seconds, Stopping threads took: 0.0000056 seconds
[47.522s][info ][safepoint      ] Application time: 0.0000312 seconds
[47.522s][info ][safepoint      ] Entering safepoint region: RevokeBias
[47.522s][info ][safepoint      ] Leaving safepoint region
[47.522s][info ][safepoint      ] Total time for which application threads were stopped: 0.0000516 seconds, Stopping threads took: 0.0000186 seconds
[47.522s][info ][safepoint      ] Application time: 0.0000297 seconds
[47.522s][info ][safepoint      ] Entering safepoint region: RevokeBias
[47.522s][info ][safepoint      ] Leaving safepoint region
[47.522s][info ][safepoint      ] Total time for which application threads were stopped: 0.0000383 seconds, Stopping threads took: 0.0000060 seconds
[47.523s][info ][safepoint      ] Application time: 0.0000854 seconds
[47.523s][info ][safepoint      ] Entering safepoint region: RevokeBias
[47.523s][info ][safepoint      ] Leaving safepoint region
[47.523s][info ][safepoint      ] Total time for which application threads were stopped: 0.0000522 seconds, Stopping threads took: 0.0000188 seconds
[47.523s][info ][safepoint      ] Application time: 0.0000374 seconds
[47.523s][info ][safepoint      ] Entering safepoint region: RevokeBias
[47.523s][info ][safepoint      ] Leaving safepoint region
[47.523s][info ][safepoint      ] Total time for which application threads were stopped: 0.0000587 seconds, Stopping threads took: 0.0000233 seconds
[47.523s][info ][safepoint      ] Application time: 0.0000352 seconds
[47.523s][info ][safepoint      ] Entering safepoint region: RevokeBias
[47.523s][info ][safepoint      ] Leaving safepoint region
[47.523s][info ][safepoint      ] Total time for which application threads were stopped: 0.0000398 seconds, Stopping threads took: 0.0000058 seconds
[47.523s][info ][safepoint      ] Application time: 0.0000307 seconds
[47.523s][info ][safepoint      ] Entering safepoint region: RevokeBias
[47.523s][info ][safepoint      ] Leaving safepoint region
[47.523s][info ][safepoint      ] Total time for which application threads were stopped: 0.0000379 seconds, Stopping threads took: 0.0000052 seconds
[47.523s][info ][safepoint      ] Application time: 0.0000341 seconds
[47.523s][info ][safepoint      ] Entering safepoint region: RevokeBias
[47.523s][info ][safepoint      ] Leaving safepoint region
[47.523s][info ][safepoint      ] Total time for which application threads were stopped: 0.0000374 seconds, Stopping threads took: 0.0000063 seconds
[47.523s][info ][safepoint      ] Application time: 0.0000301 seconds
[47.523s][info ][safepoint      ] Entering safepoint region: RevokeBias
[47.523s][info ][safepoint      ] Leaving safepoint region
[47.523s][info ][safepoint      ] Total time for which application threads were stopped: 0.0000406 seconds, Stopping threads took: 0.0000073 seconds
[47.523s][info ][safepoint      ] Application time: 0.0000353 seconds
[47.523s][info ][safepoint      ] Entering safepoint region: RevokeBias
[47.523s][info ][safepoint      ] Leaving safepoint region
[47.523s][info ][safepoint      ] Total time for which application threads were stopped: 0.0000398 seconds, Stopping threads took: 0.0000060 seconds
[47.523s][info ][safepoint      ] Application time: 0.0000330 seconds
[47.523s][info ][safepoint      ] Entering safepoint region: RevokeBias
[47.523s][info ][safepoint      ] Leaving safepoint region
[47.523s][info ][safepoint      ] Total time for which application threads were stopped: 0.0000403 seconds, Stopping threads took: 0.0000058 seconds
[47.524s][info ][safepoint      ] Application time: 0.0008934 seconds
[47.524s][info ][safepoint      ] Entering safepoint region: RevokeBias
[47.524s][info ][safepoint      ] Leaving safepoint region
[47.524s][info ][safepoint      ] Total time for which application threads were stopped: 0.0000593 seconds, Stopping threads took: 0.0000089 seconds
[47.524s][info ][safepoint      ] Application time: 0.0000868 seconds
[47.524s][info ][safepoint      ] Entering safepoint region: RevokeBias
[47.524s][info ][safepoint      ] Leaving safepoint region
[47.524s][info ][safepoint      ] Total time for which application threads were stopped: 0.0000326 seconds, Stopping threads took: 0.0000068 seconds
[47.524s][info ][safepoint      ] Application time: 0.0001073 seconds
[47.524s][info ][safepoint      ] Entering safepoint region: RevokeBias
[47.524s][info ][safepoint      ] Leaving safepoint region
[47.524s][info ][safepoint      ] Total time for which application threads were stopped: 0.0000627 seconds, Stopping threads took: 0.0000320 seconds
[47.525s][info ][safepoint      ] Application time: 0.0002734 seconds
[47.525s][info ][safepoint      ] Entering safepoint region: RevokeBias
[47.525s][info ][safepoint      ] Leaving safepoint region
[47.525s][info ][safepoint      ] Total time for which application threads were stopped: 0.0000869 seconds, Stopping threads took: 0.0000540 seconds
[47.525s][info ][safepoint      ] Application time: 0.0000943 seconds
[47.525s][info ][safepoint      ] Entering safepoint region: RevokeBias
[47.525s][info ][safepoint      ] Leaving safepoint region
[47.525s][info ][safepoint      ] Total time for which application threads were stopped: 0.0000762 seconds, Stopping threads took: 0.0000413 seconds
[47.525s][info ][safepoint      ] Application time: 0.0000481 seconds
[47.525s][info ][safepoint      ] Entering safepoint region: RevokeBias
[47.525s][info ][safepoint      ] Leaving safepoint region
[47.525s][info ][safepoint      ] Total time for which application threads were stopped: 0.0000524 seconds, Stopping threads took: 0.0000280 seconds
[47.528s][info ][safepoint      ] Application time: 0.0032553 seconds
[47.528s][info ][safepoint      ] Entering safepoint region: RevokeBias
[47.528s][info ][safepoint      ] Leaving safepoint region
[47.528s][info ][safepoint      ] Total time for which application threads were stopped: 0.0000493 seconds, Stopping threads took: 0.0000254 seconds
[47.529s][info ][safepoint      ] Application time: 0.0003414 seconds
[47.529s][info ][safepoint      ] Entering safepoint region: RevokeBias
[47.529s][info ][safepoint      ] Leaving safepoint region
[47.529s][info ][safepoint      ] Total time for which application threads were stopped: 0.0000653 seconds, Stopping threads took: 0.0000299 seconds
[47.529s][info ][safepoint      ] Application time: 0.0000841 seconds
[47.529s][info ][safepoint      ] Entering safepoint region: RevokeBias
[47.529s][info ][safepoint      ] Leaving safepoint region
[47.529s][info ][safepoint      ] Total time for which application threads were stopped: 0.0000661 seconds, Stopping threads took: 0.0000423 seconds
[47.529s][info ][safepoint      ] Application time: 0.0000375 seconds
[47.529s][info ][safepoint      ] Entering safepoint region: RevokeBias
[47.529s][info ][safepoint      ] Leaving safepoint region
[47.529s][info ][safepoint      ] Total time for which application threads were stopped: 0.0000431 seconds, Stopping threads took: 0.0000281 seconds
[47.530s][info ][safepoint      ] Application time: 0.0005569 seconds
[47.530s][info ][safepoint      ] Entering safepoint region: RevokeBias
[47.530s][info ][safepoint      ] Leaving safepoint region
[47.530s][info ][safepoint      ] Total time for which application threads were stopped: 0.0000592 seconds, Stopping threads took: 0.0000204 seconds
[47.531s][info ][safepoint      ] Application time: 0.0010022 seconds
[47.531s][info ][safepoint      ] Entering safepoint region: RevokeBias
[47.531s][info ][safepoint      ] Leaving safepoint region
[47.531s][info ][safepoint      ] Total time for which application threads were stopped: 0.0000532 seconds, Stopping threads took: 0.0000082 seconds
[47.531s][info ][gc,heap,exit   ] Heap
[47.531s][info ][gc,heap,exit   ]  PSYoungGen      total 2017792K, used 564959K [0x0000000780000000, 0x0000000800000000, 0x0000000800000000)
[47.531s][info ][gc,heap,exit   ]   eden space 1940480K, 26% used [0x0000000780000000,0x000000079f82d348,0x00000007f6700000)
[47.531s][info ][gc,heap,exit   ]   from space 77312K, 62% used [0x00000007fb480000,0x00000007fe40a8d0,0x0000000800000000)
[47.531s][info ][gc,heap,exit   ]   to   space 78336K, 0% used [0x00000007f6700000,0x00000007f6700000,0x00000007fb380000)
[47.531s][info ][gc,heap,exit   ]  ParOldGen       total 208896K, used 174363K [0x0000000740000000, 0x000000074cc00000, 0x0000000780000000)
[47.531s][info ][gc,heap,exit   ]   object space 208896K, 83% used [0x0000000740000000,0x000000074aa46f38,0x000000074cc00000)
[47.531s][info ][gc,heap,exit   ]  Metaspace       used 69508K, capacity 74089K, committed 74280K, reserved 1112064K
[47.531s][info ][gc,heap,exit   ]   class space    used 9366K, capacity 11367K, committed 11392K, reserved 1048576K
[47.531s][info ][safepoint      ] Application time: 0.0003376 seconds
[47.531s][info ][safepoint      ] Entering safepoint region: Halt
